******************************************************************************
                  TI ARM Linker Unix v16.9.6                   
******************************************************************************
>> Linked Mon May  7 12:14:18 2018

OUTPUT FILE NAME:   <labo2_scheduler1.out>
ENTRY POINT SYMBOL: "_c_int00"  address: 00000e31


MEMORY CONFIGURATION

         name            origin    length      used     unused   attr    fill
----------------------  --------  ---------  --------  --------  ----  --------
  MAIN                  00000000   00040000  000011bf  0003ee41  R  X
  INFO                  00200000   00004000  00000000  00004000  R  X
  SRAM_CODE             01000000   00010000  00004608  0000b9f8  RW X
  SRAM_DATA             20000000   00010000  00004608  0000b9f8  RW  


SEGMENT ALLOCATION MAP

run origin  load origin   length   init length attrs members
----------  ----------- ---------- ----------- ----- -------
00000000    00000000    000011c0   000011c0    r-x
  00000000    00000000    000000e4   000000e4    r-- .intvecs
  000000e4    000000e4    00000ee8   00000ee8    r-x .text
  00000fcc    00000fcc    000001a7   000001a7    r-- .const
  00001174    00001174    00000004   00000004    r-- .init_array
  00001178    00001178    00000048   00000048    r-- .cinit
20000000    20000000    0000440c   00000000    rw-
  20000000    20000000    00003fd4   00000000    rw- .bss
  20003fd8    20003fd8    00000400   00000000    rw- .sysmem
  200043d8    200043d8    00000034   00000000    rw- .data
2000fe00    2000fe00    00000200   00000000    rw-
  2000fe00    2000fe00    00000200   00000000    rw- .stack


SECTION ALLOCATION MAP

 output                                  attributes/
section   page    origin      length       input sections
--------  ----  ----------  ----------   ----------------
.intvecs   0    00000000    000000e4     
                  00000000    000000e4     startup_msp432p401r_ccs.obj (.intvecs:retain)

.binit     0    00000000    00000000     

.text      0    000000e4    00000ee8     
                  000000e4    000003d0     rtsv7M4_T_le_v4SPD16_eabi.lib : memory.obj (.text)
                  000004b4    0000032c     system_msp432p401r.obj (.text)
                  000007e0    000001de     Scheduler.obj (.text)
                  000009be    00000002     rtsv7M4_T_le_v4SPD16_eabi.lib : mpu_init.obj (.text)
                  000009c0    0000015c     main.obj (.text)
                  00000b1c    000000bc     rtsv7M4_T_le_v4SPD16_eabi.lib : typeinfo_.obj (.text)
                  00000bd8    0000009c                                   : memcpy_t2.obj (.text)
                  00000c74    0000007a                                   : memset_t2.obj (.text)
                  00000cee    00000002                                   : startup.obj (.text)
                  00000cf0    00000070                                   : autoinit.obj (.text)
                  00000d60    00000068     LED.obj (.text)
                  00000dc8    00000068     rtsv7M4_T_le_v4SPD16_eabi.lib : copy_decompress_lzss.obj (.text:decompress:lzss)
                  00000e30    00000054                                   : boot.obj (.text)
                  00000e84    00000054                                   : exit.obj (.text)
                  00000ed8    0000004c                                   : cpy_tbl.obj (.text)
                  00000f24    00000030     Task.obj (.text)
                  00000f54    00000018     rtsv7M4_T_le_v4SPD16_eabi.lib : args_main.obj (.text)
                  00000f6c    00000014                                   : _lock.obj (.text)
                  00000f80    0000000e                                   : copy_decompress_none.obj (.text:decompress:none)
                  00000f8e    0000000e     startup_msp432p401r_ccs.obj (.text)
                  00000f9c    0000000c     Task.obj (.text:_ZN4Task3runEv)
                  00000fa8    0000000c     Task.obj (.text:_ZN4Task5setupEv)
                  00000fb4    0000000c     rtsv7M4_T_le_v4SPD16_eabi.lib : copy_zero_init.obj (.text:decompress:ZI)
                  00000fc0    00000008                                   : delete.obj (.text)
                  00000fc8    00000004                                   : pre_init.obj (.text)

.const     0    00000fcc    000001a7     
                  00000fcc    00000028     rtsv7M4_T_le_v4SPD16_eabi.lib : typeinfo_.obj (.const:.typeinfo:_ZTSN10__cxxabiv123__fundamental_type_infoE)
                  00000ff4    00000025                                   : typeinfo_.obj (.const:.typeinfo:_ZTSN10__cxxabiv120__si_class_type_infoE)
                  00001019    00000024                                   : typeinfo_.obj (.const:.typeinfo:_ZTSN10__cxxabiv119__pointer_type_infoE)
                  0000103d    00000022                                   : typeinfo_.obj (.const:.typeinfo:_ZTSN10__cxxabiv117__class_type_infoE)
                  0000105f    00000022                                   : typeinfo_.obj (.const:.typeinfo:_ZTSN10__cxxabiv117__pbase_type_infoE)
                  00001081    00000002                                   : typeinfo_.obj (.const:.typeinfo:_ZTSe)
                  00001083    00000001     --HOLE-- [fill = 0]
                  00001084    00000010                                   : typeinfo_.obj (.const:.typeinfo:_ZTIPKe)
                  00001094    00000010     LED.obj (.const:_ZTV3LED)
                  000010a4    00000010     Task.obj (.const:_ZTV4Task)
                  000010b4    00000010     rtsv7M4_T_le_v4SPD16_eabi.lib : typeinfo_.obj (.const:_ZTVN10__cxxabiv117__class_type_infoE)
                  000010c4    00000010                                   : typeinfo_.obj (.const:_ZTVN10__cxxabiv119__pointer_type_infoE)
                  000010d4    00000010                                   : typeinfo_.obj (.const:_ZTVN10__cxxabiv120__si_class_type_infoE)
                  000010e4    00000010                                   : typeinfo_.obj (.const:_ZTVN10__cxxabiv123__fundamental_type_infoE)
                  000010f4    0000000d                                   : typeinfo_.obj (.const:.typeinfo:_ZTSSt9type_info)
                  00001101    00000003     --HOLE-- [fill = 0]
                  00001104    0000000c     LED.obj (.const:.typeinfo:_ZTI3LED)
                  00001110    0000000c     rtsv7M4_T_le_v4SPD16_eabi.lib : typeinfo_.obj (.const:.typeinfo:_ZTIN10__cxxabiv117__class_type_infoE)
                  0000111c    0000000c                                   : typeinfo_.obj (.const:.typeinfo:_ZTIN10__cxxabiv117__pbase_type_infoE)
                  00001128    0000000c                                   : typeinfo_.obj (.const:.typeinfo:_ZTIN10__cxxabiv119__pointer_type_infoE)
                  00001134    0000000c                                   : typeinfo_.obj (.const:.typeinfo:_ZTIN10__cxxabiv120__si_class_type_infoE)
                  00001140    0000000c                                   : typeinfo_.obj (.const:.typeinfo:_ZTIN10__cxxabiv123__fundamental_type_infoE)
                  0000114c    00000008     LED.obj (.const:.typeinfo:_ZTI4Task)
                  00001154    00000008     rtsv7M4_T_le_v4SPD16_eabi.lib : typeinfo_.obj (.const:.typeinfo:_ZTISt9type_info)
                  0000115c    00000008                                   : typeinfo_.obj (.const:.typeinfo:_ZTIe)
                  00001164    00000006     LED.obj (.const:.typeinfo:_ZTS4Task)
                  0000116a    00000005     LED.obj (.const:.typeinfo:_ZTS3LED)
                  0000116f    00000004     rtsv7M4_T_le_v4SPD16_eabi.lib : typeinfo_.obj (.const:.typeinfo:_ZTSPKe)

.cinit     0    00001178    00000048     
                  00001178    00000021     (.cinit..data.load) [load image, compression = lzss]
                  00001199    00000003     --HOLE-- [fill = 0]
                  0000119c    0000000c     (__TI_handler_table)
                  000011a8    00000008     (.cinit..bss.load) [load image, compression = zero_init]
                  000011b0    00000010     (__TI_cinit_table)

.init_array 
*          0    00001174    00000004     
                  00001174    00000004     main.obj (.init_array)

.bss       0    20000000    00003fd4     UNINITIALIZED
                  20000000    00003fd0     main.obj (.bss:g_MainScheduler)
                  20003fd0    00000004     (.common:_ZSt16__dummy_typeinfo)

.sysmem    0    20003fd8    00000400     UNINITIALIZED
                  20003fd8    00000008     rtsv7M4_T_le_v4SPD16_eabi.lib : memory.obj (.sysmem)
                  20003fe0    000003f8     --HOLE--

.data      0    200043d8    00000034     UNINITIALIZED
                  200043d8    0000000c     rtsv7M4_T_le_v4SPD16_eabi.lib : exit.obj (.data:$O1$$)
                  200043e4    0000000c                                   : memory.obj (.data:$O1$$)
                  200043f0    00000009     main.obj (.data)
                  200043f9    00000003     --HOLE--
                  200043fc    00000008     rtsv7M4_T_le_v4SPD16_eabi.lib : _lock.obj (.data:$O1$$)
                  20004404    00000004                                   : stkdepth_vars.obj (.data)
                  20004408    00000004     system_msp432p401r.obj (.data)

.stack     0    2000fe00    00000200     UNINITIALIZED
                  2000fe00    00000200     --HOLE--

MODULE SUMMARY

       Module                        code   ro data   rw data
       ------                        ----   -------   -------
    ./
       main.obj                      348    4         32690  
       system_msp432p401r.obj        812    0         8      
       Scheduler.obj                 478    0         0      
       startup_msp432p401r_ccs.obj   14     228       0      
       LED.obj                       104    47        0      
       Task.obj                      72     16        0      
    +--+-----------------------------+------+---------+---------+
       Total:                        1828   295       32698  
                                                             
    /home/sama/ti/ccsv7/tools/compiler/ti-cgt-arm_16.9.6.LTS/lib/rtsv7M4_T_le_v4SPD16_eabi.lib
       memory.obj                    976    0         24     
       typeinfo_.obj                 188    356       8      
       memcpy_t2.obj                 156    0         0      
       memset_t2.obj                 122    0         0      
       autoinit.obj                  112    0         0      
       exit.obj                      84     0         24     
       copy_decompress_lzss.obj      104    0         0      
       boot.obj                      84     0         0      
       cpy_tbl.obj                   76     0         0      
       _lock.obj                     20     0         16     
       args_main.obj                 24     0         0      
       copy_decompress_none.obj      14     0         0      
       copy_zero_init.obj            12     0         0      
       delete.obj                    8      0         0      
       stkdepth_vars.obj             0      0         8      
       pre_init.obj                  4      0         0      
       mpu_init.obj                  2      0         0      
       startup.obj                   2      0         0      
    +--+-----------------------------+------+---------+---------+
       Total:                        1988   356       80     
                                                             
       Heap:                         0      0         2048   
       Stack:                        0      0         1024   
       Linker Generated:             0      69        0      
    +--+-----------------------------+------+---------+---------+
       Grand Total:                  3816   720       35850  


LINKER GENERATED COPY TABLES

__TI_cinit_table @ 000011b0 records: 2, size/record: 8, table size: 16
	.data: load addr=00001178, load size=00000021 bytes, run addr=200043d8, run size=00000034 bytes, compression=lzss
	.bss: load addr=000011a8, load size=00000008 bytes, run addr=20000000, run size=00003fd4 bytes, compression=zero_init


LINKER GENERATED HANDLER TABLE

__TI_handler_table @ 0000119c records: 3, size/record: 4, table size: 12
	index: 0, handler: __TI_decompress_lzss
	index: 1, handler: __TI_decompress_none
	index: 2, handler: __TI_zero_init


GLOBAL SYMBOLS: SORTED ALPHABETICALLY BY Name 

address   name                                              
-------   ----                                              
00000f9b  ADC14_IRQHandler                                  
00000f9b  AES256_IRQHandler                                 
00000f9b  BusFault_Handler                                  
00000e85  C$$EXIT                                           
00000f9b  COMP_E0_IRQHandler                                
00000f9b  COMP_E1_IRQHandler                                
00000f9b  CS_IRQHandler                                     
00000f9b  DMA_ERR_IRQHandler                                
00000f9b  DMA_INT0_IRQHandler                               
00000f9b  DMA_INT1_IRQHandler                               
00000f9b  DMA_INT2_IRQHandler                               
00000f9b  DMA_INT3_IRQHandler                               
00000f9b  DebugMon_Handler                                  
00000f9b  Default_Handler                                   
00000f9b  EUSCIA0_IRQHandler                                
00000f9b  EUSCIA1_IRQHandler                                
00000f9b  EUSCIA2_IRQHandler                                
00000f9b  EUSCIA3_IRQHandler                                
00000f9b  EUSCIB0_IRQHandler                                
00000f9b  EUSCIB1_IRQHandler                                
00000f9b  EUSCIB2_IRQHandler                                
00000f9b  EUSCIB3_IRQHandler                                
00000f9b  FLCTL_IRQHandler                                  
00000f9b  FPU_IRQHandler                                    
00000f9b  HardFault_Handler                                 
00000f9b  MemManage_Handler                                 
00000f9b  NMI_Handler                                       
00000f9b  PCM_IRQHandler                                    
00000f9b  PORT1_IRQHandler                                  
00000f9b  PORT2_IRQHandler                                  
00000f9b  PORT3_IRQHandler                                  
00000f9b  PORT4_IRQHandler                                  
00000f9b  PORT5_IRQHandler                                  
00000f9b  PORT6_IRQHandler                                  
00000f9b  PSS_IRQHandler                                    
00000f9b  PendSV_Handler                                    
00000f9b  RTC_C_IRQHandler                                  
00000f8f  Reset_Handler                                     
00001174  SHT$$INIT_ARRAY$$Base                             
00001178  SHT$$INIT_ARRAY$$Limit                            
00000f9b  SVC_Handler                                       
00000f9b  SysTick_Handler                                   
20004408  SystemCoreClock                                   
000004b5  SystemCoreClockUpdate                             
00000729  SystemInit                                        
00000abf  T32_INT1_IRQHandler                               
00000abf  T32_INT1_IRQHandler                               
00000f9b  T32_INT2_IRQHandler                               
00000f9b  T32_INTC_IRQHandler                               
00000f9b  TA0_0_IRQHandler                                  
00000f9b  TA0_N_IRQHandler                                  
00000f9b  TA1_0_IRQHandler                                  
00000f9b  TA1_N_IRQHandler                                  
00000f9b  TA2_0_IRQHandler                                  
00000f9b  TA2_N_IRQHandler                                  
00000f9b  TA3_0_IRQHandler                                  
00000f9b  TA3_N_IRQHandler                                  
00000f9b  UsageFault_Handler                                
4000480c  WDTCTL_SYM                                        
00000f9b  WDT_A_IRQHandler                                  
00000a8b  _Z5Setupv                                         
00000bc9  _ZN10__cxxabiv116__enum_type_infoD0Ev             
00000bc7  _ZN10__cxxabiv116__enum_type_infoD1Ev             
00000bc7  _ZN10__cxxabiv116__enum_type_infoD2Ev             
00000bbf  _ZN10__cxxabiv117__array_type_infoD0Ev            
00000bbd  _ZN10__cxxabiv117__array_type_infoD1Ev            
00000bbd  _ZN10__cxxabiv117__array_type_infoD2Ev            
00000bb5  _ZN10__cxxabiv117__class_type_infoD0Ev            
00000bb3  _ZN10__cxxabiv117__class_type_infoD1Ev            
00000bb3  _ZN10__cxxabiv117__class_type_infoD2Ev            
00000bab  _ZN10__cxxabiv117__pbase_type_infoD0Ev            
00000ba9  _ZN10__cxxabiv117__pbase_type_infoD1Ev            
00000ba9  _ZN10__cxxabiv117__pbase_type_infoD2Ev            
00000ba1  _ZN10__cxxabiv119__pointer_type_infoD0Ev          
00000b9f  _ZN10__cxxabiv119__pointer_type_infoD1Ev          
00000b9f  _ZN10__cxxabiv119__pointer_type_infoD2Ev          
00000b97  _ZN10__cxxabiv120__function_type_infoD0Ev         
00000b95  _ZN10__cxxabiv120__function_type_infoD1Ev         
00000b95  _ZN10__cxxabiv120__function_type_infoD2Ev         
00000b8d  _ZN10__cxxabiv120__si_class_type_infoD0Ev         
00000b8b  _ZN10__cxxabiv120__si_class_type_infoD1Ev         
00000b8b  _ZN10__cxxabiv120__si_class_type_infoD2Ev         
00000b83  _ZN10__cxxabiv121__vmi_class_type_infoD0Ev        
00000b81  _ZN10__cxxabiv121__vmi_class_type_infoD1Ev        
00000b81  _ZN10__cxxabiv121__vmi_class_type_infoD2Ev        
00000b79  _ZN10__cxxabiv123__fundamental_type_infoD0Ev      
00000b77  _ZN10__cxxabiv123__fundamental_type_infoD1Ev      
00000b77  _ZN10__cxxabiv123__fundamental_type_infoD2Ev      
00000b6f  _ZN10__cxxabiv129__pointer_to_member_type_infoD0Ev
00000b6d  _ZN10__cxxabiv129__pointer_to_member_type_infoD1Ev
00000b6d  _ZN10__cxxabiv129__pointer_to_member_type_infoD2Ev
00000d81  _ZN3LED3runEv                                     
00000d99  _ZN3LED5setupEv                                   
00000d61  _ZN3LEDC1Et                                       
00000d61  _ZN3LEDC2Et                                       
200043f8  _ZN4Task14m_u8NextTaskIDE                         
00000f9d  _ZN4Task3runEv                                    
00000fa9  _ZN4Task5setupEv                                  
00000f25  _ZN4TaskC1Ev                                      
00000f25  _ZN4TaskC2Ev                                      
000009a5  _ZN9Scheduler21CalculateNextScheduleEv            
000009b1  _ZN9Scheduler22SortScheduleByPriorityEP4Task      
0000089b  _ZN9Scheduler3runEv                               
00000959  _ZN9Scheduler5setupEv                             
0000081b  _ZN9Scheduler6attachEP4Tasky                      
000007e1  _ZN9SchedulerC1Ev                                 
000007e1  _ZN9SchedulerC2Ev                                 
00000b2f  _ZNKSt9type_info4nameEv                           
00000b5f  _ZNKSt9type_info6beforeERKS_                      
00000b49  _ZNKSt9type_infoeqERKS_                           
00000b33  _ZNKSt9type_infoneERKS_                           
00000b27  _ZNSt9type_infoD0Ev                               
00000b25  _ZNSt9type_infoD1Ev                               
00000b25  _ZNSt9type_infoD2Ev                               
20003fd0  _ZSt16__dummy_typeinfo                            
00000b1d  _ZSt21__gen_dummy_typeinfosv                      
00001104  _ZTI3LED                                          
0000114c  _ZTI4Task                                         
00001110  _ZTIN10__cxxabiv117__class_type_infoE             
0000111c  _ZTIN10__cxxabiv117__pbase_type_infoE             
00001128  _ZTIN10__cxxabiv119__pointer_type_infoE           
00001134  _ZTIN10__cxxabiv120__si_class_type_infoE          
00001140  _ZTIN10__cxxabiv123__fundamental_type_infoE       
00001084  _ZTIPKe                                           
00001154  _ZTISt9type_info                                  
0000115c  _ZTIe                                             
0000116a  _ZTS3LED                                          
00001164  _ZTS4Task                                         
0000103d  _ZTSN10__cxxabiv117__class_type_infoE             
0000105f  _ZTSN10__cxxabiv117__pbase_type_infoE             
00001019  _ZTSN10__cxxabiv119__pointer_type_infoE           
00000ff4  _ZTSN10__cxxabiv120__si_class_type_infoE          
00000fcc  _ZTSN10__cxxabiv123__fundamental_type_infoE       
0000116f  _ZTSPKe                                           
000010f4  _ZTSSt9type_info                                  
00001081  _ZTSe                                             
00001094  _ZTV3LED                                          
000010a4  _ZTV4Task                                         
000010b4  _ZTVN10__cxxabiv117__class_type_infoE             
000010c4  _ZTVN10__cxxabiv119__pointer_type_infoE           
000010d4  _ZTVN10__cxxabiv120__si_class_type_infoE          
000010e4  _ZTVN10__cxxabiv123__fundamental_type_infoE       
00000fc1  _ZdlPv                                            
20010000  __STACK_END                                       
00000200  __STACK_SIZE                                      
00000400  __SYSMEM_SIZE                                     
000011b0  __TI_CINIT_Base                                   
000011c0  __TI_CINIT_Limit                                  
0000119c  __TI_Handler_Table_Base                           
000011a8  __TI_Handler_Table_Limit                          
00000cf1  __TI_auto_init                                    
200043d8  __TI_cleanup_ptr                                  
00000dc9  __TI_decompress_lzss                              
00000f81  __TI_decompress_none                              
200043dc  __TI_dtors_ptr                                    
200043e0  __TI_enable_exit_profile_output                   
ffffffff  __TI_pprof_out_hndl                               
ffffffff  __TI_prof_data_size                               
ffffffff  __TI_prof_data_start                              
00000000  __TI_static_base__                                
00000fb5  __TI_zero_init                                    
00000c75  __aeabi_memclr                                    
00000c75  __aeabi_memclr4                                   
00000c75  __aeabi_memclr8                                   
00000bd9  __aeabi_memcpy                                    
00000bd9  __aeabi_memcpy4                                   
00000bd9  __aeabi_memcpy8                                   
00000c77  __aeabi_memset                                    
00000c77  __aeabi_memset4                                   
00000c77  __aeabi_memset8                                   
ffffffff  __binit__                                         
ffffffff  __c_args__                                        
000009bf  __mpu_init                                        
2000fe00  __stack                                           
00000ae7  __sti___8_main_cpp_937618a8                       
00000f55  _args_main                                        
00000e31  _c_int00                                          
200043fc  _lock                                             
00000f7b  _nop                                              
00000f73  _register_lock                                    
00000f6d  _register_unlock                                  
20003fd8  _sys_memory                                       
00000cef  _system_post_cinit                                
00000fc9  _system_pre_init                                  
20004400  _unlock                                           
00000e89  abort                                             
ffffffff  binit                                             
00000485  calloc                                            
00000ed9  copy_in                                           
00000e91  exit                                              
000001cf  free                                              
20000000  g_MainScheduler                                   
00000000  interruptVectors                                  
00000a2b  main                                              
20004404  main_func_sp                                      
00000165  malloc                                            
00000399  memalign                                          
00000bd9  memcpy                                            
00000c7d  memset                                            
000000e5  minit                                             
0000028f  realloc                                           


GLOBAL SYMBOLS: SORTED BY Symbol Address 

address   name                                              
-------   ----                                              
00000000  __TI_static_base__                                
00000000  interruptVectors                                  
000000e5  minit                                             
00000165  malloc                                            
000001cf  free                                              
00000200  __STACK_SIZE                                      
0000028f  realloc                                           
00000399  memalign                                          
00000400  __SYSMEM_SIZE                                     
00000485  calloc                                            
000004b5  SystemCoreClockUpdate                             
00000729  SystemInit                                        
000007e1  _ZN9SchedulerC1Ev                                 
000007e1  _ZN9SchedulerC2Ev                                 
0000081b  _ZN9Scheduler6attachEP4Tasky                      
0000089b  _ZN9Scheduler3runEv                               
00000959  _ZN9Scheduler5setupEv                             
000009a5  _ZN9Scheduler21CalculateNextScheduleEv            
000009b1  _ZN9Scheduler22SortScheduleByPriorityEP4Task      
000009bf  __mpu_init                                        
00000a2b  main                                              
00000a8b  _Z5Setupv                                         
00000abf  T32_INT1_IRQHandler                               
00000abf  T32_INT1_IRQHandler                               
00000ae7  __sti___8_main_cpp_937618a8                       
00000b1d  _ZSt21__gen_dummy_typeinfosv                      
00000b25  _ZNSt9type_infoD1Ev                               
00000b25  _ZNSt9type_infoD2Ev                               
00000b27  _ZNSt9type_infoD0Ev                               
00000b2f  _ZNKSt9type_info4nameEv                           
00000b33  _ZNKSt9type_infoneERKS_                           
00000b49  _ZNKSt9type_infoeqERKS_                           
00000b5f  _ZNKSt9type_info6beforeERKS_                      
00000b6d  _ZN10__cxxabiv129__pointer_to_member_type_infoD1Ev
00000b6d  _ZN10__cxxabiv129__pointer_to_member_type_infoD2Ev
00000b6f  _ZN10__cxxabiv129__pointer_to_member_type_infoD0Ev
00000b77  _ZN10__cxxabiv123__fundamental_type_infoD1Ev      
00000b77  _ZN10__cxxabiv123__fundamental_type_infoD2Ev      
00000b79  _ZN10__cxxabiv123__fundamental_type_infoD0Ev      
00000b81  _ZN10__cxxabiv121__vmi_class_type_infoD1Ev        
00000b81  _ZN10__cxxabiv121__vmi_class_type_infoD2Ev        
00000b83  _ZN10__cxxabiv121__vmi_class_type_infoD0Ev        
00000b8b  _ZN10__cxxabiv120__si_class_type_infoD1Ev         
00000b8b  _ZN10__cxxabiv120__si_class_type_infoD2Ev         
00000b8d  _ZN10__cxxabiv120__si_class_type_infoD0Ev         
00000b95  _ZN10__cxxabiv120__function_type_infoD1Ev         
00000b95  _ZN10__cxxabiv120__function_type_infoD2Ev         
00000b97  _ZN10__cxxabiv120__function_type_infoD0Ev         
00000b9f  _ZN10__cxxabiv119__pointer_type_infoD1Ev          
00000b9f  _ZN10__cxxabiv119__pointer_type_infoD2Ev          
00000ba1  _ZN10__cxxabiv119__pointer_type_infoD0Ev          
00000ba9  _ZN10__cxxabiv117__pbase_type_infoD1Ev            
00000ba9  _ZN10__cxxabiv117__pbase_type_infoD2Ev            
00000bab  _ZN10__cxxabiv117__pbase_type_infoD0Ev            
00000bb3  _ZN10__cxxabiv117__class_type_infoD1Ev            
00000bb3  _ZN10__cxxabiv117__class_type_infoD2Ev            
00000bb5  _ZN10__cxxabiv117__class_type_infoD0Ev            
00000bbd  _ZN10__cxxabiv117__array_type_infoD1Ev            
00000bbd  _ZN10__cxxabiv117__array_type_infoD2Ev            
00000bbf  _ZN10__cxxabiv117__array_type_infoD0Ev            
00000bc7  _ZN10__cxxabiv116__enum_type_infoD1Ev             
00000bc7  _ZN10__cxxabiv116__enum_type_infoD2Ev             
00000bc9  _ZN10__cxxabiv116__enum_type_infoD0Ev             
00000bd9  __aeabi_memcpy                                    
00000bd9  __aeabi_memcpy4                                   
00000bd9  __aeabi_memcpy8                                   
00000bd9  memcpy                                            
00000c75  __aeabi_memclr                                    
00000c75  __aeabi_memclr4                                   
00000c75  __aeabi_memclr8                                   
00000c77  __aeabi_memset                                    
00000c77  __aeabi_memset4                                   
00000c77  __aeabi_memset8                                   
00000c7d  memset                                            
00000cef  _system_post_cinit                                
00000cf1  __TI_auto_init                                    
00000d61  _ZN3LEDC1Et                                       
00000d61  _ZN3LEDC2Et                                       
00000d81  _ZN3LED3runEv                                     
00000d99  _ZN3LED5setupEv                                   
00000dc9  __TI_decompress_lzss                              
00000e31  _c_int00                                          
00000e85  C$$EXIT                                           
00000e89  abort                                             
00000e91  exit                                              
00000ed9  copy_in                                           
00000f25  _ZN4TaskC1Ev                                      
00000f25  _ZN4TaskC2Ev                                      
00000f55  _args_main                                        
00000f6d  _register_unlock                                  
00000f73  _register_lock                                    
00000f7b  _nop                                              
00000f81  __TI_decompress_none                              
00000f8f  Reset_Handler                                     
00000f9b  ADC14_IRQHandler                                  
00000f9b  AES256_IRQHandler                                 
00000f9b  BusFault_Handler                                  
00000f9b  COMP_E0_IRQHandler                                
00000f9b  COMP_E1_IRQHandler                                
00000f9b  CS_IRQHandler                                     
00000f9b  DMA_ERR_IRQHandler                                
00000f9b  DMA_INT0_IRQHandler                               
00000f9b  DMA_INT1_IRQHandler                               
00000f9b  DMA_INT2_IRQHandler                               
00000f9b  DMA_INT3_IRQHandler                               
00000f9b  DebugMon_Handler                                  
00000f9b  Default_Handler                                   
00000f9b  EUSCIA0_IRQHandler                                
00000f9b  EUSCIA1_IRQHandler                                
00000f9b  EUSCIA2_IRQHandler                                
00000f9b  EUSCIA3_IRQHandler                                
00000f9b  EUSCIB0_IRQHandler                                
00000f9b  EUSCIB1_IRQHandler                                
00000f9b  EUSCIB2_IRQHandler                                
00000f9b  EUSCIB3_IRQHandler                                
00000f9b  FLCTL_IRQHandler                                  
00000f9b  FPU_IRQHandler                                    
00000f9b  HardFault_Handler                                 
00000f9b  MemManage_Handler                                 
00000f9b  NMI_Handler                                       
00000f9b  PCM_IRQHandler                                    
00000f9b  PORT1_IRQHandler                                  
00000f9b  PORT2_IRQHandler                                  
00000f9b  PORT3_IRQHandler                                  
00000f9b  PORT4_IRQHandler                                  
00000f9b  PORT5_IRQHandler                                  
00000f9b  PORT6_IRQHandler                                  
00000f9b  PSS_IRQHandler                                    
00000f9b  PendSV_Handler                                    
00000f9b  RTC_C_IRQHandler                                  
00000f9b  SVC_Handler                                       
00000f9b  SysTick_Handler                                   
00000f9b  T32_INT2_IRQHandler                               
00000f9b  T32_INTC_IRQHandler                               
00000f9b  TA0_0_IRQHandler                                  
00000f9b  TA0_N_IRQHandler                                  
00000f9b  TA1_0_IRQHandler                                  
00000f9b  TA1_N_IRQHandler                                  
00000f9b  TA2_0_IRQHandler                                  
00000f9b  TA2_N_IRQHandler                                  
00000f9b  TA3_0_IRQHandler                                  
00000f9b  TA3_N_IRQHandler                                  
00000f9b  UsageFault_Handler                                
00000f9b  WDT_A_IRQHandler                                  
00000f9d  _ZN4Task3runEv                                    
00000fa9  _ZN4Task5setupEv                                  
00000fb5  __TI_zero_init                                    
00000fc1  _ZdlPv                                            
00000fc9  _system_pre_init                                  
00000fcc  _ZTSN10__cxxabiv123__fundamental_type_infoE       
00000ff4  _ZTSN10__cxxabiv120__si_class_type_infoE          
00001019  _ZTSN10__cxxabiv119__pointer_type_infoE           
0000103d  _ZTSN10__cxxabiv117__class_type_infoE             
0000105f  _ZTSN10__cxxabiv117__pbase_type_infoE             
00001081  _ZTSe                                             
00001084  _ZTIPKe                                           
00001094  _ZTV3LED                                          
000010a4  _ZTV4Task                                         
000010b4  _ZTVN10__cxxabiv117__class_type_infoE             
000010c4  _ZTVN10__cxxabiv119__pointer_type_infoE           
000010d4  _ZTVN10__cxxabiv120__si_class_type_infoE          
000010e4  _ZTVN10__cxxabiv123__fundamental_type_infoE       
000010f4  _ZTSSt9type_info                                  
00001104  _ZTI3LED                                          
00001110  _ZTIN10__cxxabiv117__class_type_infoE             
0000111c  _ZTIN10__cxxabiv117__pbase_type_infoE             
00001128  _ZTIN10__cxxabiv119__pointer_type_infoE           
00001134  _ZTIN10__cxxabiv120__si_class_type_infoE          
00001140  _ZTIN10__cxxabiv123__fundamental_type_infoE       
0000114c  _ZTI4Task                                         
00001154  _ZTISt9type_info                                  
0000115c  _ZTIe                                             
00001164  _ZTS4Task                                         
0000116a  _ZTS3LED                                          
0000116f  _ZTSPKe                                           
00001174  SHT$$INIT_ARRAY$$Base                             
00001178  SHT$$INIT_ARRAY$$Limit                            
0000119c  __TI_Handler_Table_Base                           
000011a8  __TI_Handler_Table_Limit                          
000011b0  __TI_CINIT_Base                                   
000011c0  __TI_CINIT_Limit                                  
20000000  g_MainScheduler                                   
20003fd0  _ZSt16__dummy_typeinfo                            
20003fd8  _sys_memory                                       
200043d8  __TI_cleanup_ptr                                  
200043dc  __TI_dtors_ptr                                    
200043e0  __TI_enable_exit_profile_output                   
200043f8  _ZN4Task14m_u8NextTaskIDE                         
200043fc  _lock                                             
20004400  _unlock                                           
20004404  main_func_sp                                      
20004408  SystemCoreClock                                   
2000fe00  __stack                                           
20010000  __STACK_END                                       
4000480c  WDTCTL_SYM                                        
ffffffff  __TI_pprof_out_hndl                               
ffffffff  __TI_prof_data_size                               
ffffffff  __TI_prof_data_start                              
ffffffff  __binit__                                         
ffffffff  __c_args__                                        
ffffffff  binit                                             

[201 symbols]
