******************************************************************************
                  TI ARM Linker Unix v16.9.6                   
******************************************************************************
>> Linked Sat Apr 14 16:40:12 2018

OUTPUT FILE NAME:   <labo1.out>
ENTRY POINT SYMBOL: "_c_int00"  address: 000007a1


MEMORY CONFIGURATION

         name            origin    length      used     unused   attr    fill
----------------------  --------  ---------  --------  --------  ----  --------
  MAIN                  00000000   00040000  0000090c  0003f6f4  R  X
  INFO                  00200000   00004000  00000000  00004000  R  X
  SRAM_CODE             01000000   00010000  00000220  0000fde0  RW X
  SRAM_DATA             20000000   00010000  00000220  0000fde0  RW  


SEGMENT ALLOCATION MAP

run origin  load origin   length   init length attrs members
----------  ----------- ---------- ----------- ----- -------
00000000    00000000    00000910   00000910    r-x
  00000000    00000000    000000e4   000000e4    r-- .intvecs
  000000e4    000000e4    00000800   00000800    r-x .text
  000008e8    000008e8    00000028   00000028    r-- .cinit
20000000    20000000    00000020   00000000    rw-
  20000000    20000000    00000020   00000000    rw- .data
2000fe00    2000fe00    00000200   00000000    rw-
  2000fe00    2000fe00    00000200   00000000    rw- .stack


SECTION ALLOCATION MAP

 output                                  attributes/
section   page    origin      length       input sections
--------  ----  ----------  ----------   ----------------
.intvecs   0    00000000    000000e4     
                  00000000    000000e4     startup_msp432p401r_ccs.obj (.intvecs:retain)

.text      0    000000e4    00000800     
                  000000e4    00000334     system_msp432p401r.obj (.text)
                  00000418    00000214     main.obj (.text)
                  0000062c    0000009c     rtsv7M4_T_le_v4SPD16_eabi.lib : memcpy_t2.obj (.text)
                  000006c8    00000070                                   : autoinit.obj (.text)
                  00000738    00000068                                   : copy_decompress_lzss.obj (.text:decompress:lzss)
                  000007a0    00000054                                   : boot.obj (.text)
                  000007f4    00000054                                   : exit.obj (.text)
                  00000848    0000004c                                   : cpy_tbl.obj (.text)
                  00000894    00000018                                   : args_main.obj (.text)
                  000008ac    00000014                                   : _lock.obj (.text)
                  000008c0    0000000e                                   : copy_decompress_none.obj (.text:decompress:none)
                  000008ce    0000000e     startup_msp432p401r_ccs.obj (.text)
                  000008dc    00000004     rtsv7M4_T_le_v4SPD16_eabi.lib : pre_init.obj (.text)
                  000008e0    00000002                                   : mpu_init.obj (.text)
                  000008e2    00000002                                   : startup.obj (.text)

.cinit     0    000008e8    00000028     
                  000008e8    00000015     (.cinit..data.load) [load image, compression = lzss]
                  000008fd    00000003     --HOLE-- [fill = 0]
                  00000900    00000008     (__TI_handler_table)
                  00000908    00000008     (__TI_cinit_table)

.init_array 
*          0    00000000    00000000     UNINITIALIZED

.binit     0    00000000    00000000     

.data      0    20000000    00000020     UNINITIALIZED
                  20000000    0000000c     rtsv7M4_T_le_v4SPD16_eabi.lib : exit.obj (.data:$O1$$)
                  2000000c    00000008                                   : _lock.obj (.data:$O1$$)
                  20000014    00000004     main.obj (.data)
                  20000018    00000004     rtsv7M4_T_le_v4SPD16_eabi.lib : stkdepth_vars.obj (.data)
                  2000001c    00000004     system_msp432p401r.obj (.data)

.stack     0    2000fe00    00000200     UNINITIALIZED
                  2000fe00    00000200     --HOLE--

MODULE SUMMARY

       Module                        code   ro data   rw data
       ------                        ----   -------   -------
    ./
       system_msp432p401r.obj        820    0         8      
       main.obj                      532    0         8      
       startup_msp432p401r_ccs.obj   14     228       0      
    +--+-----------------------------+------+---------+---------+
       Total:                        1366   228       16     
                                                             
    /home/juan/ti/ccsv7/tools/compiler/ti-cgt-arm_16.9.6.LTS/lib/rtsv7M4_T_le_v4SPD16_eabi.lib
       memcpy_t2.obj                 156    0         0      
       autoinit.obj                  112    0         0      
       exit.obj                      84     0         24     
       copy_decompress_lzss.obj      104    0         0      
       boot.obj                      84     0         0      
       cpy_tbl.obj                   76     0         0      
       _lock.obj                     20     0         16     
       args_main.obj                 24     0         0      
       copy_decompress_none.obj      14     0         0      
       stkdepth_vars.obj             0      0         8      
       pre_init.obj                  4      0         0      
       mpu_init.obj                  2      0         0      
       startup.obj                   2      0         0      
    +--+-----------------------------+------+---------+---------+
       Total:                        682    0         48     
                                                             
       Stack:                        0      0         1024   
       Linker Generated:             0      37        0      
    +--+-----------------------------+------+---------+---------+
       Grand Total:                  2048   265       1088   


LINKER GENERATED COPY TABLES

__TI_cinit_table @ 00000908 records: 1, size/record: 8, table size: 8
	.data: load addr=000008e8, load size=00000015 bytes, run addr=20000000, run size=00000020 bytes, compression=lzss


LINKER GENERATED HANDLER TABLE

__TI_handler_table @ 00000900 records: 2, size/record: 4, table size: 8
	index: 0, handler: __TI_decompress_lzss
	index: 1, handler: __TI_decompress_none


GLOBAL SYMBOLS: SORTED ALPHABETICALLY BY Name 

address   name                           
-------   ----                           
20000014  ADC14Result                    
000005b5  ADC14_IRQHandler               
000005b5  ADC14_IRQHandler               
000008db  AES256_IRQHandler              
000008db  BusFault_Handler               
000007f5  C$$EXIT                        
000008db  COMP_E0_IRQHandler             
000008db  COMP_E1_IRQHandler             
000008db  CS_IRQHandler                  
000008db  DMA_ERR_IRQHandler             
000008db  DMA_INT0_IRQHandler            
000008db  DMA_INT1_IRQHandler            
000008db  DMA_INT2_IRQHandler            
000008db  DMA_INT3_IRQHandler            
000008db  DebugMon_Handler               
000008db  Default_Handler                
000008db  EUSCIA0_IRQHandler             
000008db  EUSCIA1_IRQHandler             
000008db  EUSCIA2_IRQHandler             
000008db  EUSCIA3_IRQHandler             
000008db  EUSCIB0_IRQHandler             
000008db  EUSCIB1_IRQHandler             
000008db  EUSCIB2_IRQHandler             
000008db  EUSCIB3_IRQHandler             
000008db  FLCTL_IRQHandler               
000008db  FPU_IRQHandler                 
000008db  HardFault_Handler              
000008db  MemManage_Handler              
000008db  NMI_Handler                    
000008db  PCM_IRQHandler                 
00000591  PORT1_IRQHandler               
00000591  PORT1_IRQHandler               
000008db  PORT2_IRQHandler               
000005a3  PORT3_IRQHandler               
000005a3  PORT3_IRQHandler               
000008db  PORT4_IRQHandler               
000008db  PORT5_IRQHandler               
000008db  PORT6_IRQHandler               
000008db  PSS_IRQHandler                 
000008db  PendSV_Handler                 
000008db  RTC_C_IRQHandler               
000008cf  Reset_Handler                  
UNDEFED   SHT$$INIT_ARRAY$$Base          
UNDEFED   SHT$$INIT_ARRAY$$Limit         
000008db  SVC_Handler                    
000008db  SysTick_Handler                
2000001c  SystemCoreClock                
000000e5  SystemCoreClockUpdate          
0000035d  SystemInit                     
00000565  T32_INT1_IRQHandler            
00000565  T32_INT1_IRQHandler            
000008db  T32_INT2_IRQHandler            
000008db  T32_INTC_IRQHandler            
000008db  TA0_0_IRQHandler               
000008db  TA0_N_IRQHandler               
000008db  TA1_0_IRQHandler               
000008db  TA1_N_IRQHandler               
000008db  TA2_0_IRQHandler               
000008db  TA2_N_IRQHandler               
000008db  TA3_0_IRQHandler               
000008db  TA3_N_IRQHandler               
000008db  UsageFault_Handler             
4000480c  WDTCTL_SYM                     
000008db  WDT_A_IRQHandler               
000004cd  _Z10BlinkSetUpv                
00000483  _Z7DelayMsv                    
000004a9  _Z8OnOffLedv                   
20010000  __STACK_END                    
00000200  __STACK_SIZE                   
00000908  __TI_CINIT_Base                
00000910  __TI_CINIT_Limit               
00000900  __TI_Handler_Table_Base        
00000908  __TI_Handler_Table_Limit       
000006c9  __TI_auto_init                 
20000000  __TI_cleanup_ptr               
00000739  __TI_decompress_lzss           
000008c1  __TI_decompress_none           
20000004  __TI_dtors_ptr                 
20000008  __TI_enable_exit_profile_output
ffffffff  __TI_pprof_out_hndl            
ffffffff  __TI_prof_data_size            
ffffffff  __TI_prof_data_start           
00000000  __TI_static_base__             
0000062d  __aeabi_memcpy                 
0000062d  __aeabi_memcpy4                
0000062d  __aeabi_memcpy8                
ffffffff  __binit__                      
ffffffff  __c_args__                     
000008e1  __mpu_init                     
2000fe00  __stack                        
00000895  _args_main                     
000007a1  _c_int00                       
2000000c  _lock                          
000008bb  _nop                           
000008b3  _register_lock                 
000008ad  _register_unlock               
000008e3  _system_post_cinit             
000008dd  _system_pre_init               
20000010  _unlock                        
000007f9  abort                          
ffffffff  binit                          
20000016  contador                       
00000849  copy_in                        
00000801  exit                           
00000000  interruptVectors               
000004dd  main                           
20000018  main_func_sp                   
0000062d  memcpy                         


GLOBAL SYMBOLS: SORTED BY Symbol Address 

address   name                           
-------   ----                           
00000000  __TI_static_base__             
00000000  interruptVectors               
000000e5  SystemCoreClockUpdate          
00000200  __STACK_SIZE                   
0000035d  SystemInit                     
00000483  _Z7DelayMsv                    
000004a9  _Z8OnOffLedv                   
000004cd  _Z10BlinkSetUpv                
000004dd  main                           
00000565  T32_INT1_IRQHandler            
00000565  T32_INT1_IRQHandler            
00000591  PORT1_IRQHandler               
00000591  PORT1_IRQHandler               
000005a3  PORT3_IRQHandler               
000005a3  PORT3_IRQHandler               
000005b5  ADC14_IRQHandler               
000005b5  ADC14_IRQHandler               
0000062d  __aeabi_memcpy                 
0000062d  __aeabi_memcpy4                
0000062d  __aeabi_memcpy8                
0000062d  memcpy                         
000006c9  __TI_auto_init                 
00000739  __TI_decompress_lzss           
000007a1  _c_int00                       
000007f5  C$$EXIT                        
000007f9  abort                          
00000801  exit                           
00000849  copy_in                        
00000895  _args_main                     
000008ad  _register_unlock               
000008b3  _register_lock                 
000008bb  _nop                           
000008c1  __TI_decompress_none           
000008cf  Reset_Handler                  
000008db  AES256_IRQHandler              
000008db  BusFault_Handler               
000008db  COMP_E0_IRQHandler             
000008db  COMP_E1_IRQHandler             
000008db  CS_IRQHandler                  
000008db  DMA_ERR_IRQHandler             
000008db  DMA_INT0_IRQHandler            
000008db  DMA_INT1_IRQHandler            
000008db  DMA_INT2_IRQHandler            
000008db  DMA_INT3_IRQHandler            
000008db  DebugMon_Handler               
000008db  Default_Handler                
000008db  EUSCIA0_IRQHandler             
000008db  EUSCIA1_IRQHandler             
000008db  EUSCIA2_IRQHandler             
000008db  EUSCIA3_IRQHandler             
000008db  EUSCIB0_IRQHandler             
000008db  EUSCIB1_IRQHandler             
000008db  EUSCIB2_IRQHandler             
000008db  EUSCIB3_IRQHandler             
000008db  FLCTL_IRQHandler               
000008db  FPU_IRQHandler                 
000008db  HardFault_Handler              
000008db  MemManage_Handler              
000008db  NMI_Handler                    
000008db  PCM_IRQHandler                 
000008db  PORT2_IRQHandler               
000008db  PORT4_IRQHandler               
000008db  PORT5_IRQHandler               
000008db  PORT6_IRQHandler               
000008db  PSS_IRQHandler                 
000008db  PendSV_Handler                 
000008db  RTC_C_IRQHandler               
000008db  SVC_Handler                    
000008db  SysTick_Handler                
000008db  T32_INT2_IRQHandler            
000008db  T32_INTC_IRQHandler            
000008db  TA0_0_IRQHandler               
000008db  TA0_N_IRQHandler               
000008db  TA1_0_IRQHandler               
000008db  TA1_N_IRQHandler               
000008db  TA2_0_IRQHandler               
000008db  TA2_N_IRQHandler               
000008db  TA3_0_IRQHandler               
000008db  TA3_N_IRQHandler               
000008db  UsageFault_Handler             
000008db  WDT_A_IRQHandler               
000008dd  _system_pre_init               
000008e1  __mpu_init                     
000008e3  _system_post_cinit             
00000900  __TI_Handler_Table_Base        
00000908  __TI_CINIT_Base                
00000908  __TI_Handler_Table_Limit       
00000910  __TI_CINIT_Limit               
20000000  __TI_cleanup_ptr               
20000004  __TI_dtors_ptr                 
20000008  __TI_enable_exit_profile_output
2000000c  _lock                          
20000010  _unlock                        
20000014  ADC14Result                    
20000016  contador                       
20000018  main_func_sp                   
2000001c  SystemCoreClock                
2000fe00  __stack                        
20010000  __STACK_END                    
4000480c  WDTCTL_SYM                     
ffffffff  __TI_pprof_out_hndl            
ffffffff  __TI_prof_data_size            
ffffffff  __TI_prof_data_start           
ffffffff  __binit__                      
ffffffff  __c_args__                     
ffffffff  binit                          
UNDEFED   SHT$$INIT_ARRAY$$Base          
UNDEFED   SHT$$INIT_ARRAY$$Limit         

[108 symbols]
