******************************************************************************
                  TI ARM Linker Unix v16.9.6                   
******************************************************************************
>> Linked Tue May  1 16:31:18 2018

OUTPUT FILE NAME:   <boostxl_edumkii_lightsensor_msp432p401r_MSP_EXP432P401R_nortos_ccs.out>
ENTRY POINT SYMBOL: "_c_int00"  address: 00000d29


MEMORY CONFIGURATION

         name            origin    length      used     unused   attr    fill
----------------------  --------  ---------  --------  --------  ----  --------
  MAIN                  00000000   00040000  00001372  0003ec8e  R  X
  INFO                  00200000   00004000  00000000  00004000  R  X
  SRAM_CODE             01000000   00010000  00000248  0000fdb8  RW X
  SRAM_DATA             20000000   00010000  00000248  0000fdb8  RW  


SEGMENT ALLOCATION MAP

run origin  load origin   length   init length attrs members
----------  ----------- ---------- ----------- ----- -------
00000000    00000000    00001378   00001378    r-x
  00000000    00000000    000000e4   000000e4    r-- .intvecs
  000000e4    000000e4    00001202   00001202    r-x .text
  000012e8    000012e8    00000044   00000044    r-- .const
  00001330    00001330    00000048   00000048    r-- .cinit
20000000    20000000    00000048   00000000    rw-
  20000000    20000000    00000044   00000000    rw- .data
  20000044    20000044    00000004   00000000    rw- .bss
2000fe00    2000fe00    00000200   00000000    rw-
  2000fe00    2000fe00    00000200   00000000    rw- .stack


SECTION ALLOCATION MAP

 output                                  attributes/
section   page    origin      length       input sections
--------  ----  ----------  ----------   ----------------
.intvecs   0    00000000    000000e4     
                  00000000    000000e4     startup_msp432p401r_ccs.obj (.intvecs:retain)

.text      0    000000e4    00001202     
                  000000e4    0000034c     main.obj (.text:ADC14_IRQHandler)
                  00000430    000001b6     rtsv7M4_T_le_v4SPD16_eabi.lib : fd_add_t2.obj (.text)
                  000005e6    000000fc                                   : fd_mul_t2.obj (.text)
                  000006e2    00000002     startup_msp432p401r_ccs.obj (.text:Default_Handler)
                  000006e4    000000d8     HAL_OPT3001.obj (.text:OPT3001_getLux)
                  000007bc    000000d4     main.obj (.text:T32_INT2_IRQHandler)
                  00000890    0000009c     rtsv7M4_T_le_v4SPD16_eabi.lib : memcpy_t2.obj (.text)
                  0000092c    0000008c     HAL_I2C.obj (.text:I2C_read16)
                  000009b8    00000086     rtsv7M4_T_le_v4SPD16_eabi.lib : fd_cmp_t2.obj (.text:__aeabi_cdrcmple)
                  00000a3e    0000007a                                   : memset_t2.obj (.text)
                  00000ab8    00000078     system_msp432p401r.obj (.text:SystemInit)
                  00000b30    00000070     rtsv7M4_T_le_v4SPD16_eabi.lib : autoinit.obj (.text)
                  00000ba0    0000006c     functions.obj (.text:_Z11ButtonSetupv)
                  00000c0c    00000068     rtsv7M4_T_le_v4SPD16_eabi.lib : copy_decompress_lzss.obj (.text:decompress:lzss)
                  00000c74    00000060     main.obj (.text:T32_INT1_IRQHandler)
                  00000cd4    00000054     msp432p4xx_driverlib.lib : i2c_MSP432P4XX.obj (.text:I2C_masterSendMultiByteFinish)
                  00000d28    00000054     rtsv7M4_T_le_v4SPD16_eabi.lib : boot.obj (.text)
                  00000d7c    00000054                                   : exit.obj (.text)
                  00000dd0    0000004c     msp432p4xx_driverlib.lib : gpio_MSP432P4XX.obj (.text:GPIO_setAsPeripheralModuleFunctionOutputPin)
                  00000e1c    0000004c     rtsv7M4_T_le_v4SPD16_eabi.lib : cpy_tbl.obj (.text)
                  00000e68    00000048     HAL_I2C.obj (.text:I2C_write16)
                  00000eb0    00000048     functions.obj (.text:_Z18__NVIC_SetPriority4IRQnj)
                  00000ef8    00000040     msp432p4xx_driverlib.lib : i2c_MSP432P4XX.obj (.text:I2C_masterSendMultiByteStart)
                  00000f38    00000040     functions.obj (.text:_Z8AdcSetupv)
                  00000f78    00000040     main.obj (.text:main)
                  00000fb8    0000003e     msp432p4xx_driverlib.lib : i2c_MSP432P4XX.obj (.text:I2C_initMaster)
                  00000ff6    00000002     rtsv7M4_T_le_v4SPD16_eabi.lib : mpu_init.obj (.text)
                  00000ff8    00000030     msp432p4xx_driverlib.lib : i2c_MSP432P4XX.obj (.text:I2C_masterReceiveMultiByteFinish)
                  00001028    00000030                              : i2c_MSP432P4XX.obj (.text:I2C_masterSendMultiByteStop)
                  00001058    00000030     functions.obj (.text:_Z16__NVIC_EnableIRQ4IRQn)
                  00001088    00000028     functions.obj (.text:_Z13Timer321Setupv)
                  000010b0    00000028     functions.obj (.text:_Z13Timer322Setupv)
                  000010d8    00000026     functions.obj (.text:_Z7DelayMsv)
                  000010fe    00000002     rtsv7M4_T_le_v4SPD16_eabi.lib : startup.obj (.text)
                  00001100    00000024     msp432p4xx_driverlib.lib : i2c_MSP432P4XX.obj (.text:I2C_masterSendMultiByteNext)
                  00001124    00000024     main.obj (.text:PORT4_IRQHandler)
                  00001148    00000024     functions.obj (.text:_Z15MicrophoneSetupv)
                  0000116c    00000020     HAL_I2C.obj (.text:I2C_init)
                  0000118c    00000020     rtsv7M4_T_le_v4SPD16_eabi.lib : u_tofd_t2.obj (.text)
                  000011ac    0000001c     HAL_I2C.obj (.text:I2C_setslave)
                  000011c8    0000001c     main.obj (.text:_Z8OnOffLedv)
                  000011e4    00000018     HAL_I2C.obj (.text:Init_I2C_GPIO)
                  000011fc    00000018     functions.obj (.text:_Z10BlinkSetUpv)
                  00001214    00000018     rtsv7M4_T_le_v4SPD16_eabi.lib : args_main.obj (.text)
                  0000122c    00000014     msp432p4xx_driverlib.lib : i2c_MSP432P4XX.obj (.text:I2C_isBusBusy)
                  00001240    00000014     HAL_OPT3001.obj (.text:OPT3001_init)
                  00001254    00000014     rtsv7M4_T_le_v4SPD16_eabi.lib : _lock.obj (.text)
                  00001268    00000010     msp432p4xx_driverlib.lib : i2c_MSP432P4XX.obj (.text:I2C_masterReceiveStart)
                  00001278    0000000e                              : i2c_MSP432P4XX.obj (.text:I2C_clearInterruptFlag)
                  00001286    0000000e                              : i2c_MSP432P4XX.obj (.text:I2C_setMode)
                  00001294    0000000e     rtsv7M4_T_le_v4SPD16_eabi.lib : copy_decompress_none.obj (.text:decompress:none)
                  000012a2    0000000c     msp432p4xx_driverlib.lib : i2c_MSP432P4XX.obj (.text:I2C_disableModule)
                  000012ae    0000000c                              : i2c_MSP432P4XX.obj (.text:I2C_enableModule)
                  000012ba    0000000c     startup_msp432p401r_ccs.obj (.text:Reset_Handler)
                  000012c6    0000000c     rtsv7M4_T_le_v4SPD16_eabi.lib : copy_zero_init.obj (.text:decompress:ZI)
                  000012d2    00000006     msp432p4xx_driverlib.lib : i2c_MSP432P4XX.obj (.text:I2C_getInterruptStatus)
                  000012d8    00000006                              : i2c_MSP432P4XX.obj (.text:I2C_masterReceiveMultiByteNext)
                  000012de    00000004                              : i2c_MSP432P4XX.obj (.text:I2C_setSlaveAddress)
                  000012e2    00000004     rtsv7M4_T_le_v4SPD16_eabi.lib : pre_init.obj (.text)

.const     0    000012e8    00000044     
                  000012e8    00000030     msp432p4xx_driverlib.lib : gpio_MSP432P4XX.obj (.const:GPIO_PORT_TO_BASE)
                  00001318    00000014     HAL_I2C.obj (.const:i2cConfig)

.cinit     0    00001330    00000048     
                  00001330    0000001f     (.cinit..data.load) [load image, compression = lzss]
                  0000134f    00000001     --HOLE-- [fill = 0]
                  00001350    0000000c     (__TI_handler_table)
                  0000135c    00000004     --HOLE-- [fill = 0]
                  00001360    00000008     (.cinit..bss.load) [load image, compression = zero_init]
                  00001368    00000010     (__TI_cinit_table)

.init_array 
*          0    00000000    00000000     UNINITIALIZED

.binit     0    00000000    00000000     

.data      0    20000000    00000044     UNINITIALIZED
                  20000000    0000002c     main.obj (.data)
                  2000002c    0000000c     rtsv7M4_T_le_v4SPD16_eabi.lib : exit.obj (.data:$O1$$)
                  20000038    00000008                                   : _lock.obj (.data:$O1$$)
                  20000040    00000004                                   : stkdepth_vars.obj (.data)

.bss       0    20000044    00000004     UNINITIALIZED
                  20000044    00000004     (.common:g_fLux)

.stack     0    2000fe00    00000200     UNINITIALIZED
                  2000fe00    00000200     --HOLE--

MODULE SUMMARY

       Module                        code   ro data   rw data
       ------                        ----   -------   -------
    ./
       main.obj                      1280   0         96     
       functions.obj                 470    0         0      
       HAL_I2C.obj                   296    20        0      
       HAL_OPT3001.obj               236    0         0      
       system_msp432p401r.obj        120    0         0      
    +--+-----------------------------+------+---------+---------+
       Total:                        2402   20        96     
                                                             
    ./ccs/
       startup_msp432p401r_ccs.obj   14     228       0      
    +--+-----------------------------+------+---------+---------+
       Total:                        14     228       0      
                                                             
    /home/sama/ti/ccsv7/tools/compiler/ti-cgt-arm_16.9.6.LTS/lib/rtsv7M4_T_le_v4SPD16_eabi.lib
       fd_add_t2.obj                 438    0         0      
       fd_mul_t2.obj                 252    0         0      
       memcpy_t2.obj                 156    0         0      
       fd_cmp_t2.obj                 134    0         0      
       memset_t2.obj                 122    0         0      
       autoinit.obj                  112    0         0      
       exit.obj                      84     0         24     
       copy_decompress_lzss.obj      104    0         0      
       boot.obj                      84     0         0      
       cpy_tbl.obj                   76     0         0      
       _lock.obj                     20     0         16     
       u_tofd_t2.obj                 32     0         0      
       args_main.obj                 24     0         0      
       copy_decompress_none.obj      14     0         0      
       copy_zero_init.obj            12     0         0      
       stkdepth_vars.obj             0      0         8      
       pre_init.obj                  4      0         0      
       mpu_init.obj                  2      0         0      
       startup.obj                   2      0         0      
    +--+-----------------------------+------+---------+---------+
       Total:                        1672   0         48     
                                                             
    /home/sama/ti/simplelink_msp432p4_sdk_2_10_00_14/source/ti/devices/msp432p4xx/driverlib/ccs/msp432p4xx_driverlib.lib
       i2c_MSP432P4XX.obj            446    0         0      
       gpio_MSP432P4XX.obj           76     48        0      
    +--+-----------------------------+------+---------+---------+
       Total:                        522    48        0      
                                                             
       Stack:                        0      0         1024   
       Linker Generated:             0      67        0      
    +--+-----------------------------+------+---------+---------+
       Grand Total:                  4610   363       1168   


LINKER GENERATED COPY TABLES

__TI_cinit_table @ 00001368 records: 2, size/record: 8, table size: 16
	.data: load addr=00001330, load size=0000001f bytes, run addr=20000000, run size=00000044 bytes, compression=lzss
	.bss: load addr=00001360, load size=00000008 bytes, run addr=20000044, run size=00000004 bytes, compression=zero_init


LINKER GENERATED HANDLER TABLE

__TI_handler_table @ 00001350 records: 3, size/record: 4, table size: 12
	index: 0, handler: __TI_decompress_lzss
	index: 1, handler: __TI_decompress_none
	index: 2, handler: __TI_zero_init


GLOBAL SYMBOLS: SORTED ALPHABETICALLY BY Name 

address   name                                       
-------   ----                                       
000000e5  ADC14_IRQHandler                           
000000e5  ADC14_IRQHandler                           
000006e3  AES256_IRQHandler                          
000006e3  BusFault_Handler                           
00000d7d  C$$EXIT                                    
000006e3  COMP_E0_IRQHandler                         
000006e3  COMP_E1_IRQHandler                         
000006e3  CS_IRQHandler                              
000006e3  DMA_ERR_IRQHandler                         
000006e3  DMA_INT0_IRQHandler                        
000006e3  DMA_INT1_IRQHandler                        
000006e3  DMA_INT2_IRQHandler                        
000006e3  DMA_INT3_IRQHandler                        
000006e3  DebugMon_Handler                           
000006e3  Default_Handler                            
000006e3  EUSCIA0_IRQHandler                         
000006e3  EUSCIA1_IRQHandler                         
000006e3  EUSCIA2_IRQHandler                         
000006e3  EUSCIA3_IRQHandler                         
000006e3  EUSCIB0_IRQHandler                         
000006e3  EUSCIB1_IRQHandler                         
000006e3  EUSCIB2_IRQHandler                         
000006e3  EUSCIB3_IRQHandler                         
000006e3  FLCTL_IRQHandler                           
000006e3  FPU_IRQHandler                             
00000dd1  GPIO_setAsPeripheralModuleFunctionOutputPin
000006e3  HardFault_Handler                          
00001279  I2C_clearInterruptFlag                     
000012a3  I2C_disableModule                          
000012af  I2C_enableModule                           
000012d3  I2C_getInterruptStatus                     
0000116d  I2C_init                                   
00000fb9  I2C_initMaster                             
0000122d  I2C_isBusBusy                              
00000ff9  I2C_masterReceiveMultiByteFinish           
000012d9  I2C_masterReceiveMultiByteNext             
00001269  I2C_masterReceiveStart                     
00000cd5  I2C_masterSendMultiByteFinish              
00001101  I2C_masterSendMultiByteNext                
00000ef9  I2C_masterSendMultiByteStart               
00001029  I2C_masterSendMultiByteStop                
0000092d  I2C_read16                                 
00001287  I2C_setMode                                
000012df  I2C_setSlaveAddress                        
000011ad  I2C_setslave                               
00000e69  I2C_write16                                
000011e5  Init_I2C_GPIO                              
000006e3  MemManage_Handler                          
000006e3  NMI_Handler                                
000006e5  OPT3001_getLux                             
00001241  OPT3001_init                               
000006e3  PCM_IRQHandler                             
000006e3  PORT1_IRQHandler                           
000006e3  PORT2_IRQHandler                           
000006e3  PORT3_IRQHandler                           
00001125  PORT4_IRQHandler                           
00001125  PORT4_IRQHandler                           
000006e3  PORT5_IRQHandler                           
000006e3  PORT6_IRQHandler                           
000006e3  PSS_IRQHandler                             
000006e3  PendSV_Handler                             
000006e3  RTC_C_IRQHandler                           
000012bb  Reset_Handler                              
UNDEFED   SHT$$INIT_ARRAY$$Base                      
UNDEFED   SHT$$INIT_ARRAY$$Limit                     
000006e3  SVC_Handler                                
000006e3  SysTick_Handler                            
00000ab9  SystemInit                                 
00000c75  T32_INT1_IRQHandler                        
00000c75  T32_INT1_IRQHandler                        
000007bd  T32_INT2_IRQHandler                        
000007bd  T32_INT2_IRQHandler                        
000006e3  T32_INTC_IRQHandler                        
000006e3  TA0_0_IRQHandler                           
000006e3  TA0_N_IRQHandler                           
000006e3  TA1_0_IRQHandler                           
000006e3  TA1_N_IRQHandler                           
000006e3  TA2_0_IRQHandler                           
000006e3  TA2_N_IRQHandler                           
000006e3  TA3_0_IRQHandler                           
000006e3  TA3_N_IRQHandler                           
000006e3  UsageFault_Handler                         
4000480c  WDTCTL_SYM                                 
000006e3  WDT_A_IRQHandler                           
000011fd  _Z10BlinkSetUpv                            
00000ba1  _Z11ButtonSetupv                           
00001089  _Z13Timer321Setupv                         
000010b1  _Z13Timer322Setupv                         
00001149  _Z15MicrophoneSetupv                       
000010d9  _Z7DelayMsv                                
00000f39  _Z8AdcSetupv                               
000011c9  _Z8OnOffLedv                               
20010000  __STACK_END                                
00000200  __STACK_SIZE                               
00001368  __TI_CINIT_Base                            
00001378  __TI_CINIT_Limit                           
00001350  __TI_Handler_Table_Base                    
0000135c  __TI_Handler_Table_Limit                   
00000b31  __TI_auto_init                             
2000002c  __TI_cleanup_ptr                           
00000c0d  __TI_decompress_lzss                       
00001295  __TI_decompress_none                       
20000030  __TI_dtors_ptr                             
20000034  __TI_enable_exit_profile_output            
ffffffff  __TI_pprof_out_hndl                        
ffffffff  __TI_prof_data_size                        
ffffffff  __TI_prof_data_start                       
00000000  __TI_static_base__                         
000012c7  __TI_zero_init                             
000009b9  __aeabi_cdrcmple                           
0000043b  __aeabi_dadd                               
000005e7  __aeabi_dmul                               
00000431  __aeabi_dsub                               
00000a3f  __aeabi_memclr                             
00000a3f  __aeabi_memclr4                            
00000a3f  __aeabi_memclr8                            
00000891  __aeabi_memcpy                             
00000891  __aeabi_memcpy4                            
00000891  __aeabi_memcpy8                            
00000a41  __aeabi_memset                             
00000a41  __aeabi_memset4                            
00000a41  __aeabi_memset8                            
0000118d  __aeabi_ui2d                               
ffffffff  __binit__                                  
ffffffff  __c_args__                                 
00000ff7  __mpu_init                                 
2000fe00  __stack                                    
00001215  _args_main                                 
00000d29  _c_int00                                   
20000038  _lock                                      
00001263  _nop                                       
0000125b  _register_lock                             
00001255  _register_unlock                           
000010ff  _system_post_cinit                         
000012e3  _system_pre_init                           
2000003c  _unlock                                    
00000d81  abort                                      
ffffffff  binit                                      
00000e1d  copy_in                                    
00000d89  exit                                       
2000000a  g_bAdcAverageFirstFiveSeconds              
2000000b  g_bAdcCompareNUpdate                       
20000008  g_bAdcFirstFiveSeconds                     
2000000c  g_bAdcOnLight                              
20000009  g_bAdcSixthSecond                          
20000004  g_bFirstLightMeasure                       
20000000  g_bFlagFirstTime32Timer2                   
20000005  g_bNightLevel                              
20000044  g_fLux                                     
20000010  g_iAdcCounter                              
20000006  g_iCounterT321                             
20000014  g_u32_second1Data                          
20000018  g_u32_second2Data                          
2000001c  g_u32_second3Data                          
20000020  g_u32_second4Data                          
20000024  g_u32_second5Data                          
20000028  g_u32_second6Data                          
20000002  g_ui16AdcResult                            
00001318  i2cConfig                                  
00000000  interruptVectors                           
00000f79  main                                       
20000040  main_func_sp                               
00000891  memcpy                                     
00000a47  memset                                     


GLOBAL SYMBOLS: SORTED BY Symbol Address 

address   name                                       
-------   ----                                       
00000000  __TI_static_base__                         
00000000  interruptVectors                           
000000e5  ADC14_IRQHandler                           
000000e5  ADC14_IRQHandler                           
00000200  __STACK_SIZE                               
00000431  __aeabi_dsub                               
0000043b  __aeabi_dadd                               
000005e7  __aeabi_dmul                               
000006e3  AES256_IRQHandler                          
000006e3  BusFault_Handler                           
000006e3  COMP_E0_IRQHandler                         
000006e3  COMP_E1_IRQHandler                         
000006e3  CS_IRQHandler                              
000006e3  DMA_ERR_IRQHandler                         
000006e3  DMA_INT0_IRQHandler                        
000006e3  DMA_INT1_IRQHandler                        
000006e3  DMA_INT2_IRQHandler                        
000006e3  DMA_INT3_IRQHandler                        
000006e3  DebugMon_Handler                           
000006e3  Default_Handler                            
000006e3  EUSCIA0_IRQHandler                         
000006e3  EUSCIA1_IRQHandler                         
000006e3  EUSCIA2_IRQHandler                         
000006e3  EUSCIA3_IRQHandler                         
000006e3  EUSCIB0_IRQHandler                         
000006e3  EUSCIB1_IRQHandler                         
000006e3  EUSCIB2_IRQHandler                         
000006e3  EUSCIB3_IRQHandler                         
000006e3  FLCTL_IRQHandler                           
000006e3  FPU_IRQHandler                             
000006e3  HardFault_Handler                          
000006e3  MemManage_Handler                          
000006e3  NMI_Handler                                
000006e3  PCM_IRQHandler                             
000006e3  PORT1_IRQHandler                           
000006e3  PORT2_IRQHandler                           
000006e3  PORT3_IRQHandler                           
000006e3  PORT5_IRQHandler                           
000006e3  PORT6_IRQHandler                           
000006e3  PSS_IRQHandler                             
000006e3  PendSV_Handler                             
000006e3  RTC_C_IRQHandler                           
000006e3  SVC_Handler                                
000006e3  SysTick_Handler                            
000006e3  T32_INTC_IRQHandler                        
000006e3  TA0_0_IRQHandler                           
000006e3  TA0_N_IRQHandler                           
000006e3  TA1_0_IRQHandler                           
000006e3  TA1_N_IRQHandler                           
000006e3  TA2_0_IRQHandler                           
000006e3  TA2_N_IRQHandler                           
000006e3  TA3_0_IRQHandler                           
000006e3  TA3_N_IRQHandler                           
000006e3  UsageFault_Handler                         
000006e3  WDT_A_IRQHandler                           
000006e5  OPT3001_getLux                             
000007bd  T32_INT2_IRQHandler                        
000007bd  T32_INT2_IRQHandler                        
00000891  __aeabi_memcpy                             
00000891  __aeabi_memcpy4                            
00000891  __aeabi_memcpy8                            
00000891  memcpy                                     
0000092d  I2C_read16                                 
000009b9  __aeabi_cdrcmple                           
00000a3f  __aeabi_memclr                             
00000a3f  __aeabi_memclr4                            
00000a3f  __aeabi_memclr8                            
00000a41  __aeabi_memset                             
00000a41  __aeabi_memset4                            
00000a41  __aeabi_memset8                            
00000a47  memset                                     
00000ab9  SystemInit                                 
00000b31  __TI_auto_init                             
00000ba1  _Z11ButtonSetupv                           
00000c0d  __TI_decompress_lzss                       
00000c75  T32_INT1_IRQHandler                        
00000c75  T32_INT1_IRQHandler                        
00000cd5  I2C_masterSendMultiByteFinish              
00000d29  _c_int00                                   
00000d7d  C$$EXIT                                    
00000d81  abort                                      
00000d89  exit                                       
00000dd1  GPIO_setAsPeripheralModuleFunctionOutputPin
00000e1d  copy_in                                    
00000e69  I2C_write16                                
00000ef9  I2C_masterSendMultiByteStart               
00000f39  _Z8AdcSetupv                               
00000f79  main                                       
00000fb9  I2C_initMaster                             
00000ff7  __mpu_init                                 
00000ff9  I2C_masterReceiveMultiByteFinish           
00001029  I2C_masterSendMultiByteStop                
00001089  _Z13Timer321Setupv                         
000010b1  _Z13Timer322Setupv                         
000010d9  _Z7DelayMsv                                
000010ff  _system_post_cinit                         
00001101  I2C_masterSendMultiByteNext                
00001125  PORT4_IRQHandler                           
00001125  PORT4_IRQHandler                           
00001149  _Z15MicrophoneSetupv                       
0000116d  I2C_init                                   
0000118d  __aeabi_ui2d                               
000011ad  I2C_setslave                               
000011c9  _Z8OnOffLedv                               
000011e5  Init_I2C_GPIO                              
000011fd  _Z10BlinkSetUpv                            
00001215  _args_main                                 
0000122d  I2C_isBusBusy                              
00001241  OPT3001_init                               
00001255  _register_unlock                           
0000125b  _register_lock                             
00001263  _nop                                       
00001269  I2C_masterReceiveStart                     
00001279  I2C_clearInterruptFlag                     
00001287  I2C_setMode                                
00001295  __TI_decompress_none                       
000012a3  I2C_disableModule                          
000012af  I2C_enableModule                           
000012bb  Reset_Handler                              
000012c7  __TI_zero_init                             
000012d3  I2C_getInterruptStatus                     
000012d9  I2C_masterReceiveMultiByteNext             
000012df  I2C_setSlaveAddress                        
000012e3  _system_pre_init                           
00001318  i2cConfig                                  
00001350  __TI_Handler_Table_Base                    
0000135c  __TI_Handler_Table_Limit                   
00001368  __TI_CINIT_Base                            
00001378  __TI_CINIT_Limit                           
20000000  g_bFlagFirstTime32Timer2                   
20000002  g_ui16AdcResult                            
20000004  g_bFirstLightMeasure                       
20000005  g_bNightLevel                              
20000006  g_iCounterT321                             
20000008  g_bAdcFirstFiveSeconds                     
20000009  g_bAdcSixthSecond                          
2000000a  g_bAdcAverageFirstFiveSeconds              
2000000b  g_bAdcCompareNUpdate                       
2000000c  g_bAdcOnLight                              
20000010  g_iAdcCounter                              
20000014  g_u32_second1Data                          
20000018  g_u32_second2Data                          
2000001c  g_u32_second3Data                          
20000020  g_u32_second4Data                          
20000024  g_u32_second5Data                          
20000028  g_u32_second6Data                          
2000002c  __TI_cleanup_ptr                           
20000030  __TI_dtors_ptr                             
20000034  __TI_enable_exit_profile_output            
20000038  _lock                                      
2000003c  _unlock                                    
20000040  main_func_sp                               
20000044  g_fLux                                     
2000fe00  __stack                                    
20010000  __STACK_END                                
4000480c  WDTCTL_SYM                                 
ffffffff  __TI_pprof_out_hndl                        
ffffffff  __TI_prof_data_size                        
ffffffff  __TI_prof_data_start                       
ffffffff  __binit__                                  
ffffffff  __c_args__                                 
ffffffff  binit                                      
UNDEFED   SHT$$INIT_ARRAY$$Base                      
UNDEFED   SHT$$INIT_ARRAY$$Limit                     

[164 symbols]
