<?xml version="1.0"?>
<link_info>
   <banner>TI ARM Linker Unix v16.9.6.LTS</banner>
   <copyright>Copyright (c) 1996-2017 Texas Instruments Incorporated</copyright>
   <link_time>0x5ae8eab6</link_time>
   <link_errors>0x0</link_errors>
   <output_file>boostxl_edumkii_lightsensor_msp432p401r_MSP_EXP432P401R_nortos_ccs.out</output_file>
   <entry_point>
      <name>_c_int00</name>
      <address>0xd29</address>
   </entry_point>
   <input_file_list>
      <input_file id="fl-2">
         <path>./</path>
         <kind>object</kind>
         <file>HAL_I2C.obj</file>
         <name>HAL_I2C.obj</name>
      </input_file>
      <input_file id="fl-3">
         <path>./</path>
         <kind>object</kind>
         <file>HAL_OPT3001.obj</file>
         <name>HAL_OPT3001.obj</name>
      </input_file>
      <input_file id="fl-4">
         <path>./</path>
         <kind>object</kind>
         <file>functions.obj</file>
         <name>functions.obj</name>
      </input_file>
      <input_file id="fl-5">
         <path>./</path>
         <kind>object</kind>
         <file>main.obj</file>
         <name>main.obj</name>
      </input_file>
      <input_file id="fl-6">
         <path>./</path>
         <kind>object</kind>
         <file>system_msp432p401r.obj</file>
         <name>system_msp432p401r.obj</name>
      </input_file>
      <input_file id="fl-7">
         <path>./LcdDriver/</path>
         <kind>object</kind>
         <file>Crystalfontz128x128_ST7735.obj</file>
         <name>Crystalfontz128x128_ST7735.obj</name>
      </input_file>
      <input_file id="fl-8">
         <path>./LcdDriver/</path>
         <kind>object</kind>
         <file>HAL_MSP_EXP432P401R_Crystalfontz128x128_ST7735.obj</file>
         <name>HAL_MSP_EXP432P401R_Crystalfontz128x128_ST7735.obj</name>
      </input_file>
      <input_file id="fl-9">
         <path>./ccs/</path>
         <kind>object</kind>
         <file>startup_msp432p401r_ccs.obj</file>
         <name>startup_msp432p401r_ccs.obj</name>
      </input_file>
      <input_file id="fl-13">
         <kind>object</kind>
         <file>&lt;internal&gt;</file>
         <name>&lt;internal&gt;</name>
      </input_file>
      <input_file id="fl-14">
         <path>/home/sama/ti/simplelink_msp432p4_sdk_2_10_00_14/source/ti/devices/msp432p4xx/driverlib/ccs/</path>
         <kind>archive</kind>
         <file>msp432p4xx_driverlib.lib</file>
         <name>gpio_MSP432P4XX.obj</name>
      </input_file>
      <input_file id="fl-15">
         <path>/home/sama/ti/simplelink_msp432p4_sdk_2_10_00_14/source/ti/devices/msp432p4xx/driverlib/ccs/</path>
         <kind>archive</kind>
         <file>msp432p4xx_driverlib.lib</file>
         <name>i2c_MSP432P4XX.obj</name>
      </input_file>
      <input_file id="fl-16">
         <path>/home/sama/ti/simplelink_msp432p4_sdk_2_10_00_14/source/ti/devices/msp432p4xx/driverlib/ccs/</path>
         <kind>archive</kind>
         <file>msp432p4xx_driverlib.lib</file>
         <name>interrupt_MSP432P4XX.obj</name>
      </input_file>
      <input_file id="fl-17">
         <path>/home/sama/ti/simplelink_msp432p4_sdk_2_10_00_14/source/ti/devices/msp432p4xx/driverlib/ccs/</path>
         <kind>archive</kind>
         <file>msp432p4xx_driverlib.lib</file>
         <name>spi_MSP432P4XX.obj</name>
      </input_file>
      <input_file id="fl-18">
         <path>/home/sama/ti/simplelink_msp432p4_sdk_2_10_00_14/source/ti/devices/msp432p4xx/driverlib/ccs/</path>
         <kind>archive</kind>
         <file>msp432p4xx_driverlib.lib</file>
         <name>cpu_MSP432P4XX.obj</name>
      </input_file>
      <input_file id="fl-ce">
         <path>/home/sama/ti/ccsv7/tools/compiler/ti-cgt-arm_16.9.6.LTS/lib/</path>
         <kind>archive</kind>
         <file>rtsv7M4_T_le_v4SPD16_eabi.lib</file>
         <name>boot.obj</name>
      </input_file>
      <input_file id="fl-cf">
         <path>/home/sama/ti/ccsv7/tools/compiler/ti-cgt-arm_16.9.6.LTS/lib/</path>
         <kind>archive</kind>
         <file>rtsv7M4_T_le_v4SPD16_eabi.lib</file>
         <name>copy_decompress_lzss.obj</name>
      </input_file>
      <input_file id="fl-d0">
         <path>/home/sama/ti/ccsv7/tools/compiler/ti-cgt-arm_16.9.6.LTS/lib/</path>
         <kind>archive</kind>
         <file>rtsv7M4_T_le_v4SPD16_eabi.lib</file>
         <name>copy_decompress_none.obj</name>
      </input_file>
      <input_file id="fl-d1">
         <path>/home/sama/ti/ccsv7/tools/compiler/ti-cgt-arm_16.9.6.LTS/lib/</path>
         <kind>archive</kind>
         <file>rtsv7M4_T_le_v4SPD16_eabi.lib</file>
         <name>copy_zero_init.obj</name>
      </input_file>
      <input_file id="fl-d2">
         <path>/home/sama/ti/ccsv7/tools/compiler/ti-cgt-arm_16.9.6.LTS/lib/</path>
         <kind>archive</kind>
         <file>rtsv7M4_T_le_v4SPD16_eabi.lib</file>
         <name>exit.obj</name>
      </input_file>
      <input_file id="fl-d3">
         <path>/home/sama/ti/ccsv7/tools/compiler/ti-cgt-arm_16.9.6.LTS/lib/</path>
         <kind>archive</kind>
         <file>rtsv7M4_T_le_v4SPD16_eabi.lib</file>
         <name>fd_add_t2.obj</name>
      </input_file>
      <input_file id="fl-d4">
         <path>/home/sama/ti/ccsv7/tools/compiler/ti-cgt-arm_16.9.6.LTS/lib/</path>
         <kind>archive</kind>
         <file>rtsv7M4_T_le_v4SPD16_eabi.lib</file>
         <name>fd_cmp_t2.obj</name>
      </input_file>
      <input_file id="fl-d5">
         <path>/home/sama/ti/ccsv7/tools/compiler/ti-cgt-arm_16.9.6.LTS/lib/</path>
         <kind>archive</kind>
         <file>rtsv7M4_T_le_v4SPD16_eabi.lib</file>
         <name>fd_mul_t2.obj</name>
      </input_file>
      <input_file id="fl-d6">
         <path>/home/sama/ti/ccsv7/tools/compiler/ti-cgt-arm_16.9.6.LTS/lib/</path>
         <kind>archive</kind>
         <file>rtsv7M4_T_le_v4SPD16_eabi.lib</file>
         <name>memcpy_t2.obj</name>
      </input_file>
      <input_file id="fl-d7">
         <path>/home/sama/ti/ccsv7/tools/compiler/ti-cgt-arm_16.9.6.LTS/lib/</path>
         <kind>archive</kind>
         <file>rtsv7M4_T_le_v4SPD16_eabi.lib</file>
         <name>memset_t2.obj</name>
      </input_file>
      <input_file id="fl-d8">
         <path>/home/sama/ti/ccsv7/tools/compiler/ti-cgt-arm_16.9.6.LTS/lib/</path>
         <kind>archive</kind>
         <file>rtsv7M4_T_le_v4SPD16_eabi.lib</file>
         <name>mpu_init.obj</name>
      </input_file>
      <input_file id="fl-d9">
         <path>/home/sama/ti/ccsv7/tools/compiler/ti-cgt-arm_16.9.6.LTS/lib/</path>
         <kind>archive</kind>
         <file>rtsv7M4_T_le_v4SPD16_eabi.lib</file>
         <name>pre_init.obj</name>
      </input_file>
      <input_file id="fl-da">
         <path>/home/sama/ti/ccsv7/tools/compiler/ti-cgt-arm_16.9.6.LTS/lib/</path>
         <kind>archive</kind>
         <file>rtsv7M4_T_le_v4SPD16_eabi.lib</file>
         <name>stkdepth_vars.obj</name>
      </input_file>
      <input_file id="fl-db">
         <path>/home/sama/ti/ccsv7/tools/compiler/ti-cgt-arm_16.9.6.LTS/lib/</path>
         <kind>archive</kind>
         <file>rtsv7M4_T_le_v4SPD16_eabi.lib</file>
         <name>u_tofd_t2.obj</name>
      </input_file>
      <input_file id="fl-dc">
         <path>/home/sama/ti/ccsv7/tools/compiler/ti-cgt-arm_16.9.6.LTS/lib/</path>
         <kind>archive</kind>
         <file>rtsv7M4_T_le_v4SPD16_eabi.lib</file>
         <name>_lock.obj</name>
      </input_file>
      <input_file id="fl-dd">
         <path>/home/sama/ti/ccsv7/tools/compiler/ti-cgt-arm_16.9.6.LTS/lib/</path>
         <kind>archive</kind>
         <file>rtsv7M4_T_le_v4SPD16_eabi.lib</file>
         <name>args_main.obj</name>
      </input_file>
      <input_file id="fl-de">
         <path>/home/sama/ti/ccsv7/tools/compiler/ti-cgt-arm_16.9.6.LTS/lib/</path>
         <kind>archive</kind>
         <file>rtsv7M4_T_le_v4SPD16_eabi.lib</file>
         <name>autoinit.obj</name>
      </input_file>
      <input_file id="fl-df">
         <path>/home/sama/ti/ccsv7/tools/compiler/ti-cgt-arm_16.9.6.LTS/lib/</path>
         <kind>archive</kind>
         <file>rtsv7M4_T_le_v4SPD16_eabi.lib</file>
         <name>cpy_tbl.obj</name>
      </input_file>
      <input_file id="fl-e0">
         <path>/home/sama/ti/ccsv7/tools/compiler/ti-cgt-arm_16.9.6.LTS/lib/</path>
         <kind>archive</kind>
         <file>rtsv7M4_T_le_v4SPD16_eabi.lib</file>
         <name>startup.obj</name>
      </input_file>
   </input_file_list>
   <object_component_list>
      <object_component id="oc-2c">
         <name>.intvecs:retain</name>
         <load_address>0x0</load_address>
         <run_address>0x0</run_address>
         <size>0xe4</size>
         <input_file_ref idref="fl-9"/>
      </object_component>
      <object_component id="oc-81">
         <name>.text:ADC14_IRQHandler</name>
         <load_address>0xe4</load_address>
         <run_address>0xe4</run_address>
         <size>0x34c</size>
         <input_file_ref idref="fl-5"/>
      </object_component>
      <object_component id="oc-e7">
         <name>.text</name>
         <load_address>0x430</load_address>
         <run_address>0x430</run_address>
         <size>0x1b6</size>
         <input_file_ref idref="fl-d3"/>
      </object_component>
      <object_component id="oc-e2">
         <name>.text</name>
         <load_address>0x5e6</load_address>
         <run_address>0x5e6</run_address>
         <size>0xfc</size>
         <input_file_ref idref="fl-d5"/>
      </object_component>
      <object_component id="oc-7b">
         <name>.text:Default_Handler</name>
         <load_address>0x6e2</load_address>
         <run_address>0x6e2</run_address>
         <size>0x2</size>
         <input_file_ref idref="fl-9"/>
      </object_component>
      <object_component id="oc-108">
         <name>.text:OPT3001_getLux</name>
         <load_address>0x6e4</load_address>
         <run_address>0x6e4</run_address>
         <size>0xd8</size>
         <input_file_ref idref="fl-3"/>
      </object_component>
      <object_component id="oc-8d">
         <name>.text:T32_INT2_IRQHandler</name>
         <load_address>0x7bc</load_address>
         <run_address>0x7bc</run_address>
         <size>0xd4</size>
         <input_file_ref idref="fl-5"/>
      </object_component>
      <object_component id="oc-3b">
         <name>.text</name>
         <load_address>0x890</load_address>
         <run_address>0x890</run_address>
         <size>0x9c</size>
         <input_file_ref idref="fl-d6"/>
      </object_component>
      <object_component id="oc-19c">
         <name>.text:I2C_read16</name>
         <load_address>0x92c</load_address>
         <run_address>0x92c</run_address>
         <size>0x8c</size>
         <input_file_ref idref="fl-2"/>
      </object_component>
      <object_component id="oc-ec">
         <name>.text:__aeabi_cdrcmple</name>
         <load_address>0x9b8</load_address>
         <run_address>0x9b8</run_address>
         <size>0x86</size>
         <input_file_ref idref="fl-d4"/>
      </object_component>
      <object_component id="oc-47">
         <name>.text</name>
         <load_address>0xa3e</load_address>
         <run_address>0xa3e</run_address>
         <size>0x7a</size>
         <input_file_ref idref="fl-d7"/>
      </object_component>
      <object_component id="oc-d5">
         <name>.text:SystemInit</name>
         <load_address>0xab8</load_address>
         <run_address>0xab8</run_address>
         <size>0x78</size>
         <input_file_ref idref="fl-6"/>
      </object_component>
      <object_component id="oc-5f">
         <name>.text</name>
         <load_address>0xb30</load_address>
         <run_address>0xb30</run_address>
         <size>0x70</size>
         <input_file_ref idref="fl-de"/>
      </object_component>
      <object_component id="oc-139">
         <name>.text:_Z11ButtonSetupv</name>
         <load_address>0xba0</load_address>
         <run_address>0xba0</run_address>
         <size>0x6c</size>
         <input_file_ref idref="fl-4"/>
      </object_component>
      <object_component id="oc-14">
         <name>.text:decompress:lzss</name>
         <load_address>0xc0c</load_address>
         <run_address>0xc0c</run_address>
         <size>0x68</size>
         <input_file_ref idref="fl-cf"/>
      </object_component>
      <object_component id="oc-87">
         <name>.text:T32_INT1_IRQHandler</name>
         <load_address>0xc74</load_address>
         <run_address>0xc74</run_address>
         <size>0x60</size>
         <input_file_ref idref="fl-5"/>
      </object_component>
      <object_component id="oc-24e">
         <name>.text:I2C_masterSendMultiByteFinish</name>
         <load_address>0xcd4</load_address>
         <run_address>0xcd4</run_address>
         <size>0x54</size>
         <input_file_ref idref="fl-15"/>
      </object_component>
      <object_component id="oc-26">
         <name>.text</name>
         <load_address>0xd28</load_address>
         <run_address>0xd28</run_address>
         <size>0x54</size>
         <input_file_ref idref="fl-ce"/>
      </object_component>
      <object_component id="oc-6b">
         <name>.text</name>
         <load_address>0xd7c</load_address>
         <run_address>0xd7c</run_address>
         <size>0x54</size>
         <input_file_ref idref="fl-d2"/>
      </object_component>
      <object_component id="oc-172">
         <name>.text:GPIO_setAsPeripheralModuleFunctionOutputPin</name>
         <load_address>0xdd0</load_address>
         <run_address>0xdd0</run_address>
         <size>0x4c</size>
         <input_file_ref idref="fl-14"/>
      </object_component>
      <object_component id="oc-b4">
         <name>.text</name>
         <load_address>0xe1c</load_address>
         <run_address>0xe1c</run_address>
         <size>0x4c</size>
         <input_file_ref idref="fl-df"/>
      </object_component>
      <object_component id="oc-195">
         <name>.text:I2C_write16</name>
         <load_address>0xe68</load_address>
         <run_address>0xe68</run_address>
         <size>0x48</size>
         <input_file_ref idref="fl-2"/>
      </object_component>
      <object_component id="oc-1ff">
         <name>.text:_Z18__NVIC_SetPriority4IRQnj</name>
         <load_address>0xeb0</load_address>
         <run_address>0xeb0</run_address>
         <size>0x48</size>
         <input_file_ref idref="fl-4"/>
      </object_component>
      <object_component id="oc-242">
         <name>.text:I2C_masterSendMultiByteStart</name>
         <load_address>0xef8</load_address>
         <run_address>0xef8</run_address>
         <size>0x40</size>
         <input_file_ref idref="fl-15"/>
      </object_component>
      <object_component id="oc-145">
         <name>.text:_Z8AdcSetupv</name>
         <load_address>0xf38</load_address>
         <run_address>0xf38</run_address>
         <size>0x40</size>
         <input_file_ref idref="fl-4"/>
      </object_component>
      <object_component id="oc-c2">
         <name>.text:main</name>
         <load_address>0xf78</load_address>
         <run_address>0xf78</run_address>
         <size>0x40</size>
         <input_file_ref idref="fl-5"/>
      </object_component>
      <object_component id="oc-179">
         <name>.text:I2C_initMaster</name>
         <load_address>0xfb8</load_address>
         <run_address>0xfb8</run_address>
         <size>0x3e</size>
         <input_file_ref idref="fl-15"/>
      </object_component>
      <object_component id="oc-53">
         <name>.text</name>
         <load_address>0xff6</load_address>
         <run_address>0xff6</run_address>
         <size>0x2</size>
         <input_file_ref idref="fl-d8"/>
      </object_component>
      <object_component id="oc-26d">
         <name>.text:I2C_masterReceiveMultiByteFinish</name>
         <load_address>0xff8</load_address>
         <run_address>0xff8</run_address>
         <size>0x30</size>
         <input_file_ref idref="fl-15"/>
      </object_component>
      <object_component id="oc-25b">
         <name>.text:I2C_masterSendMultiByteStop</name>
         <load_address>0x1028</load_address>
         <run_address>0x1028</run_address>
         <size>0x30</size>
         <input_file_ref idref="fl-15"/>
      </object_component>
      <object_component id="oc-205">
         <name>.text:_Z16__NVIC_EnableIRQ4IRQn</name>
         <load_address>0x1058</load_address>
         <run_address>0x1058</run_address>
         <size>0x30</size>
         <input_file_ref idref="fl-4"/>
      </object_component>
      <object_component id="oc-12d">
         <name>.text:_Z13Timer321Setupv</name>
         <load_address>0x1088</load_address>
         <run_address>0x1088</run_address>
         <size>0x28</size>
         <input_file_ref idref="fl-4"/>
      </object_component>
      <object_component id="oc-133">
         <name>.text:_Z13Timer322Setupv</name>
         <load_address>0x10b0</load_address>
         <run_address>0x10b0</run_address>
         <size>0x28</size>
         <input_file_ref idref="fl-4"/>
      </object_component>
      <object_component id="oc-1f8">
         <name>.text:_Z7DelayMsv</name>
         <load_address>0x10d8</load_address>
         <run_address>0x10d8</run_address>
         <size>0x26</size>
         <input_file_ref idref="fl-4"/>
      </object_component>
      <object_component id="oc-ba">
         <name>.text</name>
         <load_address>0x10fe</load_address>
         <run_address>0x10fe</run_address>
         <size>0x2</size>
         <input_file_ref idref="fl-e0"/>
      </object_component>
      <object_component id="oc-248">
         <name>.text:I2C_masterSendMultiByteNext</name>
         <load_address>0x1100</load_address>
         <run_address>0x1100</run_address>
         <size>0x24</size>
         <input_file_ref idref="fl-15"/>
      </object_component>
      <object_component id="oc-93">
         <name>.text:PORT4_IRQHandler</name>
         <load_address>0x1124</load_address>
         <run_address>0x1124</run_address>
         <size>0x24</size>
         <input_file_ref idref="fl-5"/>
      </object_component>
      <object_component id="oc-13f">
         <name>.text:_Z15MicrophoneSetupv</name>
         <load_address>0x1148</load_address>
         <run_address>0x1148</run_address>
         <size>0x24</size>
         <input_file_ref idref="fl-4"/>
      </object_component>
      <object_component id="oc-fc">
         <name>.text:I2C_init</name>
         <load_address>0x116c</load_address>
         <run_address>0x116c</run_address>
         <size>0x20</size>
         <input_file_ref idref="fl-2"/>
      </object_component>
      <object_component id="oc-dd">
         <name>.text</name>
         <load_address>0x118c</load_address>
         <run_address>0x118c</run_address>
         <size>0x20</size>
         <input_file_ref idref="fl-db"/>
      </object_component>
      <object_component id="oc-18f">
         <name>.text:I2C_setslave</name>
         <load_address>0x11ac</load_address>
         <run_address>0x11ac</run_address>
         <size>0x1c</size>
         <input_file_ref idref="fl-2"/>
      </object_component>
      <object_component id="oc-1f2">
         <name>.text:_Z8OnOffLedv</name>
         <load_address>0x11c8</load_address>
         <run_address>0x11c8</run_address>
         <size>0x1c</size>
         <input_file_ref idref="fl-5"/>
      </object_component>
      <object_component id="oc-f6">
         <name>.text:Init_I2C_GPIO</name>
         <load_address>0x11e4</load_address>
         <run_address>0x11e4</run_address>
         <size>0x18</size>
         <input_file_ref idref="fl-2"/>
      </object_component>
      <object_component id="oc-127">
         <name>.text:_Z10BlinkSetUpv</name>
         <load_address>0x11fc</load_address>
         <run_address>0x11fc</run_address>
         <size>0x18</size>
         <input_file_ref idref="fl-4"/>
      </object_component>
      <object_component id="oc-65">
         <name>.text</name>
         <load_address>0x1214</load_address>
         <run_address>0x1214</run_address>
         <size>0x18</size>
         <input_file_ref idref="fl-dd"/>
      </object_component>
      <object_component id="oc-23c">
         <name>.text:I2C_isBusBusy</name>
         <load_address>0x122c</load_address>
         <run_address>0x122c</run_address>
         <size>0x14</size>
         <input_file_ref idref="fl-15"/>
      </object_component>
      <object_component id="oc-102">
         <name>.text:OPT3001_init</name>
         <load_address>0x1240</load_address>
         <run_address>0x1240</run_address>
         <size>0x14</size>
         <input_file_ref idref="fl-3"/>
      </object_component>
      <object_component id="oc-15a">
         <name>.text</name>
         <load_address>0x1254</load_address>
         <run_address>0x1254</run_address>
         <size>0x14</size>
         <input_file_ref idref="fl-dc"/>
      </object_component>
      <object_component id="oc-261">
         <name>.text:I2C_masterReceiveStart</name>
         <load_address>0x1268</load_address>
         <run_address>0x1268</run_address>
         <size>0x10</size>
         <input_file_ref idref="fl-15"/>
      </object_component>
      <object_component id="oc-22f">
         <name>.text:I2C_clearInterruptFlag</name>
         <load_address>0x1278</load_address>
         <run_address>0x1278</run_address>
         <size>0xe</size>
         <input_file_ref idref="fl-15"/>
      </object_component>
      <object_component id="oc-236">
         <name>.text:I2C_setMode</name>
         <load_address>0x1286</load_address>
         <run_address>0x1286</run_address>
         <size>0xe</size>
         <input_file_ref idref="fl-15"/>
      </object_component>
      <object_component id="oc-1a">
         <name>.text:decompress:none</name>
         <load_address>0x1294</load_address>
         <run_address>0x1294</run_address>
         <size>0xe</size>
         <input_file_ref idref="fl-d0"/>
      </object_component>
      <object_component id="oc-17f">
         <name>.text:I2C_disableModule</name>
         <load_address>0x12a2</load_address>
         <run_address>0x12a2</run_address>
         <size>0xc</size>
         <input_file_ref idref="fl-15"/>
      </object_component>
      <object_component id="oc-185">
         <name>.text:I2C_enableModule</name>
         <load_address>0x12ae</load_address>
         <run_address>0x12ae</run_address>
         <size>0xc</size>
         <input_file_ref idref="fl-15"/>
      </object_component>
      <object_component id="oc-75">
         <name>.text:Reset_Handler</name>
         <load_address>0x12ba</load_address>
         <run_address>0x12ba</run_address>
         <size>0xc</size>
         <input_file_ref idref="fl-9"/>
      </object_component>
      <object_component id="oc-20">
         <name>.text:decompress:ZI</name>
         <load_address>0x12c6</load_address>
         <run_address>0x12c6</run_address>
         <size>0xc</size>
         <input_file_ref idref="fl-d1"/>
      </object_component>
      <object_component id="oc-255">
         <name>.text:I2C_getInterruptStatus</name>
         <load_address>0x12d2</load_address>
         <run_address>0x12d2</run_address>
         <size>0x6</size>
         <input_file_ref idref="fl-15"/>
      </object_component>
      <object_component id="oc-267">
         <name>.text:I2C_masterReceiveMultiByteNext</name>
         <load_address>0x12d8</load_address>
         <run_address>0x12d8</run_address>
         <size>0x6</size>
         <input_file_ref idref="fl-15"/>
      </object_component>
      <object_component id="oc-229">
         <name>.text:I2C_setSlaveAddress</name>
         <load_address>0x12de</load_address>
         <run_address>0x12de</run_address>
         <size>0x4</size>
         <input_file_ref idref="fl-15"/>
      </object_component>
      <object_component id="oc-59">
         <name>.text</name>
         <load_address>0x12e2</load_address>
         <run_address>0x12e2</run_address>
         <size>0x4</size>
         <input_file_ref idref="fl-d9"/>
      </object_component>
      <object_component id="oc-213">
         <name>.const:GPIO_PORT_TO_BASE</name>
         <load_address>0x12e8</load_address>
         <run_address>0x12e8</run_address>
         <size>0x30</size>
         <input_file_ref idref="fl-14"/>
      </object_component>
      <object_component id="oc-18b">
         <name>.const:i2cConfig</name>
         <load_address>0x1318</load_address>
         <run_address>0x1318</run_address>
         <size>0x14</size>
         <input_file_ref idref="fl-2"/>
      </object_component>
      <object_component id="oc-2df">
         <name>.cinit..data.load</name>
         <load_address>0x1330</load_address>
         <run_address>0x1330</run_address>
         <size>0x1f</size>
      </object_component>
      <object_component id="oc-2dd">
         <name>__TI_handler_table</name>
         <load_address>0x1350</load_address>
         <run_address>0x1350</run_address>
         <size>0xc</size>
      </object_component>
      <object_component id="oc-2e0">
         <name>.cinit..bss.load</name>
         <load_address>0x1360</load_address>
         <run_address>0x1360</run_address>
         <size>0x8</size>
      </object_component>
      <object_component id="oc-2de">
         <name>__TI_cinit_table</name>
         <load_address>0x1368</load_address>
         <run_address>0x1368</run_address>
         <size>0x10</size>
      </object_component>
      <object_component id="oc-2ba">
         <name>.binit</name>
         <load_address>0x0</load_address>
         <run_address>0x0</run_address>
         <size>0x0</size>
      </object_component>
      <object_component id="oc-f1">
         <name>.data</name>
         <load_address>0x20000000</load_address>
         <run_address>0x20000000</run_address>
         <size>0x2c</size>
         <input_file_ref idref="fl-5"/>
      </object_component>
      <object_component id="oc-ca">
         <name>.data:$O1$$</name>
         <load_address>0x2000002c</load_address>
         <run_address>0x2000002c</run_address>
         <size>0xc</size>
         <input_file_ref idref="fl-d2"/>
      </object_component>
      <object_component id="oc-71">
         <name>.data</name>
         <load_address>0x20000040</load_address>
         <run_address>0x20000040</run_address>
         <size>0x4</size>
         <input_file_ref idref="fl-da"/>
      </object_component>
      <object_component id="oc-cd">
         <name>.data:$O1$$</name>
         <load_address>0x20000038</load_address>
         <run_address>0x20000038</run_address>
         <size>0x8</size>
         <input_file_ref idref="fl-dc"/>
      </object_component>
      <object_component id="oc-10e">
         <name>.common:g_fLux</name>
         <uninitialized>true</uninitialized>
         <run_address>0x20000044</run_address>
         <size>0x4</size>
      </object_component>
      <object_component id="oc-2f">
         <name>.stack</name>
         <uninitialized>true</uninitialized>
         <run_address>0x2000fe00</run_address>
         <size>0x0</size>
         <input_file_ref idref="fl-ce"/>
      </object_component>
      <object_component id="oc-2e1">
         <name>.stack</name>
         <uninitialized>true</uninitialized>
         <run_address>0x2000fe00</run_address>
         <size>0x0</size>
      </object_component>
      <object_component id="oc-228">
         <name>.debug_info</name>
         <load_address>0x0</load_address>
         <run_address>0x0</run_address>
         <size>0x9d6</size>
         <input_file_ref idref="fl-2"/>
      </object_component>
      <object_component id="oc-18c">
         <name>.debug_info</name>
         <load_address>0x9d6</load_address>
         <run_address>0x9d6</run_address>
         <size>0x11c</size>
         <input_file_ref idref="fl-2"/>
      </object_component>
      <object_component id="oc-f7">
         <name>.debug_info</name>
         <load_address>0xaf2</load_address>
         <run_address>0xaf2</run_address>
         <size>0x1b8</size>
         <input_file_ref idref="fl-2"/>
      </object_component>
      <object_component id="oc-fd">
         <name>.debug_info</name>
         <load_address>0xcaa</load_address>
         <run_address>0xcaa</run_address>
         <size>0x18e</size>
         <input_file_ref idref="fl-2"/>
      </object_component>
      <object_component id="oc-19d">
         <name>.debug_info</name>
         <load_address>0xe38</load_address>
         <run_address>0xe38</run_address>
         <size>0x2ff</size>
         <input_file_ref idref="fl-2"/>
      </object_component>
      <object_component id="oc-196">
         <name>.debug_info</name>
         <load_address>0x1137</load_address>
         <run_address>0x1137</run_address>
         <size>0x262</size>
         <input_file_ref idref="fl-2"/>
      </object_component>
      <object_component id="oc-190">
         <name>.debug_info</name>
         <load_address>0x1399</load_address>
         <run_address>0x1399</run_address>
         <size>0x1bc</size>
         <input_file_ref idref="fl-2"/>
      </object_component>
      <object_component id="oc-29b">
         <name>.debug_info</name>
         <load_address>0x1555</load_address>
         <run_address>0x1555</run_address>
         <size>0x9a</size>
         <input_file_ref idref="fl-2"/>
      </object_component>
      <object_component id="oc-2a5">
         <name>.debug_info</name>
         <load_address>0x15ef</load_address>
         <run_address>0x15ef</run_address>
         <size>0x1055</size>
         <input_file_ref idref="fl-2"/>
      </object_component>
      <object_component id="oc-2a0">
         <name>.debug_info</name>
         <load_address>0x2644</load_address>
         <run_address>0x2644</run_address>
         <size>0x37e2</size>
         <input_file_ref idref="fl-2"/>
      </object_component>
      <object_component id="oc-14c">
         <name>.debug_info</name>
         <load_address>0x5e26</load_address>
         <run_address>0x5e26</run_address>
         <size>0x8b</size>
         <input_file_ref idref="fl-2"/>
      </object_component>
      <object_component id="oc-1a3">
         <name>.debug_info</name>
         <load_address>0x5eb1</load_address>
         <run_address>0x5eb1</run_address>
         <size>0x18b</size>
         <input_file_ref idref="fl-2"/>
      </object_component>
      <object_component id="oc-103">
         <name>.debug_info</name>
         <load_address>0x603c</load_address>
         <run_address>0x603c</run_address>
         <size>0x183</size>
         <input_file_ref idref="fl-3"/>
      </object_component>
      <object_component id="oc-109">
         <name>.debug_info</name>
         <load_address>0x61bf</load_address>
         <run_address>0x61bf</run_address>
         <size>0x1ca</size>
         <input_file_ref idref="fl-3"/>
      </object_component>
      <object_component id="oc-36">
         <name>.debug_info</name>
         <load_address>0x6389</load_address>
         <run_address>0x6389</run_address>
         <size>0x84</size>
         <input_file_ref idref="fl-3"/>
      </object_component>
      <object_component id="oc-274">
         <name>.debug_info</name>
         <load_address>0x640d</load_address>
         <run_address>0x640d</run_address>
         <size>0x11b3</size>
         <input_file_ref idref="fl-4"/>
      </object_component>
      <object_component id="oc-206">
         <name>.debug_info</name>
         <load_address>0x75c0</load_address>
         <run_address>0x75c0</run_address>
         <size>0x22c</size>
         <input_file_ref idref="fl-4"/>
      </object_component>
      <object_component id="oc-200">
         <name>.debug_info</name>
         <load_address>0x77ec</load_address>
         <run_address>0x77ec</run_address>
         <size>0x264</size>
         <input_file_ref idref="fl-4"/>
      </object_component>
      <object_component id="oc-13a">
         <name>.debug_info</name>
         <load_address>0x7a50</load_address>
         <run_address>0x7a50</run_address>
         <size>0x1a4</size>
         <input_file_ref idref="fl-4"/>
      </object_component>
      <object_component id="oc-140">
         <name>.debug_info</name>
         <load_address>0x7bf4</load_address>
         <run_address>0x7bf4</run_address>
         <size>0x169</size>
         <input_file_ref idref="fl-4"/>
      </object_component>
      <object_component id="oc-146">
         <name>.debug_info</name>
         <load_address>0x7d5d</load_address>
         <run_address>0x7d5d</run_address>
         <size>0x19d</size>
         <input_file_ref idref="fl-4"/>
      </object_component>
      <object_component id="oc-12e">
         <name>.debug_info</name>
         <load_address>0x7efa</load_address>
         <run_address>0x7efa</run_address>
         <size>0x1a8</size>
         <input_file_ref idref="fl-4"/>
      </object_component>
      <object_component id="oc-134">
         <name>.debug_info</name>
         <load_address>0x80a2</load_address>
         <run_address>0x80a2</run_address>
         <size>0x1a8</size>
         <input_file_ref idref="fl-4"/>
      </object_component>
      <object_component id="oc-1f9">
         <name>.debug_info</name>
         <load_address>0x824a</load_address>
         <run_address>0x824a</run_address>
         <size>0x176</size>
         <input_file_ref idref="fl-4"/>
      </object_component>
      <object_component id="oc-128">
         <name>.debug_info</name>
         <load_address>0x83c0</load_address>
         <run_address>0x83c0</run_address>
         <size>0x1bc</size>
         <input_file_ref idref="fl-4"/>
      </object_component>
      <object_component id="oc-1aa">
         <name>.debug_info</name>
         <load_address>0x857c</load_address>
         <run_address>0x857c</run_address>
         <size>0x1268</size>
         <input_file_ref idref="fl-4"/>
      </object_component>
      <object_component id="oc-1af">
         <name>.debug_info</name>
         <load_address>0x97e4</load_address>
         <run_address>0x97e4</run_address>
         <size>0x3fa4</size>
         <input_file_ref idref="fl-4"/>
      </object_component>
      <object_component id="oc-1be">
         <name>.debug_info</name>
         <load_address>0xd788</load_address>
         <run_address>0xd788</run_address>
         <size>0x5a</size>
         <input_file_ref idref="fl-4"/>
      </object_component>
      <object_component id="oc-16d">
         <name>.debug_info</name>
         <load_address>0xd7e2</load_address>
         <run_address>0xd7e2</run_address>
         <size>0x18b</size>
         <input_file_ref idref="fl-4"/>
      </object_component>
      <object_component id="oc-10f">
         <name>.debug_info</name>
         <load_address>0xd96d</load_address>
         <run_address>0xd96d</run_address>
         <size>0x17d0</size>
         <input_file_ref idref="fl-5"/>
      </object_component>
      <object_component id="oc-f2">
         <name>.debug_info</name>
         <load_address>0xf13d</load_address>
         <run_address>0xf13d</run_address>
         <size>0x475</size>
         <input_file_ref idref="fl-5"/>
      </object_component>
      <object_component id="oc-1f3">
         <name>.debug_info</name>
         <load_address>0xf5b2</load_address>
         <run_address>0xf5b2</run_address>
         <size>0x15d</size>
         <input_file_ref idref="fl-5"/>
      </object_component>
      <object_component id="oc-88">
         <name>.debug_info</name>
         <load_address>0xf70f</load_address>
         <run_address>0xf70f</run_address>
         <size>0x15d</size>
         <input_file_ref idref="fl-5"/>
      </object_component>
      <object_component id="oc-8e">
         <name>.debug_info</name>
         <load_address>0xf86c</load_address>
         <run_address>0xf86c</run_address>
         <size>0x1a8</size>
         <input_file_ref idref="fl-5"/>
      </object_component>
      <object_component id="oc-94">
         <name>.debug_info</name>
         <load_address>0xfa14</load_address>
         <run_address>0xfa14</run_address>
         <size>0x157</size>
         <input_file_ref idref="fl-5"/>
      </object_component>
      <object_component id="oc-82">
         <name>.debug_info</name>
         <load_address>0xfb6b</load_address>
         <run_address>0xfb6b</run_address>
         <size>0x3a5</size>
         <input_file_ref idref="fl-5"/>
      </object_component>
      <object_component id="oc-c3">
         <name>.debug_info</name>
         <load_address>0xff10</load_address>
         <run_address>0xff10</run_address>
         <size>0x1cb</size>
         <input_file_ref idref="fl-5"/>
      </object_component>
      <object_component id="oc-1b4">
         <name>.debug_info</name>
         <load_address>0x100db</load_address>
         <run_address>0x100db</run_address>
         <size>0x4e8</size>
         <input_file_ref idref="fl-5"/>
      </object_component>
      <object_component id="oc-1b9">
         <name>.debug_info</name>
         <load_address>0x105c3</load_address>
         <run_address>0x105c3</run_address>
         <size>0x1ef</size>
         <input_file_ref idref="fl-5"/>
      </object_component>
      <object_component id="oc-1c3">
         <name>.debug_info</name>
         <load_address>0x107b2</load_address>
         <run_address>0x107b2</run_address>
         <size>0xb7</size>
         <input_file_ref idref="fl-5"/>
      </object_component>
      <object_component id="oc-1c8">
         <name>.debug_info</name>
         <load_address>0x10869</load_address>
         <run_address>0x10869</run_address>
         <size>0xa3</size>
         <input_file_ref idref="fl-5"/>
      </object_component>
      <object_component id="oc-1cd">
         <name>.debug_info</name>
         <load_address>0x1090c</load_address>
         <run_address>0x1090c</run_address>
         <size>0xdf</size>
         <input_file_ref idref="fl-5"/>
      </object_component>
      <object_component id="oc-1d2">
         <name>.debug_info</name>
         <load_address>0x109eb</load_address>
         <run_address>0x109eb</run_address>
         <size>0x3d7</size>
         <input_file_ref idref="fl-5"/>
      </object_component>
      <object_component id="oc-1d7">
         <name>.debug_info</name>
         <load_address>0x10dc2</load_address>
         <run_address>0x10dc2</run_address>
         <size>0x163</size>
         <input_file_ref idref="fl-5"/>
      </object_component>
      <object_component id="oc-1dc">
         <name>.debug_info</name>
         <load_address>0x10f25</load_address>
         <run_address>0x10f25</run_address>
         <size>0x107</size>
         <input_file_ref idref="fl-5"/>
      </object_component>
      <object_component id="oc-1e1">
         <name>.debug_info</name>
         <load_address>0x1102c</load_address>
         <run_address>0x1102c</run_address>
         <size>0xb7</size>
         <input_file_ref idref="fl-5"/>
      </object_component>
      <object_component id="oc-d6">
         <name>.debug_info</name>
         <load_address>0x110e3</load_address>
         <run_address>0x110e3</run_address>
         <size>0x172</size>
         <input_file_ref idref="fl-6"/>
      </object_component>
      <object_component id="oc-9b">
         <name>.debug_info</name>
         <load_address>0x11255</load_address>
         <run_address>0x11255</run_address>
         <size>0x300</size>
         <input_file_ref idref="fl-9"/>
      </object_component>
      <object_component id="oc-2d">
         <name>.debug_info</name>
         <load_address>0x11555</load_address>
         <run_address>0x11555</run_address>
         <size>0x13e</size>
         <input_file_ref idref="fl-9"/>
      </object_component>
      <object_component id="oc-76">
         <name>.debug_info</name>
         <load_address>0x11693</load_address>
         <run_address>0x11693</run_address>
         <size>0x1a1</size>
         <input_file_ref idref="fl-9"/>
      </object_component>
      <object_component id="oc-7c">
         <name>.debug_info</name>
         <load_address>0x11834</load_address>
         <run_address>0x11834</run_address>
         <size>0x189</size>
         <input_file_ref idref="fl-9"/>
      </object_component>
      <object_component id="oc-21c">
         <name>.debug_info</name>
         <load_address>0x119bd</load_address>
         <run_address>0x119bd</run_address>
         <size>0x707</size>
         <input_file_ref idref="fl-14"/>
      </object_component>
      <object_component id="oc-214">
         <name>.debug_info</name>
         <load_address>0x120c4</load_address>
         <run_address>0x120c4</run_address>
         <size>0x131</size>
         <input_file_ref idref="fl-14"/>
      </object_component>
      <object_component id="oc-173">
         <name>.debug_info</name>
         <load_address>0x121f5</load_address>
         <run_address>0x121f5</run_address>
         <size>0x28c</size>
         <input_file_ref idref="fl-14"/>
      </object_component>
      <object_component id="oc-28d">
         <name>.debug_info</name>
         <load_address>0x12481</load_address>
         <run_address>0x12481</run_address>
         <size>0x26b</size>
         <input_file_ref idref="fl-14"/>
      </object_component>
      <object_component id="oc-288">
         <name>.debug_info</name>
         <load_address>0x126ec</load_address>
         <run_address>0x126ec</run_address>
         <size>0x1055</size>
         <input_file_ref idref="fl-14"/>
      </object_component>
      <object_component id="oc-283">
         <name>.debug_info</name>
         <load_address>0x13741</load_address>
         <run_address>0x13741</run_address>
         <size>0x431a</size>
         <input_file_ref idref="fl-14"/>
      </object_component>
      <object_component id="oc-27c">
         <name>.debug_info</name>
         <load_address>0x17a5b</load_address>
         <run_address>0x17a5b</run_address>
         <size>0x297</size>
         <input_file_ref idref="fl-14"/>
      </object_component>
      <object_component id="oc-217">
         <name>.debug_info</name>
         <load_address>0x17cf2</load_address>
         <run_address>0x17cf2</run_address>
         <size>0xef</size>
         <input_file_ref idref="fl-14"/>
      </object_component>
      <object_component id="oc-21d">
         <name>.debug_info</name>
         <load_address>0x17de1</load_address>
         <run_address>0x17de1</run_address>
         <size>0xbb</size>
         <input_file_ref idref="fl-14"/>
      </object_component>
      <object_component id="oc-223">
         <name>.debug_info</name>
         <load_address>0x17e9c</load_address>
         <run_address>0x17e9c</run_address>
         <size>0x70f</size>
         <input_file_ref idref="fl-15"/>
      </object_component>
      <object_component id="oc-22a">
         <name>.debug_info</name>
         <load_address>0x185ab</load_address>
         <run_address>0x185ab</run_address>
         <size>0x231</size>
         <input_file_ref idref="fl-15"/>
      </object_component>
      <object_component id="oc-237">
         <name>.debug_info</name>
         <load_address>0x187dc</load_address>
         <run_address>0x187dc</run_address>
         <size>0x201</size>
         <input_file_ref idref="fl-15"/>
      </object_component>
      <object_component id="oc-25c">
         <name>.debug_info</name>
         <load_address>0x189dd</load_address>
         <run_address>0x189dd</run_address>
         <size>0x202</size>
         <input_file_ref idref="fl-15"/>
      </object_component>
      <object_component id="oc-243">
         <name>.debug_info</name>
         <load_address>0x18bdf</load_address>
         <run_address>0x18bdf</run_address>
         <size>0x24b</size>
         <input_file_ref idref="fl-15"/>
      </object_component>
      <object_component id="oc-249">
         <name>.debug_info</name>
         <load_address>0x18e2a</load_address>
         <run_address>0x18e2a</run_address>
         <size>0x22c</size>
         <input_file_ref idref="fl-15"/>
      </object_component>
      <object_component id="oc-24f">
         <name>.debug_info</name>
         <load_address>0x19056</load_address>
         <run_address>0x19056</run_address>
         <size>0x234</size>
         <input_file_ref idref="fl-15"/>
      </object_component>
      <object_component id="oc-262">
         <name>.debug_info</name>
         <load_address>0x1928a</load_address>
         <run_address>0x1928a</run_address>
         <size>0x1f8</size>
         <input_file_ref idref="fl-15"/>
      </object_component>
      <object_component id="oc-268">
         <name>.debug_info</name>
         <load_address>0x19482</load_address>
         <run_address>0x19482</run_address>
         <size>0x20c</size>
         <input_file_ref idref="fl-15"/>
      </object_component>
      <object_component id="oc-26e">
         <name>.debug_info</name>
         <load_address>0x1968e</load_address>
         <run_address>0x1968e</run_address>
         <size>0x210</size>
         <input_file_ref idref="fl-15"/>
      </object_component>
      <object_component id="oc-23d">
         <name>.debug_info</name>
         <load_address>0x1989e</load_address>
         <run_address>0x1989e</run_address>
         <size>0x1e7</size>
         <input_file_ref idref="fl-15"/>
      </object_component>
      <object_component id="oc-17a">
         <name>.debug_info</name>
         <load_address>0x19a85</load_address>
         <run_address>0x19a85</run_address>
         <size>0x20f</size>
         <input_file_ref idref="fl-15"/>
      </object_component>
      <object_component id="oc-256">
         <name>.debug_info</name>
         <load_address>0x19c94</load_address>
         <run_address>0x19c94</run_address>
         <size>0x21e</size>
         <input_file_ref idref="fl-15"/>
      </object_component>
      <object_component id="oc-186">
         <name>.debug_info</name>
         <load_address>0x19eb2</load_address>
         <run_address>0x19eb2</run_address>
         <size>0x1e9</size>
         <input_file_ref idref="fl-15"/>
      </object_component>
      <object_component id="oc-180">
         <name>.debug_info</name>
         <load_address>0x1a09b</load_address>
         <run_address>0x1a09b</run_address>
         <size>0x1eb</size>
         <input_file_ref idref="fl-15"/>
      </object_component>
      <object_component id="oc-230">
         <name>.debug_info</name>
         <load_address>0x1a286</load_address>
         <run_address>0x1a286</run_address>
         <size>0x21a</size>
         <input_file_ref idref="fl-15"/>
      </object_component>
      <object_component id="oc-294">
         <name>.debug_info</name>
         <load_address>0x1a4a0</load_address>
         <run_address>0x1a4a0</run_address>
         <size>0x9a</size>
         <input_file_ref idref="fl-15"/>
      </object_component>
      <object_component id="oc-27">
         <name>.debug_info</name>
         <load_address>0x1a53a</load_address>
         <run_address>0x1a53a</run_address>
         <size>0x160</size>
         <input_file_ref idref="fl-ce"/>
      </object_component>
      <object_component id="oc-a1">
         <name>.debug_info</name>
         <load_address>0x1a69a</load_address>
         <run_address>0x1a69a</run_address>
         <size>0x293</size>
         <input_file_ref idref="fl-cf"/>
      </object_component>
      <object_component id="oc-15">
         <name>.debug_info</name>
         <load_address>0x1a92d</load_address>
         <run_address>0x1a92d</run_address>
         <size>0x245</size>
         <input_file_ref idref="fl-cf"/>
      </object_component>
      <object_component id="oc-31">
         <name>.debug_info</name>
         <load_address>0x1ab72</load_address>
         <run_address>0x1ab72</run_address>
         <size>0x60</size>
         <input_file_ref idref="fl-cf"/>
      </object_component>
      <object_component id="oc-9c">
         <name>.debug_info</name>
         <load_address>0x1abd2</load_address>
         <run_address>0x1abd2</run_address>
         <size>0x46</size>
         <input_file_ref idref="fl-cf"/>
      </object_component>
      <object_component id="oc-46">
         <name>.debug_info</name>
         <load_address>0x1ac18</load_address>
         <run_address>0x1ac18</run_address>
         <size>0x2da</size>
         <input_file_ref idref="fl-d0"/>
      </object_component>
      <object_component id="oc-1b">
         <name>.debug_info</name>
         <load_address>0x1aef2</load_address>
         <run_address>0x1aef2</run_address>
         <size>0x1df</size>
         <input_file_ref idref="fl-d0"/>
      </object_component>
      <object_component id="oc-41">
         <name>.debug_info</name>
         <load_address>0x1b0d1</load_address>
         <run_address>0x1b0d1</run_address>
         <size>0x46</size>
         <input_file_ref idref="fl-d0"/>
      </object_component>
      <object_component id="oc-a3">
         <name>.debug_info</name>
         <load_address>0x1b117</load_address>
         <run_address>0x1b117</run_address>
         <size>0x2c</size>
         <input_file_ref idref="fl-d0"/>
      </object_component>
      <object_component id="oc-52">
         <name>.debug_info</name>
         <load_address>0x1b143</load_address>
         <run_address>0x1b143</run_address>
         <size>0x2c9</size>
         <input_file_ref idref="fl-d1"/>
      </object_component>
      <object_component id="oc-21">
         <name>.debug_info</name>
         <load_address>0x1b40c</load_address>
         <run_address>0x1b40c</run_address>
         <size>0x1aa</size>
         <input_file_ref idref="fl-d1"/>
      </object_component>
      <object_component id="oc-4d">
         <name>.debug_info</name>
         <load_address>0x1b5b6</load_address>
         <run_address>0x1b5b6</run_address>
         <size>0x46</size>
         <input_file_ref idref="fl-d1"/>
      </object_component>
      <object_component id="oc-ab">
         <name>.debug_info</name>
         <load_address>0x1b5fc</load_address>
         <run_address>0x1b5fc</run_address>
         <size>0x2c</size>
         <input_file_ref idref="fl-d1"/>
      </object_component>
      <object_component id="oc-d1">
         <name>.debug_info</name>
         <load_address>0x1b628</load_address>
         <run_address>0x1b628</run_address>
         <size>0x3ce</size>
         <input_file_ref idref="fl-d2"/>
      </object_component>
      <object_component id="oc-cb">
         <name>.debug_info</name>
         <load_address>0x1b9f6</load_address>
         <run_address>0x1b9f6</run_address>
         <size>0x185</size>
         <input_file_ref idref="fl-d2"/>
      </object_component>
      <object_component id="oc-6c">
         <name>.debug_info</name>
         <load_address>0x1bb7b</load_address>
         <run_address>0x1bb7b</run_address>
         <size>0x214</size>
         <input_file_ref idref="fl-d2"/>
      </object_component>
      <object_component id="oc-e8">
         <name>.debug_info</name>
         <load_address>0x1bd8f</load_address>
         <run_address>0x1bd8f</run_address>
         <size>0x144</size>
         <input_file_ref idref="fl-d3"/>
      </object_component>
      <object_component id="oc-ed">
         <name>.debug_info</name>
         <load_address>0x1bed3</load_address>
         <run_address>0x1bed3</run_address>
         <size>0x122</size>
         <input_file_ref idref="fl-d4"/>
      </object_component>
      <object_component id="oc-e3">
         <name>.debug_info</name>
         <load_address>0x1bff5</load_address>
         <run_address>0x1bff5</run_address>
         <size>0x132</size>
         <input_file_ref idref="fl-d5"/>
      </object_component>
      <object_component id="oc-3c">
         <name>.debug_info</name>
         <load_address>0x1c127</load_address>
         <run_address>0x1c127</run_address>
         <size>0x111</size>
         <input_file_ref idref="fl-d6"/>
      </object_component>
      <object_component id="oc-48">
         <name>.debug_info</name>
         <load_address>0x1c238</load_address>
         <run_address>0x1c238</run_address>
         <size>0x13f</size>
         <input_file_ref idref="fl-d7"/>
      </object_component>
      <object_component id="oc-54">
         <name>.debug_info</name>
         <load_address>0x1c377</load_address>
         <run_address>0x1c377</run_address>
         <size>0x138</size>
         <input_file_ref idref="fl-d8"/>
      </object_component>
      <object_component id="oc-5a">
         <name>.debug_info</name>
         <load_address>0x1c4af</load_address>
         <run_address>0x1c4af</run_address>
         <size>0x148</size>
         <input_file_ref idref="fl-d9"/>
      </object_component>
      <object_component id="oc-72">
         <name>.debug_info</name>
         <load_address>0x1c5f7</load_address>
         <run_address>0x1c5f7</run_address>
         <size>0x109</size>
         <input_file_ref idref="fl-da"/>
      </object_component>
      <object_component id="oc-de">
         <name>.debug_info</name>
         <load_address>0x1c700</load_address>
         <run_address>0x1c700</run_address>
         <size>0x126</size>
         <input_file_ref idref="fl-db"/>
      </object_component>
      <object_component id="oc-162">
         <name>.debug_info</name>
         <load_address>0x1c826</load_address>
         <run_address>0x1c826</run_address>
         <size>0x2be</size>
         <input_file_ref idref="fl-dc"/>
      </object_component>
      <object_component id="oc-ce">
         <name>.debug_info</name>
         <load_address>0x1cae4</load_address>
         <run_address>0x1cae4</run_address>
         <size>0x113</size>
         <input_file_ref idref="fl-dc"/>
      </object_component>
      <object_component id="oc-15b">
         <name>.debug_info</name>
         <load_address>0x1cbf7</load_address>
         <run_address>0x1cbf7</run_address>
         <size>0x21f</size>
         <input_file_ref idref="fl-dc"/>
      </object_component>
      <object_component id="oc-c9">
         <name>.debug_info</name>
         <load_address>0x1ce16</load_address>
         <run_address>0x1ce16</run_address>
         <size>0x300</size>
         <input_file_ref idref="fl-dd"/>
      </object_component>
      <object_component id="oc-66">
         <name>.debug_info</name>
         <load_address>0x1d116</load_address>
         <run_address>0x1d116</run_address>
         <size>0x167</size>
         <input_file_ref idref="fl-dd"/>
      </object_component>
      <object_component id="oc-153">
         <name>.debug_info</name>
         <load_address>0x1d27d</load_address>
         <run_address>0x1d27d</run_address>
         <size>0x5e</size>
         <input_file_ref idref="fl-dd"/>
      </object_component>
      <object_component id="oc-c1">
         <name>.debug_info</name>
         <load_address>0x1d2db</load_address>
         <run_address>0x1d2db</run_address>
         <size>0x483</size>
         <input_file_ref idref="fl-de"/>
      </object_component>
      <object_component id="oc-60">
         <name>.debug_info</name>
         <load_address>0x1d75e</load_address>
         <run_address>0x1d75e</run_address>
         <size>0x190</size>
         <input_file_ref idref="fl-de"/>
      </object_component>
      <object_component id="oc-11d">
         <name>.debug_info</name>
         <load_address>0x1d8ee</load_address>
         <run_address>0x1d8ee</run_address>
         <size>0x39</size>
         <input_file_ref idref="fl-de"/>
      </object_component>
      <object_component id="oc-1ed">
         <name>.debug_info</name>
         <load_address>0x1d927</load_address>
         <run_address>0x1d927</run_address>
         <size>0x39</size>
         <input_file_ref idref="fl-de"/>
      </object_component>
      <object_component id="oc-122">
         <name>.debug_info</name>
         <load_address>0x1d960</load_address>
         <run_address>0x1d960</run_address>
         <size>0xcd</size>
         <input_file_ref idref="fl-de"/>
      </object_component>
      <object_component id="oc-119">
         <name>.debug_info</name>
         <load_address>0x1da2d</load_address>
         <run_address>0x1da2d</run_address>
         <size>0x37a</size>
         <input_file_ref idref="fl-df"/>
      </object_component>
      <object_component id="oc-b5">
         <name>.debug_info</name>
         <load_address>0x1dda7</load_address>
         <run_address>0x1dda7</run_address>
         <size>0x183</size>
         <input_file_ref idref="fl-df"/>
      </object_component>
      <object_component id="oc-1e8">
         <name>.debug_info</name>
         <load_address>0x1df2a</load_address>
         <run_address>0x1df2a</run_address>
         <size>0x2c</size>
         <input_file_ref idref="fl-df"/>
      </object_component>
      <object_component id="oc-bb">
         <name>.debug_info</name>
         <load_address>0x1df56</load_address>
         <run_address>0x1df56</run_address>
         <size>0x145</size>
         <input_file_ref idref="fl-e0"/>
      </object_component>
      <object_component id="oc-2e2">
         <name>.debug_info</name>
         <load_address>0x1e09b</load_address>
         <run_address>0x1e09b</run_address>
         <size>0xe9</size>
      </object_component>
      <object_component id="oc-29a">
         <name>.debug_line</name>
         <load_address>0x0</load_address>
         <run_address>0x0</run_address>
         <size>0xe3</size>
         <input_file_ref idref="fl-2"/>
      </object_component>
      <object_component id="oc-227">
         <name>.debug_line</name>
         <load_address>0xe3</load_address>
         <run_address>0xe3</run_address>
         <size>0x30</size>
         <input_file_ref idref="fl-2"/>
      </object_component>
      <object_component id="oc-fa">
         <name>.debug_line</name>
         <load_address>0x113</load_address>
         <run_address>0x113</run_address>
         <size>0x48</size>
         <input_file_ref idref="fl-2"/>
      </object_component>
      <object_component id="oc-100">
         <name>.debug_line</name>
         <load_address>0x15b</load_address>
         <run_address>0x15b</run_address>
         <size>0x4b</size>
         <input_file_ref idref="fl-2"/>
      </object_component>
      <object_component id="oc-1a0">
         <name>.debug_line</name>
         <load_address>0x1a6</load_address>
         <run_address>0x1a6</run_address>
         <size>0x6a</size>
         <input_file_ref idref="fl-2"/>
      </object_component>
      <object_component id="oc-199">
         <name>.debug_line</name>
         <load_address>0x210</load_address>
         <run_address>0x210</run_address>
         <size>0x4d</size>
         <input_file_ref idref="fl-2"/>
      </object_component>
      <object_component id="oc-193">
         <name>.debug_line</name>
         <load_address>0x25d</load_address>
         <run_address>0x25d</run_address>
         <size>0x4a</size>
         <input_file_ref idref="fl-2"/>
      </object_component>
      <object_component id="oc-29e">
         <name>.debug_line</name>
         <load_address>0x2a7</load_address>
         <run_address>0x2a7</run_address>
         <size>0x81</size>
         <input_file_ref idref="fl-2"/>
      </object_component>
      <object_component id="oc-2a8">
         <name>.debug_line</name>
         <load_address>0x328</load_address>
         <run_address>0x328</run_address>
         <size>0x80</size>
         <input_file_ref idref="fl-2"/>
      </object_component>
      <object_component id="oc-2a3">
         <name>.debug_line</name>
         <load_address>0x3a8</load_address>
         <run_address>0x3a8</run_address>
         <size>0x83</size>
         <input_file_ref idref="fl-2"/>
      </object_component>
      <object_component id="oc-14f">
         <name>.debug_line</name>
         <load_address>0x42b</load_address>
         <run_address>0x42b</run_address>
         <size>0x20</size>
         <input_file_ref idref="fl-2"/>
      </object_component>
      <object_component id="oc-1a6">
         <name>.debug_line</name>
         <load_address>0x44b</load_address>
         <run_address>0x44b</run_address>
         <size>0x6d</size>
         <input_file_ref idref="fl-2"/>
      </object_component>
      <object_component id="oc-106">
         <name>.debug_line</name>
         <load_address>0x4b8</load_address>
         <run_address>0x4b8</run_address>
         <size>0x4c</size>
         <input_file_ref idref="fl-3"/>
      </object_component>
      <object_component id="oc-10c">
         <name>.debug_line</name>
         <load_address>0x504</load_address>
         <run_address>0x504</run_address>
         <size>0x7c</size>
         <input_file_ref idref="fl-3"/>
      </object_component>
      <object_component id="oc-39">
         <name>.debug_line</name>
         <load_address>0x580</load_address>
         <run_address>0x580</run_address>
         <size>0x20</size>
         <input_file_ref idref="fl-3"/>
      </object_component>
      <object_component id="oc-2b7">
         <name>.debug_line</name>
         <load_address>0x5a0</load_address>
         <run_address>0x5a0</run_address>
         <size>0x34</size>
         <input_file_ref idref="fl-4"/>
      </object_component>
      <object_component id="oc-209">
         <name>.debug_line</name>
         <load_address>0x5d4</load_address>
         <run_address>0x5d4</run_address>
         <size>0x9b</size>
         <input_file_ref idref="fl-4"/>
      </object_component>
      <object_component id="oc-203">
         <name>.debug_line</name>
         <load_address>0x66f</load_address>
         <run_address>0x66f</run_address>
         <size>0xa1</size>
         <input_file_ref idref="fl-4"/>
      </object_component>
      <object_component id="oc-13d">
         <name>.debug_line</name>
         <load_address>0x710</load_address>
         <run_address>0x710</run_address>
         <size>0x53</size>
         <input_file_ref idref="fl-4"/>
      </object_component>
      <object_component id="oc-143">
         <name>.debug_line</name>
         <load_address>0x763</load_address>
         <run_address>0x763</run_address>
         <size>0x4b</size>
         <input_file_ref idref="fl-4"/>
      </object_component>
      <object_component id="oc-149">
         <name>.debug_line</name>
         <load_address>0x7ae</load_address>
         <run_address>0x7ae</run_address>
         <size>0x4e</size>
         <input_file_ref idref="fl-4"/>
      </object_component>
      <object_component id="oc-131">
         <name>.debug_line</name>
         <load_address>0x7fc</load_address>
         <run_address>0x7fc</run_address>
         <size>0x4c</size>
         <input_file_ref idref="fl-4"/>
      </object_component>
      <object_component id="oc-137">
         <name>.debug_line</name>
         <load_address>0x848</load_address>
         <run_address>0x848</run_address>
         <size>0x4e</size>
         <input_file_ref idref="fl-4"/>
      </object_component>
      <object_component id="oc-1fc">
         <name>.debug_line</name>
         <load_address>0x896</load_address>
         <run_address>0x896</run_address>
         <size>0x54</size>
         <input_file_ref idref="fl-4"/>
      </object_component>
      <object_component id="oc-12b">
         <name>.debug_line</name>
         <load_address>0x8ea</load_address>
         <run_address>0x8ea</run_address>
         <size>0x4d</size>
         <input_file_ref idref="fl-4"/>
      </object_component>
      <object_component id="oc-1ad">
         <name>.debug_line</name>
         <load_address>0x937</load_address>
         <run_address>0x937</run_address>
         <size>0x80</size>
         <input_file_ref idref="fl-4"/>
      </object_component>
      <object_component id="oc-1b2">
         <name>.debug_line</name>
         <load_address>0x9b7</load_address>
         <run_address>0x9b7</run_address>
         <size>0x83</size>
         <input_file_ref idref="fl-4"/>
      </object_component>
      <object_component id="oc-1c1">
         <name>.debug_line</name>
         <load_address>0xa3a</load_address>
         <run_address>0xa3a</run_address>
         <size>0x86</size>
         <input_file_ref idref="fl-4"/>
      </object_component>
      <object_component id="oc-170">
         <name>.debug_line</name>
         <load_address>0xac0</load_address>
         <run_address>0xac0</run_address>
         <size>0x6d</size>
         <input_file_ref idref="fl-4"/>
      </object_component>
      <object_component id="oc-1a9">
         <name>.debug_line</name>
         <load_address>0xb2d</load_address>
         <run_address>0xb2d</run_address>
         <size>0x67</size>
         <input_file_ref idref="fl-5"/>
      </object_component>
      <object_component id="oc-16c">
         <name>.debug_line</name>
         <load_address>0xb94</load_address>
         <run_address>0xb94</run_address>
         <size>0x2f</size>
         <input_file_ref idref="fl-5"/>
      </object_component>
      <object_component id="oc-1f6">
         <name>.debug_line</name>
         <load_address>0xbc3</load_address>
         <run_address>0xbc3</run_address>
         <size>0x48</size>
         <input_file_ref idref="fl-5"/>
      </object_component>
      <object_component id="oc-8b">
         <name>.debug_line</name>
         <load_address>0xc0b</load_address>
         <run_address>0xc0b</run_address>
         <size>0x5c</size>
         <input_file_ref idref="fl-5"/>
      </object_component>
      <object_component id="oc-91">
         <name>.debug_line</name>
         <load_address>0xc67</load_address>
         <run_address>0xc67</run_address>
         <size>0x75</size>
         <input_file_ref idref="fl-5"/>
      </object_component>
      <object_component id="oc-97">
         <name>.debug_line</name>
         <load_address>0xcdc</load_address>
         <run_address>0xcdc</run_address>
         <size>0x4c</size>
         <input_file_ref idref="fl-5"/>
      </object_component>
      <object_component id="oc-85">
         <name>.debug_line</name>
         <load_address>0xd28</load_address>
         <run_address>0xd28</run_address>
         <size>0xac</size>
         <input_file_ref idref="fl-5"/>
      </object_component>
      <object_component id="oc-c6">
         <name>.debug_line</name>
         <load_address>0xdd4</load_address>
         <run_address>0xdd4</run_address>
         <size>0x4f</size>
         <input_file_ref idref="fl-5"/>
      </object_component>
      <object_component id="oc-1b7">
         <name>.debug_line</name>
         <load_address>0xe23</load_address>
         <run_address>0xe23</run_address>
         <size>0x6c</size>
         <input_file_ref idref="fl-5"/>
      </object_component>
      <object_component id="oc-1bc">
         <name>.debug_line</name>
         <load_address>0xe8f</load_address>
         <run_address>0xe8f</run_address>
         <size>0x84</size>
         <input_file_ref idref="fl-5"/>
      </object_component>
      <object_component id="oc-1c6">
         <name>.debug_line</name>
         <load_address>0xf13</load_address>
         <run_address>0xf13</run_address>
         <size>0x84</size>
         <input_file_ref idref="fl-5"/>
      </object_component>
      <object_component id="oc-1cb">
         <name>.debug_line</name>
         <load_address>0xf97</load_address>
         <run_address>0xf97</run_address>
         <size>0x81</size>
         <input_file_ref idref="fl-5"/>
      </object_component>
      <object_component id="oc-1d0">
         <name>.debug_line</name>
         <load_address>0x1018</load_address>
         <run_address>0x1018</run_address>
         <size>0x83</size>
         <input_file_ref idref="fl-5"/>
      </object_component>
      <object_component id="oc-1d5">
         <name>.debug_line</name>
         <load_address>0x109b</load_address>
         <run_address>0x109b</run_address>
         <size>0x85</size>
         <input_file_ref idref="fl-5"/>
      </object_component>
      <object_component id="oc-1da">
         <name>.debug_line</name>
         <load_address>0x1120</load_address>
         <run_address>0x1120</run_address>
         <size>0x81</size>
         <input_file_ref idref="fl-5"/>
      </object_component>
      <object_component id="oc-1df">
         <name>.debug_line</name>
         <load_address>0x11a1</load_address>
         <run_address>0x11a1</run_address>
         <size>0x82</size>
         <input_file_ref idref="fl-5"/>
      </object_component>
      <object_component id="oc-1e4">
         <name>.debug_line</name>
         <load_address>0x1223</load_address>
         <run_address>0x1223</run_address>
         <size>0x81</size>
         <input_file_ref idref="fl-5"/>
      </object_component>
      <object_component id="oc-d9">
         <name>.debug_line</name>
         <load_address>0x12a4</load_address>
         <run_address>0x12a4</run_address>
         <size>0x66</size>
         <input_file_ref idref="fl-6"/>
      </object_component>
      <object_component id="oc-115">
         <name>.debug_line</name>
         <load_address>0x130a</load_address>
         <run_address>0x130a</run_address>
         <size>0x44</size>
         <input_file_ref idref="fl-9"/>
      </object_component>
      <object_component id="oc-9a">
         <name>.debug_line</name>
         <load_address>0x134e</load_address>
         <run_address>0x134e</run_address>
         <size>0x44</size>
         <input_file_ref idref="fl-9"/>
      </object_component>
      <object_component id="oc-79">
         <name>.debug_line</name>
         <load_address>0x1392</load_address>
         <run_address>0x1392</run_address>
         <size>0x5d</size>
         <input_file_ref idref="fl-9"/>
      </object_component>
      <object_component id="oc-7f">
         <name>.debug_line</name>
         <load_address>0x13ef</load_address>
         <run_address>0x13ef</run_address>
         <size>0x59</size>
         <input_file_ref idref="fl-9"/>
      </object_component>
      <object_component id="oc-282">
         <name>.debug_line</name>
         <load_address>0x1448</load_address>
         <run_address>0x1448</run_address>
         <size>0x56</size>
         <input_file_ref idref="fl-14"/>
      </object_component>
      <object_component id="oc-27b">
         <name>.debug_line</name>
         <load_address>0x149e</load_address>
         <run_address>0x149e</run_address>
         <size>0x51</size>
         <input_file_ref idref="fl-14"/>
      </object_component>
      <object_component id="oc-176">
         <name>.debug_line</name>
         <load_address>0x14ef</load_address>
         <run_address>0x14ef</run_address>
         <size>0x77</size>
         <input_file_ref idref="fl-14"/>
      </object_component>
      <object_component id="oc-290">
         <name>.debug_line</name>
         <load_address>0x1566</load_address>
         <run_address>0x1566</run_address>
         <size>0x62</size>
         <input_file_ref idref="fl-14"/>
      </object_component>
      <object_component id="oc-28b">
         <name>.debug_line</name>
         <load_address>0x15c8</load_address>
         <run_address>0x15c8</run_address>
         <size>0x4f</size>
         <input_file_ref idref="fl-14"/>
      </object_component>
      <object_component id="oc-286">
         <name>.debug_line</name>
         <load_address>0x1617</load_address>
         <run_address>0x1617</run_address>
         <size>0x51</size>
         <input_file_ref idref="fl-14"/>
      </object_component>
      <object_component id="oc-27f">
         <name>.debug_line</name>
         <load_address>0x1668</load_address>
         <run_address>0x1668</run_address>
         <size>0x66</size>
         <input_file_ref idref="fl-14"/>
      </object_component>
      <object_component id="oc-21a">
         <name>.debug_line</name>
         <load_address>0x16ce</load_address>
         <run_address>0x16ce</run_address>
         <size>0x62</size>
         <input_file_ref idref="fl-14"/>
      </object_component>
      <object_component id="oc-220">
         <name>.debug_line</name>
         <load_address>0x1730</load_address>
         <run_address>0x1730</run_address>
         <size>0x63</size>
         <input_file_ref idref="fl-14"/>
      </object_component>
      <object_component id="oc-293">
         <name>.debug_line</name>
         <load_address>0x1793</load_address>
         <run_address>0x1793</run_address>
         <size>0x56</size>
         <input_file_ref idref="fl-15"/>
      </object_component>
      <object_component id="oc-22d">
         <name>.debug_line</name>
         <load_address>0x17e9</load_address>
         <run_address>0x17e9</run_address>
         <size>0x65</size>
         <input_file_ref idref="fl-15"/>
      </object_component>
      <object_component id="oc-23a">
         <name>.debug_line</name>
         <load_address>0x184e</load_address>
         <run_address>0x184e</run_address>
         <size>0x65</size>
         <input_file_ref idref="fl-15"/>
      </object_component>
      <object_component id="oc-25f">
         <name>.debug_line</name>
         <load_address>0x18b3</load_address>
         <run_address>0x18b3</run_address>
         <size>0x6b</size>
         <input_file_ref idref="fl-15"/>
      </object_component>
      <object_component id="oc-246">
         <name>.debug_line</name>
         <load_address>0x191e</load_address>
         <run_address>0x191e</run_address>
         <size>0x79</size>
         <input_file_ref idref="fl-15"/>
      </object_component>
      <object_component id="oc-24c">
         <name>.debug_line</name>
         <load_address>0x1997</load_address>
         <run_address>0x1997</run_address>
         <size>0x6b</size>
         <input_file_ref idref="fl-15"/>
      </object_component>
      <object_component id="oc-252">
         <name>.debug_line</name>
         <load_address>0x1a02</load_address>
         <run_address>0x1a02</run_address>
         <size>0x77</size>
         <input_file_ref idref="fl-15"/>
      </object_component>
      <object_component id="oc-265">
         <name>.debug_line</name>
         <load_address>0x1a79</load_address>
         <run_address>0x1a79</run_address>
         <size>0x65</size>
         <input_file_ref idref="fl-15"/>
      </object_component>
      <object_component id="oc-26b">
         <name>.debug_line</name>
         <load_address>0x1ade</load_address>
         <run_address>0x1ade</run_address>
         <size>0x65</size>
         <input_file_ref idref="fl-15"/>
      </object_component>
      <object_component id="oc-271">
         <name>.debug_line</name>
         <load_address>0x1b43</load_address>
         <run_address>0x1b43</run_address>
         <size>0x6f</size>
         <input_file_ref idref="fl-15"/>
      </object_component>
      <object_component id="oc-240">
         <name>.debug_line</name>
         <load_address>0x1bb2</load_address>
         <run_address>0x1bb2</run_address>
         <size>0x65</size>
         <input_file_ref idref="fl-15"/>
      </object_component>
      <object_component id="oc-17d">
         <name>.debug_line</name>
         <load_address>0x1c17</load_address>
         <run_address>0x1c17</run_address>
         <size>0x68</size>
         <input_file_ref idref="fl-15"/>
      </object_component>
      <object_component id="oc-259">
         <name>.debug_line</name>
         <load_address>0x1c7f</load_address>
         <run_address>0x1c7f</run_address>
         <size>0x65</size>
         <input_file_ref idref="fl-15"/>
      </object_component>
      <object_component id="oc-189">
         <name>.debug_line</name>
         <load_address>0x1ce4</load_address>
         <run_address>0x1ce4</run_address>
         <size>0x62</size>
         <input_file_ref idref="fl-15"/>
      </object_component>
      <object_component id="oc-183">
         <name>.debug_line</name>
         <load_address>0x1d46</load_address>
         <run_address>0x1d46</run_address>
         <size>0x65</size>
         <input_file_ref idref="fl-15"/>
      </object_component>
      <object_component id="oc-233">
         <name>.debug_line</name>
         <load_address>0x1dab</load_address>
         <run_address>0x1dab</run_address>
         <size>0x65</size>
         <input_file_ref idref="fl-15"/>
      </object_component>
      <object_component id="oc-297">
         <name>.debug_line</name>
         <load_address>0x1e10</load_address>
         <run_address>0x1e10</run_address>
         <size>0x50</size>
         <input_file_ref idref="fl-15"/>
      </object_component>
      <object_component id="oc-2a">
         <name>.debug_line</name>
         <load_address>0x1e60</load_address>
         <run_address>0x1e60</run_address>
         <size>0x53</size>
         <input_file_ref idref="fl-ce"/>
      </object_component>
      <object_component id="oc-117">
         <name>.debug_line</name>
         <load_address>0x1eb3</load_address>
         <run_address>0x1eb3</run_address>
         <size>0x20</size>
         <input_file_ref idref="fl-cf"/>
      </object_component>
      <object_component id="oc-18">
         <name>.debug_line</name>
         <load_address>0x1ed3</load_address>
         <run_address>0x1ed3</run_address>
         <size>0xa9</size>
         <input_file_ref idref="fl-cf"/>
      </object_component>
      <object_component id="oc-34">
         <name>.debug_line</name>
         <load_address>0x1f7c</load_address>
         <run_address>0x1f7c</run_address>
         <size>0x3a</size>
         <input_file_ref idref="fl-cf"/>
      </object_component>
      <object_component id="oc-9f">
         <name>.debug_line</name>
         <load_address>0x1fb6</load_address>
         <run_address>0x1fb6</run_address>
         <size>0x8a</size>
         <input_file_ref idref="fl-cf"/>
      </object_component>
      <object_component id="oc-a9">
         <name>.debug_line</name>
         <load_address>0x2040</load_address>
         <run_address>0x2040</run_address>
         <size>0x8a</size>
         <input_file_ref idref="fl-d0"/>
      </object_component>
      <object_component id="oc-1e">
         <name>.debug_line</name>
         <load_address>0x20ca</load_address>
         <run_address>0x20ca</run_address>
         <size>0x55</size>
         <input_file_ref idref="fl-d0"/>
      </object_component>
      <object_component id="oc-44">
         <name>.debug_line</name>
         <load_address>0x211f</load_address>
         <run_address>0x211f</run_address>
         <size>0x3a</size>
         <input_file_ref idref="fl-d0"/>
      </object_component>
      <object_component id="oc-a6">
         <name>.debug_line</name>
         <load_address>0x2159</load_address>
         <run_address>0x2159</run_address>
         <size>0x8a</size>
         <input_file_ref idref="fl-d0"/>
      </object_component>
      <object_component id="oc-b1">
         <name>.debug_line</name>
         <load_address>0x21e3</load_address>
         <run_address>0x21e3</run_address>
         <size>0x8a</size>
         <input_file_ref idref="fl-d1"/>
      </object_component>
      <object_component id="oc-24">
         <name>.debug_line</name>
         <load_address>0x226d</load_address>
         <run_address>0x226d</run_address>
         <size>0x4f</size>
         <input_file_ref idref="fl-d1"/>
      </object_component>
      <object_component id="oc-50">
         <name>.debug_line</name>
         <load_address>0x22bc</load_address>
         <run_address>0x22bc</run_address>
         <size>0x34</size>
         <input_file_ref idref="fl-d1"/>
      </object_component>
      <object_component id="oc-ae">
         <name>.debug_line</name>
         <load_address>0x22f0</load_address>
         <run_address>0x22f0</run_address>
         <size>0x8a</size>
         <input_file_ref idref="fl-d1"/>
      </object_component>
      <object_component id="oc-165">
         <name>.debug_line</name>
         <load_address>0x237a</load_address>
[...]
      </symbol>
      <symbol id="sm-139">
         <name>_Z8AdcSetupv</name>
         <value>0xf39</value>
         <object_component_ref idref="oc-145"/>
      </symbol>
      <symbol id="sm-13a">
         <name>_Z15MicrophoneSetupv</name>
         <value>0x1149</value>
         <object_component_ref idref="oc-13f"/>
      </symbol>
      <symbol id="sm-13b">
         <name>_Z13Timer322Setupv</name>
         <value>0x10b1</value>
         <object_component_ref idref="oc-133"/>
      </symbol>
      <symbol id="sm-13c">
         <name>_Z7DelayMsv</name>
         <value>0x10d9</value>
         <object_component_ref idref="oc-1f8"/>
      </symbol>
      <symbol id="sm-1f6">
         <name>g_fLux</name>
         <value>0x20000044</value>
      </symbol>
      <symbol id="sm-1f7">
         <name>T32_INT2_IRQHandler</name>
         <value>0x7bd</value>
         <object_component_ref idref="oc-8d"/>
      </symbol>
      <symbol id="sm-1f8">
         <name>g_u32_second3Data</name>
         <value>0x2000001c</value>
         <object_component_ref idref="oc-f1"/>
      </symbol>
      <symbol id="sm-1f9">
         <name>g_u32_second2Data</name>
         <value>0x20000018</value>
         <object_component_ref idref="oc-f1"/>
      </symbol>
      <symbol id="sm-1fa">
         <name>PORT4_IRQHandler</name>
         <value>0x1125</value>
         <object_component_ref idref="oc-93"/>
      </symbol>
      <symbol id="sm-1fb">
         <name>g_iAdcCounter</name>
         <value>0x20000010</value>
         <object_component_ref idref="oc-f1"/>
      </symbol>
      <symbol id="sm-1fc">
         <name>g_u32_second1Data</name>
         <value>0x20000014</value>
         <object_component_ref idref="oc-f1"/>
      </symbol>
      <symbol id="sm-1fd">
         <name>g_bNightLevel</name>
         <value>0x20000005</value>
         <object_component_ref idref="oc-f1"/>
      </symbol>
      <symbol id="sm-1fe">
         <name>g_bFlagFirstTime32Timer2</name>
         <value>0x20000000</value>
         <object_component_ref idref="oc-f1"/>
      </symbol>
      <symbol id="sm-1ff">
         <name>g_bAdcOnLight</name>
         <value>0x2000000c</value>
         <object_component_ref idref="oc-f1"/>
      </symbol>
      <symbol id="sm-200">
         <name>g_bAdcCompareNUpdate</name>
         <value>0x2000000b</value>
         <object_component_ref idref="oc-f1"/>
      </symbol>
      <symbol id="sm-201">
         <name>main</name>
         <value>0xf79</value>
         <object_component_ref idref="oc-c2"/>
      </symbol>
      <symbol id="sm-202">
         <name>_Z8OnOffLedv</name>
         <value>0x11c9</value>
         <object_component_ref idref="oc-1f2"/>
      </symbol>
      <symbol id="sm-203">
         <name>g_bAdcFirstFiveSeconds</name>
         <value>0x20000008</value>
         <object_component_ref idref="oc-f1"/>
      </symbol>
      <symbol id="sm-204">
         <name>g_bAdcSixthSecond</name>
         <value>0x20000009</value>
         <object_component_ref idref="oc-f1"/>
      </symbol>
      <symbol id="sm-205">
         <name>ADC14_IRQHandler</name>
         <value>0xe5</value>
         <object_component_ref idref="oc-81"/>
      </symbol>
      <symbol id="sm-206">
         <name>g_u32_second6Data</name>
         <value>0x20000028</value>
         <object_component_ref idref="oc-f1"/>
      </symbol>
      <symbol id="sm-207">
         <name>g_ui16AdcResult</name>
         <value>0x20000002</value>
         <object_component_ref idref="oc-f1"/>
      </symbol>
      <symbol id="sm-208">
         <name>g_bAdcAverageFirstFiveSeconds</name>
         <value>0x2000000a</value>
         <object_component_ref idref="oc-f1"/>
      </symbol>
      <symbol id="sm-209">
         <name>g_u32_second5Data</name>
         <value>0x20000024</value>
         <object_component_ref idref="oc-f1"/>
      </symbol>
      <symbol id="sm-20a">
         <name>g_iCounterT321</name>
         <value>0x20000006</value>
         <object_component_ref idref="oc-f1"/>
      </symbol>
      <symbol id="sm-20b">
         <name>g_bFirstLightMeasure</name>
         <value>0x20000004</value>
         <object_component_ref idref="oc-f1"/>
      </symbol>
      <symbol id="sm-20c">
         <name>g_u32_second4Data</name>
         <value>0x20000020</value>
         <object_component_ref idref="oc-f1"/>
      </symbol>
      <symbol id="sm-20d">
         <name>T32_INT1_IRQHandler</name>
         <value>0xc75</value>
         <object_component_ref idref="oc-87"/>
      </symbol>
      <symbol id="sm-220">
         <name>SystemInit</name>
         <value>0xab9</value>
         <object_component_ref idref="oc-d5"/>
      </symbol>
      <symbol id="sm-23e">
         <name>Reset_Handler</name>
         <value>0x12bb</value>
         <object_component_ref idref="oc-75"/>
      </symbol>
      <symbol id="sm-23f">
         <name>Default_Handler</name>
         <value>0x6e3</value>
         <object_component_ref idref="oc-7b"/>
      </symbol>
      <symbol id="sm-240">
         <name>interruptVectors</name>
         <value>0x0</value>
         <object_component_ref idref="oc-2c"/>
      </symbol>
      <symbol id="sm-279">
         <name>GPIO_setAsPeripheralModuleFunctionOutputPin</name>
         <value>0xdd1</value>
         <object_component_ref idref="oc-172"/>
      </symbol>
      <symbol id="sm-316">
         <name>I2C_masterSendMultiByteStop</name>
         <value>0x1029</value>
         <object_component_ref idref="oc-25b"/>
      </symbol>
      <symbol id="sm-317">
         <name>I2C_masterSendMultiByteFinish</name>
         <value>0xcd5</value>
         <object_component_ref idref="oc-24e"/>
      </symbol>
      <symbol id="sm-318">
         <name>I2C_masterSendMultiByteNext</name>
         <value>0x1101</value>
         <object_component_ref idref="oc-248"/>
      </symbol>
      <symbol id="sm-319">
         <name>I2C_masterSendMultiByteStart</name>
         <value>0xef9</value>
         <object_component_ref idref="oc-242"/>
      </symbol>
      <symbol id="sm-31a">
         <name>I2C_masterReceiveMultiByteNext</name>
         <value>0x12d9</value>
         <object_component_ref idref="oc-267"/>
      </symbol>
      <symbol id="sm-31b">
         <name>I2C_getInterruptStatus</name>
         <value>0x12d3</value>
         <object_component_ref idref="oc-255"/>
      </symbol>
      <symbol id="sm-31c">
         <name>I2C_setMode</name>
         <value>0x1287</value>
         <object_component_ref idref="oc-236"/>
      </symbol>
      <symbol id="sm-31d">
         <name>I2C_isBusBusy</name>
         <value>0x122d</value>
         <object_component_ref idref="oc-23c"/>
      </symbol>
      <symbol id="sm-31e">
         <name>I2C_masterReceiveMultiByteFinish</name>
         <value>0xff9</value>
         <object_component_ref idref="oc-26d"/>
      </symbol>
      <symbol id="sm-31f">
         <name>I2C_enableModule</name>
         <value>0x12af</value>
         <object_component_ref idref="oc-185"/>
      </symbol>
      <symbol id="sm-320">
         <name>I2C_masterReceiveStart</name>
         <value>0x1269</value>
         <object_component_ref idref="oc-261"/>
      </symbol>
      <symbol id="sm-321">
         <name>I2C_clearInterruptFlag</name>
         <value>0x1279</value>
         <object_component_ref idref="oc-22f"/>
      </symbol>
      <symbol id="sm-322">
         <name>I2C_setSlaveAddress</name>
         <value>0x12df</value>
         <object_component_ref idref="oc-229"/>
      </symbol>
      <symbol id="sm-323">
         <name>I2C_initMaster</name>
         <value>0xfb9</value>
         <object_component_ref idref="oc-179"/>
      </symbol>
      <symbol id="sm-324">
         <name>I2C_disableModule</name>
         <value>0x12a3</value>
         <object_component_ref idref="oc-17f"/>
      </symbol>
      <symbol id="sm-338">
         <name>_c_int00</name>
         <value>0xd29</value>
         <object_component_ref idref="oc-26"/>
      </symbol>
      <symbol id="sm-339">
         <name>__stack</name>
         <value>0x2000fe00</value>
         <object_component_ref idref="oc-2f"/>
      </symbol>
      <symbol id="sm-357">
         <name>__TI_decompress_lzss</name>
         <value>0xc0d</value>
         <object_component_ref idref="oc-14"/>
      </symbol>
      <symbol id="sm-36e">
         <name>__TI_decompress_none</name>
         <value>0x1295</value>
         <object_component_ref idref="oc-1a"/>
      </symbol>
      <symbol id="sm-385">
         <name>__TI_zero_init</name>
         <value>0x12c7</value>
         <object_component_ref idref="oc-20"/>
      </symbol>
      <symbol id="sm-3a6">
         <name>C$$EXIT</name>
         <value>0xd7d</value>
         <object_component_ref idref="oc-6b"/>
      </symbol>
      <symbol id="sm-3a7">
         <name>abort</name>
         <value>0xd81</value>
         <object_component_ref idref="oc-6b"/>
      </symbol>
      <symbol id="sm-3a8">
         <name>exit</name>
         <value>0xd89</value>
         <object_component_ref idref="oc-6b"/>
      </symbol>
      <symbol id="sm-3a9">
         <name>__TI_dtors_ptr</name>
         <value>0x20000030</value>
         <object_component_ref idref="oc-ca"/>
      </symbol>
      <symbol id="sm-3aa">
         <name>__TI_cleanup_ptr</name>
         <value>0x2000002c</value>
         <object_component_ref idref="oc-ca"/>
      </symbol>
      <symbol id="sm-3ab">
         <name>__TI_enable_exit_profile_output</name>
         <value>0x20000034</value>
         <object_component_ref idref="oc-ca"/>
      </symbol>
      <symbol id="sm-3c2">
         <name>__aeabi_dsub</name>
         <value>0x431</value>
         <object_component_ref idref="oc-e7"/>
      </symbol>
      <symbol id="sm-3c3">
         <name>__aeabi_dadd</name>
         <value>0x43b</value>
         <object_component_ref idref="oc-e7"/>
      </symbol>
      <symbol id="sm-3d5">
         <name>__aeabi_cdrcmple</name>
         <value>0x9b9</value>
         <object_component_ref idref="oc-ec"/>
      </symbol>
      <symbol id="sm-3e0">
         <name>__aeabi_dmul</name>
         <value>0x5e7</value>
         <object_component_ref idref="oc-e2"/>
      </symbol>
      <symbol id="sm-3fb">
         <name>memcpy</name>
         <value>0x891</value>
         <object_component_ref idref="oc-3b"/>
      </symbol>
      <symbol id="sm-3fc">
         <name>__aeabi_memcpy</name>
         <value>0x891</value>
         <object_component_ref idref="oc-3b"/>
      </symbol>
      <symbol id="sm-3fd">
         <name>__aeabi_memcpy8</name>
         <value>0x891</value>
         <object_component_ref idref="oc-3b"/>
      </symbol>
      <symbol id="sm-3fe">
         <name>__aeabi_memcpy4</name>
         <value>0x891</value>
         <object_component_ref idref="oc-3b"/>
      </symbol>
      <symbol id="sm-40d">
         <name>__aeabi_memset</name>
         <value>0xa41</value>
         <object_component_ref idref="oc-47"/>
      </symbol>
      <symbol id="sm-40e">
         <name>memset</name>
         <value>0xa47</value>
         <object_component_ref idref="oc-47"/>
      </symbol>
      <symbol id="sm-40f">
         <name>__aeabi_memset8</name>
         <value>0xa41</value>
         <object_component_ref idref="oc-47"/>
      </symbol>
      <symbol id="sm-410">
         <name>__aeabi_memset4</name>
         <value>0xa41</value>
         <object_component_ref idref="oc-47"/>
      </symbol>
      <symbol id="sm-411">
         <name>__aeabi_memclr8</name>
         <value>0xa3f</value>
         <object_component_ref idref="oc-47"/>
      </symbol>
      <symbol id="sm-412">
         <name>__aeabi_memclr4</name>
         <value>0xa3f</value>
         <object_component_ref idref="oc-47"/>
      </symbol>
      <symbol id="sm-413">
         <name>__aeabi_memclr</name>
         <value>0xa3f</value>
         <object_component_ref idref="oc-47"/>
      </symbol>
      <symbol id="sm-41d">
         <name>__mpu_init</name>
         <value>0xff7</value>
         <object_component_ref idref="oc-53"/>
      </symbol>
      <symbol id="sm-427">
         <name>_system_pre_init</name>
         <value>0x12e3</value>
         <object_component_ref idref="oc-59"/>
      </symbol>
      <symbol id="sm-42f">
         <name>main_func_sp</name>
         <value>0x20000040</value>
         <object_component_ref idref="oc-71"/>
      </symbol>
      <symbol id="sm-439">
         <name>__aeabi_ui2d</name>
         <value>0x118d</value>
         <object_component_ref idref="oc-dd"/>
      </symbol>
      <symbol id="sm-452">
         <name>_nop</name>
         <value>0x1263</value>
         <object_component_ref idref="oc-15a"/>
      </symbol>
      <symbol id="sm-453">
         <name>_lock</name>
         <value>0x20000038</value>
         <object_component_ref idref="oc-cd"/>
      </symbol>
      <symbol id="sm-454">
         <name>_unlock</name>
         <value>0x2000003c</value>
         <object_component_ref idref="oc-cd"/>
      </symbol>
      <symbol id="sm-455">
         <name>_register_lock</name>
         <value>0x125b</value>
         <object_component_ref idref="oc-15a"/>
      </symbol>
      <symbol id="sm-456">
         <name>_register_unlock</name>
         <value>0x1255</value>
         <object_component_ref idref="oc-15a"/>
      </symbol>
      <symbol id="sm-46a">
         <name>_args_main</name>
         <value>0x1215</value>
         <object_component_ref idref="oc-65"/>
      </symbol>
      <symbol id="sm-494">
         <name>__TI_auto_init</name>
         <value>0xb31</value>
         <object_component_ref idref="oc-5f"/>
      </symbol>
      <symbol id="sm-4ae">
         <name>copy_in</name>
         <value>0xe1d</value>
         <object_component_ref idref="oc-b4"/>
      </symbol>
      <symbol id="sm-4b8">
         <name>_system_post_cinit</name>
         <value>0x10ff</value>
         <object_component_ref idref="oc-ba"/>
      </symbol>
      <symbol id="sm-4b9">
         <name>__TI_static_base__</name>
         <value>0x0</value>
      </symbol>
      <symbol id="sm-4bc">
         <name>SHT$$INIT_ARRAY$$Limit</name>
         <value>0x0</value>
      </symbol>
      <symbol id="sm-4bd">
         <name>SHT$$INIT_ARRAY$$Base</name>
         <value>0x0</value>
      </symbol>
      <symbol id="sm-4be">
         <name>NMI_Handler</name>
         <value>0x6e3</value>
      </symbol>
      <symbol id="sm-4bf">
         <name>HardFault_Handler</name>
         <value>0x6e3</value>
      </symbol>
      <symbol id="sm-4c0">
         <name>MemManage_Handler</name>
         <value>0x6e3</value>
      </symbol>
      <symbol id="sm-4c1">
         <name>BusFault_Handler</name>
         <value>0x6e3</value>
      </symbol>
      <symbol id="sm-4c2">
         <name>UsageFault_Handler</name>
         <value>0x6e3</value>
      </symbol>
      <symbol id="sm-4c3">
         <name>SVC_Handler</name>
         <value>0x6e3</value>
      </symbol>
      <symbol id="sm-4c4">
         <name>DebugMon_Handler</name>
         <value>0x6e3</value>
      </symbol>
      <symbol id="sm-4c5">
         <name>PendSV_Handler</name>
         <value>0x6e3</value>
      </symbol>
      <symbol id="sm-4c6">
         <name>SysTick_Handler</name>
         <value>0x6e3</value>
      </symbol>
      <symbol id="sm-4c7">
         <name>PSS_IRQHandler</name>
         <value>0x6e3</value>
      </symbol>
      <symbol id="sm-4c8">
         <name>CS_IRQHandler</name>
         <value>0x6e3</value>
      </symbol>
      <symbol id="sm-4c9">
         <name>PCM_IRQHandler</name>
         <value>0x6e3</value>
      </symbol>
      <symbol id="sm-4ca">
         <name>WDT_A_IRQHandler</name>
         <value>0x6e3</value>
      </symbol>
      <symbol id="sm-4cb">
         <name>FPU_IRQHandler</name>
         <value>0x6e3</value>
      </symbol>
      <symbol id="sm-4cc">
         <name>FLCTL_IRQHandler</name>
         <value>0x6e3</value>
      </symbol>
      <symbol id="sm-4cd">
         <name>COMP_E0_IRQHandler</name>
         <value>0x6e3</value>
      </symbol>
      <symbol id="sm-4ce">
         <name>COMP_E1_IRQHandler</name>
         <value>0x6e3</value>
      </symbol>
      <symbol id="sm-4cf">
         <name>TA0_0_IRQHandler</name>
         <value>0x6e3</value>
      </symbol>
      <symbol id="sm-4d0">
         <name>TA0_N_IRQHandler</name>
         <value>0x6e3</value>
      </symbol>
      <symbol id="sm-4d1">
         <name>TA1_0_IRQHandler</name>
         <value>0x6e3</value>
      </symbol>
      <symbol id="sm-4d2">
         <name>TA1_N_IRQHandler</name>
         <value>0x6e3</value>
      </symbol>
      <symbol id="sm-4d3">
         <name>TA2_0_IRQHandler</name>
         <value>0x6e3</value>
      </symbol>
      <symbol id="sm-4d4">
         <name>TA2_N_IRQHandler</name>
         <value>0x6e3</value>
      </symbol>
      <symbol id="sm-4d5">
         <name>TA3_0_IRQHandler</name>
         <value>0x6e3</value>
      </symbol>
      <symbol id="sm-4d6">
         <name>TA3_N_IRQHandler</name>
         <value>0x6e3</value>
      </symbol>
      <symbol id="sm-4d7">
         <name>EUSCIA0_IRQHandler</name>
         <value>0x6e3</value>
      </symbol>
      <symbol id="sm-4d8">
         <name>EUSCIA1_IRQHandler</name>
         <value>0x6e3</value>
      </symbol>
      <symbol id="sm-4d9">
         <name>EUSCIA2_IRQHandler</name>
         <value>0x6e3</value>
      </symbol>
      <symbol id="sm-4da">
         <name>EUSCIA3_IRQHandler</name>
         <value>0x6e3</value>
      </symbol>
      <symbol id="sm-4db">
         <name>EUSCIB0_IRQHandler</name>
         <value>0x6e3</value>
      </symbol>
      <symbol id="sm-4dc">
         <name>EUSCIB1_IRQHandler</name>
         <value>0x6e3</value>
      </symbol>
      <symbol id="sm-4dd">
         <name>EUSCIB2_IRQHandler</name>
         <value>0x6e3</value>
      </symbol>
      <symbol id="sm-4de">
         <name>EUSCIB3_IRQHandler</name>
         <value>0x6e3</value>
      </symbol>
      <symbol id="sm-4df">
         <name>ADC14_IRQHandler</name>
         <value>0xe5</value>
      </symbol>
      <symbol id="sm-4e0">
         <name>T32_INT1_IRQHandler</name>
         <value>0xc75</value>
      </symbol>
      <symbol id="sm-4e1">
         <name>T32_INT2_IRQHandler</name>
         <value>0x7bd</value>
      </symbol>
      <symbol id="sm-4e2">
         <name>T32_INTC_IRQHandler</name>
         <value>0x6e3</value>
      </symbol>
      <symbol id="sm-4e3">
         <name>AES256_IRQHandler</name>
         <value>0x6e3</value>
      </symbol>
      <symbol id="sm-4e4">
         <name>RTC_C_IRQHandler</name>
         <value>0x6e3</value>
      </symbol>
      <symbol id="sm-4e5">
         <name>DMA_ERR_IRQHandler</name>
         <value>0x6e3</value>
      </symbol>
      <symbol id="sm-4e6">
         <name>DMA_INT3_IRQHandler</name>
         <value>0x6e3</value>
      </symbol>
      <symbol id="sm-4e7">
         <name>DMA_INT2_IRQHandler</name>
         <value>0x6e3</value>
      </symbol>
      <symbol id="sm-4e8">
         <name>DMA_INT1_IRQHandler</name>
         <value>0x6e3</value>
      </symbol>
      <symbol id="sm-4e9">
         <name>DMA_INT0_IRQHandler</name>
         <value>0x6e3</value>
      </symbol>
      <symbol id="sm-4ea">
         <name>PORT1_IRQHandler</name>
         <value>0x6e3</value>
      </symbol>
      <symbol id="sm-4eb">
         <name>PORT2_IRQHandler</name>
         <value>0x6e3</value>
      </symbol>
      <symbol id="sm-4ec">
         <name>PORT3_IRQHandler</name>
         <value>0x6e3</value>
      </symbol>
      <symbol id="sm-4ed">
         <name>PORT4_IRQHandler</name>
         <value>0x1125</value>
      </symbol>
      <symbol id="sm-4ee">
         <name>PORT5_IRQHandler</name>
         <value>0x6e3</value>
      </symbol>
      <symbol id="sm-4ef">
         <name>PORT6_IRQHandler</name>
         <value>0x6e3</value>
      </symbol>
   </symbol_table>
   <title>Link successful</title>
</link_info>
