******************************************************************************
                  TI ARM Linker Unix v16.9.6                   
******************************************************************************
>> Linked Thu May 10 15:35:14 2018

OUTPUT FILE NAME:   <labo_experimentos.out>
ENTRY POINT SYMBOL: "_c_int00"  address: 00000711


MEMORY CONFIGURATION

         name            origin    length      used     unused   attr    fill
----------------------  --------  ---------  --------  --------  ----  --------
  MAIN                  00000000   00040000  00000c6c  0003f394  R  X
  INFO                  00200000   00004000  00000000  00004000  R  X
  SRAM_CODE             01000000   00010000  00000248  0000fdb8  RW X
  SRAM_DATA             20000000   00010000  00000248  0000fdb8  RW  


SEGMENT ALLOCATION MAP

run origin  load origin   length   init length attrs members
----------  ----------- ---------- ----------- ----- -------
00000000    00000000    00000c70   00000c70    r-x
  00000000    00000000    000000e4   000000e4    r-- .intvecs
  000000e4    000000e4    00000b04   00000b04    r-x .text
  00000be8    00000be8    00000044   00000044    r-- .const
  00000c30    00000c30    00000040   00000040    r-- .cinit
20000000    20000000    00000048   00000000    rw-
  20000000    20000000    00000044   00000000    rw- .data
  20000044    20000044    00000004   00000000    rw- .bss
2000fe00    2000fe00    00000200   00000000    rw-
  2000fe00    2000fe00    00000200   00000000    rw- .stack


SECTION ALLOCATION MAP

 output                                  attributes/
section   page    origin      length       input sections
--------  ----  ----------  ----------   ----------------
.intvecs   0    00000000    000000e4     
                  00000000    000000e4     startup_msp432p401r_ccs.obj (.intvecs:retain)

.text      0    000000e4    00000b04     
                  000000e4    000000d8     HAL_OPT3001.obj (.text:OPT3001_getLux)
                  000001bc    000000d4     main.obj (.text:T32_INT2_IRQHandler)
                  00000290    0000009c     rtsv7M4_T_le_v4SPD16_eabi.lib : memcpy_t2.obj (.text)
                  0000032c    0000008c     HAL_I2C.obj (.text:I2C_read16)
                  000003b8    0000007a     rtsv7M4_T_le_v4SPD16_eabi.lib : memset_t2.obj (.text)
                  00000432    00000002     startup_msp432p401r_ccs.obj (.text:Default_Handler)
                  00000434    00000078     system_msp432p401r.obj (.text:SystemInit)
                  000004ac    00000078     main.obj (.text:main)
                  00000524    00000070     rtsv7M4_T_le_v4SPD16_eabi.lib : autoinit.obj (.text)
                  00000594    0000006c     functions.obj (.text:_Z11ButtonSetupv)
                  00000600    00000068     rtsv7M4_T_le_v4SPD16_eabi.lib : copy_decompress_lzss.obj (.text:decompress:lzss)
                  00000668    00000054     msp432p4xx_driverlib.lib : i2c_MSP432P4XX.obj (.text:I2C_masterSendMultiByteFinish)
                  000006bc    00000054     functions.obj (.text:_Z8AdcSetupv)
                  00000710    00000054     rtsv7M4_T_le_v4SPD16_eabi.lib : boot.obj (.text)
                  00000764    00000054                                   : exit.obj (.text)
                  000007b8    0000004c     msp432p4xx_driverlib.lib : gpio_MSP432P4XX.obj (.text:GPIO_setAsPeripheralModuleFunctionOutputPin)
                  00000804    0000004c     rtsv7M4_T_le_v4SPD16_eabi.lib : cpy_tbl.obj (.text)
                  00000850    00000048     HAL_I2C.obj (.text:I2C_write16)
                  00000898    00000048     functions.obj (.text:_Z18__NVIC_SetPriority4IRQnj)
                  000008e0    00000040     main.obj (.text:ADC14_IRQHandler)
                  00000920    00000040     msp432p4xx_driverlib.lib : i2c_MSP432P4XX.obj (.text:I2C_masterSendMultiByteStart)
                  00000960    0000003e                              : i2c_MSP432P4XX.obj (.text:I2C_initMaster)
                  0000099e    00000002     rtsv7M4_T_le_v4SPD16_eabi.lib : mpu_init.obj (.text)
                  000009a0    00000030     msp432p4xx_driverlib.lib : i2c_MSP432P4XX.obj (.text:I2C_masterReceiveMultiByteFinish)
                  000009d0    00000030                              : i2c_MSP432P4XX.obj (.text:I2C_masterSendMultiByteStop)
                  00000a00    00000030     functions.obj (.text:_Z16__NVIC_EnableIRQ4IRQn)
                  00000a30    00000028     functions.obj (.text:_Z13Timer321Setupv)
                  00000a58    00000024     msp432p4xx_driverlib.lib : i2c_MSP432P4XX.obj (.text:I2C_masterSendMultiByteNext)
                  00000a7c    00000024     main.obj (.text:PORT4_IRQHandler)
                  00000aa0    00000020     HAL_I2C.obj (.text:I2C_init)
                  00000ac0    00000020     main.obj (.text:T32_INT1_IRQHandler)
                  00000ae0    0000001c     HAL_I2C.obj (.text:I2C_setslave)
                  00000afc    00000018     HAL_I2C.obj (.text:Init_I2C_GPIO)
                  00000b14    00000018     rtsv7M4_T_le_v4SPD16_eabi.lib : args_main.obj (.text)
                  00000b2c    00000014     msp432p4xx_driverlib.lib : i2c_MSP432P4XX.obj (.text:I2C_isBusBusy)
                  00000b40    00000014     HAL_OPT3001.obj (.text:OPT3001_init)
                  00000b54    00000014     rtsv7M4_T_le_v4SPD16_eabi.lib : _lock.obj (.text)
                  00000b68    00000010     msp432p4xx_driverlib.lib : i2c_MSP432P4XX.obj (.text:I2C_masterReceiveStart)
                  00000b78    0000000e                              : i2c_MSP432P4XX.obj (.text:I2C_clearInterruptFlag)
                  00000b86    0000000e                              : i2c_MSP432P4XX.obj (.text:I2C_setMode)
                  00000b94    0000000e     rtsv7M4_T_le_v4SPD16_eabi.lib : copy_decompress_none.obj (.text:decompress:none)
                  00000ba2    0000000c     msp432p4xx_driverlib.lib : i2c_MSP432P4XX.obj (.text:I2C_disableModule)
                  00000bae    0000000c                              : i2c_MSP432P4XX.obj (.text:I2C_enableModule)
                  00000bba    0000000c     startup_msp432p401r_ccs.obj (.text:Reset_Handler)
                  00000bc6    0000000c     rtsv7M4_T_le_v4SPD16_eabi.lib : copy_zero_init.obj (.text:decompress:ZI)
                  00000bd2    00000006     msp432p4xx_driverlib.lib : i2c_MSP432P4XX.obj (.text:I2C_getInterruptStatus)
                  00000bd8    00000006                              : i2c_MSP432P4XX.obj (.text:I2C_masterReceiveMultiByteNext)
                  00000bde    00000004                              : i2c_MSP432P4XX.obj (.text:I2C_setSlaveAddress)
                  00000be2    00000004     rtsv7M4_T_le_v4SPD16_eabi.lib : pre_init.obj (.text)
                  00000be6    00000002                                   : startup.obj (.text)

.const     0    00000be8    00000044     
                  00000be8    00000030     msp432p4xx_driverlib.lib : gpio_MSP432P4XX.obj (.const:GPIO_PORT_TO_BASE)
                  00000c18    00000014     HAL_I2C.obj (.const:i2cConfig)

.cinit     0    00000c30    00000040     
                  00000c30    00000015     (.cinit..data.load) [load image, compression = lzss]
                  00000c45    00000003     --HOLE-- [fill = 0]
                  00000c48    0000000c     (__TI_handler_table)
                  00000c54    00000004     --HOLE-- [fill = 0]
                  00000c58    00000008     (.cinit..bss.load) [load image, compression = zero_init]
                  00000c60    00000010     (__TI_cinit_table)

.init_array 
*          0    00000000    00000000     UNINITIALIZED

.binit     0    00000000    00000000     

.data      0    20000000    00000044     UNINITIALIZED
                  20000000    0000002c     main.obj (.data)
                  2000002c    0000000c     rtsv7M4_T_le_v4SPD16_eabi.lib : exit.obj (.data:$O1$$)
                  20000038    00000008                                   : _lock.obj (.data:$O1$$)
                  20000040    00000004                                   : stkdepth_vars.obj (.data)

.bss       0    20000044    00000004     UNINITIALIZED
                  20000044    00000004     (.common:g_fLux)

.stack     0    2000fe00    00000200     UNINITIALIZED
                  2000fe00    00000200     --HOLE--

MODULE SUMMARY

       Module                        code   ro data   rw data
       ------                        ----   -------   -------
    ./
       main.obj                      464    0         96     
       functions.obj                 352    0         0      
       HAL_I2C.obj                   296    20        0      
       HAL_OPT3001.obj               236    0         0      
       system_msp432p401r.obj        120    0         0      
    +--+-----------------------------+------+---------+---------+
       Total:                        1468   20        96     
                                                             
    ./ccs/
       startup_msp432p401r_ccs.obj   14     228       0      
    +--+-----------------------------+------+---------+---------+
       Total:                        14     228       0      
                                                             
    /home/sama/ti/ccsv7/tools/compiler/ti-cgt-arm_16.9.6.LTS/lib/rtsv7M4_T_le_v4SPD16_eabi.lib
       memcpy_t2.obj                 156    0         0      
       memset_t2.obj                 122    0         0      
       autoinit.obj                  112    0         0      
       exit.obj                      84     0         24     
       copy_decompress_lzss.obj      104    0         0      
       boot.obj                      84     0         0      
       cpy_tbl.obj                   76     0         0      
       _lock.obj                     20     0         16     
       args_main.obj                 24     0         0      
       copy_decompress_none.obj      14     0         0      
       copy_zero_init.obj            12     0         0      
       stkdepth_vars.obj             0      0         8      
       pre_init.obj                  4      0         0      
       mpu_init.obj                  2      0         0      
       startup.obj                   2      0         0      
    +--+-----------------------------+------+---------+---------+
       Total:                        816    0         48     
                                                             
    /home/sama/ti/simplelink_msp432p4_sdk_2_10_00_14/source/ti/devices/msp432p4xx/driverlib/ccs/msp432p4xx_driverlib.lib
       i2c_MSP432P4XX.obj            446    0         0      
       gpio_MSP432P4XX.obj           76     48        0      
    +--+-----------------------------+------+---------+---------+
       Total:                        522    48        0      
                                                             
       Stack:                        0      0         1024   
       Linker Generated:             0      57        0      
    +--+-----------------------------+------+---------+---------+
       Grand Total:                  2820   353       1168   


LINKER GENERATED COPY TABLES

__TI_cinit_table @ 00000c60 records: 2, size/record: 8, table size: 16
	.data: load addr=00000c30, load size=00000015 bytes, run addr=20000000, run size=00000044 bytes, compression=lzss
	.bss: load addr=00000c58, load size=00000008 bytes, run addr=20000044, run size=00000004 bytes, compression=zero_init


LINKER GENERATED HANDLER TABLE

__TI_handler_table @ 00000c48 records: 3, size/record: 4, table size: 12
	index: 0, handler: __TI_decompress_lzss
	index: 1, handler: __TI_decompress_none
	index: 2, handler: __TI_zero_init


GLOBAL SYMBOLS: SORTED ALPHABETICALLY BY Name 

address   name                                       
-------   ----                                       
000008e1  ADC14_IRQHandler                           
000008e1  ADC14_IRQHandler                           
00000433  AES256_IRQHandler                          
00000433  BusFault_Handler                           
00000765  C$$EXIT                                    
00000433  COMP_E0_IRQHandler                         
00000433  COMP_E1_IRQHandler                         
00000433  CS_IRQHandler                              
00000433  DMA_ERR_IRQHandler                         
00000433  DMA_INT0_IRQHandler                        
00000433  DMA_INT1_IRQHandler                        
00000433  DMA_INT2_IRQHandler                        
00000433  DMA_INT3_IRQHandler                        
00000433  DebugMon_Handler                           
00000433  Default_Handler                            
00000433  EUSCIA0_IRQHandler                         
00000433  EUSCIA1_IRQHandler                         
00000433  EUSCIA2_IRQHandler                         
00000433  EUSCIA3_IRQHandler                         
00000433  EUSCIB0_IRQHandler                         
00000433  EUSCIB1_IRQHandler                         
00000433  EUSCIB2_IRQHandler                         
00000433  EUSCIB3_IRQHandler                         
00000433  FLCTL_IRQHandler                           
00000433  FPU_IRQHandler                             
000007b9  GPIO_setAsPeripheralModuleFunctionOutputPin
00000433  HardFault_Handler                          
00000b79  I2C_clearInterruptFlag                     
00000ba3  I2C_disableModule                          
00000baf  I2C_enableModule                           
00000bd3  I2C_getInterruptStatus                     
00000aa1  I2C_init                                   
00000961  I2C_initMaster                             
00000b2d  I2C_isBusBusy                              
000009a1  I2C_masterReceiveMultiByteFinish           
00000bd9  I2C_masterReceiveMultiByteNext             
00000b69  I2C_masterReceiveStart                     
00000669  I2C_masterSendMultiByteFinish              
00000a59  I2C_masterSendMultiByteNext                
00000921  I2C_masterSendMultiByteStart               
000009d1  I2C_masterSendMultiByteStop                
0000032d  I2C_read16                                 
00000b87  I2C_setMode                                
00000bdf  I2C_setSlaveAddress                        
00000ae1  I2C_setslave                               
00000851  I2C_write16                                
00000afd  Init_I2C_GPIO                              
00000433  MemManage_Handler                          
00000433  NMI_Handler                                
000000e5  OPT3001_getLux                             
00000b41  OPT3001_init                               
00000433  PCM_IRQHandler                             
00000433  PORT1_IRQHandler                           
00000433  PORT2_IRQHandler                           
00000433  PORT3_IRQHandler                           
00000a7d  PORT4_IRQHandler                           
00000a7d  PORT4_IRQHandler                           
00000433  PORT5_IRQHandler                           
00000433  PORT6_IRQHandler                           
00000433  PSS_IRQHandler                             
00000433  PendSV_Handler                             
00000433  RTC_C_IRQHandler                           
00000bbb  Reset_Handler                              
UNDEFED   SHT$$INIT_ARRAY$$Base                      
UNDEFED   SHT$$INIT_ARRAY$$Limit                     
00000433  SVC_Handler                                
00000433  SysTick_Handler                            
00000435  SystemInit                                 
00000ac1  T32_INT1_IRQHandler                        
00000ac1  T32_INT1_IRQHandler                        
000001bd  T32_INT2_IRQHandler                        
000001bd  T32_INT2_IRQHandler                        
00000433  T32_INTC_IRQHandler                        
00000433  TA0_0_IRQHandler                           
00000433  TA0_N_IRQHandler                           
00000433  TA1_0_IRQHandler                           
00000433  TA1_N_IRQHandler                           
00000433  TA2_0_IRQHandler                           
00000433  TA2_N_IRQHandler                           
00000433  TA3_0_IRQHandler                           
00000433  TA3_N_IRQHandler                           
00000433  UsageFault_Handler                         
4000480c  WDTCTL_SYM                                 
00000433  WDT_A_IRQHandler                           
00000595  _Z11ButtonSetupv                           
00000a31  _Z13Timer321Setupv                         
000006bd  _Z8AdcSetupv                               
20010000  __STACK_END                                
00000200  __STACK_SIZE                               
00000c60  __TI_CINIT_Base                            
00000c70  __TI_CINIT_Limit                           
00000c48  __TI_Handler_Table_Base                    
00000c54  __TI_Handler_Table_Limit                   
00000525  __TI_auto_init                             
2000002c  __TI_cleanup_ptr                           
00000601  __TI_decompress_lzss                       
00000b95  __TI_decompress_none                       
20000030  __TI_dtors_ptr                             
20000034  __TI_enable_exit_profile_output            
ffffffff  __TI_pprof_out_hndl                        
ffffffff  __TI_prof_data_size                        
ffffffff  __TI_prof_data_start                       
00000000  __TI_static_base__                         
00000bc7  __TI_zero_init                             
000003b9  __aeabi_memclr                             
000003b9  __aeabi_memclr4                            
000003b9  __aeabi_memclr8                            
00000291  __aeabi_memcpy                             
00000291  __aeabi_memcpy4                            
00000291  __aeabi_memcpy8                            
000003bb  __aeabi_memset                             
000003bb  __aeabi_memset4                            
000003bb  __aeabi_memset8                            
ffffffff  __binit__                                  
ffffffff  __c_args__                                 
0000099f  __mpu_init                                 
2000fe00  __stack                                    
00000b15  _args_main                                 
00000711  _c_int00                                   
20000038  _lock                                      
00000b63  _nop                                       
00000b5b  _register_lock                             
00000b55  _register_unlock                           
00000be7  _system_post_cinit                         
00000be3  _system_pre_init                           
2000003c  _unlock                                    
00000769  abort                                      
ffffffff  binit                                      
00000805  copy_in                                    
00000771  exit                                       
20000005  g_bAdcAverageFirstFiveSeconds              
20000006  g_bAdcCompareNUpdate                       
20000003  g_bAdcFirstFiveSeconds                     
20000007  g_bAdcOnLight                              
20000004  g_bAdcSixthSecond                          
20000001  g_bFirstLightMeasure                       
20000000  g_bFlagFirstTime32Timer2                   
20000002  g_bNightLevel                              
20000044  g_fLux                                     
20000008  g_iAdcCounter                              
20000012  g_iCounterT321                             
20000014  g_u32_second1Data                          
20000018  g_u32_second2Data                          
2000001c  g_u32_second3Data                          
20000020  g_u32_second4Data                          
20000024  g_u32_second5Data                          
20000028  g_u32_second6Data                          
2000000c  g_ui16AdcXResult                           
2000000e  g_ui16AdcYResult                           
20000010  g_ui16AdcZResult                           
00000c18  i2cConfig                                  
00000000  interruptVectors                           
000004ad  main                                       
20000040  main_func_sp                               
00000291  memcpy                                     
000003c1  memset                                     


GLOBAL SYMBOLS: SORTED BY Symbol Address 

address   name                                       
-------   ----                                       
00000000  __TI_static_base__                         
00000000  interruptVectors                           
000000e5  OPT3001_getLux                             
000001bd  T32_INT2_IRQHandler                        
000001bd  T32_INT2_IRQHandler                        
00000200  __STACK_SIZE                               
00000291  __aeabi_memcpy                             
00000291  __aeabi_memcpy4                            
00000291  __aeabi_memcpy8                            
00000291  memcpy                                     
0000032d  I2C_read16                                 
000003b9  __aeabi_memclr                             
000003b9  __aeabi_memclr4                            
000003b9  __aeabi_memclr8                            
000003bb  __aeabi_memset                             
000003bb  __aeabi_memset4                            
000003bb  __aeabi_memset8                            
000003c1  memset                                     
00000433  AES256_IRQHandler                          
00000433  BusFault_Handler                           
00000433  COMP_E0_IRQHandler                         
00000433  COMP_E1_IRQHandler                         
00000433  CS_IRQHandler                              
00000433  DMA_ERR_IRQHandler                         
00000433  DMA_INT0_IRQHandler                        
00000433  DMA_INT1_IRQHandler                        
00000433  DMA_INT2_IRQHandler                        
00000433  DMA_INT3_IRQHandler                        
00000433  DebugMon_Handler                           
00000433  Default_Handler                            
00000433  EUSCIA0_IRQHandler                         
00000433  EUSCIA1_IRQHandler                         
00000433  EUSCIA2_IRQHandler                         
00000433  EUSCIA3_IRQHandler                         
00000433  EUSCIB0_IRQHandler                         
00000433  EUSCIB1_IRQHandler                         
00000433  EUSCIB2_IRQHandler                         
00000433  EUSCIB3_IRQHandler                         
00000433  FLCTL_IRQHandler                           
00000433  FPU_IRQHandler                             
00000433  HardFault_Handler                          
00000433  MemManage_Handler                          
00000433  NMI_Handler                                
00000433  PCM_IRQHandler                             
00000433  PORT1_IRQHandler                           
00000433  PORT2_IRQHandler                           
00000433  PORT3_IRQHandler                           
00000433  PORT5_IRQHandler                           
00000433  PORT6_IRQHandler                           
00000433  PSS_IRQHandler                             
00000433  PendSV_Handler                             
00000433  RTC_C_IRQHandler                           
00000433  SVC_Handler                                
00000433  SysTick_Handler                            
00000433  T32_INTC_IRQHandler                        
00000433  TA0_0_IRQHandler                           
00000433  TA0_N_IRQHandler                           
00000433  TA1_0_IRQHandler                           
00000433  TA1_N_IRQHandler                           
00000433  TA2_0_IRQHandler                           
00000433  TA2_N_IRQHandler                           
00000433  TA3_0_IRQHandler                           
00000433  TA3_N_IRQHandler                           
00000433  UsageFault_Handler                         
00000433  WDT_A_IRQHandler                           
00000435  SystemInit                                 
000004ad  main                                       
00000525  __TI_auto_init                             
00000595  _Z11ButtonSetupv                           
00000601  __TI_decompress_lzss                       
00000669  I2C_masterSendMultiByteFinish              
000006bd  _Z8AdcSetupv                               
00000711  _c_int00                                   
00000765  C$$EXIT                                    
00000769  abort                                      
00000771  exit                                       
000007b9  GPIO_setAsPeripheralModuleFunctionOutputPin
00000805  copy_in                                    
00000851  I2C_write16                                
000008e1  ADC14_IRQHandler                           
000008e1  ADC14_IRQHandler                           
00000921  I2C_masterSendMultiByteStart               
00000961  I2C_initMaster                             
0000099f  __mpu_init                                 
000009a1  I2C_masterReceiveMultiByteFinish           
000009d1  I2C_masterSendMultiByteStop                
00000a31  _Z13Timer321Setupv                         
00000a59  I2C_masterSendMultiByteNext                
00000a7d  PORT4_IRQHandler                           
00000a7d  PORT4_IRQHandler                           
00000aa1  I2C_init                                   
00000ac1  T32_INT1_IRQHandler                        
00000ac1  T32_INT1_IRQHandler                        
00000ae1  I2C_setslave                               
00000afd  Init_I2C_GPIO                              
00000b15  _args_main                                 
00000b2d  I2C_isBusBusy                              
00000b41  OPT3001_init                               
00000b55  _register_unlock                           
00000b5b  _register_lock                             
00000b63  _nop                                       
00000b69  I2C_masterReceiveStart                     
00000b79  I2C_clearInterruptFlag                     
00000b87  I2C_setMode                                
00000b95  __TI_decompress_none                       
00000ba3  I2C_disableModule                          
00000baf  I2C_enableModule                           
00000bbb  Reset_Handler                              
00000bc7  __TI_zero_init                             
00000bd3  I2C_getInterruptStatus                     
00000bd9  I2C_masterReceiveMultiByteNext             
00000bdf  I2C_setSlaveAddress                        
00000be3  _system_pre_init                           
00000be7  _system_post_cinit                         
00000c18  i2cConfig                                  
00000c48  __TI_Handler_Table_Base                    
00000c54  __TI_Handler_Table_Limit                   
00000c60  __TI_CINIT_Base                            
00000c70  __TI_CINIT_Limit                           
20000000  g_bFlagFirstTime32Timer2                   
20000001  g_bFirstLightMeasure                       
20000002  g_bNightLevel                              
20000003  g_bAdcFirstFiveSeconds                     
20000004  g_bAdcSixthSecond                          
20000005  g_bAdcAverageFirstFiveSeconds              
20000006  g_bAdcCompareNUpdate                       
20000007  g_bAdcOnLight                              
20000008  g_iAdcCounter                              
2000000c  g_ui16AdcXResult                           
2000000e  g_ui16AdcYResult                           
20000010  g_ui16AdcZResult                           
20000012  g_iCounterT321                             
20000014  g_u32_second1Data                          
20000018  g_u32_second2Data                          
2000001c  g_u32_second3Data                          
20000020  g_u32_second4Data                          
20000024  g_u32_second5Data                          
20000028  g_u32_second6Data                          
2000002c  __TI_cleanup_ptr                           
20000030  __TI_dtors_ptr                             
20000034  __TI_enable_exit_profile_output            
20000038  _lock                                      
2000003c  _unlock                                    
20000040  main_func_sp                               
20000044  g_fLux                                     
2000fe00  __stack                                    
20010000  __STACK_END                                
4000480c  WDTCTL_SYM                                 
ffffffff  __TI_pprof_out_hndl                        
ffffffff  __TI_prof_data_size                        
ffffffff  __TI_prof_data_start                       
ffffffff  __binit__                                  
ffffffff  __c_args__                                 
ffffffff  binit                                      
UNDEFED   SHT$$INIT_ARRAY$$Base                      
UNDEFED   SHT$$INIT_ARRAY$$Limit                     

[156 symbols]
