******************************************************************************
                  TI ARM Linker Unix v16.9.6                   
******************************************************************************
>> Linked Wed May  2 20:48:25 2018

OUTPUT FILE NAME:   <labo1_lightsensor_microphone_adc_timers.out>
ENTRY POINT SYMBOL: "_c_int00"  address: 00000d45


MEMORY CONFIGURATION

         name            origin    length      used     unused   attr    fill
----------------------  --------  ---------  --------  --------  ----  --------
  MAIN                  00000000   00040000  00001386  0003ec7a  R  X
  INFO                  00200000   00004000  00000000  00004000  R  X
  SRAM_CODE             01000000   00010000  00000244  0000fdbc  RW X
  SRAM_DATA             20000000   00010000  00000244  0000fdbc  RW  


SEGMENT ALLOCATION MAP

run origin  load origin   length   init length attrs members
----------  ----------- ---------- ----------- ----- -------
00000000    00000000    00001388   00001388    r-x
  00000000    00000000    000000e4   000000e4    r-- .intvecs
  000000e4    000000e4    0000121e   0000121e    r-x .text
  00001304    00001304    00000044   00000044    r-- .const
  00001348    00001348    00000040   00000040    r-- .cinit
20000000    20000000    00000044   00000000    rw-
  20000000    20000000    00000040   00000000    rw- .data
  20000040    20000040    00000004   00000000    rw- .bss
2000fe00    2000fe00    00000200   00000000    rw-
  2000fe00    2000fe00    00000200   00000000    rw- .stack


SECTION ALLOCATION MAP

 output                                  attributes/
section   page    origin      length       input sections
--------  ----  ----------  ----------   ----------------
.intvecs   0    00000000    000000e4     
                  00000000    000000e4     startup_msp432p401r_ccs.obj (.intvecs:retain)

.text      0    000000e4    0000121e     
                  000000e4    00000368     main.obj (.text:ADC14_IRQHandler)
                  0000044c    000001b6     rtsv7M4_T_le_v4SPD16_eabi.lib : fd_add_t2.obj (.text)
                  00000602    000000fc                                   : fd_mul_t2.obj (.text)
                  000006fe    00000002     startup_msp432p401r_ccs.obj (.text:Default_Handler)
                  00000700    000000d8     HAL_OPT3001.obj (.text:OPT3001_getLux)
                  000007d8    000000d4     main.obj (.text:T32_INT2_IRQHandler)
                  000008ac    0000009c     rtsv7M4_T_le_v4SPD16_eabi.lib : memcpy_t2.obj (.text)
                  00000948    0000008c     HAL_I2C.obj (.text:I2C_read16)
                  000009d4    00000086     rtsv7M4_T_le_v4SPD16_eabi.lib : fd_cmp_t2.obj (.text:__aeabi_cdrcmple)
                  00000a5a    0000007a                                   : memset_t2.obj (.text)
                  00000ad4    00000078     system_msp432p401r.obj (.text:SystemInit)
                  00000b4c    00000070     rtsv7M4_T_le_v4SPD16_eabi.lib : autoinit.obj (.text)
                  00000bbc    0000006c     functions.obj (.text:_Z11ButtonSetupv)
                  00000c28    00000068     rtsv7M4_T_le_v4SPD16_eabi.lib : copy_decompress_lzss.obj (.text:decompress:lzss)
                  00000c90    00000060     main.obj (.text:T32_INT1_IRQHandler)
                  00000cf0    00000054     msp432p4xx_driverlib.lib : i2c_MSP432P4XX.obj (.text:I2C_masterSendMultiByteFinish)
                  00000d44    00000054     rtsv7M4_T_le_v4SPD16_eabi.lib : boot.obj (.text)
                  00000d98    00000054                                   : exit.obj (.text)
                  00000dec    0000004c     msp432p4xx_driverlib.lib : gpio_MSP432P4XX.obj (.text:GPIO_setAsPeripheralModuleFunctionOutputPin)
                  00000e38    0000004c     rtsv7M4_T_le_v4SPD16_eabi.lib : cpy_tbl.obj (.text)
                  00000e84    00000048     HAL_I2C.obj (.text:I2C_write16)
                  00000ecc    00000048     functions.obj (.text:_Z18__NVIC_SetPriority4IRQnj)
                  00000f14    00000040     msp432p4xx_driverlib.lib : i2c_MSP432P4XX.obj (.text:I2C_masterSendMultiByteStart)
                  00000f54    00000040     functions.obj (.text:_Z8AdcSetupv)
                  00000f94    00000040     main.obj (.text:main)
                  00000fd4    0000003e     msp432p4xx_driverlib.lib : i2c_MSP432P4XX.obj (.text:I2C_initMaster)
                  00001012    00000002     rtsv7M4_T_le_v4SPD16_eabi.lib : mpu_init.obj (.text)
                  00001014    00000030     msp432p4xx_driverlib.lib : i2c_MSP432P4XX.obj (.text:I2C_masterReceiveMultiByteFinish)
                  00001044    00000030                              : i2c_MSP432P4XX.obj (.text:I2C_masterSendMultiByteStop)
                  00001074    00000030     functions.obj (.text:_Z16__NVIC_EnableIRQ4IRQn)
                  000010a4    00000028     functions.obj (.text:_Z13Timer321Setupv)
                  000010cc    00000028     functions.obj (.text:_Z13Timer322Setupv)
                  000010f4    00000026     functions.obj (.text:_Z7DelayMsv)
                  0000111a    00000002     rtsv7M4_T_le_v4SPD16_eabi.lib : startup.obj (.text)
                  0000111c    00000024     msp432p4xx_driverlib.lib : i2c_MSP432P4XX.obj (.text:I2C_masterSendMultiByteNext)
                  00001140    00000024     main.obj (.text:PORT4_IRQHandler)
                  00001164    00000024     functions.obj (.text:_Z15MicrophoneSetupv)
                  00001188    00000020     HAL_I2C.obj (.text:I2C_init)
                  000011a8    00000020     rtsv7M4_T_le_v4SPD16_eabi.lib : u_tofd_t2.obj (.text)
                  000011c8    0000001c     HAL_I2C.obj (.text:I2C_setslave)
                  000011e4    0000001c     main.obj (.text:_Z8OnOffLedv)
                  00001200    00000018     HAL_I2C.obj (.text:Init_I2C_GPIO)
                  00001218    00000018     functions.obj (.text:_Z10BlinkSetUpv)
                  00001230    00000018     rtsv7M4_T_le_v4SPD16_eabi.lib : args_main.obj (.text)
                  00001248    00000014     msp432p4xx_driverlib.lib : i2c_MSP432P4XX.obj (.text:I2C_isBusBusy)
                  0000125c    00000014     HAL_OPT3001.obj (.text:OPT3001_init)
                  00001270    00000014     rtsv7M4_T_le_v4SPD16_eabi.lib : _lock.obj (.text)
                  00001284    00000010     msp432p4xx_driverlib.lib : i2c_MSP432P4XX.obj (.text:I2C_masterReceiveStart)
                  00001294    0000000e                              : i2c_MSP432P4XX.obj (.text:I2C_clearInterruptFlag)
                  000012a2    0000000e                              : i2c_MSP432P4XX.obj (.text:I2C_setMode)
                  000012b0    0000000e     rtsv7M4_T_le_v4SPD16_eabi.lib : copy_decompress_none.obj (.text:decompress:none)
                  000012be    0000000c     msp432p4xx_driverlib.lib : i2c_MSP432P4XX.obj (.text:I2C_disableModule)
                  000012ca    0000000c                              : i2c_MSP432P4XX.obj (.text:I2C_enableModule)
                  000012d6    0000000c     startup_msp432p401r_ccs.obj (.text:Reset_Handler)
                  000012e2    0000000c     rtsv7M4_T_le_v4SPD16_eabi.lib : copy_zero_init.obj (.text:decompress:ZI)
                  000012ee    00000006     msp432p4xx_driverlib.lib : i2c_MSP432P4XX.obj (.text:I2C_getInterruptStatus)
                  000012f4    00000006                              : i2c_MSP432P4XX.obj (.text:I2C_masterReceiveMultiByteNext)
                  000012fa    00000004                              : i2c_MSP432P4XX.obj (.text:I2C_setSlaveAddress)
                  000012fe    00000004     rtsv7M4_T_le_v4SPD16_eabi.lib : pre_init.obj (.text)

.const     0    00001304    00000044     
                  00001304    00000030     msp432p4xx_driverlib.lib : gpio_MSP432P4XX.obj (.const:GPIO_PORT_TO_BASE)
                  00001334    00000014     HAL_I2C.obj (.const:i2cConfig)

.cinit     0    00001348    00000040     
                  00001348    00000015     (.cinit..data.load) [load image, compression = lzss]
                  0000135d    00000003     --HOLE-- [fill = 0]
                  00001360    0000000c     (__TI_handler_table)
                  0000136c    00000004     --HOLE-- [fill = 0]
                  00001370    00000008     (.cinit..bss.load) [load image, compression = zero_init]
                  00001378    00000010     (__TI_cinit_table)

.init_array 
*          0    00000000    00000000     UNINITIALIZED

.binit     0    00000000    00000000     

.data      0    20000000    00000040     UNINITIALIZED
                  20000000    00000028     main.obj (.data)
                  20000028    0000000c     rtsv7M4_T_le_v4SPD16_eabi.lib : exit.obj (.data:$O1$$)
                  20000034    00000008                                   : _lock.obj (.data:$O1$$)
                  2000003c    00000004                                   : stkdepth_vars.obj (.data)

.bss       0    20000040    00000004     UNINITIALIZED
                  20000040    00000004     (.common:g_fLux)

.stack     0    2000fe00    00000200     UNINITIALIZED
                  2000fe00    00000200     --HOLE--

MODULE SUMMARY

       Module                        code   ro data   rw data
       ------                        ----   -------   -------
    ./
       main.obj                      1308   0         88     
       functions.obj                 470    0         0      
       HAL_I2C.obj                   296    20        0      
       HAL_OPT3001.obj               236    0         0      
       system_msp432p401r.obj        120    0         0      
    +--+-----------------------------+------+---------+---------+
       Total:                        2430   20        88     
                                                             
    ./ccs/
       startup_msp432p401r_ccs.obj   14     228       0      
    +--+-----------------------------+------+---------+---------+
       Total:                        14     228       0      
                                                             
    /home/sama/ti/ccsv7/tools/compiler/ti-cgt-arm_16.9.6.LTS/lib/rtsv7M4_T_le_v4SPD16_eabi.lib
       fd_add_t2.obj                 438    0         0      
       fd_mul_t2.obj                 252    0         0      
       memcpy_t2.obj                 156    0         0      
       fd_cmp_t2.obj                 134    0         0      
       memset_t2.obj                 122    0         0      
       autoinit.obj                  112    0         0      
       exit.obj                      84     0         24     
       copy_decompress_lzss.obj      104    0         0      
       boot.obj                      84     0         0      
       cpy_tbl.obj                   76     0         0      
       _lock.obj                     20     0         16     
       u_tofd_t2.obj                 32     0         0      
       args_main.obj                 24     0         0      
       copy_decompress_none.obj      14     0         0      
       copy_zero_init.obj            12     0         0      
       stkdepth_vars.obj             0      0         8      
       pre_init.obj                  4      0         0      
       mpu_init.obj                  2      0         0      
       startup.obj                   2      0         0      
    +--+-----------------------------+------+---------+---------+
       Total:                        1672   0         48     
                                                             
    /home/sama/ti/simplelink_msp432p4_sdk_2_10_00_14/source/ti/devices/msp432p4xx/driverlib/ccs/msp432p4xx_driverlib.lib
       i2c_MSP432P4XX.obj            446    0         0      
       gpio_MSP432P4XX.obj           76     48        0      
    +--+-----------------------------+------+---------+---------+
       Total:                        522    48        0      
                                                             
       Stack:                        0      0         1024   
       Linker Generated:             0      57        0      
    +--+-----------------------------+------+---------+---------+
       Grand Total:                  4638   353       1160   


LINKER GENERATED COPY TABLES

__TI_cinit_table @ 00001378 records: 2, size/record: 8, table size: 16
	.data: load addr=00001348, load size=00000015 bytes, run addr=20000000, run size=00000040 bytes, compression=lzss
	.bss: load addr=00001370, load size=00000008 bytes, run addr=20000040, run size=00000004 bytes, compression=zero_init


LINKER GENERATED HANDLER TABLE

__TI_handler_table @ 00001360 records: 3, size/record: 4, table size: 12
	index: 0, handler: __TI_decompress_lzss
	index: 1, handler: __TI_decompress_none
	index: 2, handler: __TI_zero_init


GLOBAL SYMBOLS: SORTED ALPHABETICALLY BY Name 

address   name                                       
-------   ----                                       
000000e5  ADC14_IRQHandler                           
000000e5  ADC14_IRQHandler                           
000006ff  AES256_IRQHandler                          
000006ff  BusFault_Handler                           
00000d99  C$$EXIT                                    
000006ff  COMP_E0_IRQHandler                         
000006ff  COMP_E1_IRQHandler                         
000006ff  CS_IRQHandler                              
000006ff  DMA_ERR_IRQHandler                         
000006ff  DMA_INT0_IRQHandler                        
000006ff  DMA_INT1_IRQHandler                        
000006ff  DMA_INT2_IRQHandler                        
000006ff  DMA_INT3_IRQHandler                        
000006ff  DebugMon_Handler                           
000006ff  Default_Handler                            
000006ff  EUSCIA0_IRQHandler                         
000006ff  EUSCIA1_IRQHandler                         
000006ff  EUSCIA2_IRQHandler                         
000006ff  EUSCIA3_IRQHandler                         
000006ff  EUSCIB0_IRQHandler                         
000006ff  EUSCIB1_IRQHandler                         
000006ff  EUSCIB2_IRQHandler                         
000006ff  EUSCIB3_IRQHandler                         
000006ff  FLCTL_IRQHandler                           
000006ff  FPU_IRQHandler                             
00000ded  GPIO_setAsPeripheralModuleFunctionOutputPin
000006ff  HardFault_Handler                          
00001295  I2C_clearInterruptFlag                     
000012bf  I2C_disableModule                          
000012cb  I2C_enableModule                           
000012ef  I2C_getInterruptStatus                     
00001189  I2C_init                                   
00000fd5  I2C_initMaster                             
00001249  I2C_isBusBusy                              
00001015  I2C_masterReceiveMultiByteFinish           
000012f5  I2C_masterReceiveMultiByteNext             
00001285  I2C_masterReceiveStart                     
00000cf1  I2C_masterSendMultiByteFinish              
0000111d  I2C_masterSendMultiByteNext                
00000f15  I2C_masterSendMultiByteStart               
00001045  I2C_masterSendMultiByteStop                
00000949  I2C_read16                                 
000012a3  I2C_setMode                                
000012fb  I2C_setSlaveAddress                        
000011c9  I2C_setslave                               
00000e85  I2C_write16                                
00001201  Init_I2C_GPIO                              
000006ff  MemManage_Handler                          
000006ff  NMI_Handler                                
00000701  OPT3001_getLux                             
0000125d  OPT3001_init                               
000006ff  PCM_IRQHandler                             
000006ff  PORT1_IRQHandler                           
000006ff  PORT2_IRQHandler                           
000006ff  PORT3_IRQHandler                           
00001141  PORT4_IRQHandler                           
00001141  PORT4_IRQHandler                           
000006ff  PORT5_IRQHandler                           
000006ff  PORT6_IRQHandler                           
000006ff  PSS_IRQHandler                             
000006ff  PendSV_Handler                             
000006ff  RTC_C_IRQHandler                           
000012d7  Reset_Handler                              
UNDEFED   SHT$$INIT_ARRAY$$Base                      
UNDEFED   SHT$$INIT_ARRAY$$Limit                     
000006ff  SVC_Handler                                
000006ff  SysTick_Handler                            
00000ad5  SystemInit                                 
00000c91  T32_INT1_IRQHandler                        
00000c91  T32_INT1_IRQHandler                        
000007d9  T32_INT2_IRQHandler                        
000007d9  T32_INT2_IRQHandler                        
000006ff  T32_INTC_IRQHandler                        
000006ff  TA0_0_IRQHandler                           
000006ff  TA0_N_IRQHandler                           
000006ff  TA1_0_IRQHandler                           
000006ff  TA1_N_IRQHandler                           
000006ff  TA2_0_IRQHandler                           
000006ff  TA2_N_IRQHandler                           
000006ff  TA3_0_IRQHandler                           
000006ff  TA3_N_IRQHandler                           
000006ff  UsageFault_Handler                         
4000480c  WDTCTL_SYM                                 
000006ff  WDT_A_IRQHandler                           
00001219  _Z10BlinkSetUpv                            
00000bbd  _Z11ButtonSetupv                           
000010a5  _Z13Timer321Setupv                         
000010cd  _Z13Timer322Setupv                         
00001165  _Z15MicrophoneSetupv                       
000010f5  _Z7DelayMsv                                
00000f55  _Z8AdcSetupv                               
000011e5  _Z8OnOffLedv                               
20010000  __STACK_END                                
00000200  __STACK_SIZE                               
00001378  __TI_CINIT_Base                            
00001388  __TI_CINIT_Limit                           
00001360  __TI_Handler_Table_Base                    
0000136c  __TI_Handler_Table_Limit                   
00000b4d  __TI_auto_init                             
20000028  __TI_cleanup_ptr                           
00000c29  __TI_decompress_lzss                       
000012b1  __TI_decompress_none                       
2000002c  __TI_dtors_ptr                             
20000030  __TI_enable_exit_profile_output            
ffffffff  __TI_pprof_out_hndl                        
ffffffff  __TI_prof_data_size                        
ffffffff  __TI_prof_data_start                       
00000000  __TI_static_base__                         
000012e3  __TI_zero_init                             
000009d5  __aeabi_cdrcmple                           
00000457  __aeabi_dadd                               
00000603  __aeabi_dmul                               
0000044d  __aeabi_dsub                               
00000a5b  __aeabi_memclr                             
00000a5b  __aeabi_memclr4                            
00000a5b  __aeabi_memclr8                            
000008ad  __aeabi_memcpy                             
000008ad  __aeabi_memcpy4                            
000008ad  __aeabi_memcpy8                            
00000a5d  __aeabi_memset                             
00000a5d  __aeabi_memset4                            
00000a5d  __aeabi_memset8                            
000011a9  __aeabi_ui2d                               
ffffffff  __binit__                                  
ffffffff  __c_args__                                 
00001013  __mpu_init                                 
2000fe00  __stack                                    
00001231  _args_main                                 
00000d45  _c_int00                                   
20000034  _lock                                      
0000127f  _nop                                       
00001277  _register_lock                             
00001271  _register_unlock                           
0000111b  _system_post_cinit                         
000012ff  _system_pre_init                           
20000038  _unlock                                    
00000d9d  abort                                      
ffffffff  binit                                      
00000e39  copy_in                                    
00000da5  exit                                       
20000005  g_bAdcAverageFirstFiveSeconds              
20000006  g_bAdcCompareNUpdate                       
20000003  g_bAdcFirstFiveSeconds                     
20000007  g_bAdcOnLight                              
20000004  g_bAdcSixthSecond                          
20000001  g_bFirstLightMeasure                       
20000000  g_bFlagFirstTime32Timer2                   
20000002  g_bNightLevel                              
20000040  g_fLux                                     
20000008  g_iAdcCounter                              
2000000e  g_iCounterT321                             
20000010  g_u32_second1Data                          
20000014  g_u32_second2Data                          
20000018  g_u32_second3Data                          
2000001c  g_u32_second4Data                          
20000020  g_u32_second5Data                          
20000024  g_u32_second6Data                          
2000000c  g_ui16AdcResult                            
00001334  i2cConfig                                  
00000000  interruptVectors                           
00000f95  main                                       
2000003c  main_func_sp                               
000008ad  memcpy                                     
00000a63  memset                                     


GLOBAL SYMBOLS: SORTED BY Symbol Address 

address   name                                       
-------   ----                                       
00000000  __TI_static_base__                         
00000000  interruptVectors                           
000000e5  ADC14_IRQHandler                           
000000e5  ADC14_IRQHandler                           
00000200  __STACK_SIZE                               
0000044d  __aeabi_dsub                               
00000457  __aeabi_dadd                               
00000603  __aeabi_dmul                               
000006ff  AES256_IRQHandler                          
000006ff  BusFault_Handler                           
000006ff  COMP_E0_IRQHandler                         
000006ff  COMP_E1_IRQHandler                         
000006ff  CS_IRQHandler                              
000006ff  DMA_ERR_IRQHandler                         
000006ff  DMA_INT0_IRQHandler                        
000006ff  DMA_INT1_IRQHandler                        
000006ff  DMA_INT2_IRQHandler                        
000006ff  DMA_INT3_IRQHandler                        
000006ff  DebugMon_Handler                           
000006ff  Default_Handler                            
000006ff  EUSCIA0_IRQHandler                         
000006ff  EUSCIA1_IRQHandler                         
000006ff  EUSCIA2_IRQHandler                         
000006ff  EUSCIA3_IRQHandler                         
000006ff  EUSCIB0_IRQHandler                         
000006ff  EUSCIB1_IRQHandler                         
000006ff  EUSCIB2_IRQHandler                         
000006ff  EUSCIB3_IRQHandler                         
000006ff  FLCTL_IRQHandler                           
000006ff  FPU_IRQHandler                             
000006ff  HardFault_Handler                          
000006ff  MemManage_Handler                          
000006ff  NMI_Handler                                
000006ff  PCM_IRQHandler                             
000006ff  PORT1_IRQHandler                           
000006ff  PORT2_IRQHandler                           
000006ff  PORT3_IRQHandler                           
000006ff  PORT5_IRQHandler                           
000006ff  PORT6_IRQHandler                           
000006ff  PSS_IRQHandler                             
000006ff  PendSV_Handler                             
000006ff  RTC_C_IRQHandler                           
000006ff  SVC_Handler                                
000006ff  SysTick_Handler                            
000006ff  T32_INTC_IRQHandler                        
000006ff  TA0_0_IRQHandler                           
000006ff  TA0_N_IRQHandler                           
000006ff  TA1_0_IRQHandler                           
000006ff  TA1_N_IRQHandler                           
000006ff  TA2_0_IRQHandler                           
000006ff  TA2_N_IRQHandler                           
000006ff  TA3_0_IRQHandler                           
000006ff  TA3_N_IRQHandler                           
000006ff  UsageFault_Handler                         
000006ff  WDT_A_IRQHandler                           
00000701  OPT3001_getLux                             
000007d9  T32_INT2_IRQHandler                        
000007d9  T32_INT2_IRQHandler                        
000008ad  __aeabi_memcpy                             
000008ad  __aeabi_memcpy4                            
000008ad  __aeabi_memcpy8                            
000008ad  memcpy                                     
00000949  I2C_read16                                 
000009d5  __aeabi_cdrcmple                           
00000a5b  __aeabi_memclr                             
00000a5b  __aeabi_memclr4                            
00000a5b  __aeabi_memclr8                            
00000a5d  __aeabi_memset                             
00000a5d  __aeabi_memset4                            
00000a5d  __aeabi_memset8                            
00000a63  memset                                     
00000ad5  SystemInit                                 
00000b4d  __TI_auto_init                             
00000bbd  _Z11ButtonSetupv                           
00000c29  __TI_decompress_lzss                       
00000c91  T32_INT1_IRQHandler                        
00000c91  T32_INT1_IRQHandler                        
00000cf1  I2C_masterSendMultiByteFinish              
00000d45  _c_int00                                   
00000d99  C$$EXIT                                    
00000d9d  abort                                      
00000da5  exit                                       
00000ded  GPIO_setAsPeripheralModuleFunctionOutputPin
00000e39  copy_in                                    
00000e85  I2C_write16                                
00000f15  I2C_masterSendMultiByteStart               
00000f55  _Z8AdcSetupv                               
00000f95  main                                       
00000fd5  I2C_initMaster                             
00001013  __mpu_init                                 
00001015  I2C_masterReceiveMultiByteFinish           
00001045  I2C_masterSendMultiByteStop                
000010a5  _Z13Timer321Setupv                         
000010cd  _Z13Timer322Setupv                         
000010f5  _Z7DelayMsv                                
0000111b  _system_post_cinit                         
0000111d  I2C_masterSendMultiByteNext                
00001141  PORT4_IRQHandler                           
00001141  PORT4_IRQHandler                           
00001165  _Z15MicrophoneSetupv                       
00001189  I2C_init                                   
000011a9  __aeabi_ui2d                               
000011c9  I2C_setslave                               
000011e5  _Z8OnOffLedv                               
00001201  Init_I2C_GPIO                              
00001219  _Z10BlinkSetUpv                            
00001231  _args_main                                 
00001249  I2C_isBusBusy                              
0000125d  OPT3001_init                               
00001271  _register_unlock                           
00001277  _register_lock                             
0000127f  _nop                                       
00001285  I2C_masterReceiveStart                     
00001295  I2C_clearInterruptFlag                     
000012a3  I2C_setMode                                
000012b1  __TI_decompress_none                       
000012bf  I2C_disableModule                          
000012cb  I2C_enableModule                           
000012d7  Reset_Handler                              
000012e3  __TI_zero_init                             
000012ef  I2C_getInterruptStatus                     
000012f5  I2C_masterReceiveMultiByteNext             
000012fb  I2C_setSlaveAddress                        
000012ff  _system_pre_init                           
00001334  i2cConfig                                  
00001360  __TI_Handler_Table_Base                    
0000136c  __TI_Handler_Table_Limit                   
00001378  __TI_CINIT_Base                            
00001388  __TI_CINIT_Limit                           
20000000  g_bFlagFirstTime32Timer2                   
20000001  g_bFirstLightMeasure                       
20000002  g_bNightLevel                              
20000003  g_bAdcFirstFiveSeconds                     
20000004  g_bAdcSixthSecond                          
20000005  g_bAdcAverageFirstFiveSeconds              
20000006  g_bAdcCompareNUpdate                       
20000007  g_bAdcOnLight                              
20000008  g_iAdcCounter                              
2000000c  g_ui16AdcResult                            
2000000e  g_iCounterT321                             
20000010  g_u32_second1Data                          
20000014  g_u32_second2Data                          
20000018  g_u32_second3Data                          
2000001c  g_u32_second4Data                          
20000020  g_u32_second5Data                          
20000024  g_u32_second6Data                          
20000028  __TI_cleanup_ptr                           
2000002c  __TI_dtors_ptr                             
20000030  __TI_enable_exit_profile_output            
20000034  _lock                                      
20000038  _unlock                                    
2000003c  main_func_sp                               
20000040  g_fLux                                     
2000fe00  __stack                                    
20010000  __STACK_END                                
4000480c  WDTCTL_SYM                                 
ffffffff  __TI_pprof_out_hndl                        
ffffffff  __TI_prof_data_size                        
ffffffff  __TI_prof_data_start                       
ffffffff  __binit__                                  
ffffffff  __c_args__                                 
ffffffff  binit                                      
UNDEFED   SHT$$INIT_ARRAY$$Base                      
UNDEFED   SHT$$INIT_ARRAY$$Limit                     

[164 symbols]
