<?xml version="1.0" encoding="ISO-8859-1" ?>
<link_info>
   <banner>TI ARM Linker Unix v18.1.1.LTS</banner>
   <copyright>Copyright (c) 1996-2017 Texas Instruments Incorporated</copyright>
   <link_time>0x5af4e74e</link_time>
   <link_errors>0x0</link_errors>
   <output_file>labo2.out</output_file>
   <entry_point>
      <name>_c_int00_noargs</name>
      <address>0xe3d</address>
   </entry_point>
   <input_file_list>
      <input_file id="fl-1">
         <path>./</path>
         <kind>object</kind>
         <file>ADC_en.obj</file>
         <name>ADC_en.obj</name>
      </input_file>
      <input_file id="fl-2">
         <path>./</path>
         <kind>object</kind>
         <file>LED.obj</file>
         <name>LED.obj</name>
      </input_file>
      <input_file id="fl-3">
         <path>./</path>
         <kind>object</kind>
         <file>Mailbox.obj</file>
         <name>Mailbox.obj</name>
      </input_file>
      <input_file id="fl-4">
         <path>./</path>
         <kind>object</kind>
         <file>Scheduler.obj</file>
         <name>Scheduler.obj</name>
      </input_file>
      <input_file id="fl-5">
         <path>./</path>
         <kind>object</kind>
         <file>Task.obj</file>
         <name>Task.obj</name>
      </input_file>
      <input_file id="fl-6">
         <path>./</path>
         <kind>object</kind>
         <file>main.obj</file>
         <name>main.obj</name>
      </input_file>
      <input_file id="fl-7">
         <path>./</path>
         <kind>object</kind>
         <file>startup_msp432p401r_ccs.obj</file>
         <name>startup_msp432p401r_ccs.obj</name>
      </input_file>
      <input_file id="fl-8">
         <path>./</path>
         <kind>object</kind>
         <file>system_msp432p401r.obj</file>
         <name>system_msp432p401r.obj</name>
      </input_file>
      <input_file id="fl-c">
         <kind>object</kind>
         <file>&lt;internal&gt;</file>
         <name>&lt;internal&gt;</name>
      </input_file>
      <input_file id="fl-c2">
         <path>/home/sama/ti/ccsv7/tools/compiler/ti-cgt-arm_18.1.1.LTS/lib/</path>
         <kind>archive</kind>
         <file>rtsv7M4_T_le_v4SPD16_eabi.lib</file>
         <name>new.cpp.obj</name>
      </input_file>
      <input_file id="fl-c3">
         <path>/home/sama/ti/ccsv7/tools/compiler/ti-cgt-arm_18.1.1.LTS/lib/</path>
         <kind>archive</kind>
         <file>rtsv7M4_T_le_v4SPD16_eabi.lib</file>
         <name>typeinfo.c.obj</name>
      </input_file>
      <input_file id="fl-c4">
         <path>/home/sama/ti/ccsv7/tools/compiler/ti-cgt-arm_18.1.1.LTS/lib/</path>
         <kind>archive</kind>
         <file>rtsv7M4_T_le_v4SPD16_eabi.lib</file>
         <name>stdlib_typeinfo.cpp.obj</name>
      </input_file>
      <input_file id="fl-c5">
         <path>/home/sama/ti/ccsv7/tools/compiler/ti-cgt-arm_18.1.1.LTS/lib/</path>
         <kind>archive</kind>
         <file>rtsv7M4_T_le_v4SPD16_eabi.lib</file>
         <name>copy_zero_init.c.obj</name>
      </input_file>
      <input_file id="fl-c6">
         <path>/home/sama/ti/ccsv7/tools/compiler/ti-cgt-arm_18.1.1.LTS/lib/</path>
         <kind>archive</kind>
         <file>rtsv7M4_T_le_v4SPD16_eabi.lib</file>
         <name>copy_decompress_none.c.obj</name>
      </input_file>
      <input_file id="fl-c7">
         <path>/home/sama/ti/ccsv7/tools/compiler/ti-cgt-arm_18.1.1.LTS/lib/</path>
         <kind>archive</kind>
         <file>rtsv7M4_T_le_v4SPD16_eabi.lib</file>
         <name>copy_decompress_lzss.c.obj</name>
      </input_file>
      <input_file id="fl-c8">
         <path>/home/sama/ti/ccsv7/tools/compiler/ti-cgt-arm_18.1.1.LTS/lib/</path>
         <kind>archive</kind>
         <file>rtsv7M4_T_le_v4SPD16_eabi.lib</file>
         <name>boot_cortex_m.c.obj</name>
      </input_file>
      <input_file id="fl-c9">
         <path>/home/sama/ti/ccsv7/tools/compiler/ti-cgt-arm_18.1.1.LTS/lib/</path>
         <kind>archive</kind>
         <file>rtsv7M4_T_le_v4SPD16_eabi.lib</file>
         <name>exit.c.obj</name>
      </input_file>
      <input_file id="fl-ca">
         <path>/home/sama/ti/ccsv7/tools/compiler/ti-cgt-arm_18.1.1.LTS/lib/</path>
         <kind>archive</kind>
         <file>rtsv7M4_T_le_v4SPD16_eabi.lib</file>
         <name>memory.c.obj</name>
      </input_file>
      <input_file id="fl-cb">
         <path>/home/sama/ti/ccsv7/tools/compiler/ti-cgt-arm_18.1.1.LTS/lib/</path>
         <kind>archive</kind>
         <file>rtsv7M4_T_le_v4SPD16_eabi.lib</file>
         <name>_lock.c.obj</name>
      </input_file>
      <input_file id="fl-cc">
         <path>/home/sama/ti/ccsv7/tools/compiler/ti-cgt-arm_18.1.1.LTS/lib/</path>
         <kind>archive</kind>
         <file>rtsv7M4_T_le_v4SPD16_eabi.lib</file>
         <name>args_main.c.obj</name>
      </input_file>
      <input_file id="fl-cd">
         <path>/home/sama/ti/ccsv7/tools/compiler/ti-cgt-arm_18.1.1.LTS/lib/</path>
         <kind>archive</kind>
         <file>rtsv7M4_T_le_v4SPD16_eabi.lib</file>
         <name>stdlib_exception.cpp.obj</name>
      </input_file>
      <input_file id="fl-ce">
         <path>/home/sama/ti/ccsv7/tools/compiler/ti-cgt-arm_18.1.1.LTS/lib/</path>
         <kind>archive</kind>
         <file>rtsv7M4_T_le_v4SPD16_eabi.lib</file>
         <name>memcpy_t2.asm.obj</name>
      </input_file>
      <input_file id="fl-cf">
         <path>/home/sama/ti/ccsv7/tools/compiler/ti-cgt-arm_18.1.1.LTS/lib/</path>
         <kind>archive</kind>
         <file>rtsv7M4_T_le_v4SPD16_eabi.lib</file>
         <name>memset_t2.asm.obj</name>
      </input_file>
      <input_file id="fl-d0">
         <path>/home/sama/ti/ccsv7/tools/compiler/ti-cgt-arm_18.1.1.LTS/lib/</path>
         <kind>archive</kind>
         <file>rtsv7M4_T_le_v4SPD16_eabi.lib</file>
         <name>autoinit.c.obj</name>
      </input_file>
      <input_file id="fl-d1">
         <path>/home/sama/ti/ccsv7/tools/compiler/ti-cgt-arm_18.1.1.LTS/lib/</path>
         <kind>archive</kind>
         <file>rtsv7M4_T_le_v4SPD16_eabi.lib</file>
         <name>pre_init.c.obj</name>
      </input_file>
      <input_file id="fl-d2">
         <path>/home/sama/ti/ccsv7/tools/compiler/ti-cgt-arm_18.1.1.LTS/lib/</path>
         <kind>archive</kind>
         <file>rtsv7M4_T_le_v4SPD16_eabi.lib</file>
         <name>cpy_tbl.c.obj</name>
      </input_file>
   </input_file_list>
   <object_component_list>
      <object_component id="oc-24">
         <name>.intvecs:retain</name>
         <load_address>0x0</load_address>
         <run_address>0x0</run_address>
         <size>0xe4</size>
         <input_file_ref idref="fl-7"/>
      </object_component>
      <object_component id="oc-e0">
         <name>.text</name>
         <load_address>0xe4</load_address>
         <run_address>0xe4</run_address>
         <size>0x32c</size>
         <input_file_ref idref="fl-8"/>
      </object_component>
      <object_component id="oc-b6">
         <name>.text</name>
         <load_address>0x410</load_address>
         <run_address>0x410</run_address>
         <size>0x262</size>
         <input_file_ref idref="fl-4"/>
      </object_component>
      <object_component id="oc-2e3">
         <name>.text:_ZNSt9type_infoD1Ev</name>
         <load_address>0x672</load_address>
         <run_address>0x672</run_address>
         <size>0x2</size>
         <input_file_ref idref="fl-c4"/>
      </object_component>
      <object_component id="oc-68">
         <name>.text</name>
         <load_address>0x674</load_address>
         <run_address>0x674</run_address>
         <size>0x1d4</size>
         <input_file_ref idref="fl-6"/>
      </object_component>
      <object_component id="oc-b0">
         <name>.text</name>
         <load_address>0x848</load_address>
         <run_address>0x848</run_address>
         <size>0x114</size>
         <input_file_ref idref="fl-1"/>
      </object_component>
      <object_component id="oc-2ff">
         <name>.text:free</name>
         <load_address>0x95c</load_address>
         <run_address>0x95c</run_address>
         <size>0xd8</size>
         <input_file_ref idref="fl-ca"/>
      </object_component>
      <object_component id="oc-bc">
         <name>.text</name>
         <load_address>0xa34</load_address>
         <run_address>0xa34</run_address>
         <size>0x9c</size>
         <input_file_ref idref="fl-3"/>
      </object_component>
      <object_component id="oc-38">
         <name>.text</name>
         <load_address>0xad0</load_address>
         <run_address>0xad0</run_address>
         <size>0x9c</size>
         <input_file_ref idref="fl-ce"/>
      </object_component>
      <object_component id="oc-92">
         <name>.text</name>
         <load_address>0xb6c</load_address>
         <run_address>0xb6c</run_address>
         <size>0x7a</size>
         <input_file_ref idref="fl-cf"/>
      </object_component>
      <object_component id="oc-21c">
         <name>.text:_nop</name>
         <load_address>0xbe6</load_address>
         <run_address>0xbe6</run_address>
         <size>0x2</size>
         <input_file_ref idref="fl-cb"/>
      </object_component>
      <object_component id="oc-1f9">
         <name>.text:malloc</name>
         <load_address>0xbe8</load_address>
         <run_address>0xbe8</run_address>
         <size>0x78</size>
         <input_file_ref idref="fl-ca"/>
      </object_component>
      <object_component id="oc-148">
         <name>.text</name>
         <load_address>0xc60</load_address>
         <run_address>0xc60</run_address>
         <size>0x70</size>
         <input_file_ref idref="fl-5"/>
      </object_component>
      <object_component id="oc-aa">
         <name>.text</name>
         <load_address>0xcd0</load_address>
         <run_address>0xcd0</run_address>
         <size>0x68</size>
         <input_file_ref idref="fl-2"/>
      </object_component>
      <object_component id="oc-14">
         <name>.text:decompress:lzss:__TI_decompress_lzss</name>
         <load_address>0xd38</load_address>
         <run_address>0xd38</run_address>
         <size>0x68</size>
         <input_file_ref idref="fl-c7"/>
      </object_component>
      <object_component id="oc-11c">
         <name>.text:__TI_auto_init_nobinit:__TI_auto_init_nobinit</name>
         <load_address>0xda0</load_address>
         <run_address>0xda0</run_address>
         <size>0x60</size>
         <input_file_ref idref="fl-d0"/>
      </object_component>
      <object_component id="oc-26b">
         <name>.text:minsert</name>
         <load_address>0xe00</load_address>
         <run_address>0xe00</run_address>
         <size>0x3c</size>
         <input_file_ref idref="fl-ca"/>
      </object_component>
      <object_component id="oc-56">
         <name>.text:_c_int00_noargs:_c_int00_noargs</name>
         <load_address>0xe3c</load_address>
         <run_address>0xe3c</run_address>
         <size>0x38</size>
         <input_file_ref idref="fl-c8"/>
      </object_component>
      <object_component id="oc-25f">
         <name>.text:minit</name>
         <load_address>0xe74</load_address>
         <run_address>0xe74</run_address>
         <size>0x38</size>
         <input_file_ref idref="fl-ca"/>
      </object_component>
      <object_component id="oc-265">
         <name>.text:mremove</name>
         <load_address>0xeac</load_address>
         <run_address>0xeac</run_address>
         <size>0x28</size>
         <input_file_ref idref="fl-ca"/>
      </object_component>
      <object_component id="oc-170">
         <name>.text:_Znwj</name>
         <load_address>0xed4</load_address>
         <run_address>0xed4</run_address>
         <size>0x22</size>
         <input_file_ref idref="fl-c2"/>
      </object_component>
      <object_component id="oc-2b9">
         <name>.text:_ZN10__cxxabiv117__class_type_infoD0Ev</name>
         <load_address>0xef6</load_address>
         <run_address>0xef6</run_address>
         <size>0xe</size>
         <input_file_ref idref="fl-c3"/>
      </object_component>
      <object_component id="oc-29f">
         <name>.text:_ZN10__cxxabiv120__si_class_type_infoD0Ev</name>
         <load_address>0xf04</load_address>
         <run_address>0xf04</run_address>
         <size>0xe</size>
         <input_file_ref idref="fl-c3"/>
      </object_component>
      <object_component id="oc-1a">
         <name>.text:decompress:none:__TI_decompress_none</name>
         <load_address>0xf12</load_address>
         <run_address>0xf12</run_address>
         <size>0xe</size>
         <input_file_ref idref="fl-c6"/>
      </object_component>
      <object_component id="oc-6e">
         <name>.text</name>
         <load_address>0xf20</load_address>
         <run_address>0xf20</run_address>
         <size>0xe</size>
         <input_file_ref idref="fl-7"/>
      </object_component>
      <object_component id="oc-240">
         <name>.text:_ZN4Task3runEv</name>
         <load_address>0xf2e</load_address>
         <run_address>0xf2e</run_address>
         <size>0xc</size>
         <input_file_ref idref="fl-5"/>
      </object_component>
      <object_component id="oc-247">
         <name>.text:_ZN4Task5setupEv</name>
         <load_address>0xf3a</load_address>
         <run_address>0xf3a</run_address>
         <size>0xc</size>
         <input_file_ref idref="fl-5"/>
      </object_component>
      <object_component id="oc-176">
         <name>.text:_ZN7MailboxC1Ev</name>
         <load_address>0xf46</load_address>
         <run_address>0xf46</run_address>
         <size>0xc</size>
         <input_file_ref idref="fl-3"/>
      </object_component>
      <object_component id="oc-1ff">
         <name>.text:_ZSt15get_new_handlerv</name>
         <load_address>0xf54</load_address>
         <run_address>0xf54</run_address>
         <size>0xc</size>
         <input_file_ref idref="fl-c2"/>
      </object_component>
      <object_component id="oc-4a">
         <name>.text:decompress:ZI:__TI_zero_init</name>
         <load_address>0xf60</load_address>
         <run_address>0xf60</run_address>
         <size>0xc</size>
         <input_file_ref idref="fl-c5"/>
      </object_component>
      <object_component id="oc-2eb">
         <name>.text:_ZdlPv</name>
         <load_address>0xf6c</load_address>
         <run_address>0xf6c</run_address>
         <size>0x8</size>
         <input_file_ref idref="fl-c2"/>
      </object_component>
      <object_component id="oc-2b3">
         <name>.text:_ZN10__cxxabiv117__class_type_infoD1Ev</name>
         <load_address>0xf74</load_address>
         <run_address>0xf74</run_address>
         <size>0x4</size>
         <input_file_ref idref="fl-c3"/>
      </object_component>
      <object_component id="oc-299">
         <name>.text:_ZN10__cxxabiv120__si_class_type_infoD1Ev</name>
         <load_address>0xf78</load_address>
         <run_address>0xf78</run_address>
         <size>0x4</size>
         <input_file_ref idref="fl-c3"/>
      </object_component>
      <object_component id="oc-2ca">
         <name>.text:_ZdlPvj</name>
         <load_address>0xf7c</load_address>
         <run_address>0xf7c</run_address>
         <size>0x4</size>
         <input_file_ref idref="fl-c2"/>
      </object_component>
      <object_component id="oc-98">
         <name>.text:_system_pre_init</name>
         <load_address>0xf80</load_address>
         <run_address>0xf80</run_address>
         <size>0x4</size>
         <input_file_ref idref="fl-d1"/>
      </object_component>
      <object_component id="oc-10a">
         <name>.text:abort:abort</name>
         <load_address>0xf84</load_address>
         <run_address>0xf84</run_address>
         <size>0x4</size>
         <input_file_ref idref="fl-c9"/>
      </object_component>
      <object_component id="oc-2bf">
         <name>.const:.typeinfo:_ZTSN10__cxxabiv120__si_class_type_infoE</name>
         <load_address>0xf88</load_address>
         <run_address>0xf88</run_address>
         <size>0x25</size>
         <input_file_ref idref="fl-c3"/>
      </object_component>
      <object_component id="oc-2d9">
         <name>.const:.typeinfo:_ZTSN10__cxxabiv117__class_type_infoE</name>
         <load_address>0xfad</load_address>
         <run_address>0xfad</run_address>
         <size>0x22</size>
         <input_file_ref idref="fl-c3"/>
      </object_component>
      <object_component id="oc-14e">
         <name>.const:_ZTV3LED</name>
         <load_address>0xfd0</load_address>
         <run_address>0xfd0</run_address>
         <size>0x10</size>
         <input_file_ref idref="fl-2"/>
      </object_component>
      <object_component id="oc-1c8">
         <name>.const:_ZTV4Task</name>
         <load_address>0xfe0</load_address>
         <run_address>0xfe0</run_address>
         <size>0x10</size>
         <input_file_ref idref="fl-5"/>
      </object_component>
      <object_component id="oc-156">
         <name>.const:_ZTV6ADC_en</name>
         <load_address>0xff0</load_address>
         <run_address>0xff0</run_address>
         <size>0x10</size>
         <input_file_ref idref="fl-1"/>
      </object_component>
      <object_component id="oc-28a">
         <name>.const:_ZTVN10__cxxabiv117__class_type_infoE</name>
         <load_address>0x1000</load_address>
         <run_address>0x1000</run_address>
         <size>0x10</size>
         <input_file_ref idref="fl-c3"/>
      </object_component>
      <object_component id="oc-250">
         <name>.const:_ZTVN10__cxxabiv120__si_class_type_infoE</name>
         <load_address>0x1010</load_address>
         <run_address>0x1010</run_address>
         <size>0x10</size>
         <input_file_ref idref="fl-c3"/>
      </object_component>
      <object_component id="oc-2f2">
         <name>.const:.typeinfo:_ZTSSt9type_info</name>
         <load_address>0x1020</load_address>
         <run_address>0x1020</run_address>
         <size>0xd</size>
         <input_file_ref idref="fl-c4"/>
      </object_component>
      <object_component id="oc-1d5">
         <name>.const:.typeinfo:_ZTI3LED</name>
         <load_address>0x1030</load_address>
         <run_address>0x1030</run_address>
         <size>0xc</size>
         <input_file_ref idref="fl-2"/>
      </object_component>
      <object_component id="oc-1eb">
         <name>.const:.typeinfo:_ZTI6ADC_en</name>
         <load_address>0x103c</load_address>
         <run_address>0x103c</run_address>
         <size>0xc</size>
         <input_file_ref idref="fl-1"/>
      </object_component>
      <object_component id="oc-2ae">
         <name>.const:.typeinfo:_ZTIN10__cxxabiv117__class_type_infoE</name>
         <load_address>0x1048</load_address>
         <run_address>0x1048</run_address>
         <size>0xc</size>
         <input_file_ref idref="fl-c3"/>
      </object_component>
      <object_component id="oc-294">
         <name>.const:.typeinfo:_ZTIN10__cxxabiv120__si_class_type_infoE</name>
         <load_address>0x1054</load_address>
         <run_address>0x1054</run_address>
         <size>0xc</size>
         <input_file_ref idref="fl-c3"/>
      </object_component>
      <object_component id="oc-23b">
         <name>.const:.typeinfo:_ZTI4Task</name>
         <load_address>0x1060</load_address>
         <run_address>0x1060</run_address>
         <size>0x8</size>
         <input_file_ref idref="fl-1"/>
      </object_component>
      <object_component id="oc-2de">
         <name>.const:.typeinfo:_ZTISt9type_info</name>
         <load_address>0x1068</load_address>
         <run_address>0x1068</run_address>
         <size>0x8</size>
         <input_file_ref idref="fl-c4"/>
      </object_component>
      <object_component id="oc-25a">
         <name>.const:.typeinfo:_ZTS6ADC_en</name>
         <load_address>0x1070</load_address>
         <run_address>0x1070</run_address>
         <size>0x8</size>
         <input_file_ref idref="fl-1"/>
      </object_component>
      <object_component id="oc-28f">
         <name>.const:.typeinfo:_ZTS4Task</name>
         <load_address>0x1078</load_address>
         <run_address>0x1078</run_address>
         <size>0x6</size>
         <input_file_ref idref="fl-1"/>
      </object_component>
      <object_component id="oc-255">
         <name>.const:.typeinfo:_ZTS3LED</name>
         <load_address>0x107e</load_address>
         <run_address>0x107e</run_address>
         <size>0x5</size>
         <input_file_ref idref="fl-2"/>
      </object_component>
      <object_component id="oc-342">
         <name>.cinit..data.load</name>
         <load_address>0x1088</load_address>
         <run_address>0x1088</run_address>
         <size>0x1d</size>
      </object_component>
      <object_component id="oc-340">
         <name>__TI_handler_table</name>
         <load_address>0x10a8</load_address>
         <run_address>0x10a8</run_address>
         <size>0xc</size>
      </object_component>
      <object_component id="oc-343">
         <name>.cinit..bss.load</name>
         <load_address>0x10b8</load_address>
         <run_address>0x10b8</run_address>
         <size>0x8</size>
      </object_component>
      <object_component id="oc-341">
         <name>__TI_cinit_table</name>
         <load_address>0x10c0</load_address>
         <run_address>0x10c0</run_address>
         <size>0x10</size>
      </object_component>
      <object_component id="oc-23">
         <name>.init_array</name>
         <load_address>0x1084</load_address>
         <run_address>0x1084</run_address>
         <size>0x4</size>
         <input_file_ref idref="fl-6"/>
      </object_component>
      <object_component id="oc-344">
         <name>SHT$$INIT_ARRAY$$Limit</name>
         <load_address>0x1088</load_address>
         <run_address>0x1088</run_address>
         <size>0x0</size>
      </object_component>
      <object_component id="oc-315">
         <name>.binit</name>
         <load_address>0x0</load_address>
         <run_address>0x0</run_address>
         <size>0x0</size>
      </object_component>
      <object_component id="oc-17d">
         <name>.data</name>
         <load_address>0x20004404</load_address>
         <run_address>0x20004404</run_address>
         <size>0x4</size>
         <input_file_ref idref="fl-3"/>
      </object_component>
      <object_component id="oc-c5">
         <name>.data</name>
         <load_address>0x200043e0</load_address>
         <run_address>0x200043e0</run_address>
         <size>0xf</size>
         <input_file_ref idref="fl-6"/>
      </object_component>
      <object_component id="oc-19a">
         <name>.data</name>
         <load_address>0x20004408</load_address>
         <run_address>0x20004408</run_address>
         <size>0x4</size>
         <input_file_ref idref="fl-8"/>
      </object_component>
      <object_component id="oc-271">
         <name>.data:$O1$$</name>
         <load_address>0x200043f0</load_address>
         <run_address>0x200043f0</run_address>
         <size>0xc</size>
         <input_file_ref idref="fl-ca"/>
      </object_component>
      <object_component id="oc-1ac">
         <name>.data:$O1$$</name>
         <load_address>0x200043fc</load_address>
         <run_address>0x200043fc</run_address>
         <size>0x8</size>
         <input_file_ref idref="fl-cb"/>
      </object_component>
      <object_component id="oc-c8">
         <name>.bss</name>
         <uninitialized>true</uninitialized>
         <run_address>0x20003fd8</run_address>
         <size>0x4</size>
         <input_file_ref idref="fl-6"/>
      </object_component>
      <object_component id="oc-c2">
         <name>.bss:g_MainScheduler</name>
         <uninitialized>true</uninitialized>
         <run_address>0x20000000</run_address>
         <size>0x3fd8</size>
         <input_file_ref idref="fl-6"/>
      </object_component>
      <object_component id="oc-275">
         <name>.bss</name>
         <uninitialized>true</uninitialized>
         <run_address>0x20003fdc</run_address>
         <size>0x4</size>
         <input_file_ref idref="fl-c2"/>
      </object_component>
      <object_component id="oc-2a">
         <name>.sysmem</name>
         <uninitialized>true</uninitialized>
         <run_address>0x20003fe0</run_address>
         <size>0x8</size>
         <input_file_ref idref="fl-ca"/>
      </object_component>
      <object_component id="oc-346">
         <name>.sysmem</name>
         <uninitialized>true</uninitialized>
         <run_address>0x20003fe0</run_address>
         <size>0x0</size>
      </object_component>
      <object_component id="oc-27">
         <name>.stack</name>
         <uninitialized>true</uninitialized>
         <run_address>0x2000fe00</run_address>
         <size>0x4</size>
         <input_file_ref idref="fl-c8"/>
      </object_component>
      <object_component id="oc-345">
         <name>.stack</name>
         <uninitialized>true</uninitialized>
         <run_address>0x2000fe00</run_address>
         <size>0x0</size>
      </object_component>
      <object_component id="oc-161">
         <name>.debug_info</name>
         <load_address>0x0</load_address>
         <run_address>0x0</run_address>
         <size>0x1e51</size>
         <input_file_ref idref="fl-1"/>
      </object_component>
      <object_component id="oc-157">
         <name>.debug_info</name>
         <load_address>0x1e51</load_address>
         <run_address>0x1e51</run_address>
         <size>0x106</size>
         <input_file_ref idref="fl-1"/>
      </object_component>
      <object_component id="oc-1ec">
         <name>.debug_info</name>
         <load_address>0x1f57</load_address>
         <run_address>0x1f57</run_address>
         <size>0xf8</size>
         <input_file_ref idref="fl-1"/>
      </object_component>
      <object_component id="oc-23c">
         <name>.debug_info</name>
         <load_address>0x204f</load_address>
         <run_address>0x204f</run_address>
         <size>0xf4</size>
         <input_file_ref idref="fl-1"/>
      </object_component>
      <object_component id="oc-290">
         <name>.debug_info</name>
         <load_address>0x2143</load_address>
         <run_address>0x2143</run_address>
         <size>0xf9</size>
         <input_file_ref idref="fl-1"/>
      </object_component>
      <object_component id="oc-25b">
         <name>.debug_info</name>
         <load_address>0x223c</load_address>
         <run_address>0x223c</run_address>
         <size>0xfd</size>
         <input_file_ref idref="fl-1"/>
      </object_component>
      <object_component id="oc-b1">
         <name>.debug_info</name>
         <load_address>0x2339</load_address>
         <run_address>0x2339</run_address>
         <size>0x53d</size>
         <input_file_ref idref="fl-1"/>
      </object_component>
      <object_component id="oc-1dc">
         <name>.debug_info</name>
         <load_address>0x2876</load_address>
         <run_address>0x2876</run_address>
         <size>0x139b</size>
         <input_file_ref idref="fl-1"/>
      </object_component>
      <object_component id="oc-d6">
         <name>.debug_info</name>
         <load_address>0x3c11</load_address>
         <run_address>0x3c11</run_address>
         <size>0x46de</size>
         <input_file_ref idref="fl-1"/>
      </object_component>
      <object_component id="oc-15c">
         <name>.debug_info</name>
         <load_address>0x82ef</load_address>
         <run_address>0x82ef</run_address>
         <size>0xf6</size>
         <input_file_ref idref="fl-1"/>
      </object_component>
      <object_component id="oc-181">
         <name>.debug_info</name>
         <load_address>0x83e5</load_address>
         <run_address>0x83e5</run_address>
         <size>0x1b3</size>
         <input_file_ref idref="fl-1"/>
      </object_component>
      <object_component id="oc-1e1">
         <name>.debug_info</name>
         <load_address>0x8598</load_address>
         <run_address>0x8598</run_address>
         <size>0x73</size>
         <input_file_ref idref="fl-1"/>
      </object_component>
      <object_component id="oc-18c">
         <name>.debug_info</name>
         <load_address>0x860b</load_address>
         <run_address>0x860b</run_address>
         <size>0x205</size>
         <input_file_ref idref="fl-1"/>
      </object_component>
      <object_component id="oc-16b">
         <name>.debug_info</name>
         <load_address>0x8810</load_address>
         <run_address>0x8810</run_address>
         <size>0x8b</size>
         <input_file_ref idref="fl-1"/>
      </object_component>
      <object_component id="oc-195">
         <name>.debug_info</name>
         <load_address>0x889b</load_address>
         <run_address>0x889b</run_address>
         <size>0x2c9</size>
         <input_file_ref idref="fl-1"/>
      </object_component>
      <object_component id="oc-db">
         <name>.debug_info</name>
         <load_address>0x8b64</load_address>
         <run_address>0x8b64</run_address>
         <size>0xbb</size>
         <input_file_ref idref="fl-1"/>
      </object_component>
      <object_component id="oc-1e6">
         <name>.debug_info</name>
         <load_address>0x8c1f</load_address>
         <run_address>0x8c1f</run_address>
         <size>0x2a1</size>
         <input_file_ref idref="fl-1"/>
      </object_component>
      <object_component id="oc-154">
         <name>.debug_info</name>
         <load_address>0x8ec0</load_address>
         <run_address>0x8ec0</run_address>
         <size>0x1e4e</size>
         <input_file_ref idref="fl-2"/>
      </object_component>
      <object_component id="oc-14f">
         <name>.debug_info</name>
         <load_address>0xad0e</load_address>
         <run_address>0xad0e</run_address>
         <size>0xfd</size>
         <input_file_ref idref="fl-2"/>
      </object_component>
      <object_component id="oc-1d6">
         <name>.debug_info</name>
         <load_address>0xae0b</load_address>
         <run_address>0xae0b</run_address>
         <size>0xef</size>
         <input_file_ref idref="fl-2"/>
      </object_component>
      <object_component id="oc-256">
         <name>.debug_info</name>
         <load_address>0xaefa</load_address>
         <run_address>0xaefa</run_address>
         <size>0xf4</size>
         <input_file_ref idref="fl-2"/>
      </object_component>
      <object_component id="oc-ab">
         <name>.debug_info</name>
         <load_address>0xafee</load_address>
         <run_address>0xafee</run_address>
         <size>0x24f</size>
         <input_file_ref idref="fl-2"/>
      </object_component>
      <object_component id="oc-cc">
         <name>.debug_info</name>
         <load_address>0xb23d</load_address>
         <run_address>0xb23d</run_address>
         <size>0xf6</size>
         <input_file_ref idref="fl-2"/>
      </object_component>
      <object_component id="oc-186">
         <name>.debug_info</name>
         <load_address>0xb333</load_address>
         <run_address>0xb333</run_address>
         <size>0x1830</size>
         <input_file_ref idref="fl-3"/>
      </object_component>
      <object_component id="oc-17e">
         <name>.debug_info</name>
         <load_address>0xcb63</load_address>
         <run_address>0xcb63</run_address>
         <size>0x103</size>
         <input_file_ref idref="fl-3"/>
      </object_component>
      <object_component id="oc-177">
         <name>.debug_info</name>
         <load_address>0xcc66</load_address>
         <run_address>0xcc66</run_address>
         <size>0x1c9</size>
         <input_file_ref idref="fl-3"/>
      </object_component>
      <object_component id="oc-bd">
         <name>.debug_info</name>
         <load_address>0xce2f</load_address>
         <run_address>0xce2f</run_address>
         <size>0x331</size>
         <input_file_ref idref="fl-3"/>
      </object_component>
      <object_component id="oc-169">
         <name>.debug_info</name>
         <load_address>0xd160</load_address>
         <run_address>0xd160</run_address>
         <size>0x1a34</size>
         <input_file_ref idref="fl-4"/>
      </object_component>
      <object_component id="oc-b7">
         <name>.debug_info</name>
         <load_address>0xeb94</load_address>
         <run_address>0xeb94</run_address>
         <size>0x6d5</size>
         <input_file_ref idref="fl-4"/>
      </object_component>
      <object_component id="oc-164">
         <name>.debug_info</name>
         <load_address>0xf269</load_address>
         <run_address>0xf269</run_address>
         <size>0x2a7</size>
         <input_file_ref idref="fl-4"/>
      </object_component>
      <object_component id="oc-1ce">
         <name>.debug_info</name>
         <load_address>0xf510</load_address>
         <run_address>0xf510</run_address>
         <size>0x1f9</size>
         <input_file_ref idref="fl-4"/>
      </object_component>
      <object_component id="oc-1f4">
         <name>.debug_info</name>
         <load_address>0xf709</load_address>
         <run_address>0xf709</run_address>
         <size>0x1a5</size>
         <input_file_ref idref="fl-4"/>
      </object_component>
      <object_component id="oc-1d3">
         <name>.debug_info</name>
         <load_address>0xf8ae</load_address>
         <run_address>0xf8ae</run_address>
         <size>0x1e5d</size>
         <input_file_ref idref="fl-5"/>
      </object_component>
      <object_component id="oc-1c9">
         <name>.debug_info</name>
         <load_address>0x1170b</load_address>
         <run_address>0x1170b</run_address>
         <size>0x100</size>
         <input_file_ref idref="fl-5"/>
      </object_component>
      <object_component id="oc-241">
         <name>.debug_info</name>
         <load_address>0x1180b</load_address>
         <run_address>0x1180b</run_address>
         <size>0x13d</size>
         <input_file_ref idref="fl-5"/>
      </object_component>
      <object_component id="oc-248">
         <name>.debug_info</name>
         <load_address>0x11948</load_address>
         <run_address>0x11948</run_address>
         <size>0x141</size>
         <input_file_ref idref="fl-5"/>
      </object_component>
      <object_component id="oc-149">
         <name>.debug_info</name>
         <load_address>0x11a89</load_address>
         <run_address>0x11a89</run_address>
         <size>0x30a</size>
         <input_file_ref idref="fl-5"/>
      </object_component>
      <object_component id="oc-191">
         <name>.debug_info</name>
         <load_address>0x11d93</load_address>
         <run_address>0x11d93</run_address>
         <size>0x1c0c</size>
         <input_file_ref idref="fl-6"/>
      </object_component>
      <object_component id="oc-c6">
         <name>.debug_info</name>
         <load_address>0x1399f</load_address>
         <run_address>0x1399f</run_address>
         <size>0x1c0</size>
         <input_file_ref idref="fl-6"/>
      </object_component>
      <object_component id="oc-c9">
         <name>.debug_info</name>
         <load_address>0x13b5f</load_address>
         <run_address>0x13b5f</run_address>
         <size>0xea</size>
         <input_file_ref idref="fl-6"/>
      </object_component>
      <object_component id="oc-c3">
         <name>.debug_info</name>
         <load_address>0x13c49</load_address>
         <run_address>0x13c49</run_address>
         <size>0xf6</size>
         <input_file_ref idref="fl-6"/>
      </object_component>
      <object_component id="oc-69">
         <name>.debug_info</name>
         <load_address>0x13d3f</load_address>
         <run_address>0x13d3f</run_address>
         <size>0x6bd</size>
         <input_file_ref idref="fl-6"/>
      </object_component>
      <object_component id="oc-d1">
         <name>.debug_info</name>
         <load_address>0x143fc</load_address>
         <run_address>0x143fc</run_address>
         <size>0xf6</size>
         <input_file_ref idref="fl-6"/>
      </object_component>
      <object_component id="oc-76">
         <name>.debug_info</name>
         <load_address>0x144f2</load_address>
         <run_address>0x144f2</run_address>
         <size>0x2dd</size>
         <input_file_ref idref="fl-7"/>
      </object_component>
      <object_component id="oc-25">
         <name>.debug_info</name>
         <load_address>0x147cf</load_address>
         <run_address>0x147cf</run_address>
         <size>0x109</size>
         <input_file_ref idref="fl-7"/>
      </object_component>
      <object_component id="oc-6f">
         <name>.debug_info</name>
         <load_address>0x148d8</load_address>
         <run_address>0x148d8</run_address>
         <size>0x1d0</size>
         <input_file_ref idref="fl-7"/>
      </object_component>
      <object_component id="oc-e9">
         <name>.debug_info</name>
         <load_address>0x14aa8</load_address>
         <run_address>0x14aa8</run_address>
         <size>0x26b</size>
         <input_file_ref idref="fl-7"/>
      </object_component>
      <object_component id="oc-33">
         <name>.debug_info</name>
         <load_address>0x14d13</load_address>
         <run_address>0x14d13</run_address>
         <size>0x84</size>
         <input_file_ref idref="fl-7"/>
      </object_component>
      <object_component id="oc-1a3">
         <name>.debug_info</name>
         <load_address>0x14d97</load_address>
         <run_address>0x14d97</run_address>
         <size>0x297</size>
         <input_file_ref idref="fl-7"/>
      </object_component>
      <object_component id="oc-19e">
         <name>.debug_info</name>
         <load_address>0x1502e</load_address>
         <run_address>0x1502e</run_address>
         <size>0xbb</size>
         <input_file_ref idref="fl-7"/>
      </object_component>
      <object_component id="oc-19b">
         <name>.debug_info</name>
         <load_address>0x150e9</load_address>
         <run_address>0x150e9</run_address>
         <size>0x102</size>
         <input_file_ref idref="fl-8"/>
      </object_component>
      <object_component id="oc-e1">
         <name>.debug_info</name>
         <load_address>0x151eb</load_address>
         <run_address>0x151eb</run_address>
         <size>0x274</size>
         <input_file_ref idref="fl-8"/>
      </object_component>
      <object_component id="oc-206">
         <name>.debug_info</name>
         <load_address>0x1545f</load_address>
         <run_address>0x1545f</run_address>
         <size>0x46a</size>
         <input_file_ref idref="fl-c2"/>
      </object_component>
      <object_component id="oc-276">
         <name>.debug_info</name>
         <load_address>0x158c9</load_address>
         <run_address>0x158c9</run_address>
         <size>0x149</size>
         <input_file_ref idref="fl-c2"/>
      </object_component>
      <object_component id="oc-200">
         <name>.debug_info</name>
         <load_address>0x15a12</load_address>
         <run_address>0x15a12</run_address>
         <size>0x197</size>
         <input_file_ref idref="fl-c2"/>
      </object_component>
      <object_component id="oc-171">
         <name>.debug_info</name>
         <load_address>0x15ba9</load_address>
         <run_address>0x15ba9</run_address>
         <size>0x1b1</size>
         <input_file_ref idref="fl-c2"/>
      </object_component>
      <object_component id="oc-2ec">
         <name>.debug_info</name>
         <load_address>0x15d5a</load_address>
         <run_address>0x15d5a</run_address>
         <size>0x170</size>
         <input_file_ref idref="fl-c2"/>
      </object_component>
      <object_component id="oc-2cb">
         <name>.debug_info</name>
         <load_address>0x15eca</load_address>
         <run_address>0x15eca</run_address>
         <size>0x171</size>
         <input_file_ref idref="fl-c2"/>
      </object_component>
      <object_component id="oc-20d">
         <name>.debug_info</name>
         <load_address>0x1603b</load_address>
         <run_address>0x1603b</run_address>
         <size>0x6c</size>
         <input_file_ref idref="fl-c2"/>
      </object_component>
      <object_component id="oc-208">
         <name>.debug_info</name>
         <load_address>0x160a7</load_address>
         <run_address>0x160a7</run_address>
         <size>0x2c</size>
         <input_file_ref idref="fl-c2"/>
      </object_component>
      <object_component id="oc-2a4">
         <name>.debug_info</name>
         <load_address>0x160d3</load_address>
         <run_address>0x160d3</run_address>
         <size>0x903</size>
         <input_file_ref idref="fl-c3"/>
      </object_component>
      <object_component id="oc-28b">
         <name>.debug_info</name>
         <load_address>0x169d6</load_address>
         <run_address>0x169d6</run_address>
         <size>0x14a</size>
         <input_file_ref idref="fl-c3"/>
      </object_component>
      <object_component id="oc-251">
         <name>.debug_info</name>
         <load_address>0x16b20</load_address>
         <run_address>0x16b20</run_address>
         <size>0x150</size>
         <input_file_ref idref="fl-c3"/>
      </object_component>
      <object_component id="oc-2af">
         <name>.debug_info</name>
         <load_address>0x16c70</load_address>
         <run_address>0x16c70</run_address>
         <size>0x13c</size>
         <input_file_ref idref="fl-c3"/>
      </object_component>
      <object_component id="oc-295">
         <name>.debug_info</name>
         <load_address>0x16dac</load_address>
         <run_address>0x16dac</run_address>
         <size>0x142</size>
         <input_file_ref idref="fl-c3"/>
      </object_component>
      <object_component id="oc-2da">
         <name>.debug_info</name>
         <load_address>0x16eee</load_address>
         <run_address>0x16eee</run_address>
         <size>0x141</size>
         <input_file_ref idref="fl-c3"/>
      </object_component>
      <object_component id="oc-2c0">
         <name>.debug_info</name>
         <load_address>0x1702f</load_address>
         <run_address>0x1702f</run_address>
         <size>0x147</size>
         <input_file_ref idref="fl-c3"/>
      </object_component>
      <object_component id="oc-2b4">
         <name>.debug_info</name>
         <load_address>0x17176</load_address>
         <run_address>0x17176</run_address>
         <size>0x188</size>
         <input_file_ref idref="fl-c3"/>
      </object_component>
      <object_component id="oc-29a">
         <name>.debug_info</name>
         <load_address>0x172fe</load_address>
         <run_address>0x172fe</run_address>
         <size>0x1a1</size>
         <input_file_ref idref="fl-c3"/>
      </object_component>
      <object_component id="oc-2a0">
         <name>.debug_info</name>
         <load_address>0x1749f</load_address>
         <run_address>0x1749f</run_address>
         <size>0x195</size>
         <input_file_ref idref="fl-c3"/>
      </object_component>
      <object_component id="oc-2ba">
         <name>.debug_info</name>
         <load_address>0x17634</load_address>
         <run_address>0x17634</run_address>
         <size>0x17c</size>
         <input_file_ref idref="fl-c3"/>
      </object_component>
      <object_component id="oc-2c5">
         <name>.debug_info</name>
         <load_address>0x177b0</load_address>
         <run_address>0x177b0</run_address>
         <size>0x59b</size>
         <input_file_ref idref="fl-c3"/>
      </object_component>
      <object_component id="oc-2d4">
         <name>.debug_info</name>
         <load_address>0x17d4b</load_address>
         <run_address>0x17d4b</run_address>
         <size>0x110</size>
         <input_file_ref idref="fl-c3"/>
      </object_component>
      <object_component id="oc-2f7">
         <name>.debug_info</name>
         <load_address>0x17e5b</load_address>
         <run_address>0x17e5b</run_address>
         <size>0x728</size>
         <input_file_ref idref="fl-c4"/>
      </object_component>
      <object_component id="oc-2df">
         <name>.debug_info</name>
         <load_address>0x18583</load_address>
         <run_address>0x18583</run_address>
         <size>0x121</size>
         <input_file_ref idref="fl-c4"/>
      </object_component>
      <object_component id="oc-2f3">
         <name>.debug_info</name>
         <load_address>0x186a4</load_address>
         <run_address>0x186a4</run_address>
         <size>0x126</size>
         <input_file_ref idref="fl-c4"/>
      </object_component>
      <object_component id="oc-2e4">
         <name>.debug_info</name>
         <load_address>0x187ca</load_address>
         <run_address>0x187ca</run_address>
         <size>0x170</size>
         <input_file_ref idref="fl-c4"/>
      </object_component>
      <object_component id="oc-308">
         <name>.debug_info</name>
         <load_address>0x1893a</load_address>
         <run_address>0x1893a</run_address>
         <size>0x2c</size>
         <input_file_ref idref="fl-c4"/>
      </object_component>
      <object_component id="oc-2fa">
         <name>.debug_info</name>
         <load_address>0x18966</load_address>
         <run_address>0x18966</run_address>
         <size>0x21e</size>
         <input_file_ref idref="fl-c4"/>
      </object_component>
      <object_component id="oc-30d">
         <name>.debug_info</name>
         <load_address>0x18b84</load_address>
         <run_address>0x18b84</run_address>
         <size>0x9c</size>
         <input_file_ref idref="fl-c4"/>
      </object_component>
      <object_component id="oc-91">
         <name>.debug_info</name>
         <load_address>0x18c20</load_address>
         <run_address>0x18c20</run_address>
         <size>0x313</size>
         <input_file_ref idref="fl-c5"/>
      </object_component>
      <object_component id="oc-4b">
         <name>.debug_info</name>
         <load_address>0x18f33</load_address>
         <run_address>0x18f33</run_address>
         <size>0x1aa</size>
         <input_file_ref idref="fl-c5"/>
      </object_component>
      <object_component id="oc-8c">
         <name>.debug_info</name>
         <load_address>0x190dd</load_address>
         <run_address>0x190dd</run_address>
         <size>0x46</size>
         <input_file_ref idref="fl-c5"/>
      </object_component>
      <object_component id="oc-101">
         <name>.debug_info</name>
         <load_address>0x19123</load_address>
         <run_address>0x19123</run_address>
         <size>0x2c</size>
         <input_file_ref idref="fl-c5"/>
      </object_component>
      <object_component id="oc-43">
         <name>.debug_info</name>
         <load_address>0x1914f</load_address>
         <run_address>0x1914f</run_address>
         <size>0x29d</size>
         <input_file_ref idref="fl-c6"/>
      </object_component>
      <object_component id="oc-1b">
         <name>.debug_info</name>
         <load_address>0x193ec</load_address>
         <run_address>0x193ec</run_address>
         <size>0x1df</size>
         <input_file_ref idref="fl-c6"/>
      </object_component>
      <object_component id="oc-3e">
         <name>.debug_info</name>
         <load_address>0x195cb</load_address>
         <run_address>0x195cb</run_address>
         <size>0x46</size>
         <input_file_ref idref="fl-c6"/>
      </object_component>
      <object_component id="oc-84">
         <name>.debug_info</name>
         <load_address>0x19611</load_address>
         <run_address>0x19611</run_address>
         <size>0x2c</size>
         <input_file_ref idref="fl-c6"/>
      </object_component>
      <object_component id="oc-82">
         <name>.debug_info</name>
         <load_address>0x1963d</load_address>
         <run_address>0x1963d</run_address>
         <size>0x293</size>
         <input_file_ref idref="fl-c7"/>
      </object_component>
      <object_component id="oc-15">
         <name>.debug_info</name>
         <load_address>0x198d0</load_address>
         <run_address>0x198d0</run_address>
         <size>0x245</size>
         <input_file_ref idref="fl-c7"/>
      </object_component>
      <object_component id="oc-2e">
         <name>.debug_info</name>
         <load_address>0x19b15</load_address>
         <run_address>0x19b15</run_address>
         <size>0x60</size>
         <input_file_ref idref="fl-c7"/>
      </object_component>
      <object_component id="oc-fa">
         <name>.debug_info</name>
         <load_address>0x19b75</load_address>
         <run_address>0x19b75</run_address>
         <size>0x46</size>
         <input_file_ref idref="fl-c7"/>
      </object_component>
      <object_component id="oc-7d">
         <name>.debug_info</name>
         <load_address>0x19bbb</load_address>
         <run_address>0x19bbb</run_address>
         <size>0x39</size>
         <input_file_ref idref="fl-c7"/>
      </object_component>
      <object_component id="oc-28">
         <name>.debug_info</name>
         <load_address>0x19bf4</load_address>
         <run_address>0x19bf4</run_address>
         <size>0x100</size>
         <input_file_ref idref="fl-c8"/>
      </object_component>
      <object_component id="oc-57">
         <name>.debug_info</name>
         <load_address>0x19cf4</load_address>
         <run_address>0x19cf4</run_address>
         <size>0x1a4</size>
         <input_file_ref idref="fl-c8"/>
      </object_component>
      <object_component id="oc-10b">
         <name>.debug_info</name>
         <load_address>0x19e98</load_address>
         <run_address>0x19e98</run_address>
         <size>0x117</size>
         <input_file_ref idref="fl-c9"/>
      </object_component>
      <object_component id="oc-7b">
         <name>.debug_info</name>
         <load_address>0x19faf</load_address>
         <run_address>0x19faf</run_address>
         <size>0x3bb</size>
         <input_file_ref idref="fl-ca"/>
      </object_component>
      <object_component id="oc-2b">
         <name>.debug_info</name>
         <load_address>0x1a36a</load_address>
         <run_address>0x1a36a</run_address>
         <size>0x101</size>
         <input_file_ref idref="fl-ca"/>
      </object_component>
      <object_component id="oc-272">
         <name>.debug_info</name>
         <load_address>0x1a46b</load_address>
         <run_address>0x1a46b</run_address>
         <size>0x14c</size>
         <input_file_ref idref="fl-ca"/>
      </object_component>
      <object_component id="oc-260">
         <name>.debug_info</name>
         <load_address>0x1a5b7</load_address>
         <run_address>0x1a5b7</run_address>
         <size>0x139</size>
         <input_file_ref idref="fl-ca"/>
      </object_component>
      <object_component id="oc-266">
         <name>.debug_info</name>
         <load_address>0x1a6f0</load_address>
         <run_address>0x1a6f0</run_address>
         <size>0x174</size>
         <input_file_ref idref="fl-ca"/>
      </object_component>
      <object_component id="oc-26c">
         <name>.debug_info</name>
         <load_address>0x1a864</load_address>
         <run_address>0x1a864</run_address>
         <size>0x172</size>
         <input_file_ref idref="fl-ca"/>
      </object_component>
      <object_component id="oc-1fa">
         <name>.debug_info</name>
         <load_address>0x1a9d6</load_address>
         <run_address>0x1a9d6</run_address>
         <size>0x1db</size>
         <input_file_ref idref="fl-ca"/>
      </object_component>
      <object_component id="oc-300">
         <name>.debug_info</name>
         <load_address>0x1abb1</load_address>
         <run_address>0x1abb1</run_address>
         <size>0x1e6</size>
         <input_file_ref idref="fl-ca"/>
      </object_component>
      <object_component id="oc-f0">
         <name>.debug_info</name>
         <load_address>0x1ad97</load_address>
         <run_address>0x1ad97</run_address>
         <size>0x2c</size>
         <input_file_ref idref="fl-ca"/>
      </object_component>
      <object_component id="oc-f5">
         <name>.debug_info</name>
         <load_address>0x1adc3</load_address>
         <run_address>0x1adc3</run_address>
         <size>0x62</size>
         <input_file_ref idref="fl-ca"/>
      </object_component>
      <object_component id="oc-224">
         <name>.debug_info</name>
         <load_address>0x1ae25</load_address>
         <run_address>0x1ae25</run_address>
         <size>0x2be</size>
         <input_file_ref idref="fl-cb"/>
      </object_component>
      <object_component id="oc-1ad">
         <name>.debug_info</name>
         <load_address>0x1b0e3</load_address>
         <run_address>0x1b0e3</run_address>
         <size>0x113</size>
         <input_file_ref idref="fl-cb"/>
      </object_component>
      <object_component id="oc-21d">
         <name>.debug_info</name>
         <load_address>0x1b1f6</load_address>
         <run_address>0x1b1f6</run_address>
         <size>0x123</size>
         <input_file_ref idref="fl-cb"/>
      </object_component>
      <object_component id="oc-39">
         <name>.debug_info</name>
         <load_address>0x1b319</load_address>
         <run_address>0x1b319</run_address>
         <size>0x111</size>
         <input_file_ref idref="fl-ce"/>
      </object_component>
      <object_component id="oc-93">
         <name>.debug_info</name>
         <load_address>0x1b42a</load_address>
         <run_address>0x1b42a</run_address>
         <size>0x13f</size>
         <input_file_ref idref="fl-cf"/>
      </object_component>
      <object_component id="oc-1b3">
         <name>.debug_info</name>
         <load_address>0x1b569</load_address>
         <run_address>0x1b569</run_address>
         <size>0x547</size>
         <input_file_ref idref="fl-d0"/>
      </object_component>
      <object_component id="oc-11d">
         <name>.debug_info</name>
         <load_address>0x1bab0</load_address>
         <run_address>0x1bab0</run_address>
         <size>0x192</size>
         <input_file_ref idref="fl-d0"/>
      </object_component>
      <object_component id="oc-22a">
         <name>.debug_info</name>
         <load_address>0x1bc42</load_address>
         <run_address>0x1bc42</run_address>
         <size>0x39</size>
         <input_file_ref idref="fl-d0"/>
      </object_component>
      <object_component id="oc-27e">
         <name>.debug_info</name>
         <load_address>0x1bc7b</load_address>
         <run_address>0x1bc7b</run_address>
         <size>0x39</size>
         <input_file_ref idref="fl-d0"/>
      </object_component>
      <object_component id="oc-22f">
         <name>.debug_info</name>
         <load_address>0x1bcb4</load_address>
         <run_address>0x1bcb4</run_address>
         <size>0x39</size>
         <input_file_ref idref="fl-d0"/>
      </object_component>
      <object_component id="oc-234">
         <name>.debug_info</name>
         <load_address>0x1bced</load_address>
         <run_address>0x1bced</run_address>
         <size>0xcd</size>
         <input_file_ref idref="fl-d0"/>
      </object_component>
      <object_component id="oc-99">
         <name>.debug_info</name>
         <load_address>0x1bdba</load_address>
         <run_address>0x1bdba</run_address>
         <size>0x148</size>
         <input_file_ref idref="fl-d1"/>
      </object_component>
      <object_component id="oc-347">
         <name>.debug_info</name>
         <load_address>0x1bf02</load_address>
         <run_address>0x1bf02</run_address>
         <size>0xb8</size>
      </object_component>
      <object_component id="oc-1f1">
         <name>.debug_line</name>
         <load_address>0x0</load_address>
         <run_address>0x0</run_address>
         <size>0x31</size>
         <input_file_ref idref="fl-1"/>
      </object_component>
      <object_component id="oc-15a">
         <name>.debug_line</name>
         <load_address>0x31</load_address>
         <run_address>0x31</run_address>
         <size>0x31</size>
         <input_file_ref idref="fl-1"/>
      </object_component>
      <object_component id="oc-1ef">
         <name>.debug_line</name>
         <load_address>0x62</load_address>
         <run_address>0x62</run_address>
         <size>0x31</size>
         <input_file_ref idref="fl-1"/>
      </object_component>
      <object_component id="oc-23f">
         <name>.debug_line</name>
         <load_address>0x93</load_address>
         <run_address>0x93</run_address>
         <size>0x31</size>
         <input_file_ref idref="fl-1"/>
      </object_component>
      <object_component id="oc-293">
         <name>.debug_line</name>
         <load_address>0xc4</load_address>
         <run_address>0xc4</run_address>
         <size>0x31</size>
         <input_file_ref idref="fl-1"/>
      </object_component>
      <object_component id="oc-25e">
         <name>.debug_line</name>
         <load_address>0xf5</load_address>
         <run_address>0xf5</run_address>
         <size>0x31</size>
         <input_file_ref idref="fl-1"/>
      </object_component>
      <object_component id="oc-b4">
         <name>.debug_line</name>
         <load_address>0x126</load_address>
         <run_address>0x126</run_address>
         <size>0x107</size>
         <input_file_ref idref="fl-1"/>
      </object_component>
      <object_component id="oc-1df">
         <name>.debug_line</name>
         <load_address>0x22d</load_address>
         <run_address>0x22d</run_address>
         <size>0x5d</size>
         <input_file_ref idref="fl-1"/>
      </object_component>
      <object_component id="oc-d9">
         <name>.debug_line</name>
         <load_address>0x28a</load_address>
         <run_address>0x28a</run_address>
         <size>0x5a</size>
         <input_file_ref idref="fl-1"/>
      </object_component>
      <object_component id="oc-15f">
         <name>.debug_line</name>
         <load_address>0x2e4</load_address>
         <run_address>0x2e4</run_address>
         <size>0x40</size>
         <input_file_ref idref="fl-1"/>
      </object_component>
      <object_component id="oc-184">
         <name>.debug_line</name>
         <load_address>0x324</load_address>
         <run_address>0x324</run_address>
         <size>0x32</size>
         <input_file_ref idref="fl-1"/>
      </object_component>
      <object_component id="oc-1e4">
         <name>.debug_line</name>
         <load_address>0x356</load_address>
         <run_address>0x356</run_address>
         <size>0x63</size>
         <input_file_ref idref="fl-1"/>
      </object_component>
      <object_component id="oc-18f">
         <name>.debug_line</name>
         <load_address>0x3b9</load_address>
         <run_address>0x3b9</run_address>
         <size>0x2f</size>
         <input_file_ref idref="fl-1"/>
      </object_component>
      <object_component id="oc-16e">
         <name>.debug_line</name>
         <load_address>0x3e8</load_address>
         <run_address>0x3e8</run_address>
         <size>0x20</size>
         <input_file_ref idref="fl-1"/>
      </object_component>
      <object_component id="oc-198">
         <name>.debug_line</name>
         <load_address>0x408</load_address>
         <run_address>0x408</run_address>
         <size>0x75</size>
         <input_file_ref idref="fl-1"/>
      </object_component>
      <object_component id="oc-de">
         <name>.debug_line</name>
         <load_address>0x47d</load_address>
         <run_address>0x47d</run_address>
         <size>0x72</size>
         <input_file_ref idref="fl-1"/>
      </object_component>
      <object_component id="oc-1e9">
         <name>.debug_line</name>
         <load_address>0x4ef</load_address>
         <run_address>0x4ef</run_address>
         <size>0x71</size>
         <input_file_ref idref="fl-1"/>
      </object_component>
      <object_component id="oc-1db">
         <name>.debug_line</name>
         <load_address>0x560</load_address>
         <run_address>0x560</run_address>
         <size>0x2e</size>
         <input_file_ref idref="fl-2"/>
      </object_component>
      <object_component id="oc-152">
         <name>.debug_line</name>
         <load_address>0x58e</load_address>
         <run_address>0x58e</run_address>
         <size>0x2e</size>
         <input_file_ref idref="fl-2"/>
      </object_component>
      <object_component id="oc-1d9">
         <name>.debug_line</name>
         <load_address>0x5bc</load_address>
         <run_address>0x5bc</run_address>
         <size>0x2e</size>
         <input_file_ref idref="fl-2"/>
      </object_component>
      <object_component id="oc-259">
         <name>.debug_line</name>
         <load_address>0x5ea</load_address>
         <run_address>0x5ea</run_address>
         <size>0x2e</size>
         <input_file_ref idref="fl-2"/>
      </object_component>
      <object_component id="oc-ae">
         <name>.debug_line</name>
         <load_address>0x618</load_address>
         <run_address>0x618</run_address>
         <size>0x78</size>
         <input_file_ref idref="fl-2"/>
      </object_component>
      <object_component id="oc-cf">
         <name>.debug_line</name>
         <load_address>0x690</load_address>
         <run_address>0x690</run_address>
         <size>0x3d</size>
         <input_file_ref idref="fl-2"/>
      </object_component>
      <object_component id="oc-215">
         <name>.debug_line</name>
         <load_address>0x6cd</load_address>
         <run_address>0x6cd</run_address>
         <size>0x20</size>
         <input_file_ref idref="fl-3"/>
      </object_component>
      <object_component id="oc-213">
         <name>.debug_line</name>
         <load_address>0x6ed</load_address>
         <run_address>0x6ed</run_address>
         <size>0x32</size>
         <input_file_ref idref="fl-3"/>
      </object_component>
      <object_component id="oc-17a">
         <name>.debug_line</name>
         <load_address>0x71f</load_address>
         <run_address>0x71f</run_address>
         <size>0x83</size>
         <input_file_ref idref="fl-3"/>
      </object_component>
      <object_component id="oc-c0">
         <name>.debug_line</name>
         <load_address>0x7a2</load_address>
         <run_address>0x7a2</run_address>
         <size>0x87</size>
         <input_file_ref idref="fl-3"/>
      </object_component>
      <object_component id="oc-1f3">
         <name>.debug_line</name>
         <load_address>0x829</load_address>
         <run_address>0x829</run_address>
         <size>0x32</size>
         <input_file_ref idref="fl-4"/>
      </object_component>
      <object_component id="oc-ba">
         <name>.debug_line</name>
         <load_address>0x85b</load_address>
         <run_address>0x85b</run_address>
         <size>0x170</size>
         <input_file_ref idref="fl-4"/>
      </object_component>
      <object_component id="oc-167">
         <name>.debug_line</name>
         <load_address>0x9cb</load_address>
         <run_address>0x9cb</run_address>
         <size>0x34</size>
         <input_file_ref idref="fl-4"/>
      </object_component>
      <object_component id="oc-1d1">
         <name>.debug_line</name>
         <load_address>0x9ff</load_address>
         <run_address>0x9ff</run_address>
         <size>0x2f</size>
         <input_file_ref idref="fl-4"/>
      </object_component>
      <object_component id="oc-1f7">
         <name>.debug_line</name>
         <load_address>0xa2e</load_address>
         <run_address>0xa2e</run_address>
         <size>0x6d</size>
         <input_file_ref idref="fl-4"/>
      </object_component>
      <object_component id="oc-24f">
         <name>.debug_line</name>
         <load_address>0xa9b</load_address>
         <run_address>0xa9b</run_address>
         <size>0x50</size>
         <input_file_ref idref="fl-5"/>
      </object_component>
      <object_component id="oc-1cc">
         <name>.debug_line</name>
         <load_address>0xaeb</load_address>
         <run_address>0xaeb</run_address>
         <size>0x2f</size>
         <input_file_ref idref="fl-5"/>
      </object_component>
      <object_component id="oc-244">
         <name>.debug_line</name>
         <load_address>0xb1a</load_address>
         <run_address>0xb1a</run_address>
         <size>0x44</size>
         <input_file_ref idref="fl-5"/>
      </object_component>
      <object_component id="oc-24b">
         <name>.debug_line</name>
         <load_address>0xb5e</load_address>
         <run_address>0xb5e</run_address>
         <size>0x44</size>
         <input_file_ref idref="fl-5"/>
      </object_component>
      <object_component id="oc-14c">
         <name>.debug_line</name>
         <load_address>0xba2</load_address>
         <run_address>0xba2</run_address>
         <size>0x77</size>
         <input_file_ref idref="fl-5"/>
      </object_component>
      <object_component id="oc-217">
         <name>.debug_line</name>
         <load_address>0xc19</load_address>
         <run_address>0xc19</run_address>
         <size>0x65</size>
         <input_file_ref idref="fl-6"/>
      </object_component>
      <object_component id="oc-18b">
         <name>.debug_line</name>
         <load_address>0xc7e</load_address>
         <run_address>0xc7e</run_address>
         <size>0x2f</size>
         <input_file_ref idref="fl-6"/>
      </object_component>
      <object_component id="oc-194">
         <name>.debug_line</name>
         <load_address>0xcad</load_address>
         <run_address>0xcad</run_address>
         <size>0x2f</size>
         <input_file_ref idref="fl-6"/>
      </object_component>
      <object_component id="oc-189">
         <name>.debug_line</name>
         <load_address>0xcdc</load_address>
         <run_address>0xcdc</run_address>
         <size>0x2f</size>
         <input_file_ref idref="fl-6"/>
      </object_component>
      <object_component id="oc-6c">
         <name>.debug_line</name>
         <load_address>0xd0b</load_address>
         <run_address>0xd0b</run_address>
         <size>0x15f</size>
         <input_file_ref idref="fl-6"/>
      </object_component>
      <object_component id="oc-d4">
         <name>.debug_line</name>
         <load_address>0xe6a</load_address>
         <run_address>0xe6a</run_address>
         <size>0x31</size>
         <input_file_ref idref="fl-6"/>
      </object_component>
      <object_component id="oc-e8">
         <name>.debug_line</name>
         <load_address>0xe9b</load_address>
         <run_address>0xe9b</run_address>
         <size>0x40</size>
         <input_file_ref idref="fl-7"/>
      </object_component>
      <object_component id="oc-75">
         <name>.debug_line</name>
         <load_address>0xedb</load_address>
         <run_address>0xedb</run_address>
         <size>0x40</size>
         <input_file_ref idref="fl-7"/>
      </object_component>
      <object_component id="oc-72">
         <name>.debug_line</name>
         <load_address>0xf1b</load_address>
         <run_address>0xf1b</run_address>
         <size>0x71</size>
         <input_file_ref idref="fl-7"/>
      </object_component>
      <object_component id="oc-ec">
         <name>.debug_line</name>
         <load_address>0xf8c</load_address>
         <run_address>0xf8c</run_address>
         <size>0x71</size>
         <input_file_ref idref="fl-7"/>
      </object_component>
      <object_component id="oc-36">
         <name>.debug_line</name>
         <load_address>0xffd</load_address>
         <run_address>0xffd</run_address>
         <size>0x20</size>
         <input_file_ref idref="fl-7"/>
      </object_component>
      <object_component id="oc-1a6">
         <name>.debug_line</name>
         <load_address>0x101d</load_address>
         <run_address>0x101d</run_address>
         <size>0x75</size>
         <input_file_ref idref="fl-7"/>
      </object_component>
      <object_component id="oc-1a1">
         <name>.debug_line</name>
         <load_address>0x1092</load_address>
         <run_address>0x1092</run_address>
         <size>0x72</size>
         <input_file_ref idref="fl-7"/>
      </object_component>
      <object_component id="oc-219">
         <name>.debug_line</name>
         <load_address>0x1104</load_address>
         <run_address>0x1104</run_address>
         <size>0x3b</size>
         <input_file_ref idref="fl-8"/>
      </object_component>
      <object_component id="oc-e4">
         <name>.debug_line</name>
         <load_address>0x113f</load_address>
         <run_address>0x113f</run_address>
         <size>0x146</size>
         <input_file_ref idref="fl-8"/>
      </object_component>
      <object_component id="oc-27a">
         <name>.debug_line</name>
         <load_address>0x1285</load_address>
         <run_address>0x1285</run_address>
         <size>0xbf</size>
         <input_file_ref idref="fl-c2"/>
      </object_component>
      <object_component id="oc-2ad">
         <name>.debug_line</name>
         <load_address>0x1344</load_address>
         <run_address>0x1344</run_address>
         <size>0x53</size>
         <input_file_ref idref="fl-c2"/>
      </object_component>
      <object_component id="oc-203">
         <name>.debug_line</name>
         <load_address>0x1397</load_address>
         <run_address>0x1397</run_address>
         <size>0x8a</size>
         <input_file_ref idref="fl-c2"/>
      </object_component>
      <object_component id="oc-174">
         <name>.debug_line</name>
         <load_address>0x1421</load_address>
         <run_address>0x1421</run_address>
         <size>0x5c</size>
         <input_file_ref idref="fl-c2"/>
      </object_component>
      <object_component id="oc-2ef">
         <name>.debug_line</name>
         <load_address>0x147d</load_address>
         <run_address>0x147d</run_address>
         <size>0x4a</size>
         <input_file_ref idref="fl-c2"/>
      </object_component>
      <object_component id="oc-2ce">
         <name>.debug_line</name>
         <load_address>0x14c7</load_address>
         <run_address>0x14c7</run_address>
         <size>0x47</size>
         <input_file_ref idref="fl-c2"/>
      </object_component>
      <object_component id="oc-210">
         <name>.debug_line</name>
         <load_address>0x150e</load_address>
         <run_address>0x150e</run_address>
         <size>0x2e</size>
         <input_file_ref idref="fl-c2"/>
      </object_component>
      <object_component id="oc-20b">
         <name>.debug_line</name>
         <load_address>0x153c</load_address>
         <run_address>0x153c</run_address>
         <size>0x8a</size>
         <input_file_ref idref="fl-c2"/>
      </object_component>
      <object_component id="oc-2d3">
         <name>.debug_line</name>
         <load_address>0x15c6</load_address>
         <run_address>0x15c6</run_address>
         <size>0x9a</size>
         <input_file_ref idref="fl-c3"/>
      </object_component>
      <object_component id="oc-28e">
         <name>.debug_line</name>
         <load_address>0x1660</load_address>
         <run_address>0x1660</run_address>
         <size>0x2e</size>
         <input_file_ref idref="fl-c3"/>
      </object_component>
      <object_component id="oc-254">
         <name>.debug_line</name>
         <load_address>0x168e</load_address>
         <run_address>0x168e</run_address>
         <size>0x2e</size>
         <input_file_ref idref="fl-c3"/>
      </object_component>
      <object_component id="oc-2b2">
         <name>.debug_line</name>
         <load_address>0x16bc</load_address>
         <run_address>0x16bc</run_address>
         <size>0x2e</size>
         <input_file_ref idref="fl-c3"/>
      </object_component>
      <object_component id="oc-298">
         <name>.debug_line</name>
         <load_address>0x16ea</load_address>
         <run_address>0x16ea</run_address>
         <size>0x2e</size>
         <input_file_ref idref="fl-c3"/>
      </object_component>
      <object_component id="oc-2dd">
         <name>.debug_line</name>
         <load_address>0x1718</load_address>
         <run_address>0x1718</run_address>
         <size>0x2e</size>
         <input_file_ref idref="fl-c3"/>
      </object_component>
      <object_component id="oc-2c3">
         <name>.debug_line</name>
         <load_address>0x1746</load_address>
         <run_address>0x1746</run_address>
         <size>0x2e</size>
         <input_file_ref idref="fl-c3"/>
      </object_component>
      <object_component id="oc-2b7">
         <name>.debug_line</name>
         <load_address>0x1774</load_address>
         <run_address>0x1774</run_address>
         <size>0x41</size>
         <input_file_ref idref="fl-c3"/>
      </object_component>
      <object_component id="oc-29d">
         <name>.debug_line</name>
         <load_address>0x17b5</load_address>
         <run_address>0x17b5</run_address>
         <size>0x40</size>
         <input_file_ref idref="fl-c3"/>
      </object_component>
      <object_component id="oc-2d1">
         <name>.debug_line</name>
         <load_address>0x17f5</load_address>
         <run_address>0x17f5</run_address>
         <size>0x20</size>
         <input_file_ref idref="fl-c3"/>
      </object_component>
      <object_component id="oc-2bd">
         <name>.debug_line</name>
         <load_address>0x1815</load_address>
         <run_address>0x1815</run_address>
         <size>0x40</size>
         <input_file_ref idref="fl-c3"/>
      </object_component>
      <object_component id="oc-2c8">
         <name>.debug_line</name>
         <load_address>0x1855</load_address>
         <run_address>0x1855</run_address>
         <size>0x9d</size>
         <input_file_ref idref="fl-c3"/>
      </object_component>
      <object_component id="oc-2d7">
         <name>.debug_line</name>
         <load_address>0x18f2</load_address>
         <run_address>0x18f2</run_address>
         <size>0x91</size>
         <input_file_ref idref="fl-c3"/>
      </object_component>
      <object_component id="oc-307">
         <name>.debug_line</name>
         <load_address>0x1983</load_address>
         <run_address>0x1983</run_address>
         <size>0xa9</size>
         <input_file_ref idref="fl-c4"/>
      </object_component>
      <object_component id="oc-2e2">
         <name>.debug_line</name>
         <load_address>0x1a2c</load_address>
         <run_address>0x1a2c</run_address>
         <size>0x37</size>
         <input_file_ref idref="fl-c4"/>
      </object_component>
      <object_component id="oc-2f6">
         <name>.debug_line</name>
         <load_address>0x1a63</load_address>
         <run_address>0x1a63</run_address>
         <size>0x37</size>
         <input_file_ref idref="fl-c4"/>
      </object_component>
      <object_component id="oc-2e7">
         <name>.debug_line</name>
         <load_address>0x1a9a</load_address>
         <run_address>0x1a9a</run_address>
         <size>0x46</size>
         <input_file_ref idref="fl-c4"/>
      </object_component>
      <object_component id="oc-30b">
         <name>.debug_line</name>
         <load_address>0x1ae0</load_address>
         <run_address>0x1ae0</run_address>
         <size>0x8a</size>
         <input_file_ref idref="fl-c4"/>
      </object_component>
      <object_component id="oc-2fd">
         <name>.debug_line</name>
         <load_address>0x1b6a</load_address>
         <run_address>0x1b6a</run_address>
         <size>0x91</size>
         <input_file_ref idref="fl-c4"/>
      </object_component>
      <object_component id="oc-310">
         <name>.debug_line</name>
         <load_address>0x1bfb</load_address>
         <run_address>0x1bfb</run_address>
         <size>0x92</size>
         <input_file_ref idref="fl-c4"/>
      </object_component>
      <object_component id="oc-107">
         <name>.debug_line</name>
         <load_address>0x1c8d</load_address>
         <run_address>0x1c8d</run_address>
         <size>0x9e</size>
         <input_file_ref idref="fl-c5"/>
      </object_component>
      <object_component id="oc-4e">
         <name>.debug_line</name>
         <load_address>0x1d2b</load_address>
         <run_address>0x1d2b</run_address>
         <size>0x4f</size>
         <input_file_ref idref="fl-c5"/>
      </object_component>
      <object_component id="oc-8f">
         <name>.debug_line</name>
         <load_address>0x1d7a</load_address>
         <run_address>0x1d7a</run_address>
         <size>0x34</size>
         <input_file_ref idref="fl-c5"/>
      </object_component>
      <object_component id="oc-104">
         <name>.debug_line</name>
         <load_address>0x1dae</load_address>
         <run_address>0x1dae</run_address>
         <size>0x8a</size>
         <input_file_ref idref="fl-c5"/>
      </object_component>
      <object_component id="oc-8a">
         <name>.debug_line</name>
         <load_address>0x1e38</load_address>
         <run_address>0x1e38</run_address>
         <size>0x20</size>
         <input_file_ref idref="fl-c6"/>
      </object_component>
      <object_component id="oc-1e">
         <name>.debug_line</name>
         <load_address>0x1e58</load_address>
         <run_address>0x1e58</run_address>
         <size>0x55</size>
         <input_file_ref idref="fl-c6"/>
      </object_component>
      <object_component id="oc-41">
         <name>.debug_line</name>
         <load_address>0x1ead</load_address>
         <run_address>0x1ead</run_address>
         <size>0x3a</size>
         <input_file_ref idref="fl-c6"/>
      </object_component>
      <object_component id="oc-87">
         <name>.debug_line</name>
         <load_address>0x1ee7</load_address>
         <run_address>0x1ee7</run_address>
         <size>0x8a</size>
         <input_file_ref idref="fl-c6"/>
      </object_component>
      <object_component id="oc-100">
         <name>.debug_line</name>
         <load_address>0x1f71</load_address>
         <run_address>0x1f71</run_address>
         <size>0x20</size>
         <input_file_ref idref="fl-c7"/>
      </object_component>
      <object_component id="oc-18">
         <name>.debug_line</name>
         <load_address>0x1f91</load_address>
         <run_address>0x1f91</run_address>
         <size>0xa9</size>
         <input_file_ref idref="fl-c7"/>
      </object_component>
      <object_component id="oc-31">
         <name>.debug_line</name>
         <load_address>0x203a</load_address>
         <run_address>0x203a</run_address>
         <size>0x3a</size>
         <input_file_ref idref="fl-c7"/>
      </object_component>
      <object_component id="oc-fd">
         <name>.debug_line</name>
         <load_address>0x2074</load_address>
         <run_address>0x2074</run_address>
         <size>0x92</size>
         <input_file_ref idref="fl-c7"/>
      </object_component>
      <object_component id="oc-80">
         <name>.debug_line</name>
         <load_address>0x2106</load_address>
         <run_address>0x2106</run_address>
         <size>0x8e</size>
         <input_file_ref idref="fl-c7"/>
      </object_component>
      <object_component id="oc-78">
         <name>.debug_line</name>
         <load_address>0x2194</load_address>
         <run_address>0x2194</run_address>
         <size>0x33</size>
         <input_file_ref idref="fl-c8"/>
      </object_component>
      <object_component id="oc-5a">
         <name>.debug_line</name>
         <load_address>0x21c7</load_address>
         <run_address>0x21c7</run_address>
         <size>0x56</size>
         <input_file_ref idref="fl-c8"/>
      </object_component>
      <object_component id="oc-10e">
         <name>.debug_line</name>
         <load_address>0x221d</load_address>
         <run_address>0x221d</run_address>
         <size>0x3c</size>
         <input_file_ref idref="fl-c9"/>
      </object_component>
      <object_component id="oc-ef">
         <name>.debug_line</name>
         <load_address>0x2259</load_address>
         <run_address>0x2259</run_address>
         <size>0x95</size>
         <input_file_ref idref="fl-ca"/>
      </object_component>
      <object_component id="oc-7a">
         <name>.debug_line</name>
         <load_address>0x22ee</load_address>
         <run_address>0x22ee</run_address>
         <size>0x2c</size>
         <input_file_ref idref="fl-ca"/>
      </object_component>
      <object_component id="oc-2ab">
         <name>.debug_line</name>
         <load_address>0x231a</load_address>
         <run_address>0x231a</run_address>
         <size>0x2c</size>
         <input_file_ref idref="fl-ca"/>
      </object_component>
      <object_component id="oc-263">
[...]
         <name>_ZN3LEDC2Et</name>
         <value>0xcd1</value>
         <object_component_ref idref="oc-aa"/>
      </symbol>
      <symbol id="sm-d6">
         <name>_ZN3LED5setupEv</name>
         <value>0xd09</value>
         <object_component_ref idref="oc-aa"/>
      </symbol>
      <symbol id="sm-fb">
         <name>_ZN7Mailbox10getMailboxEv</name>
         <value>0xa35</value>
         <object_component_ref idref="oc-bc"/>
      </symbol>
      <symbol id="sm-fc">
         <name>_ZN7Mailbox10getMessageEh</name>
         <value>0xaa1</value>
         <object_component_ref idref="oc-bc"/>
      </symbol>
      <symbol id="sm-fd">
         <name>_ZN7Mailbox7MailObjE</name>
         <value>0x20004404</value>
         <object_component_ref idref="oc-17d"/>
      </symbol>
      <symbol id="sm-fe">
         <name>_ZN7MailboxC1Ev</name>
         <value>0xf47</value>
         <object_component_ref idref="oc-176"/>
      </symbol>
      <symbol id="sm-ff">
         <name>_ZN7Mailbox11sendMessageE10st_Message</name>
         <value>0xa61</value>
         <object_component_ref idref="oc-bc"/>
      </symbol>
      <symbol id="sm-132">
         <name>_ZN9Scheduler5setupEv</name>
         <value>0x60d</value>
         <object_component_ref idref="oc-b6"/>
      </symbol>
      <symbol id="sm-133">
         <name>_ZN9Scheduler22SortScheduleByPriorityEP4Task</name>
         <value>0x665</value>
         <object_component_ref idref="oc-b6"/>
      </symbol>
      <symbol id="sm-134">
         <name>_ZN9Scheduler3runEv</name>
         <value>0x4ed</value>
         <object_component_ref idref="oc-b6"/>
      </symbol>
      <symbol id="sm-135">
         <name>_ZN9Scheduler6attachEP4Task8TaskType10TaskActivey</name>
         <value>0x453</value>
         <object_component_ref idref="oc-b6"/>
      </symbol>
      <symbol id="sm-136">
         <name>_ZN9SchedulerC1Ev</name>
         <value>0x411</value>
         <object_component_ref idref="oc-b6"/>
      </symbol>
      <symbol id="sm-137">
         <name>_ZN9SchedulerC2Ev</name>
         <value>0x411</value>
         <object_component_ref idref="oc-b6"/>
      </symbol>
      <symbol id="sm-138">
         <name>_ZN9Scheduler21CalculateNextScheduleEv</name>
         <value>0x659</value>
         <object_component_ref idref="oc-b6"/>
      </symbol>
      <symbol id="sm-161">
         <name>_ZN4Task5setupEv</name>
         <value>0xf3b</value>
         <object_component_ref idref="oc-247"/>
      </symbol>
      <symbol id="sm-162">
         <name>_ZN4Task3runEv</name>
         <value>0xf2f</value>
         <object_component_ref idref="oc-240"/>
      </symbol>
      <symbol id="sm-163">
         <name>_ZN4TaskC1Ev</name>
         <value>0xc61</value>
         <object_component_ref idref="oc-148"/>
      </symbol>
      <symbol id="sm-164">
         <name>_ZN4Task11sendMessageE10st_Message</name>
         <value>0xca3</value>
         <object_component_ref idref="oc-148"/>
      </symbol>
      <symbol id="sm-165">
         <name>_ZN4Task10getMessageEh</name>
         <value>0xc8d</value>
         <object_component_ref idref="oc-148"/>
      </symbol>
      <symbol id="sm-166">
         <name>_ZTV4Task</name>
         <value>0xfe0</value>
         <object_component_ref idref="oc-1c8"/>
      </symbol>
      <symbol id="sm-167">
         <name>_ZN4TaskC2Ev</name>
         <value>0xc61</value>
         <object_component_ref idref="oc-148"/>
      </symbol>
      <symbol id="sm-1b2">
         <name>g_Mailbox</name>
         <value>0x20003fd8</value>
         <object_component_ref idref="oc-c8"/>
      </symbol>
      <symbol id="sm-1b3">
         <name>g_i16AdcZResult</name>
         <value>0x200043ec</value>
         <object_component_ref idref="oc-c5"/>
      </symbol>
      <symbol id="sm-1b4">
         <name>_ZN4Task14m_u8NextTaskIDE</name>
         <value>0x200043ee</value>
         <object_component_ref idref="oc-c5"/>
      </symbol>
      <symbol id="sm-1b5">
         <name>main</name>
         <value>0x6df</value>
         <object_component_ref idref="oc-68"/>
      </symbol>
      <symbol id="sm-1b6">
         <name>g_i16AdcYResult</name>
         <value>0x200043ea</value>
         <object_component_ref idref="oc-c5"/>
      </symbol>
      <symbol id="sm-1b7">
         <name>__sti___8_main_cpp_937618a8</name>
         <value>0x7eb</value>
         <object_component_ref idref="oc-68"/>
      </symbol>
      <symbol id="sm-1b8">
         <name>ADC14_IRQHandler</name>
         <value>0x7c7</value>
         <object_component_ref idref="oc-68"/>
      </symbol>
      <symbol id="sm-1b9">
         <name>g_MainScheduler</name>
         <value>0x20000000</value>
         <object_component_ref idref="oc-c2"/>
      </symbol>
      <symbol id="sm-1ba">
         <name>g_i16AdcXResult</name>
         <value>0x200043e8</value>
         <object_component_ref idref="oc-c5"/>
      </symbol>
      <symbol id="sm-1bb">
         <name>T32_INT1_IRQHandler</name>
         <value>0x79f</value>
         <object_component_ref idref="oc-68"/>
      </symbol>
      <symbol id="sm-1bc">
         <name>_Z5Setupv</name>
         <value>0x76b</value>
         <object_component_ref idref="oc-68"/>
      </symbol>
      <symbol id="sm-1e5">
         <name>Reset_Handler</name>
         <value>0xf21</value>
         <object_component_ref idref="oc-6e"/>
      </symbol>
      <symbol id="sm-1e6">
         <name>Default_Handler</name>
         <value>0xf2d</value>
         <object_component_ref idref="oc-6e"/>
      </symbol>
      <symbol id="sm-1e7">
         <name>interruptVectors</name>
         <value>0x0</value>
         <object_component_ref idref="oc-24"/>
      </symbol>
      <symbol id="sm-22d">
         <name>SystemInit</name>
         <value>0x359</value>
         <object_component_ref idref="oc-e0"/>
      </symbol>
      <symbol id="sm-22e">
         <name>SystemCoreClockUpdate</name>
         <value>0xe5</value>
         <object_component_ref idref="oc-e0"/>
      </symbol>
      <symbol id="sm-22f">
         <name>SystemCoreClock</name>
         <value>0x20004408</value>
         <object_component_ref idref="oc-19a"/>
      </symbol>
      <symbol id="sm-26b">
         <name>_ZSt15get_new_handlerv</name>
         <value>0xf55</value>
         <object_component_ref idref="oc-1ff"/>
      </symbol>
      <symbol id="sm-26c">
         <name>_Znwj</name>
         <value>0xed5</value>
         <object_component_ref idref="oc-170"/>
      </symbol>
      <symbol id="sm-26d">
         <name>_ZdlPv</name>
         <value>0xf6d</value>
         <object_component_ref idref="oc-2eb"/>
      </symbol>
      <symbol id="sm-26e">
         <name>_ZdlPvj</name>
         <value>0xf7d</value>
         <object_component_ref idref="oc-2ca"/>
      </symbol>
      <symbol id="sm-2c3">
         <name>_ZN10__cxxabiv117__class_type_infoD1Ev</name>
         <value>0xf75</value>
         <object_component_ref idref="oc-2b3"/>
      </symbol>
      <symbol id="sm-2c4">
         <name>_ZTSN10__cxxabiv120__si_class_type_infoE</name>
         <value>0xf88</value>
         <object_component_ref idref="oc-2bf"/>
      </symbol>
      <symbol id="sm-2c5">
         <name>_ZTSN10__cxxabiv117__class_type_infoE</name>
         <value>0xfad</value>
         <object_component_ref idref="oc-2d9"/>
      </symbol>
      <symbol id="sm-2c6">
         <name>_ZN10__cxxabiv117__class_type_infoD2Ev</name>
         <value>0xf75</value>
         <object_component_ref idref="oc-2b3"/>
      </symbol>
      <symbol id="sm-2c7">
         <name>_ZN10__cxxabiv120__si_class_type_infoD2Ev</name>
         <value>0xf79</value>
         <object_component_ref idref="oc-299"/>
      </symbol>
      <symbol id="sm-2c8">
         <name>_ZTVN10__cxxabiv117__class_type_infoE</name>
         <value>0x1000</value>
         <object_component_ref idref="oc-28a"/>
      </symbol>
      <symbol id="sm-2c9">
         <name>_ZTIN10__cxxabiv117__class_type_infoE</name>
         <value>0x1048</value>
         <object_component_ref idref="oc-2ae"/>
      </symbol>
      <symbol id="sm-2ca">
         <name>_ZN10__cxxabiv120__si_class_type_infoD1Ev</name>
         <value>0xf79</value>
         <object_component_ref idref="oc-299"/>
      </symbol>
      <symbol id="sm-2cb">
         <name>_ZTIN10__cxxabiv120__si_class_type_infoE</name>
         <value>0x1054</value>
         <object_component_ref idref="oc-294"/>
      </symbol>
      <symbol id="sm-2cc">
         <name>_ZN10__cxxabiv117__class_type_infoD0Ev</name>
         <value>0xef7</value>
         <object_component_ref idref="oc-2b9"/>
      </symbol>
      <symbol id="sm-2cd">
         <name>_ZTVN10__cxxabiv120__si_class_type_infoE</name>
         <value>0x1010</value>
         <object_component_ref idref="oc-250"/>
      </symbol>
      <symbol id="sm-2ce">
         <name>_ZN10__cxxabiv120__si_class_type_infoD0Ev</name>
         <value>0xf05</value>
         <object_component_ref idref="oc-29f"/>
      </symbol>
      <symbol id="sm-2f7">
         <name>_ZTSSt9type_info</name>
         <value>0x1020</value>
         <object_component_ref idref="oc-2f2"/>
      </symbol>
      <symbol id="sm-2f8">
         <name>_ZNSt9type_infoD2Ev</name>
         <value>0x673</value>
         <object_component_ref idref="oc-2e3"/>
      </symbol>
      <symbol id="sm-2f9">
         <name>_ZNSt9type_infoD1Ev</name>
         <value>0x673</value>
         <object_component_ref idref="oc-2e3"/>
      </symbol>
      <symbol id="sm-2fa">
         <name>_ZTISt9type_info</name>
         <value>0x1068</value>
         <object_component_ref idref="oc-2de"/>
      </symbol>
      <symbol id="sm-311">
         <name>__TI_zero_init</name>
         <value>0xf61</value>
         <object_component_ref idref="oc-4a"/>
      </symbol>
      <symbol id="sm-328">
         <name>__TI_decompress_none</name>
         <value>0xf13</value>
         <object_component_ref idref="oc-1a"/>
      </symbol>
      <symbol id="sm-34b">
         <name>__TI_decompress_lzss</name>
         <value>0xd39</value>
         <object_component_ref idref="oc-14"/>
      </symbol>
      <symbol id="sm-35e">
         <name>__stack</name>
         <value>0x2000fe00</value>
         <object_component_ref idref="oc-27"/>
      </symbol>
      <symbol id="sm-35f">
         <name>_c_int00_noargs</name>
         <value>0xe3d</value>
         <object_component_ref idref="oc-56"/>
      </symbol>
      <symbol id="sm-36a">
         <name>C$$EXIT</name>
         <value>0xf85</value>
         <object_component_ref idref="oc-10a"/>
      </symbol>
      <symbol id="sm-36b">
         <name>abort</name>
         <value>0xf85</value>
         <object_component_ref idref="oc-10a"/>
      </symbol>
      <symbol id="sm-3e6">
         <name>_sys_memory</name>
         <value>0x20003fe0</value>
         <object_component_ref idref="oc-2a"/>
      </symbol>
      <symbol id="sm-3e7">
         <name>free</name>
         <value>0x95d</value>
         <object_component_ref idref="oc-2ff"/>
      </symbol>
      <symbol id="sm-3e8">
         <name>malloc</name>
         <value>0xbe9</value>
         <object_component_ref idref="oc-1f9"/>
      </symbol>
      <symbol id="sm-3e9">
         <name>minit</name>
         <value>0xe75</value>
         <object_component_ref idref="oc-25f"/>
      </symbol>
      <symbol id="sm-3fe">
         <name>_nop</name>
         <value>0xbe7</value>
         <object_component_ref idref="oc-21c"/>
      </symbol>
      <symbol id="sm-3ff">
         <name>_lock</name>
         <value>0x200043fc</value>
         <object_component_ref idref="oc-1ac"/>
      </symbol>
      <symbol id="sm-400">
         <name>_unlock</name>
         <value>0x20004400</value>
         <object_component_ref idref="oc-1ac"/>
      </symbol>
      <symbol id="sm-41d">
         <name>memcpy</name>
         <value>0xad1</value>
         <object_component_ref idref="oc-38"/>
      </symbol>
      <symbol id="sm-41e">
         <name>__aeabi_memcpy</name>
         <value>0xad1</value>
         <object_component_ref idref="oc-38"/>
      </symbol>
      <symbol id="sm-41f">
         <name>__aeabi_memcpy8</name>
         <value>0xad1</value>
         <object_component_ref idref="oc-38"/>
      </symbol>
      <symbol id="sm-420">
         <name>__aeabi_memcpy4</name>
         <value>0xad1</value>
         <object_component_ref idref="oc-38"/>
      </symbol>
      <symbol id="sm-42f">
         <name>__aeabi_memset</name>
         <value>0xb6f</value>
         <object_component_ref idref="oc-92"/>
      </symbol>
      <symbol id="sm-430">
         <name>memset</name>
         <value>0xb75</value>
         <object_component_ref idref="oc-92"/>
      </symbol>
      <symbol id="sm-431">
         <name>__aeabi_memset8</name>
         <value>0xb6f</value>
         <object_component_ref idref="oc-92"/>
      </symbol>
      <symbol id="sm-432">
         <name>__aeabi_memset4</name>
         <value>0xb6f</value>
         <object_component_ref idref="oc-92"/>
      </symbol>
      <symbol id="sm-433">
         <name>__aeabi_memclr8</name>
         <value>0xb6d</value>
         <object_component_ref idref="oc-92"/>
      </symbol>
      <symbol id="sm-434">
         <name>__aeabi_memclr4</name>
         <value>0xb6d</value>
         <object_component_ref idref="oc-92"/>
      </symbol>
      <symbol id="sm-435">
         <name>__aeabi_memclr</name>
         <value>0xb6d</value>
         <object_component_ref idref="oc-92"/>
      </symbol>
      <symbol id="sm-462">
         <name>__TI_auto_init_nobinit</name>
         <value>0xda1</value>
         <object_component_ref idref="oc-11c"/>
      </symbol>
      <symbol id="sm-46c">
         <name>_system_pre_init</name>
         <value>0xf81</value>
         <object_component_ref idref="oc-98"/>
      </symbol>
      <symbol id="sm-46e">
         <name>__TI_static_base__</name>
         <value>0x0</value>
      </symbol>
      <symbol id="sm-471">
         <name>__mpu_init</name>
         <value>0x0</value>
      </symbol>
      <symbol id="sm-472">
         <name>_system_post_cinit</name>
         <value>0x0</value>
      </symbol>
      <symbol id="sm-473">
         <name>NMI_Handler</name>
         <value>0xf2d</value>
      </symbol>
      <symbol id="sm-474">
         <name>HardFault_Handler</name>
         <value>0xf2d</value>
      </symbol>
      <symbol id="sm-475">
         <name>MemManage_Handler</name>
         <value>0xf2d</value>
      </symbol>
      <symbol id="sm-476">
         <name>BusFault_Handler</name>
         <value>0xf2d</value>
      </symbol>
      <symbol id="sm-477">
         <name>UsageFault_Handler</name>
         <value>0xf2d</value>
      </symbol>
      <symbol id="sm-478">
         <name>SVC_Handler</name>
         <value>0xf2d</value>
      </symbol>
      <symbol id="sm-479">
         <name>DebugMon_Handler</name>
         <value>0xf2d</value>
      </symbol>
      <symbol id="sm-47a">
         <name>PendSV_Handler</name>
         <value>0xf2d</value>
      </symbol>
      <symbol id="sm-47b">
         <name>SysTick_Handler</name>
         <value>0xf2d</value>
      </symbol>
      <symbol id="sm-47c">
         <name>PSS_IRQHandler</name>
         <value>0xf2d</value>
      </symbol>
      <symbol id="sm-47d">
         <name>CS_IRQHandler</name>
         <value>0xf2d</value>
      </symbol>
      <symbol id="sm-47e">
         <name>PCM_IRQHandler</name>
         <value>0xf2d</value>
      </symbol>
      <symbol id="sm-47f">
         <name>WDT_A_IRQHandler</name>
         <value>0xf2d</value>
      </symbol>
      <symbol id="sm-480">
         <name>FPU_IRQHandler</name>
         <value>0xf2d</value>
      </symbol>
      <symbol id="sm-481">
         <name>FLCTL_IRQHandler</name>
         <value>0xf2d</value>
      </symbol>
      <symbol id="sm-482">
         <name>COMP_E0_IRQHandler</name>
         <value>0xf2d</value>
      </symbol>
      <symbol id="sm-483">
         <name>COMP_E1_IRQHandler</name>
         <value>0xf2d</value>
      </symbol>
      <symbol id="sm-484">
         <name>TA0_0_IRQHandler</name>
         <value>0xf2d</value>
      </symbol>
      <symbol id="sm-485">
         <name>TA0_N_IRQHandler</name>
         <value>0xf2d</value>
      </symbol>
      <symbol id="sm-486">
         <name>TA1_0_IRQHandler</name>
         <value>0xf2d</value>
      </symbol>
      <symbol id="sm-487">
         <name>TA1_N_IRQHandler</name>
         <value>0xf2d</value>
      </symbol>
      <symbol id="sm-488">
         <name>TA2_0_IRQHandler</name>
         <value>0xf2d</value>
      </symbol>
      <symbol id="sm-489">
         <name>TA2_N_IRQHandler</name>
         <value>0xf2d</value>
      </symbol>
      <symbol id="sm-48a">
         <name>TA3_0_IRQHandler</name>
         <value>0xf2d</value>
      </symbol>
      <symbol id="sm-48b">
         <name>TA3_N_IRQHandler</name>
         <value>0xf2d</value>
      </symbol>
      <symbol id="sm-48c">
         <name>EUSCIA0_IRQHandler</name>
         <value>0xf2d</value>
      </symbol>
      <symbol id="sm-48d">
         <name>EUSCIA1_IRQHandler</name>
         <value>0xf2d</value>
      </symbol>
      <symbol id="sm-48e">
         <name>EUSCIA2_IRQHandler</name>
         <value>0xf2d</value>
      </symbol>
      <symbol id="sm-48f">
         <name>EUSCIA3_IRQHandler</name>
         <value>0xf2d</value>
      </symbol>
      <symbol id="sm-490">
         <name>EUSCIB0_IRQHandler</name>
         <value>0xf2d</value>
      </symbol>
      <symbol id="sm-491">
         <name>EUSCIB1_IRQHandler</name>
         <value>0xf2d</value>
      </symbol>
      <symbol id="sm-492">
         <name>EUSCIB2_IRQHandler</name>
         <value>0xf2d</value>
      </symbol>
      <symbol id="sm-493">
         <name>EUSCIB3_IRQHandler</name>
         <value>0xf2d</value>
      </symbol>
      <symbol id="sm-494">
         <name>ADC14_IRQHandler</name>
         <value>0x7c7</value>
      </symbol>
      <symbol id="sm-495">
         <name>T32_INT1_IRQHandler</name>
         <value>0x79f</value>
      </symbol>
      <symbol id="sm-496">
         <name>T32_INT2_IRQHandler</name>
         <value>0xf2d</value>
      </symbol>
      <symbol id="sm-497">
         <name>T32_INTC_IRQHandler</name>
         <value>0xf2d</value>
      </symbol>
      <symbol id="sm-498">
         <name>AES256_IRQHandler</name>
         <value>0xf2d</value>
      </symbol>
      <symbol id="sm-499">
         <name>RTC_C_IRQHandler</name>
         <value>0xf2d</value>
      </symbol>
      <symbol id="sm-49a">
         <name>DMA_ERR_IRQHandler</name>
         <value>0xf2d</value>
      </symbol>
      <symbol id="sm-49b">
         <name>DMA_INT3_IRQHandler</name>
         <value>0xf2d</value>
      </symbol>
      <symbol id="sm-49c">
         <name>DMA_INT2_IRQHandler</name>
         <value>0xf2d</value>
      </symbol>
      <symbol id="sm-49d">
         <name>DMA_INT1_IRQHandler</name>
         <value>0xf2d</value>
      </symbol>
      <symbol id="sm-49e">
         <name>DMA_INT0_IRQHandler</name>
         <value>0xf2d</value>
      </symbol>
      <symbol id="sm-49f">
         <name>PORT1_IRQHandler</name>
         <value>0xf2d</value>
      </symbol>
      <symbol id="sm-4a0">
         <name>PORT2_IRQHandler</name>
         <value>0xf2d</value>
      </symbol>
      <symbol id="sm-4a1">
         <name>PORT3_IRQHandler</name>
         <value>0xf2d</value>
      </symbol>
      <symbol id="sm-4a2">
         <name>PORT4_IRQHandler</name>
         <value>0xf2d</value>
      </symbol>
      <symbol id="sm-4a3">
         <name>PORT5_IRQHandler</name>
         <value>0xf2d</value>
      </symbol>
      <symbol id="sm-4a4">
         <name>PORT6_IRQHandler</name>
         <value>0xf2d</value>
      </symbol>
      <symbol id="sm-4a5">
         <name>_ZSt17__throw_bad_allocv</name>
         <value>0xf85</value>
      </symbol>
   </symbol_table>
   <title>Link successful</title>
</link_info>
