<?xml version="1.0" encoding="ISO-8859-1" ?>
<link_info>
   <banner>TI ARM Linker Unix v18.1.1.LTS</banner>
   <copyright>Copyright (c) 1996-2017 Texas Instruments Incorporated</copyright>
   <link_time>0x5afe1342</link_time>
   <link_errors>0x0</link_errors>
   <output_file>labo2.out</output_file>
   <entry_point>
      <name>_c_int00_noargs</name>
      <address>0x16d5</address>
   </entry_point>
   <input_file_list>
      <input_file id="fl-1">
         <path>./</path>
         <kind>object</kind>
         <file>ADC_en.obj</file>
         <name>ADC_en.obj</name>
      </input_file>
      <input_file id="fl-2">
         <path>./</path>
         <kind>object</kind>
         <file>AngleCalc.obj</file>
         <name>AngleCalc.obj</name>
      </input_file>
      <input_file id="fl-3">
         <path>./</path>
         <kind>object</kind>
         <file>LED.obj</file>
         <name>LED.obj</name>
      </input_file>
      <input_file id="fl-4">
         <path>./</path>
         <kind>object</kind>
         <file>Mailbox.obj</file>
         <name>Mailbox.obj</name>
      </input_file>
      <input_file id="fl-5">
         <path>./</path>
         <kind>object</kind>
         <file>Scheduler.obj</file>
         <name>Scheduler.obj</name>
      </input_file>
      <input_file id="fl-6">
         <path>./</path>
         <kind>object</kind>
         <file>Task.obj</file>
         <name>Task.obj</name>
      </input_file>
      <input_file id="fl-7">
         <path>./</path>
         <kind>object</kind>
         <file>main.obj</file>
         <name>main.obj</name>
      </input_file>
      <input_file id="fl-8">
         <path>./</path>
         <kind>object</kind>
         <file>startup_msp432p401r_ccs.obj</file>
         <name>startup_msp432p401r_ccs.obj</name>
      </input_file>
      <input_file id="fl-9">
         <path>./</path>
         <kind>object</kind>
         <file>system_msp432p401r.obj</file>
         <name>system_msp432p401r.obj</name>
      </input_file>
      <input_file id="fl-d">
         <kind>object</kind>
         <file>&lt;internal&gt;</file>
         <name>&lt;internal&gt;</name>
      </input_file>
      <input_file id="fl-c3">
         <path>/home/juan/ti/ccsv7/tools/compiler/ti-cgt-arm_18.1.1.LTS/lib/</path>
         <kind>archive</kind>
         <file>rtsv7M4_T_le_v4SPD16_eabi.lib</file>
         <name>s_atan.c.obj</name>
      </input_file>
      <input_file id="fl-c4">
         <path>/home/juan/ti/ccsv7/tools/compiler/ti-cgt-arm_18.1.1.LTS/lib/</path>
         <kind>archive</kind>
         <file>rtsv7M4_T_le_v4SPD16_eabi.lib</file>
         <name>new.cpp.obj</name>
      </input_file>
      <input_file id="fl-c5">
         <path>/home/juan/ti/ccsv7/tools/compiler/ti-cgt-arm_18.1.1.LTS/lib/</path>
         <kind>archive</kind>
         <file>rtsv7M4_T_le_v4SPD16_eabi.lib</file>
         <name>typeinfo.c.obj</name>
      </input_file>
      <input_file id="fl-c6">
         <path>/home/juan/ti/ccsv7/tools/compiler/ti-cgt-arm_18.1.1.LTS/lib/</path>
         <kind>archive</kind>
         <file>rtsv7M4_T_le_v4SPD16_eabi.lib</file>
         <name>stdlib_typeinfo.cpp.obj</name>
      </input_file>
      <input_file id="fl-c7">
         <path>/home/juan/ti/ccsv7/tools/compiler/ti-cgt-arm_18.1.1.LTS/lib/</path>
         <kind>archive</kind>
         <file>rtsv7M4_T_le_v4SPD16_eabi.lib</file>
         <name>fd_add_t2.asm.obj</name>
      </input_file>
      <input_file id="fl-c8">
         <path>/home/juan/ti/ccsv7/tools/compiler/ti-cgt-arm_18.1.1.LTS/lib/</path>
         <kind>archive</kind>
         <file>rtsv7M4_T_le_v4SPD16_eabi.lib</file>
         <name>fd_cmp_t2.asm.obj</name>
      </input_file>
      <input_file id="fl-c9">
         <path>/home/juan/ti/ccsv7/tools/compiler/ti-cgt-arm_18.1.1.LTS/lib/</path>
         <kind>archive</kind>
         <file>rtsv7M4_T_le_v4SPD16_eabi.lib</file>
         <name>fd_div_t2.asm.obj</name>
      </input_file>
      <input_file id="fl-ca">
         <path>/home/juan/ti/ccsv7/tools/compiler/ti-cgt-arm_18.1.1.LTS/lib/</path>
         <kind>archive</kind>
         <file>rtsv7M4_T_le_v4SPD16_eabi.lib</file>
         <name>fd_mul_t2.asm.obj</name>
      </input_file>
      <input_file id="fl-cb">
         <path>/home/juan/ti/ccsv7/tools/compiler/ti-cgt-arm_18.1.1.LTS/lib/</path>
         <kind>archive</kind>
         <file>rtsv7M4_T_le_v4SPD16_eabi.lib</file>
         <name>fd_toi_t2.asm.obj</name>
      </input_file>
      <input_file id="fl-cc">
         <path>/home/juan/ti/ccsv7/tools/compiler/ti-cgt-arm_18.1.1.LTS/lib/</path>
         <kind>archive</kind>
         <file>rtsv7M4_T_le_v4SPD16_eabi.lib</file>
         <name>i_tofd_t2.asm.obj</name>
      </input_file>
      <input_file id="fl-cd">
         <path>/home/juan/ti/ccsv7/tools/compiler/ti-cgt-arm_18.1.1.LTS/lib/</path>
         <kind>archive</kind>
         <file>rtsv7M4_T_le_v4SPD16_eabi.lib</file>
         <name>copy_zero_init.c.obj</name>
      </input_file>
      <input_file id="fl-ce">
         <path>/home/juan/ti/ccsv7/tools/compiler/ti-cgt-arm_18.1.1.LTS/lib/</path>
         <kind>archive</kind>
         <file>rtsv7M4_T_le_v4SPD16_eabi.lib</file>
         <name>copy_decompress_none.c.obj</name>
      </input_file>
      <input_file id="fl-cf">
         <path>/home/juan/ti/ccsv7/tools/compiler/ti-cgt-arm_18.1.1.LTS/lib/</path>
         <kind>archive</kind>
         <file>rtsv7M4_T_le_v4SPD16_eabi.lib</file>
         <name>copy_decompress_lzss.c.obj</name>
      </input_file>
      <input_file id="fl-d0">
         <path>/home/juan/ti/ccsv7/tools/compiler/ti-cgt-arm_18.1.1.LTS/lib/</path>
         <kind>archive</kind>
         <file>rtsv7M4_T_le_v4SPD16_eabi.lib</file>
         <name>boot_cortex_m.c.obj</name>
      </input_file>
      <input_file id="fl-d1">
         <path>/home/juan/ti/ccsv7/tools/compiler/ti-cgt-arm_18.1.1.LTS/lib/</path>
         <kind>archive</kind>
         <file>rtsv7M4_T_le_v4SPD16_eabi.lib</file>
         <name>exit.c.obj</name>
      </input_file>
      <input_file id="fl-d2">
         <path>/home/juan/ti/ccsv7/tools/compiler/ti-cgt-arm_18.1.1.LTS/lib/</path>
         <kind>archive</kind>
         <file>rtsv7M4_T_le_v4SPD16_eabi.lib</file>
         <name>memory.c.obj</name>
      </input_file>
      <input_file id="fl-d3">
         <path>/home/juan/ti/ccsv7/tools/compiler/ti-cgt-arm_18.1.1.LTS/lib/</path>
         <kind>archive</kind>
         <file>rtsv7M4_T_le_v4SPD16_eabi.lib</file>
         <name>_lock.c.obj</name>
      </input_file>
      <input_file id="fl-d4">
         <path>/home/juan/ti/ccsv7/tools/compiler/ti-cgt-arm_18.1.1.LTS/lib/</path>
         <kind>archive</kind>
         <file>rtsv7M4_T_le_v4SPD16_eabi.lib</file>
         <name>args_main.c.obj</name>
      </input_file>
      <input_file id="fl-d5">
         <path>/home/juan/ti/ccsv7/tools/compiler/ti-cgt-arm_18.1.1.LTS/lib/</path>
         <kind>archive</kind>
         <file>rtsv7M4_T_le_v4SPD16_eabi.lib</file>
         <name>stdlib_exception.cpp.obj</name>
      </input_file>
      <input_file id="fl-d6">
         <path>/home/juan/ti/ccsv7/tools/compiler/ti-cgt-arm_18.1.1.LTS/lib/</path>
         <kind>archive</kind>
         <file>rtsv7M4_T_le_v4SPD16_eabi.lib</file>
         <name>memcpy_t2.asm.obj</name>
      </input_file>
      <input_file id="fl-d7">
         <path>/home/juan/ti/ccsv7/tools/compiler/ti-cgt-arm_18.1.1.LTS/lib/</path>
         <kind>archive</kind>
         <file>rtsv7M4_T_le_v4SPD16_eabi.lib</file>
         <name>memset_t2.asm.obj</name>
      </input_file>
      <input_file id="fl-d8">
         <path>/home/juan/ti/ccsv7/tools/compiler/ti-cgt-arm_18.1.1.LTS/lib/</path>
         <kind>archive</kind>
         <file>rtsv7M4_T_le_v4SPD16_eabi.lib</file>
         <name>autoinit.c.obj</name>
      </input_file>
      <input_file id="fl-d9">
         <path>/home/juan/ti/ccsv7/tools/compiler/ti-cgt-arm_18.1.1.LTS/lib/</path>
         <kind>archive</kind>
         <file>rtsv7M4_T_le_v4SPD16_eabi.lib</file>
         <name>pre_init.c.obj</name>
      </input_file>
      <input_file id="fl-da">
         <path>/home/juan/ti/ccsv7/tools/compiler/ti-cgt-arm_18.1.1.LTS/lib/</path>
         <kind>archive</kind>
         <file>rtsv7M4_T_le_v4SPD16_eabi.lib</file>
         <name>cpy_tbl.c.obj</name>
      </input_file>
   </input_file_list>
   <object_component_list>
      <object_component id="oc-24">
         <name>.intvecs:retain</name>
         <load_address>0x0</load_address>
         <run_address>0x0</run_address>
         <size>0xe4</size>
         <input_file_ref idref="fl-8"/>
      </object_component>
      <object_component id="oc-eb">
         <name>.text</name>
         <load_address>0xe4</load_address>
         <run_address>0xe4</run_address>
         <size>0x32c</size>
         <input_file_ref idref="fl-9"/>
      </object_component>
      <object_component id="oc-178">
         <name>.text:atan</name>
         <load_address>0x410</load_address>
         <run_address>0x410</run_address>
         <size>0x2ec</size>
         <input_file_ref idref="fl-c3"/>
      </object_component>
      <object_component id="oc-bc">
         <name>.text</name>
         <load_address>0x6fc</load_address>
         <run_address>0x6fc</run_address>
         <size>0x262</size>
         <input_file_ref idref="fl-5"/>
      </object_component>
      <object_component id="oc-354">
         <name>.text:_ZNSt9type_infoD1Ev</name>
         <load_address>0x95e</load_address>
         <run_address>0x95e</run_address>
         <size>0x2</size>
         <input_file_ref idref="fl-c6"/>
      </object_component>
      <object_component id="oc-68">
         <name>.text</name>
         <load_address>0x960</load_address>
         <run_address>0x960</run_address>
         <size>0x1f8</size>
         <input_file_ref idref="fl-7"/>
      </object_component>
      <object_component id="oc-226">
         <name>.text</name>
         <load_address>0xb58</load_address>
         <run_address>0xb58</run_address>
         <size>0x1b6</size>
         <input_file_ref idref="fl-c7"/>
      </object_component>
      <object_component id="oc-27b">
         <name>.text:_nop</name>
         <load_address>0xd0e</load_address>
         <run_address>0xd0e</run_address>
         <size>0x2</size>
         <input_file_ref idref="fl-d3"/>
      </object_component>
      <object_component id="oc-b0">
         <name>.text</name>
         <load_address>0xd10</load_address>
         <run_address>0xd10</run_address>
         <size>0x138</size>
         <input_file_ref idref="fl-1"/>
      </object_component>
      <object_component id="oc-173">
         <name>.text</name>
         <load_address>0xe48</load_address>
         <run_address>0xe48</run_address>
         <size>0x136</size>
         <input_file_ref idref="fl-c9"/>
      </object_component>
      <object_component id="oc-17e">
         <name>.text</name>
         <load_address>0xf7e</load_address>
         <run_address>0xf7e</run_address>
         <size>0xfc</size>
         <input_file_ref idref="fl-ca"/>
      </object_component>
      <object_component id="oc-370">
         <name>.text:free</name>
         <load_address>0x107c</load_address>
         <run_address>0x107c</run_address>
         <size>0xd8</size>
         <input_file_ref idref="fl-d2"/>
      </object_component>
      <object_component id="oc-b6">
         <name>.text</name>
         <load_address>0x1154</load_address>
         <run_address>0x1154</run_address>
         <size>0xac</size>
         <input_file_ref idref="fl-2"/>
      </object_component>
      <object_component id="oc-c2">
         <name>.text</name>
         <load_address>0x1200</load_address>
         <run_address>0x1200</run_address>
         <size>0x9c</size>
         <input_file_ref idref="fl-4"/>
      </object_component>
      <object_component id="oc-38">
         <name>.text</name>
         <load_address>0x129c</load_address>
         <run_address>0x129c</run_address>
         <size>0x9c</size>
         <input_file_ref idref="fl-d6"/>
      </object_component>
      <object_component id="oc-22b">
         <name>.text:__aeabi_cdrcmple</name>
         <load_address>0x1338</load_address>
         <run_address>0x1338</run_address>
         <size>0x86</size>
         <input_file_ref idref="fl-c8"/>
      </object_component>
      <object_component id="oc-92">
         <name>.text</name>
         <load_address>0x13be</load_address>
         <run_address>0x13be</run_address>
         <size>0x7a</size>
         <input_file_ref idref="fl-d7"/>
      </object_component>
      <object_component id="oc-258">
         <name>.text:malloc</name>
         <load_address>0x1438</load_address>
         <run_address>0x1438</run_address>
         <size>0x78</size>
         <input_file_ref idref="fl-d2"/>
      </object_component>
      <object_component id="oc-153">
         <name>.text</name>
         <load_address>0x14b0</load_address>
         <run_address>0x14b0</run_address>
         <size>0x70</size>
         <input_file_ref idref="fl-6"/>
      </object_component>
      <object_component id="oc-aa">
         <name>.text</name>
         <load_address>0x1520</load_address>
         <run_address>0x1520</run_address>
         <size>0x68</size>
         <input_file_ref idref="fl-3"/>
      </object_component>
      <object_component id="oc-14">
         <name>.text:decompress:lzss:__TI_decompress_lzss</name>
         <load_address>0x1588</load_address>
         <run_address>0x1588</run_address>
         <size>0x68</size>
         <input_file_ref idref="fl-cf"/>
      </object_component>
      <object_component id="oc-127">
         <name>.text:__TI_auto_init_nobinit:__TI_auto_init_nobinit</name>
         <load_address>0x15f0</load_address>
         <run_address>0x15f0</run_address>
         <size>0x60</size>
         <input_file_ref idref="fl-d8"/>
      </object_component>
      <object_component id="oc-183">
         <name>.text</name>
         <load_address>0x1650</load_address>
         <run_address>0x1650</run_address>
         <size>0x48</size>
         <input_file_ref idref="fl-cb"/>
      </object_component>
      <object_component id="oc-2da">
         <name>.text:minsert</name>
         <load_address>0x1698</load_address>
         <run_address>0x1698</run_address>
         <size>0x3c</size>
         <input_file_ref idref="fl-d2"/>
      </object_component>
      <object_component id="oc-56">
         <name>.text:_c_int00_noargs:_c_int00_noargs</name>
         <load_address>0x16d4</load_address>
         <run_address>0x16d4</run_address>
         <size>0x38</size>
         <input_file_ref idref="fl-d0"/>
      </object_component>
      <object_component id="oc-2ce">
         <name>.text:minit</name>
         <load_address>0x170c</load_address>
         <run_address>0x170c</run_address>
         <size>0x38</size>
         <input_file_ref idref="fl-d2"/>
      </object_component>
      <object_component id="oc-16e">
         <name>.text</name>
         <load_address>0x1744</load_address>
         <run_address>0x1744</run_address>
         <size>0x2e</size>
         <input_file_ref idref="fl-cc"/>
      </object_component>
      <object_component id="oc-2d4">
         <name>.text:mremove</name>
         <load_address>0x1774</load_address>
         <run_address>0x1774</run_address>
         <size>0x28</size>
         <input_file_ref idref="fl-d2"/>
      </object_component>
      <object_component id="oc-1a2">
         <name>.text:_Znwj</name>
         <load_address>0x179c</load_address>
         <run_address>0x179c</run_address>
         <size>0x22</size>
         <input_file_ref idref="fl-c4"/>
      </object_component>
      <object_component id="oc-32a">
         <name>.text:_ZN10__cxxabiv117__class_type_infoD0Ev</name>
         <load_address>0x17be</load_address>
         <run_address>0x17be</run_address>
         <size>0xe</size>
         <input_file_ref idref="fl-c5"/>
      </object_component>
      <object_component id="oc-30e">
         <name>.text:_ZN10__cxxabiv120__si_class_type_infoD0Ev</name>
         <load_address>0x17cc</load_address>
         <run_address>0x17cc</run_address>
         <size>0xe</size>
         <input_file_ref idref="fl-c5"/>
      </object_component>
      <object_component id="oc-1a">
         <name>.text:decompress:none:__TI_decompress_none</name>
         <load_address>0x17da</load_address>
         <run_address>0x17da</run_address>
         <size>0xe</size>
         <input_file_ref idref="fl-ce"/>
      </object_component>
      <object_component id="oc-6e">
         <name>.text</name>
         <load_address>0x17e8</load_address>
         <run_address>0x17e8</run_address>
         <size>0xe</size>
         <input_file_ref idref="fl-8"/>
      </object_component>
      <object_component id="oc-29f">
         <name>.text:_ZN4Task3runEv</name>
         <load_address>0x17f6</load_address>
         <run_address>0x17f6</run_address>
         <size>0xc</size>
         <input_file_ref idref="fl-6"/>
      </object_component>
      <object_component id="oc-2a6">
         <name>.text:_ZN4Task5setupEv</name>
         <load_address>0x1802</load_address>
         <run_address>0x1802</run_address>
         <size>0xc</size>
         <input_file_ref idref="fl-6"/>
      </object_component>
      <object_component id="oc-1a8">
         <name>.text:_ZN7MailboxC1Ev</name>
         <load_address>0x180e</load_address>
         <run_address>0x180e</run_address>
         <size>0xc</size>
         <input_file_ref idref="fl-4"/>
      </object_component>
      <object_component id="oc-25e">
         <name>.text:_ZSt15get_new_handlerv</name>
         <load_address>0x181c</load_address>
         <run_address>0x181c</run_address>
         <size>0xc</size>
         <input_file_ref idref="fl-c4"/>
      </object_component>
      <object_component id="oc-4a">
         <name>.text:decompress:ZI:__TI_zero_init</name>
         <load_address>0x1828</load_address>
         <run_address>0x1828</run_address>
         <size>0xc</size>
         <input_file_ref idref="fl-cd"/>
      </object_component>
      <object_component id="oc-35c">
         <name>.text:_ZdlPv</name>
         <load_address>0x1834</load_address>
         <run_address>0x1834</run_address>
         <size>0x8</size>
         <input_file_ref idref="fl-c4"/>
      </object_component>
      <object_component id="oc-324">
         <name>.text:_ZN10__cxxabiv117__class_type_infoD1Ev</name>
         <load_address>0x183c</load_address>
         <run_address>0x183c</run_address>
         <size>0x4</size>
         <input_file_ref idref="fl-c5"/>
      </object_component>
      <object_component id="oc-308">
         <name>.text:_ZN10__cxxabiv120__si_class_type_infoD1Ev</name>
         <load_address>0x1840</load_address>
         <run_address>0x1840</run_address>
         <size>0x4</size>
         <input_file_ref idref="fl-c5"/>
      </object_component>
      <object_component id="oc-33b">
         <name>.text:_ZdlPvj</name>
         <load_address>0x1844</load_address>
         <run_address>0x1844</run_address>
         <size>0x4</size>
         <input_file_ref idref="fl-c4"/>
      </object_component>
      <object_component id="oc-98">
         <name>.text:_system_pre_init</name>
         <load_address>0x1848</load_address>
         <run_address>0x1848</run_address>
         <size>0x4</size>
         <input_file_ref idref="fl-d9"/>
      </object_component>
      <object_component id="oc-115">
         <name>.text:abort:abort</name>
         <load_address>0x184c</load_address>
         <run_address>0x184c</run_address>
         <size>0x4</size>
         <input_file_ref idref="fl-d1"/>
      </object_component>
      <object_component id="oc-230">
         <name>.const:$O1$$</name>
         <load_address>0x1850</load_address>
         <run_address>0x1850</run_address>
         <size>0x98</size>
         <input_file_ref idref="fl-c3"/>
      </object_component>
      <object_component id="oc-330">
         <name>.const:.typeinfo:_ZTSN10__cxxabiv120__si_class_type_infoE</name>
         <load_address>0x18e8</load_address>
         <run_address>0x18e8</run_address>
         <size>0x25</size>
         <input_file_ref idref="fl-c5"/>
      </object_component>
      <object_component id="oc-34a">
         <name>.const:.typeinfo:_ZTSN10__cxxabiv117__class_type_infoE</name>
         <load_address>0x190d</load_address>
         <run_address>0x190d</run_address>
         <size>0x22</size>
         <input_file_ref idref="fl-c5"/>
      </object_component>
      <object_component id="oc-159">
         <name>.const:_ZTV3LED</name>
         <load_address>0x1930</load_address>
         <run_address>0x1930</run_address>
         <size>0x10</size>
         <input_file_ref idref="fl-3"/>
      </object_component>
      <object_component id="oc-1fa">
         <name>.const:_ZTV4Task</name>
         <load_address>0x1940</load_address>
         <run_address>0x1940</run_address>
         <size>0x10</size>
         <input_file_ref idref="fl-6"/>
      </object_component>
      <object_component id="oc-161">
         <name>.const:_ZTV6ADC_en</name>
         <load_address>0x1950</load_address>
         <run_address>0x1950</run_address>
         <size>0x10</size>
         <input_file_ref idref="fl-1"/>
      </object_component>
      <object_component id="oc-188">
         <name>.const:_ZTV9AngleCalc</name>
         <load_address>0x1960</load_address>
         <run_address>0x1960</run_address>
         <size>0x10</size>
         <input_file_ref idref="fl-2"/>
      </object_component>
      <object_component id="oc-2f9">
         <name>.const:_ZTVN10__cxxabiv117__class_type_infoE</name>
         <load_address>0x1970</load_address>
         <run_address>0x1970</run_address>
         <size>0x10</size>
         <input_file_ref idref="fl-c5"/>
      </object_component>
      <object_component id="oc-2af">
         <name>.const:_ZTVN10__cxxabiv120__si_class_type_infoE</name>
         <load_address>0x1980</load_address>
         <run_address>0x1980</run_address>
         <size>0x10</size>
         <input_file_ref idref="fl-c5"/>
      </object_component>
      <object_component id="oc-363">
         <name>.const:.typeinfo:_ZTSSt9type_info</name>
         <load_address>0x1990</load_address>
         <run_address>0x1990</run_address>
         <size>0xd</size>
         <input_file_ref idref="fl-c6"/>
      </object_component>
      <object_component id="oc-207">
         <name>.const:.typeinfo:_ZTI3LED</name>
         <load_address>0x19a0</load_address>
         <run_address>0x19a0</run_address>
         <size>0xc</size>
         <input_file_ref idref="fl-3"/>
      </object_component>
      <object_component id="oc-21d">
         <name>.const:.typeinfo:_ZTI6ADC_en</name>
         <load_address>0x19ac</load_address>
         <run_address>0x19ac</run_address>
         <size>0xc</size>
         <input_file_ref idref="fl-1"/>
      </object_component>
      <object_component id="oc-23b">
         <name>.const:.typeinfo:_ZTI9AngleCalc</name>
         <load_address>0x19b8</load_address>
         <run_address>0x19b8</run_address>
         <size>0xc</size>
         <input_file_ref idref="fl-2"/>
      </object_component>
      <object_component id="oc-31f">
         <name>.const:.typeinfo:_ZTIN10__cxxabiv117__class_type_infoE</name>
         <load_address>0x19c4</load_address>
         <run_address>0x19c4</run_address>
         <size>0xc</size>
         <input_file_ref idref="fl-c5"/>
      </object_component>
      <object_component id="oc-303">
         <name>.const:.typeinfo:_ZTIN10__cxxabiv120__si_class_type_infoE</name>
         <load_address>0x19d0</load_address>
         <run_address>0x19d0</run_address>
         <size>0xc</size>
         <input_file_ref idref="fl-c5"/>
      </object_component>
      <object_component id="oc-2c9">
         <name>.const:.typeinfo:_ZTS9AngleCalc</name>
         <load_address>0x19dc</load_address>
         <run_address>0x19dc</run_address>
         <size>0xb</size>
         <input_file_ref idref="fl-2"/>
      </object_component>
      <object_component id="oc-29a">
         <name>.const:.typeinfo:_ZTI4Task</name>
         <load_address>0x19e8</load_address>
         <run_address>0x19e8</run_address>
         <size>0x8</size>
         <input_file_ref idref="fl-1"/>
      </object_component>
      <object_component id="oc-34f">
         <name>.const:.typeinfo:_ZTISt9type_info</name>
         <load_address>0x19f0</load_address>
         <run_address>0x19f0</run_address>
         <size>0x8</size>
         <input_file_ref idref="fl-c6"/>
      </object_component>
      <object_component id="oc-2b9">
         <name>.const:.typeinfo:_ZTS6ADC_en</name>
         <load_address>0x19f8</load_address>
         <run_address>0x19f8</run_address>
         <size>0x8</size>
         <input_file_ref idref="fl-1"/>
      </object_component>
      <object_component id="oc-2fe">
         <name>.const:.typeinfo:_ZTS4Task</name>
         <load_address>0x1a00</load_address>
         <run_address>0x1a00</run_address>
         <size>0x6</size>
         <input_file_ref idref="fl-1"/>
      </object_component>
      <object_component id="oc-2b4">
         <name>.const:.typeinfo:_ZTS3LED</name>
         <load_address>0x1a06</load_address>
         <run_address>0x1a06</run_address>
         <size>0x5</size>
         <input_file_ref idref="fl-3"/>
      </object_component>
      <object_component id="oc-3b3">
         <name>.cinit..data.load</name>
         <load_address>0x1a10</load_address>
         <run_address>0x1a10</run_address>
         <size>0x1e</size>
      </object_component>
      <object_component id="oc-3b1">
         <name>__TI_handler_table</name>
         <load_address>0x1a30</load_address>
         <run_address>0x1a30</run_address>
         <size>0xc</size>
      </object_component>
      <object_component id="oc-3b4">
         <name>.cinit..bss.load</name>
         <load_address>0x1a40</load_address>
         <run_address>0x1a40</run_address>
         <size>0x8</size>
      </object_component>
      <object_component id="oc-3b2">
         <name>__TI_cinit_table</name>
         <load_address>0x1a48</load_address>
         <run_address>0x1a48</run_address>
         <size>0x10</size>
      </object_component>
      <object_component id="oc-23">
         <name>.init_array</name>
         <load_address>0x1a0c</load_address>
         <run_address>0x1a0c</run_address>
         <size>0x4</size>
         <input_file_ref idref="fl-7"/>
      </object_component>
      <object_component id="oc-3b5">
         <name>SHT$$INIT_ARRAY$$Limit</name>
         <load_address>0x1a10</load_address>
         <run_address>0x1a10</run_address>
         <size>0x0</size>
      </object_component>
      <object_component id="oc-386">
         <name>.binit</name>
         <load_address>0x0</load_address>
         <run_address>0x0</run_address>
         <size>0x0</size>
      </object_component>
      <object_component id="oc-1af">
         <name>.data</name>
         <load_address>0x20004408</load_address>
         <run_address>0x20004408</run_address>
         <size>0x4</size>
         <input_file_ref idref="fl-4"/>
      </object_component>
      <object_component id="oc-cb">
         <name>.data</name>
         <load_address>0x200043e0</load_address>
         <run_address>0x200043e0</run_address>
         <size>0x11</size>
         <input_file_ref idref="fl-7"/>
      </object_component>
      <object_component id="oc-1cc">
         <name>.data</name>
         <load_address>0x2000440c</load_address>
         <run_address>0x2000440c</run_address>
         <size>0x4</size>
         <input_file_ref idref="fl-9"/>
      </object_component>
      <object_component id="oc-2e0">
         <name>.data:$O1$$</name>
         <load_address>0x200043f4</load_address>
         <run_address>0x200043f4</run_address>
         <size>0xc</size>
         <input_file_ref idref="fl-d2"/>
      </object_component>
      <object_component id="oc-1de">
         <name>.data:$O1$$</name>
         <load_address>0x20004400</load_address>
         <run_address>0x20004400</run_address>
         <size>0x8</size>
         <input_file_ref idref="fl-d3"/>
      </object_component>
      <object_component id="oc-ce">
         <name>.bss</name>
         <uninitialized>true</uninitialized>
         <run_address>0x20003fd8</run_address>
         <size>0x4</size>
         <input_file_ref idref="fl-7"/>
      </object_component>
      <object_component id="oc-c8">
         <name>.bss:g_MainScheduler</name>
         <uninitialized>true</uninitialized>
         <run_address>0x20000000</run_address>
         <size>0x3fd8</size>
         <input_file_ref idref="fl-7"/>
      </object_component>
      <object_component id="oc-2e4">
         <name>.bss</name>
         <uninitialized>true</uninitialized>
         <run_address>0x20003fdc</run_address>
         <size>0x4</size>
         <input_file_ref idref="fl-c4"/>
      </object_component>
      <object_component id="oc-2a">
         <name>.sysmem</name>
         <uninitialized>true</uninitialized>
         <run_address>0x20003fe0</run_address>
         <size>0x8</size>
         <input_file_ref idref="fl-d2"/>
      </object_component>
      <object_component id="oc-3b7">
         <name>.sysmem</name>
         <uninitialized>true</uninitialized>
         <run_address>0x20003fe0</run_address>
         <size>0x0</size>
      </object_component>
      <object_component id="oc-27">
         <name>.stack</name>
         <uninitialized>true</uninitialized>
         <run_address>0x2000fe00</run_address>
         <size>0x4</size>
         <input_file_ref idref="fl-d0"/>
      </object_component>
      <object_component id="oc-3b6">
         <name>.stack</name>
         <uninitialized>true</uninitialized>
         <run_address>0x2000fe00</run_address>
         <size>0x0</size>
      </object_component>
      <object_component id="oc-16c">
         <name>.debug_info</name>
         <load_address>0x0</load_address>
         <run_address>0x0</run_address>
         <size>0x1e9a</size>
         <input_file_ref idref="fl-1"/>
      </object_component>
      <object_component id="oc-162">
         <name>.debug_info</name>
         <load_address>0x1e9a</load_address>
         <run_address>0x1e9a</run_address>
         <size>0x106</size>
         <input_file_ref idref="fl-1"/>
      </object_component>
      <object_component id="oc-21e">
         <name>.debug_info</name>
         <load_address>0x1fa0</load_address>
         <run_address>0x1fa0</run_address>
         <size>0xf8</size>
         <input_file_ref idref="fl-1"/>
      </object_component>
      <object_component id="oc-29b">
         <name>.debug_info</name>
         <load_address>0x2098</load_address>
         <run_address>0x2098</run_address>
         <size>0xf4</size>
         <input_file_ref idref="fl-1"/>
      </object_component>
      <object_component id="oc-2ff">
         <name>.debug_info</name>
         <load_address>0x218c</load_address>
         <run_address>0x218c</run_address>
         <size>0xf9</size>
         <input_file_ref idref="fl-1"/>
      </object_component>
      <object_component id="oc-2ba">
         <name>.debug_info</name>
         <load_address>0x2285</load_address>
         <run_address>0x2285</run_address>
         <size>0xfd</size>
         <input_file_ref idref="fl-1"/>
      </object_component>
      <object_component id="oc-b1">
         <name>.debug_info</name>
         <load_address>0x2382</load_address>
         <run_address>0x2382</run_address>
         <size>0x566</size>
         <input_file_ref idref="fl-1"/>
      </object_component>
      <object_component id="oc-20e">
         <name>.debug_info</name>
         <load_address>0x28e8</load_address>
         <run_address>0x28e8</run_address>
         <size>0x139b</size>
         <input_file_ref idref="fl-1"/>
      </object_component>
      <object_component id="oc-e1">
         <name>.debug_info</name>
         <load_address>0x3c83</load_address>
         <run_address>0x3c83</run_address>
         <size>0x46de</size>
         <input_file_ref idref="fl-1"/>
      </object_component>
      <object_component id="oc-167">
         <name>.debug_info</name>
         <load_address>0x8361</load_address>
         <run_address>0x8361</run_address>
         <size>0x10a</size>
         <input_file_ref idref="fl-1"/>
      </object_component>
      <object_component id="oc-1b3">
         <name>.debug_info</name>
         <load_address>0x846b</load_address>
         <run_address>0x846b</run_address>
         <size>0x1b3</size>
         <input_file_ref idref="fl-1"/>
      </object_component>
      <object_component id="oc-213">
         <name>.debug_info</name>
         <load_address>0x861e</load_address>
         <run_address>0x861e</run_address>
         <size>0x73</size>
         <input_file_ref idref="fl-1"/>
      </object_component>
      <object_component id="oc-1be">
         <name>.debug_info</name>
         <load_address>0x8691</load_address>
         <run_address>0x8691</run_address>
         <size>0x205</size>
         <input_file_ref idref="fl-1"/>
      </object_component>
      <object_component id="oc-19d">
         <name>.debug_info</name>
         <load_address>0x8896</load_address>
         <run_address>0x8896</run_address>
         <size>0x8b</size>
         <input_file_ref idref="fl-1"/>
      </object_component>
      <object_component id="oc-1c7">
         <name>.debug_info</name>
         <load_address>0x8921</load_address>
         <run_address>0x8921</run_address>
         <size>0x2c9</size>
         <input_file_ref idref="fl-1"/>
      </object_component>
      <object_component id="oc-e6">
         <name>.debug_info</name>
         <load_address>0x8bea</load_address>
         <run_address>0x8bea</run_address>
         <size>0xbb</size>
         <input_file_ref idref="fl-1"/>
      </object_component>
      <object_component id="oc-218">
         <name>.debug_info</name>
         <load_address>0x8ca5</load_address>
         <run_address>0x8ca5</run_address>
         <size>0x2a1</size>
         <input_file_ref idref="fl-1"/>
      </object_component>
      <object_component id="oc-193">
         <name>.debug_info</name>
         <load_address>0x8f46</load_address>
         <run_address>0x8f46</run_address>
         <size>0x2d1f</size>
         <input_file_ref idref="fl-2"/>
      </object_component>
      <object_component id="oc-189">
         <name>.debug_info</name>
         <load_address>0xbc65</load_address>
         <run_address>0xbc65</run_address>
         <size>0xff</size>
         <input_file_ref idref="fl-2"/>
      </object_component>
      <object_component id="oc-23c">
         <name>.debug_info</name>
         <load_address>0xbd64</load_address>
         <run_address>0xbd64</run_address>
         <size>0xf1</size>
         <input_file_ref idref="fl-2"/>
      </object_component>
      <object_component id="oc-2ca">
         <name>.debug_info</name>
         <load_address>0xbe55</load_address>
         <run_address>0xbe55</run_address>
         <size>0xf6</size>
         <input_file_ref idref="fl-2"/>
      </object_component>
      <object_component id="oc-b7">
         <name>.debug_info</name>
         <load_address>0xbf4b</load_address>
         <run_address>0xbf4b</run_address>
         <size>0x2be</size>
         <input_file_ref idref="fl-2"/>
      </object_component>
      <object_component id="oc-18e">
         <name>.debug_info</name>
         <load_address>0xc209</load_address>
         <run_address>0xc209</run_address>
         <size>0xec</size>
         <input_file_ref idref="fl-2"/>
      </object_component>
      <object_component id="oc-242">
         <name>.debug_info</name>
         <load_address>0xc2f5</load_address>
         <run_address>0xc2f5</run_address>
         <size>0x16e0</size>
         <input_file_ref idref="fl-2"/>
      </object_component>
      <object_component id="oc-247">
         <name>.debug_info</name>
         <load_address>0xd9d5</load_address>
         <run_address>0xd9d5</run_address>
         <size>0xa0a</size>
         <input_file_ref idref="fl-2"/>
      </object_component>
      <object_component id="oc-24c">
         <name>.debug_info</name>
         <load_address>0xe3df</load_address>
         <run_address>0xe3df</run_address>
         <size>0x46</size>
         <input_file_ref idref="fl-2"/>
      </object_component>
      <object_component id="oc-15f">
         <name>.debug_info</name>
         <load_address>0xe425</load_address>
         <run_address>0xe425</run_address>
         <size>0x1e4e</size>
         <input_file_ref idref="fl-3"/>
      </object_component>
      <object_component id="oc-15a">
         <name>.debug_info</name>
         <load_address>0x10273</load_address>
         <run_address>0x10273</run_address>
         <size>0xfd</size>
         <input_file_ref idref="fl-3"/>
      </object_component>
      <object_component id="oc-208">
         <name>.debug_info</name>
         <load_address>0x10370</load_address>
         <run_address>0x10370</run_address>
         <size>0xef</size>
         <input_file_ref idref="fl-3"/>
      </object_component>
      <object_component id="oc-2b5">
         <name>.debug_info</name>
         <load_address>0x1045f</load_address>
         <run_address>0x1045f</run_address>
         <size>0xf4</size>
         <input_file_ref idref="fl-3"/>
      </object_component>
      <object_component id="oc-ab">
         <name>.debug_info</name>
         <load_address>0x10553</load_address>
         <run_address>0x10553</run_address>
         <size>0x24f</size>
         <input_file_ref idref="fl-3"/>
      </object_component>
      <object_component id="oc-d7">
         <name>.debug_info</name>
         <load_address>0x107a2</load_address>
         <run_address>0x107a2</run_address>
         <size>0xf6</size>
         <input_file_ref idref="fl-3"/>
      </object_component>
      <object_component id="oc-1b8">
         <name>.debug_info</name>
         <load_address>0x10898</load_address>
         <run_address>0x10898</run_address>
         <size>0x1830</size>
         <input_file_ref idref="fl-4"/>
      </object_component>
      <object_component id="oc-1b0">
         <name>.debug_info</name>
         <load_address>0x120c8</load_address>
         <run_address>0x120c8</run_address>
         <size>0x103</size>
         <input_file_ref idref="fl-4"/>
      </object_component>
      <object_component id="oc-1a9">
         <name>.debug_info</name>
         <load_address>0x121cb</load_address>
         <run_address>0x121cb</run_address>
         <size>0x1c9</size>
         <input_file_ref idref="fl-4"/>
      </object_component>
      <object_component id="oc-c3">
         <name>.debug_info</name>
         <load_address>0x12394</load_address>
         <run_address>0x12394</run_address>
         <size>0x331</size>
         <input_file_ref idref="fl-4"/>
      </object_component>
      <object_component id="oc-19b">
         <name>.debug_info</name>
         <load_address>0x126c5</load_address>
         <run_address>0x126c5</run_address>
         <size>0x1a34</size>
         <input_file_ref idref="fl-5"/>
      </object_component>
      <object_component id="oc-bd">
         <name>.debug_info</name>
         <load_address>0x140f9</load_address>
         <run_address>0x140f9</run_address>
         <size>0x6d5</size>
         <input_file_ref idref="fl-5"/>
      </object_component>
      <object_component id="oc-196">
         <name>.debug_info</name>
         <load_address>0x147ce</load_address>
         <run_address>0x147ce</run_address>
         <size>0x2a7</size>
         <input_file_ref idref="fl-5"/>
      </object_component>
      <object_component id="oc-200">
         <name>.debug_info</name>
         <load_address>0x14a75</load_address>
         <run_address>0x14a75</run_address>
         <size>0x1f9</size>
         <input_file_ref idref="fl-5"/>
      </object_component>
      <object_component id="oc-253">
         <name>.debug_info</name>
         <load_address>0x14c6e</load_address>
         <run_address>0x14c6e</run_address>
         <size>0x1a5</size>
         <input_file_ref idref="fl-5"/>
      </object_component>
      <object_component id="oc-205">
         <name>.debug_info</name>
         <load_address>0x14e13</load_address>
         <run_address>0x14e13</run_address>
         <size>0x1e5d</size>
         <input_file_ref idref="fl-6"/>
      </object_component>
      <object_component id="oc-1fb">
         <name>.debug_info</name>
         <load_address>0x16c70</load_address>
         <run_address>0x16c70</run_address>
         <size>0x100</size>
         <input_file_ref idref="fl-6"/>
      </object_component>
      <object_component id="oc-2a0">
         <name>.debug_info</name>
         <load_address>0x16d70</load_address>
         <run_address>0x16d70</run_address>
         <size>0x13d</size>
         <input_file_ref idref="fl-6"/>
      </object_component>
      <object_component id="oc-2a7">
         <name>.debug_info</name>
         <load_address>0x16ead</load_address>
         <run_address>0x16ead</run_address>
         <size>0x141</size>
         <input_file_ref idref="fl-6"/>
      </object_component>
      <object_component id="oc-154">
         <name>.debug_info</name>
         <load_address>0x16fee</load_address>
         <run_address>0x16fee</run_address>
         <size>0x30a</size>
         <input_file_ref idref="fl-6"/>
      </object_component>
      <object_component id="oc-1c3">
         <name>.debug_info</name>
         <load_address>0x172f8</load_address>
         <run_address>0x172f8</run_address>
         <size>0x1c72</size>
         <input_file_ref idref="fl-7"/>
      </object_component>
      <object_component id="oc-cc">
         <name>.debug_info</name>
         <load_address>0x18f6a</load_address>
         <run_address>0x18f6a</run_address>
         <size>0x1dd</size>
         <input_file_ref idref="fl-7"/>
      </object_component>
      <object_component id="oc-cf">
         <name>.debug_info</name>
         <load_address>0x19147</load_address>
         <run_address>0x19147</run_address>
         <size>0xda</size>
         <input_file_ref idref="fl-7"/>
      </object_component>
      <object_component id="oc-c9">
         <name>.debug_info</name>
         <load_address>0x19221</load_address>
         <run_address>0x19221</run_address>
         <size>0xe6</size>
         <input_file_ref idref="fl-7"/>
      </object_component>
      <object_component id="oc-69">
         <name>.debug_info</name>
         <load_address>0x19307</load_address>
         <run_address>0x19307</run_address>
         <size>0x712</size>
         <input_file_ref idref="fl-7"/>
      </object_component>
      <object_component id="oc-d2">
         <name>.debug_info</name>
         <load_address>0x19a19</load_address>
         <run_address>0x19a19</run_address>
         <size>0x10a</size>
         <input_file_ref idref="fl-7"/>
      </object_component>
      <object_component id="oc-dc">
         <name>.debug_info</name>
         <load_address>0x19b23</load_address>
         <run_address>0x19b23</run_address>
         <size>0xec</size>
         <input_file_ref idref="fl-7"/>
      </object_component>
      <object_component id="oc-76">
         <name>.debug_info</name>
         <load_address>0x19c0f</load_address>
         <run_address>0x19c0f</run_address>
         <size>0x2dd</size>
         <input_file_ref idref="fl-8"/>
      </object_component>
      <object_component id="oc-25">
         <name>.debug_info</name>
         <load_address>0x19eec</load_address>
         <run_address>0x19eec</run_address>
         <size>0x109</size>
         <input_file_ref idref="fl-8"/>
      </object_component>
      <object_component id="oc-6f">
         <name>.debug_info</name>
         <load_address>0x19ff5</load_address>
         <run_address>0x19ff5</run_address>
         <size>0x1d0</size>
         <input_file_ref idref="fl-8"/>
      </object_component>
      <object_component id="oc-f4">
         <name>.debug_info</name>
         <load_address>0x1a1c5</load_address>
         <run_address>0x1a1c5</run_address>
         <size>0x26b</size>
         <input_file_ref idref="fl-8"/>
      </object_component>
      <object_component id="oc-33">
         <name>.debug_info</name>
         <load_address>0x1a430</load_address>
         <run_address>0x1a430</run_address>
         <size>0x84</size>
         <input_file_ref idref="fl-8"/>
      </object_component>
      <object_component id="oc-1d5">
         <name>.debug_info</name>
         <load_address>0x1a4b4</load_address>
         <run_address>0x1a4b4</run_address>
         <size>0x297</size>
         <input_file_ref idref="fl-8"/>
      </object_component>
      <object_component id="oc-1d0">
         <name>.debug_info</name>
         <load_address>0x1a74b</load_address>
         <run_address>0x1a74b</run_address>
         <size>0xbb</size>
         <input_file_ref idref="fl-8"/>
      </object_component>
      <object_component id="oc-1cd">
         <name>.debug_info</name>
         <load_address>0x1a806</load_address>
         <run_address>0x1a806</run_address>
         <size>0x102</size>
         <input_file_ref idref="fl-9"/>
      </object_component>
      <object_component id="oc-ec">
         <name>.debug_info</name>
         <load_address>0x1a908</load_address>
         <run_address>0x1a908</run_address>
         <size>0x274</size>
         <input_file_ref idref="fl-9"/>
      </object_component>
      <object_component id="oc-2c2">
         <name>.debug_info</name>
         <load_address>0x1ab7c</load_address>
         <run_address>0x1ab7c</run_address>
         <size>0x2ec</size>
         <input_file_ref idref="fl-c3"/>
      </object_component>
      <object_component id="oc-231">
         <name>.debug_info</name>
         <load_address>0x1ae68</load_address>
         <run_address>0x1ae68</run_address>
         <size>0x126</size>
         <input_file_ref idref="fl-c3"/>
      </object_component>
      <object_component id="oc-179">
         <name>.debug_info</name>
         <load_address>0x1af8e</load_address>
         <run_address>0x1af8e</run_address>
         <size>0x4a1</size>
         <input_file_ref idref="fl-c3"/>
      </object_component>
      <object_component id="oc-2c4">
         <name>.debug_info</name>
         <load_address>0x1b42f</load_address>
         <run_address>0x1b42f</run_address>
         <size>0x46</size>
         <input_file_ref idref="fl-c3"/>
      </object_component>
      <object_component id="oc-234">
         <name>.debug_info</name>
         <load_address>0x1b475</load_address>
         <run_address>0x1b475</run_address>
         <size>0x39</size>
         <input_file_ref idref="fl-c3"/>
      </object_component>
      <object_component id="oc-265">
         <name>.debug_info</name>
         <load_address>0x1b4ae</load_address>
         <run_address>0x1b4ae</run_address>
         <size>0x46a</size>
         <input_file_ref idref="fl-c4"/>
      </object_component>
      <object_component id="oc-2e5">
         <name>.debug_info</name>
         <load_address>0x1b918</load_address>
         <run_address>0x1b918</run_address>
         <size>0x149</size>
         <input_file_ref idref="fl-c4"/>
      </object_component>
      <object_component id="oc-25f">
         <name>.debug_info</name>
         <load_address>0x1ba61</load_address>
         <run_address>0x1ba61</run_address>
         <size>0x197</size>
         <input_file_ref idref="fl-c4"/>
      </object_component>
      <object_component id="oc-1a3">
         <name>.debug_info</name>
         <load_address>0x1bbf8</load_address>
         <run_address>0x1bbf8</run_address>
         <size>0x1b1</size>
         <input_file_ref idref="fl-c4"/>
      </object_component>
      <object_component id="oc-35d">
         <name>.debug_info</name>
         <load_address>0x1bda9</load_address>
         <run_address>0x1bda9</run_address>
         <size>0x170</size>
         <input_file_ref idref="fl-c4"/>
      </object_component>
      <object_component id="oc-33c">
         <name>.debug_info</name>
         <load_address>0x1bf19</load_address>
         <run_address>0x1bf19</run_address>
         <size>0x171</size>
         <input_file_ref idref="fl-c4"/>
      </object_component>
      <object_component id="oc-26c">
         <name>.debug_info</name>
         <load_address>0x1c08a</load_address>
         <run_address>0x1c08a</run_address>
         <size>0x6c</size>
         <input_file_ref idref="fl-c4"/>
      </object_component>
      <object_component id="oc-267">
         <name>.debug_info</name>
         <load_address>0x1c0f6</load_address>
         <run_address>0x1c0f6</run_address>
         <size>0x2c</size>
         <input_file_ref idref="fl-c4"/>
      </object_component>
      <object_component id="oc-313">
         <name>.debug_info</name>
         <load_address>0x1c122</load_address>
         <run_address>0x1c122</run_address>
         <size>0x903</size>
         <input_file_ref idref="fl-c5"/>
      </object_component>
      <object_component id="oc-2fa">
         <name>.debug_info</name>
         <load_address>0x1ca25</load_address>
         <run_address>0x1ca25</run_address>
         <size>0x14a</size>
         <input_file_ref idref="fl-c5"/>
      </object_component>
      <object_component id="oc-2b0">
         <name>.debug_info</name>
         <load_address>0x1cb6f</load_address>
         <run_address>0x1cb6f</run_address>
         <size>0x150</size>
         <input_file_ref idref="fl-c5"/>
      </object_component>
      <object_component id="oc-320">
         <name>.debug_info</name>
         <load_address>0x1ccbf</load_address>
         <run_address>0x1ccbf</run_address>
         <size>0x13c</size>
         <input_file_ref idref="fl-c5"/>
      </object_component>
      <object_component id="oc-304">
         <name>.debug_info</name>
         <load_address>0x1cdfb</load_address>
         <run_address>0x1cdfb</run_address>
         <size>0x142</size>
         <input_file_ref idref="fl-c5"/>
      </object_component>
      <object_component id="oc-34b">
         <name>.debug_info</name>
         <load_address>0x1cf3d</load_address>
         <run_address>0x1cf3d</run_address>
         <size>0x141</size>
         <input_file_ref idref="fl-c5"/>
      </object_component>
      <object_component id="oc-331">
         <name>.debug_info</name>
         <load_address>0x1d07e</load_address>
         <run_address>0x1d07e</run_address>
         <size>0x147</size>
         <input_file_ref idref="fl-c5"/>
      </object_component>
      <object_component id="oc-325">
         <name>.debug_info</name>
         <load_address>0x1d1c5</load_address>
         <run_address>0x1d1c5</run_address>
         <size>0x188</size>
         <input_file_ref idref="fl-c5"/>
      </object_component>
      <object_component id="oc-309">
         <name>.debug_info</name>
         <load_address>0x1d34d</load_address>
         <run_address>0x1d34d</run_address>
         <size>0x1a1</size>
         <input_file_ref idref="fl-c5"/>
      </object_component>
      <object_component id="oc-30f">
         <name>.debug_info</name>
         <load_address>0x1d4ee</load_address>
         <run_address>0x1d4ee</run_address>
         <size>0x195</size>
         <input_file_ref idref="fl-c5"/>
      </object_component>
      <object_component id="oc-32b">
         <name>.debug_info</name>
         <load_address>0x1d683</load_address>
         <run_address>0x1d683</run_address>
         <size>0x17c</size>
         <input_file_ref idref="fl-c5"/>
      </object_component>
      <object_component id="oc-336">
         <name>.debug_info</name>
         <load_address>0x1d7ff</load_address>
         <run_address>0x1d7ff</run_address>
         <size>0x59b</size>
         <input_file_ref idref="fl-c5"/>
      </object_component>
      <object_component id="oc-345">
         <name>.debug_info</name>
         <load_address>0x1dd9a</load_address>
         <run_address>0x1dd9a</run_address>
         <size>0x110</size>
         <input_file_ref idref="fl-c5"/>
      </object_component>
      <object_component id="oc-368">
         <name>.debug_info</name>
         <load_address>0x1deaa</load_address>
         <run_address>0x1deaa</run_address>
         <size>0x728</size>
         <input_file_ref idref="fl-c6"/>
      </object_component>
      <object_component id="oc-350">
         <name>.debug_info</name>
         <load_address>0x1e5d2</load_address>
         <run_address>0x1e5d2</run_address>
         <size>0x121</size>
         <input_file_ref idref="fl-c6"/>
      </object_component>
      <object_component id="oc-364">
         <name>.debug_info</name>
         <load_address>0x1e6f3</load_address>
         <run_address>0x1e6f3</run_address>
         <size>0x126</size>
         <input_file_ref idref="fl-c6"/>
      </object_component>
      <object_component id="oc-355">
         <name>.debug_info</name>
         <load_address>0x1e819</load_address>
         <run_address>0x1e819</run_address>
         <size>0x170</size>
         <input_file_ref idref="fl-c6"/>
      </object_component>
      <object_component id="oc-379">
         <name>.debug_info</name>
         <load_address>0x1e989</load_address>
         <run_address>0x1e989</run_address>
         <size>0x2c</size>
         <input_file_ref idref="fl-c6"/>
      </object_component>
      <object_component id="oc-36b">
         <name>.debug_info</name>
         <load_address>0x1e9b5</load_address>
         <run_address>0x1e9b5</run_address>
         <size>0x21e</size>
         <input_file_ref idref="fl-c6"/>
      </object_component>
      <object_component id="oc-37e">
         <name>.debug_info</name>
         <load_address>0x1ebd3</load_address>
         <run_address>0x1ebd3</run_address>
         <size>0x9c</size>
         <input_file_ref idref="fl-c6"/>
      </object_component>
      <object_component id="oc-227">
         <name>.debug_info</name>
         <load_address>0x1ec6f</load_address>
         <run_address>0x1ec6f</run_address>
         <size>0x144</size>
         <input_file_ref idref="fl-c7"/>
      </object_component>
      <object_component id="oc-22c">
         <name>.debug_info</name>
         <load_address>0x1edb3</load_address>
         <run_address>0x1edb3</run_address>
         <size>0x122</size>
         <input_file_ref idref="fl-c8"/>
      </object_component>
      <object_component id="oc-174">
         <name>.debug_info</name>
         <load_address>0x1eed5</load_address>
         <run_address>0x1eed5</run_address>
         <size>0x132</size>
         <input_file_ref idref="fl-c9"/>
      </object_component>
      <object_component id="oc-17f">
         <name>.debug_info</name>
         <load_address>0x1f007</load_address>
         <run_address>0x1f007</run_address>
         <size>0x132</size>
         <input_file_ref idref="fl-ca"/>
      </object_component>
      <object_component id="oc-184">
         <name>.debug_info</name>
         <load_address>0x1f139</load_address>
         <run_address>0x1f139</run_address>
         <size>0x126</size>
         <input_file_ref idref="fl-cb"/>
      </object_component>
      <object_component id="oc-16f">
         <name>.debug_info</name>
         <load_address>0x1f25f</load_address>
         <run_address>0x1f25f</run_address>
         <size>0x124</size>
         <input_file_ref idref="fl-cc"/>
      </object_component>
      <object_component id="oc-91">
         <name>.debug_info</name>
         <load_address>0x1f383</load_address>
         <run_address>0x1f383</run_address>
         <size>0x313</size>
         <input_file_ref idref="fl-cd"/>
      </object_component>
      <object_component id="oc-4b">
         <name>.debug_info</name>
         <load_address>0x1f696</load_address>
         <run_address>0x1f696</run_address>
         <size>0x1aa</size>
         <input_file_ref idref="fl-cd"/>
      </object_component>
      <object_component id="oc-8c">
         <name>.debug_info</name>
         <load_address>0x1f840</load_address>
         <run_address>0x1f840</run_address>
         <size>0x46</size>
         <input_file_ref idref="fl-cd"/>
      </object_component>
      <object_component id="oc-10c">
         <name>.debug_info</name>
         <load_address>0x1f886</load_address>
         <run_address>0x1f886</run_address>
         <size>0x2c</size>
         <input_file_ref idref="fl-cd"/>
      </object_component>
      <object_component id="oc-43">
         <name>.debug_info</name>
         <load_address>0x1f8b2</load_address>
         <run_address>0x1f8b2</run_address>
         <size>0x29d</size>
         <input_file_ref idref="fl-ce"/>
      </object_component>
      <object_component id="oc-1b">
         <name>.debug_info</name>
         <load_address>0x1fb4f</load_address>
         <run_address>0x1fb4f</run_address>
         <size>0x1df</size>
         <input_file_ref idref="fl-ce"/>
      </object_component>
      <object_component id="oc-3e">
         <name>.debug_info</name>
         <load_address>0x1fd2e</load_address>
         <run_address>0x1fd2e</run_address>
         <size>0x46</size>
         <input_file_ref idref="fl-ce"/>
      </object_component>
      <object_component id="oc-84">
         <name>.debug_info</name>
         <load_address>0x1fd74</load_address>
         <run_address>0x1fd74</run_address>
         <size>0x2c</size>
         <input_file_ref idref="fl-ce"/>
      </object_component>
      <object_component id="oc-82">
         <name>.debug_info</name>
         <load_address>0x1fda0</load_address>
         <run_address>0x1fda0</run_address>
         <size>0x293</size>
         <input_file_ref idref="fl-cf"/>
      </object_component>
      <object_component id="oc-15">
         <name>.debug_info</name>
         <load_address>0x20033</load_address>
         <run_address>0x20033</run_address>
         <size>0x245</size>
         <input_file_ref idref="fl-cf"/>
      </object_component>
      <object_component id="oc-2e">
         <name>.debug_info</name>
         <load_address>0x20278</load_address>
         <run_address>0x20278</run_address>
         <size>0x60</size>
         <input_file_ref idref="fl-cf"/>
      </object_component>
      <object_component id="oc-105">
         <name>.debug_info</name>
         <load_address>0x202d8</load_address>
         <run_address>0x202d8</run_address>
         <size>0x46</size>
         <input_file_ref idref="fl-cf"/>
      </object_component>
      <object_component id="oc-7d">
         <name>.debug_info</name>
         <load_address>0x2031e</load_address>
         <run_address>0x2031e</run_address>
         <size>0x39</size>
         <input_file_ref idref="fl-cf"/>
      </object_component>
      <object_component id="oc-28">
         <name>.debug_info</name>
         <load_address>0x20357</load_address>
         <run_address>0x20357</run_address>
         <size>0x100</size>
         <input_file_ref idref="fl-d0"/>
      </object_component>
      <object_component id="oc-57">
         <name>.debug_info</name>
         <load_address>0x20457</load_address>
         <run_address>0x20457</run_address>
         <size>0x1a4</size>
         <input_file_ref idref="fl-d0"/>
      </object_component>
      <object_component id="oc-116">
         <name>.debug_info</name>
         <load_address>0x205fb</load_address>
         <run_address>0x205fb</run_address>
         <size>0x117</size>
         <input_file_ref idref="fl-d1"/>
      </object_component>
      <object_component id="oc-7b">
         <name>.debug_info</name>
         <load_address>0x20712</load_address>
         <run_address>0x20712</run_address>
         <size>0x3bb</size>
         <input_file_ref idref="fl-d2"/>
      </object_component>
      <object_component id="oc-2b">
         <name>.debug_info</name>
         <load_address>0x20acd</load_address>
         <run_address>0x20acd</run_address>
         <size>0x101</size>
         <input_file_ref idref="fl-d2"/>
      </object_component>
      <object_component id="oc-2e1">
         <name>.debug_info</name>
         <load_address>0x20bce</load_address>
         <run_address>0x20bce</run_address>
         <size>0x14c</size>
         <input_file_ref idref="fl-d2"/>
      </object_component>
      <object_component id="oc-2cf">
         <name>.debug_info</name>
         <load_address>0x20d1a</load_address>
         <run_address>0x20d1a</run_address>
         <size>0x139</size>
         <input_file_ref idref="fl-d2"/>
      </object_component>
      <object_component id="oc-2d5">
         <name>.debug_info</name>
         <load_address>0x20e53</load_address>
         <run_address>0x20e53</run_address>
         <size>0x174</size>
         <input_file_ref idref="fl-d2"/>
      </object_component>
      <object_component id="oc-2db">
         <name>.debug_info</name>
         <load_address>0x20fc7</load_address>
         <run_address>0x20fc7</run_address>
         <size>0x172</size>
         <input_file_ref idref="fl-d2"/>
      </object_component>
      <object_component id="oc-259">
         <name>.debug_info</name>
         <load_address>0x21139</load_address>
         <run_address>0x21139</run_address>
         <size>0x1db</size>
         <input_file_ref idref="fl-d2"/>
      </object_component>
      <object_component id="oc-371">
         <name>.debug_info</name>
         <load_address>0x21314</load_address>
         <run_address>0x21314</run_address>
         <size>0x1e6</size>
         <input_file_ref idref="fl-d2"/>
      </object_component>
      <object_component id="oc-fb">
         <name>.debug_info</name>
         <load_address>0x214fa</load_address>
         <run_address>0x214fa</run_address>
         <size>0x2c</size>
         <input_file_ref idref="fl-d2"/>
      </object_component>
      <object_component id="oc-100">
         <name>.debug_info</name>
         <load_address>0x21526</load_address>
         <run_address>0x21526</run_address>
         <size>0x62</size>
         <input_file_ref idref="fl-d2"/>
      </object_component>
      <object_component id="oc-283">
         <name>.debug_info</name>
         <load_address>0x21588</load_address>
         <run_address>0x21588</run_address>
         <size>0x2be</size>
         <input_file_ref idref="fl-d3"/>
      </object_component>
      <object_component id="oc-1df">
         <name>.debug_info</name>
         <load_address>0x21846</load_address>
         <run_address>0x21846</run_address>
         <size>0x113</size>
         <input_file_ref idref="fl-d3"/>
      </object_component>
      <object_component id="oc-27c">
         <name>.debug_info</name>
         <load_address>0x21959</load_address>
         <run_address>0x21959</run_address>
         <size>0x123</size>
         <input_file_ref idref="fl-d3"/>
      </object_component>
      <object_component id="oc-39">
         <name>.debug_info</name>
         <load_address>0x21a7c</load_address>
         <run_address>0x21a7c</run_address>
         <size>0x111</size>
         <input_file_ref idref="fl-d6"/>
      </object_component>
      <object_component id="oc-93">
         <name>.debug_info</name>
         <load_address>0x21b8d</load_address>
         <run_address>0x21b8d</run_address>
         <size>0x13f</size>
         <input_file_ref idref="fl-d7"/>
      </object_component>
      <object_component id="oc-1e5">
         <name>.debug_info</name>
         <load_address>0x21ccc</load_address>
         <run_address>0x21ccc</run_address>
         <size>0x547</size>
         <input_file_ref idref="fl-d8"/>
      </object_component>
      <object_component id="oc-128">
         <name>.debug_info</name>
         <load_address>0x22213</load_address>
         <run_address>0x22213</run_address>
         <size>0x192</size>
         <input_file_ref idref="fl-d8"/>
      </object_component>
      <object_component id="oc-289">
         <name>.debug_info</name>
         <load_address>0x223a5</load_address>
         <run_address>0x223a5</run_address>
         <size>0x39</size>
         <input_file_ref idref="fl-d8"/>
      </object_component>
      <object_component id="oc-2ed">
         <name>.debug_info</name>
         <load_address>0x223de</load_address>
         <run_address>0x223de</run_address>
         <size>0x39</size>
         <input_file_ref idref="fl-d8"/>
      </object_component>
      <object_component id="oc-28e">
         <name>.debug_info</name>
         <load_address>0x22417</load_address>
         <run_address>0x22417</run_address>
         <size>0x39</size>
         <input_file_ref idref="fl-d8"/>
      </object_component>
      <object_component id="oc-293">
         <name>.debug_info</name>
         <load_address>0x22450</load_address>
         <run_address>0x22450</run_address>
         <size>0xcd</size>
         <input_file_ref idref="fl-d8"/>
      </object_component>
      <object_component id="oc-99">
         <name>.debug_info</name>
         <load_address>0x2251d</load_address>
         <run_address>0x2251d</run_address>
         <size>0x148</size>
         <input_file_ref idref="fl-d9"/>
      </object_component>
      <object_component id="oc-3b8">
         <name>.debug_info</name>
         <load_address>0x22665</load_address>
         <run_address>0x22665</run_address>
         <size>0xa8</size>
      </object_component>
      <object_component id="oc-223">
         <name>.debug_line</name>
         <load_address>0x0</load_address>
         <run_address>0x0</run_address>
         <size>0x40</size>
         <input_file_ref idref="fl-1"/>
      </object_component>
      <object_component id="oc-165">
         <name>.debug_line</name>
         <load_address>0x40</load_address>
         <run_address>0x40</run_address>
         <size>0x31</size>
         <input_file_ref idref="fl-1"/>
      </object_component>
      <object_component id="oc-221">
         <name>.debug_line</name>
         <load_address>0x71</load_address>
         <run_address>0x71</run_address>
         <size>0x31</size>
         <input_file_ref idref="fl-1"/>
      </object_component>
      <object_component id="oc-29e">
         <name>.debug_line</name>
         <load_address>0xa2</load_address>
         <run_address>0xa2</run_address>
         <size>0x31</size>
         <input_file_ref idref="fl-1"/>
      </object_component>
      <object_component id="oc-302">
         <name>.debug_line</name>
         <load_address>0xd3</load_address>
         <run_address>0xd3</run_address>
         <size>0x31</size>
         <input_file_ref idref="fl-1"/>
      </object_component>
      <object_component id="oc-2bd">
         <name>.debug_line</name>
         <load_address>0x104</load_address>
         <run_address>0x104</run_address>
         <size>0x31</size>
         <input_file_ref idref="fl-1"/>
      </object_component>
      <object_component id="oc-b4">
         <name>.debug_line</name>
         <load_address>0x135</load_address>
         <run_address>0x135</run_address>
         <size>0x10b</size>
         <input_file_ref idref="fl-1"/>
      </object_component>
      <object_component id="oc-211">
         <name>.debug_line</name>
         <load_address>0x240</load_address>
         <run_address>0x240</run_address>
         <size>0x5d</size>
         <input_file_ref idref="fl-1"/>
      </object_component>
      <object_component id="oc-e4">
         <name>.debug_line</name>
         <load_address>0x29d</load_address>
         <run_address>0x29d</run_address>
         <size>0x5a</size>
         <input_file_ref idref="fl-1"/>
      </object_component>
      <object_component id="oc-16a">
         <name>.debug_line</name>
         <load_address>0x2f7</load_address>
         <run_address>0x2f7</run_address>
         <size>0x40</size>
         <input_file_ref idref="fl-1"/>
      </object_component>
      <object_component id="oc-1b6">
         <name>.debug_line</name>
         <load_address>0x337</load_address>
         <run_address>0x337</run_address>
         <size>0x32</size>
         <input_file_ref idref="fl-1"/>
      </object_component>
      <object_component id="oc-216">
         <name>.debug_line</name>
         <load_address>0x369</load_address>
         <run_address>0x369</run_address>
         <size>0x63</size>
         <input_file_ref idref="fl-1"/>
      </object_component>
      <object_component id="oc-1c1">
         <name>.debug_line</name>
         <load_address>0x3cc</load_address>
         <run_address>0x3cc</run_address>
         <size>0x2f</size>
         <input_file_ref idref="fl-1"/>
      </object_component>
      <object_component id="oc-1a0">
         <name>.debug_line</name>
         <load_address>0x3fb</load_address>
         <run_address>0x3fb</run_address>
         <size>0x20</size>
         <input_file_ref idref="fl-1"/>
      </object_component>
      <object_component id="oc-1ca">
         <name>.debug_line</name>
         <load_address>0x41b</load_address>
         <run_address>0x41b</run_address>
         <size>0x75</size>
         <input_file_ref idref="fl-1"/>
      </object_component>
      <object_component id="oc-e9">
         <name>.debug_line</name>
         <load_address>0x490</load_address>
         <run_address>0x490</run_address>
         <size>0x72</size>
         <input_file_ref idref="fl-1"/>
      </object_component>
      <object_component id="oc-21b">
         <name>.debug_line</name>
         <load_address>0x502</load_address>
         <run_address>0x502</run_address>
         <size>0x71</size>
         <input_file_ref idref="fl-1"/>
      </object_component>
      <object_component id="oc-241">
         <name>.debug_line</name>
         <load_address>0x573</load_address>
         <run_address>0x573</run_address>
         <size>0x90</size>
         <input_file_ref idref="fl-2"/>
      </object_component>
      <object_component id="oc-18c">
         <name>.debug_line</name>
         <load_address>0x603</load_address>
         <run_address>0x603</run_address>
         <size>0x31</size>
         <input_file_ref idref="fl-2"/>
      </object_component>
      <object_component id="oc-23f">
         <name>.debug_line</name>
         <load_address>0x634</load_address>
         <run_address>0x634</run_address>
         <size>0x31</size>
         <input_file_ref idref="fl-2"/>
      </object_component>
      <object_component id="oc-2cd">
         <name>.debug_line</name>
         <load_address>0x665</load_address>
         <run_address>0x665</run_address>
         <size>0x31</size>
         <input_file_ref idref="fl-2"/>
      </object_component>
      <object_component id="oc-ba">
         <name>.debug_line</name>
         <load_address>0x696</load_address>
         <run_address>0x696</run_address>
         <size>0x8c</size>
         <input_file_ref idref="fl-2"/>
      </object_component>
      <object_component id="oc-191">
         <name>.debug_line</name>
         <load_address>0x722</load_address>
         <run_address>0x722</run_address>
         <size>0x43</size>
         <input_file_ref idref="fl-2"/>
      </object_component>
      <object_component id="oc-245">
         <name>.debug_line</name>
         <load_address>0x765</load_address>
         <run_address>0x765</run_address>
         <size>0x77</size>
         <input_file_ref idref="fl-2"/>
      </object_component>
      <object_component id="oc-24a">
         <name>.debug_line</name>
         <load_address>0x7dc</load_address>
         <run_address>0x7dc</run_address>
         <size>0x72</size>
         <input_file_ref idref="fl-2"/>
      </object_component>
      <object_component id="oc-24f">
         <name>.debug_line</name>
         <load_address>0x84e</load_address>
         <run_address>0x84e</run_address>
         <size>0x6d</size>
         <input_file_ref idref="fl-2"/>
      </object_component>
      <object_component id="oc-20d">
         <name>.debug_line</name>
         <load_address>0x8bb</load_address>
         <run_address>0x8bb</run_address>
         <size>0x2e</size>
         <input_file_ref idref="fl-3"/>
      </object_component>
      <object_component id="oc-15d">
         <name>.debug_line</name>
         <load_address>0x8e9</load_address>
         <run_address>0x8e9</run_address>
         <size>0x2e</size>
         <input_file_ref idref="fl-3"/>
      </object_component>
      <object_component id="oc-20b">
         <name>.debug_line</name>
         <load_address>0x917</load_address>
         <run_address>0x917</run_address>
         <size>0x2e</size>
         <input_file_ref idref="fl-3"/>
      </object_component>
      <object_component id="oc-2b8">
         <name>.debug_line</name>
         <load_address>0x945</load_address>
         <run_address>0x945</run_address>
         <size>0x2e</size>
         <input_file_ref idref="fl-3"/>
      </object_component>
      <object_component id="oc-ae">
         <name>.debug_line</name>
         <load_address>0x973</load_address>
         <run_address>0x973</run_address>
         <size>0x78</size>
         <input_file_ref idref="fl-3"/>
      </object_component>
      <object_component id="oc-da">
         <name>.debug_line</name>
         <load_address>0x9eb</load_address>
         <run_address>0x9eb</run_address>
         <size>0x3d</size>
         <input_file_ref idref="fl-3"/>
      </object_component>
      <object_component id="oc-274">
         <name>.debug_line</name>
         <load_address>0xa28</load_address>
         <run_address>0xa28</run_address>
         <size>0x20</size>
         <input_file_ref idref="fl-4"/>
      </object_component>
      <object_component id="oc-272">
         <name>.debug_line</name>
         <load_address>0xa48</load_address>
         <run_address>0xa48</run_address>
         <size>0x32</size>
         <input_file_ref idref="fl-4"/>
      </object_component>
      <object_component id="oc-1ac">
         <name>.debug_line</name>
         <load_address>0xa7a</load_address>
         <run_address>0xa7a</run_address>
         <size>0x83</size>
         <input_file_ref idref="fl-4"/>
      </object_component>
      <object_component id="oc-c6">
         <name>.debug_line</name>
         <load_address>0xafd</load_address>
         <run_address>0xafd</run_address>
         <size>0x87</size>
         <input_file_ref idref="fl-4"/>
      </object_component>
      <object_component id="oc-252">
         <name>.debug_line</name>
         <load_address>0xb84</load_address>
         <run_address>0xb84</run_address>
         <size>0x32</size>
         <input_file_ref idref="fl-5"/>
      </object_component>
      <object_component id="oc-c0">
         <name>.debug_line</name>
         <load_address>0xbb6</load_address>
         <run_address>0xbb6</run_address>
         <size>0x170</size>
         <input_file_ref idref="fl-5"/>
      </object_component>
      <object_component id="oc-199">
         <name>.debug_line</name>
         <load_address>0xd26</load_address>
         <run_address>0xd26</run_address>
         <size>0x34</size>
         <input_file_ref idref="fl-5"/>
      </object_component>
      <object_component id="oc-203">
         <name>.debug_line</name>
         <load_address>0xd5a</load_address>
         <run_address>0xd5a</run_address>
         <size>0x2f</size>
         <input_file_ref idref="fl-5"/>
      </object_component>
      <object_component id="oc-256">
         <name>.debug_line</name>
         <load_address>0xd89</load_address>
         <run_address>0xd89</run_address>
         <size>0x6d</size>
         <input_file_ref idref="fl-5"/>
      </object_component>
      <object_component id="oc-2ae">
         <name>.debug_line</name>
         <load_address>0xdf6</load_address>
         <run_address>0xdf6</run_address>
         <size>0x50</size>
         <input_file_ref idref="fl-6"/>
      </object_component>
      <object_component id="oc-1fe">
         <name>.debug_line</name>
         <load_address>0xe46</load_address>
         <run_address>0xe46</run_address>
         <size>0x2f</size>
         <input_file_ref idref="fl-6"/>
      </object_component>
      <object_component id="oc-2a3">
         <name>.debug_line</name>
         <load_address>0xe75</load_address>
         <run_address>0xe75</run_address>
         <size>0x44</size>
         <input_file_ref idref="fl-6"/>
      </object_component>
      <object_component id="oc-2aa">
         <name>.debug_line</name>
         <load_address>0xeb9</load_address>
         <run_address>0xeb9</run_address>
         <size>0x44</size>
         <input_file_ref idref="fl-6"/>
      </object_component>
      <object_component id="oc-157">
         <name>.debug_line</name>
         <load_address>0xefd</load_address>
         <run_address>0xefd</run_address>
         <size>0x77</size>
         <input_file_ref idref="fl-6"/>
      </object_component>
      <object_component id="oc-276">
         <name>.debug_line</name>
         <load_address>0xf74</load_address>
         <run_address>0xf74</run_address>
         <size>0x79</size>
         <input_file_ref idref="fl-7"/>
      </object_component>
      <object_component id="oc-1bd">
         <name>.debug_line</name>
         <load_address>0xfed</load_address>
         <run_address>0xfed</run_address>
         <size>0x2f</size>
         <input_file_ref idref="fl-7"/>
      </object_component>
      <object_component id="oc-1c6">
         <name>.debug_line</name>
         <load_address>0x101c</load_address>
         <run_address>0x101c</run_address>
         <size>0x2f</size>
         <input_file_ref idref="fl-7"/>
      </object_component>
      <object_component id="oc-1bb">
         <name>.debug_line</name>
         <load_address>0x104b</load_address>
         <run_address>0x104b</run_address>
         <size>0x2f</size>
         <input_file_ref idref="fl-7"/>
      </object_component>
      <object_component id="oc-6c">
         <name>.debug_line</name>
         <load_address>0x107a</load_address>
         <run_address>0x107a</run_address>
         <size>0x164</size>
         <input_file_ref idref="fl-7"/>
      </object_component>
      <object_component id="oc-d5">
         <name>.debug_line</name>
         <load_address>0x11de</load_address>
         <run_address>0x11de</run_address>
         <size>0x31</size>
         <input_file_ref idref="fl-7"/>
      </object_component>
      <object_component id="oc-df">
         <name>.debug_line</name>
         <load_address>0x120f</load_address>
         <run_address>0x120f</run_address>
         <size>0x34</size>
         <input_file_ref idref="fl-7"/>
      </object_component>
      <object_component id="oc-f3">
         <name>.debug_line</name>
         <load_address>0x1243</load_address>
         <run_address>0x1243</run_address>
         <size>0x40</size>
         <input_file_ref idref="fl-8"/>
      </object_component>
      <object_component id="oc-75">
         <name>.debug_line</name>
         <load_address>0x1283</load_address>
         <run_address>0x1283</run_address>
         <size>0x40</size>
         <input_file_ref idref="fl-8"/>
      </object_component>
      <object_component id="oc-72">
         <name>.debug_line</name>
         <load_address>0x12c3</load_address>
         <run_address>0x12c3</run_address>
         <size>0x71</size>
         <input_file_ref idref="fl-8"/>
      </object_component>
      <object_component id="oc-f7">
         <name>.debug_line</name>
         <load_address>0x1334</load_address>
         <run_address>0x1334</run_address>
         <size>0x71</size>
         <input_file_ref idref="fl-8"/>
      </object_component>
      <object_component id="oc-36">
         <name>.debug_line</name>
         <load_address>0x13a5</load_address>
         <run_address>0x13a5</run_address>
         <size>0x20</size>
[...]
      <symbol id="sm-179">
         <name>_ZN9Scheduler6attachEP4Task8TaskType10TaskActivey</name>
         <value>0x73f</value>
         <object_component_ref idref="oc-bc"/>
      </symbol>
      <symbol id="sm-17a">
         <name>_ZN9SchedulerC1Ev</name>
         <value>0x6fd</value>
         <object_component_ref idref="oc-bc"/>
      </symbol>
      <symbol id="sm-17b">
         <name>_ZN9SchedulerC2Ev</name>
         <value>0x6fd</value>
         <object_component_ref idref="oc-bc"/>
      </symbol>
      <symbol id="sm-17c">
         <name>_ZN9Scheduler21CalculateNextScheduleEv</name>
         <value>0x945</value>
         <object_component_ref idref="oc-bc"/>
      </symbol>
      <symbol id="sm-1a5">
         <name>_ZN4Task5setupEv</name>
         <value>0x1803</value>
         <object_component_ref idref="oc-2a6"/>
      </symbol>
      <symbol id="sm-1a6">
         <name>_ZN4Task3runEv</name>
         <value>0x17f7</value>
         <object_component_ref idref="oc-29f"/>
      </symbol>
      <symbol id="sm-1a7">
         <name>_ZN4TaskC1Ev</name>
         <value>0x14b1</value>
         <object_component_ref idref="oc-153"/>
      </symbol>
      <symbol id="sm-1a8">
         <name>_ZN4Task11sendMessageE10st_Message</name>
         <value>0x14f3</value>
         <object_component_ref idref="oc-153"/>
      </symbol>
      <symbol id="sm-1a9">
         <name>_ZN4Task10getMessageEh</name>
         <value>0x14dd</value>
         <object_component_ref idref="oc-153"/>
      </symbol>
      <symbol id="sm-1aa">
         <name>_ZTV4Task</name>
         <value>0x1940</value>
         <object_component_ref idref="oc-1fa"/>
      </symbol>
      <symbol id="sm-1ab">
         <name>_ZN4TaskC2Ev</name>
         <value>0x14b1</value>
         <object_component_ref idref="oc-153"/>
      </symbol>
      <symbol id="sm-1fc">
         <name>g_Mailbox</name>
         <value>0x20003fd8</value>
         <object_component_ref idref="oc-ce"/>
      </symbol>
      <symbol id="sm-1fd">
         <name>g_iAngleResult</name>
         <value>0x200043ee</value>
         <object_component_ref idref="oc-cb"/>
      </symbol>
      <symbol id="sm-1fe">
         <name>g_i16AdcZResult</name>
         <value>0x200043ec</value>
         <object_component_ref idref="oc-cb"/>
      </symbol>
      <symbol id="sm-1ff">
         <name>_ZN4Task14m_u8NextTaskIDE</name>
         <value>0x200043f0</value>
         <object_component_ref idref="oc-cb"/>
      </symbol>
      <symbol id="sm-200">
         <name>main</name>
         <value>0x9cb</value>
         <object_component_ref idref="oc-68"/>
      </symbol>
      <symbol id="sm-201">
         <name>g_i16AdcYResult</name>
         <value>0x200043ea</value>
         <object_component_ref idref="oc-cb"/>
      </symbol>
      <symbol id="sm-202">
         <name>__sti___8_main_cpp_937618a8</name>
         <value>0xaf9</value>
         <object_component_ref idref="oc-68"/>
      </symbol>
      <symbol id="sm-203">
         <name>ADC14_IRQHandler</name>
         <value>0xad5</value>
         <object_component_ref idref="oc-68"/>
      </symbol>
      <symbol id="sm-204">
         <name>g_MainScheduler</name>
         <value>0x20000000</value>
         <object_component_ref idref="oc-c8"/>
      </symbol>
      <symbol id="sm-205">
         <name>g_i16AdcXResult</name>
         <value>0x200043e8</value>
         <object_component_ref idref="oc-cb"/>
      </symbol>
      <symbol id="sm-206">
         <name>T32_INT1_IRQHandler</name>
         <value>0xaad</value>
         <object_component_ref idref="oc-68"/>
      </symbol>
      <symbol id="sm-207">
         <name>_Z5Setupv</name>
         <value>0xa79</value>
         <object_component_ref idref="oc-68"/>
      </symbol>
      <symbol id="sm-230">
         <name>Reset_Handler</name>
         <value>0x17e9</value>
         <object_component_ref idref="oc-6e"/>
      </symbol>
      <symbol id="sm-231">
         <name>Default_Handler</name>
         <value>0x17f5</value>
         <object_component_ref idref="oc-6e"/>
      </symbol>
      <symbol id="sm-232">
         <name>interruptVectors</name>
         <value>0x0</value>
         <object_component_ref idref="oc-24"/>
      </symbol>
      <symbol id="sm-278">
         <name>SystemInit</name>
         <value>0x359</value>
         <object_component_ref idref="oc-eb"/>
      </symbol>
      <symbol id="sm-279">
         <name>SystemCoreClockUpdate</name>
         <value>0xe5</value>
         <object_component_ref idref="oc-eb"/>
      </symbol>
      <symbol id="sm-27a">
         <name>SystemCoreClock</name>
         <value>0x2000440c</value>
         <object_component_ref idref="oc-1cc"/>
      </symbol>
      <symbol id="sm-2ba">
         <name>atanl</name>
         <value>0x411</value>
         <object_component_ref idref="oc-178"/>
      </symbol>
      <symbol id="sm-2bb">
         <name>atan</name>
         <value>0x411</value>
         <object_component_ref idref="oc-178"/>
      </symbol>
      <symbol id="sm-2f7">
         <name>_ZSt15get_new_handlerv</name>
         <value>0x181d</value>
         <object_component_ref idref="oc-25e"/>
      </symbol>
      <symbol id="sm-2f8">
         <name>_Znwj</name>
         <value>0x179d</value>
         <object_component_ref idref="oc-1a2"/>
      </symbol>
      <symbol id="sm-2f9">
         <name>_ZdlPv</name>
         <value>0x1835</value>
         <object_component_ref idref="oc-35c"/>
      </symbol>
      <symbol id="sm-2fa">
         <name>_ZdlPvj</name>
         <value>0x1845</value>
         <object_component_ref idref="oc-33b"/>
      </symbol>
      <symbol id="sm-34f">
         <name>_ZN10__cxxabiv117__class_type_infoD1Ev</name>
         <value>0x183d</value>
         <object_component_ref idref="oc-324"/>
      </symbol>
      <symbol id="sm-350">
         <name>_ZTSN10__cxxabiv120__si_class_type_infoE</name>
         <value>0x18e8</value>
         <object_component_ref idref="oc-330"/>
      </symbol>
      <symbol id="sm-351">
         <name>_ZTSN10__cxxabiv117__class_type_infoE</name>
         <value>0x190d</value>
         <object_component_ref idref="oc-34a"/>
      </symbol>
      <symbol id="sm-352">
         <name>_ZN10__cxxabiv117__class_type_infoD2Ev</name>
         <value>0x183d</value>
         <object_component_ref idref="oc-324"/>
      </symbol>
      <symbol id="sm-353">
         <name>_ZN10__cxxabiv120__si_class_type_infoD2Ev</name>
         <value>0x1841</value>
         <object_component_ref idref="oc-308"/>
      </symbol>
      <symbol id="sm-354">
         <name>_ZTVN10__cxxabiv117__class_type_infoE</name>
         <value>0x1970</value>
         <object_component_ref idref="oc-2f9"/>
      </symbol>
      <symbol id="sm-355">
         <name>_ZTIN10__cxxabiv117__class_type_infoE</name>
         <value>0x19c4</value>
         <object_component_ref idref="oc-31f"/>
      </symbol>
      <symbol id="sm-356">
         <name>_ZN10__cxxabiv120__si_class_type_infoD1Ev</name>
         <value>0x1841</value>
         <object_component_ref idref="oc-308"/>
      </symbol>
      <symbol id="sm-357">
         <name>_ZTIN10__cxxabiv120__si_class_type_infoE</name>
         <value>0x19d0</value>
         <object_component_ref idref="oc-303"/>
      </symbol>
      <symbol id="sm-358">
         <name>_ZN10__cxxabiv117__class_type_infoD0Ev</name>
         <value>0x17bf</value>
         <object_component_ref idref="oc-32a"/>
      </symbol>
      <symbol id="sm-359">
         <name>_ZTVN10__cxxabiv120__si_class_type_infoE</name>
         <value>0x1980</value>
         <object_component_ref idref="oc-2af"/>
      </symbol>
      <symbol id="sm-35a">
         <name>_ZN10__cxxabiv120__si_class_type_infoD0Ev</name>
         <value>0x17cd</value>
         <object_component_ref idref="oc-30e"/>
      </symbol>
      <symbol id="sm-383">
         <name>_ZTSSt9type_info</name>
         <value>0x1990</value>
         <object_component_ref idref="oc-363"/>
      </symbol>
      <symbol id="sm-384">
         <name>_ZNSt9type_infoD2Ev</name>
         <value>0x95f</value>
         <object_component_ref idref="oc-354"/>
      </symbol>
      <symbol id="sm-385">
         <name>_ZNSt9type_infoD1Ev</name>
         <value>0x95f</value>
         <object_component_ref idref="oc-354"/>
      </symbol>
      <symbol id="sm-386">
         <name>_ZTISt9type_info</name>
         <value>0x19f0</value>
         <object_component_ref idref="oc-34f"/>
      </symbol>
      <symbol id="sm-39d">
         <name>__aeabi_dsub</name>
         <value>0xb59</value>
         <object_component_ref idref="oc-226"/>
      </symbol>
      <symbol id="sm-39e">
         <name>__aeabi_dadd</name>
         <value>0xb63</value>
         <object_component_ref idref="oc-226"/>
      </symbol>
      <symbol id="sm-3b0">
         <name>__aeabi_cdrcmple</name>
         <value>0x1339</value>
         <object_component_ref idref="oc-22b"/>
      </symbol>
      <symbol id="sm-3c4">
         <name>__aeabi_ddiv</name>
         <value>0xe49</value>
         <object_component_ref idref="oc-173"/>
      </symbol>
      <symbol id="sm-3cf">
         <name>__aeabi_dmul</name>
         <value>0xf7f</value>
         <object_component_ref idref="oc-17e"/>
      </symbol>
      <symbol id="sm-3d9">
         <name>__aeabi_d2iz</name>
         <value>0x1651</value>
         <object_component_ref idref="oc-183"/>
      </symbol>
      <symbol id="sm-3e3">
         <name>__aeabi_i2d</name>
         <value>0x1745</value>
         <object_component_ref idref="oc-16e"/>
      </symbol>
      <symbol id="sm-3fa">
         <name>__TI_zero_init</name>
         <value>0x1829</value>
         <object_component_ref idref="oc-4a"/>
      </symbol>
      <symbol id="sm-411">
         <name>__TI_decompress_none</name>
         <value>0x17db</value>
         <object_component_ref idref="oc-1a"/>
      </symbol>
      <symbol id="sm-434">
         <name>__TI_decompress_lzss</name>
         <value>0x1589</value>
         <object_component_ref idref="oc-14"/>
      </symbol>
      <symbol id="sm-447">
         <name>__stack</name>
         <value>0x2000fe00</value>
         <object_component_ref idref="oc-27"/>
      </symbol>
      <symbol id="sm-448">
         <name>_c_int00_noargs</name>
         <value>0x16d5</value>
         <object_component_ref idref="oc-56"/>
      </symbol>
      <symbol id="sm-453">
         <name>C$$EXIT</name>
         <value>0x184d</value>
         <object_component_ref idref="oc-115"/>
      </symbol>
      <symbol id="sm-454">
         <name>abort</name>
         <value>0x184d</value>
         <object_component_ref idref="oc-115"/>
      </symbol>
      <symbol id="sm-4cf">
         <name>_sys_memory</name>
         <value>0x20003fe0</value>
         <object_component_ref idref="oc-2a"/>
      </symbol>
      <symbol id="sm-4d0">
         <name>free</name>
         <value>0x107d</value>
         <object_component_ref idref="oc-370"/>
      </symbol>
      <symbol id="sm-4d1">
         <name>malloc</name>
         <value>0x1439</value>
         <object_component_ref idref="oc-258"/>
      </symbol>
      <symbol id="sm-4d2">
         <name>minit</name>
         <value>0x170d</value>
         <object_component_ref idref="oc-2ce"/>
      </symbol>
      <symbol id="sm-4e7">
         <name>_nop</name>
         <value>0xd0f</value>
         <object_component_ref idref="oc-27b"/>
      </symbol>
      <symbol id="sm-4e8">
         <name>_lock</name>
         <value>0x20004400</value>
         <object_component_ref idref="oc-1de"/>
      </symbol>
      <symbol id="sm-4e9">
         <name>_unlock</name>
         <value>0x20004404</value>
         <object_component_ref idref="oc-1de"/>
      </symbol>
      <symbol id="sm-506">
         <name>memcpy</name>
         <value>0x129d</value>
         <object_component_ref idref="oc-38"/>
      </symbol>
      <symbol id="sm-507">
         <name>__aeabi_memcpy</name>
         <value>0x129d</value>
         <object_component_ref idref="oc-38"/>
      </symbol>
      <symbol id="sm-508">
         <name>__aeabi_memcpy8</name>
         <value>0x129d</value>
         <object_component_ref idref="oc-38"/>
      </symbol>
      <symbol id="sm-509">
         <name>__aeabi_memcpy4</name>
         <value>0x129d</value>
         <object_component_ref idref="oc-38"/>
      </symbol>
      <symbol id="sm-518">
         <name>__aeabi_memset</name>
         <value>0x13c1</value>
         <object_component_ref idref="oc-92"/>
      </symbol>
      <symbol id="sm-519">
         <name>memset</name>
         <value>0x13c7</value>
         <object_component_ref idref="oc-92"/>
      </symbol>
      <symbol id="sm-51a">
         <name>__aeabi_memset8</name>
         <value>0x13c1</value>
         <object_component_ref idref="oc-92"/>
      </symbol>
      <symbol id="sm-51b">
         <name>__aeabi_memset4</name>
         <value>0x13c1</value>
         <object_component_ref idref="oc-92"/>
      </symbol>
      <symbol id="sm-51c">
         <name>__aeabi_memclr8</name>
         <value>0x13bf</value>
         <object_component_ref idref="oc-92"/>
      </symbol>
      <symbol id="sm-51d">
         <name>__aeabi_memclr4</name>
         <value>0x13bf</value>
         <object_component_ref idref="oc-92"/>
      </symbol>
      <symbol id="sm-51e">
         <name>__aeabi_memclr</name>
         <value>0x13bf</value>
         <object_component_ref idref="oc-92"/>
      </symbol>
      <symbol id="sm-54b">
         <name>__TI_auto_init_nobinit</name>
         <value>0x15f1</value>
         <object_component_ref idref="oc-127"/>
      </symbol>
      <symbol id="sm-555">
         <name>_system_pre_init</name>
         <value>0x1849</value>
         <object_component_ref idref="oc-98"/>
      </symbol>
      <symbol id="sm-557">
         <name>__TI_static_base__</name>
         <value>0x0</value>
      </symbol>
      <symbol id="sm-55a">
         <name>__mpu_init</name>
         <value>0x0</value>
      </symbol>
      <symbol id="sm-55b">
         <name>_system_post_cinit</name>
         <value>0x0</value>
      </symbol>
      <symbol id="sm-55c">
         <name>NMI_Handler</name>
         <value>0x17f5</value>
      </symbol>
      <symbol id="sm-55d">
         <name>HardFault_Handler</name>
         <value>0x17f5</value>
      </symbol>
      <symbol id="sm-55e">
         <name>MemManage_Handler</name>
         <value>0x17f5</value>
      </symbol>
      <symbol id="sm-55f">
         <name>BusFault_Handler</name>
         <value>0x17f5</value>
      </symbol>
      <symbol id="sm-560">
         <name>UsageFault_Handler</name>
         <value>0x17f5</value>
      </symbol>
      <symbol id="sm-561">
         <name>SVC_Handler</name>
         <value>0x17f5</value>
      </symbol>
      <symbol id="sm-562">
         <name>DebugMon_Handler</name>
         <value>0x17f5</value>
      </symbol>
      <symbol id="sm-563">
         <name>PendSV_Handler</name>
         <value>0x17f5</value>
      </symbol>
      <symbol id="sm-564">
         <name>SysTick_Handler</name>
         <value>0x17f5</value>
      </symbol>
      <symbol id="sm-565">
         <name>PSS_IRQHandler</name>
         <value>0x17f5</value>
      </symbol>
      <symbol id="sm-566">
         <name>CS_IRQHandler</name>
         <value>0x17f5</value>
      </symbol>
      <symbol id="sm-567">
         <name>PCM_IRQHandler</name>
         <value>0x17f5</value>
      </symbol>
      <symbol id="sm-568">
         <name>WDT_A_IRQHandler</name>
         <value>0x17f5</value>
      </symbol>
      <symbol id="sm-569">
         <name>FPU_IRQHandler</name>
         <value>0x17f5</value>
      </symbol>
      <symbol id="sm-56a">
         <name>FLCTL_IRQHandler</name>
         <value>0x17f5</value>
      </symbol>
      <symbol id="sm-56b">
         <name>COMP_E0_IRQHandler</name>
         <value>0x17f5</value>
      </symbol>
      <symbol id="sm-56c">
         <name>COMP_E1_IRQHandler</name>
         <value>0x17f5</value>
      </symbol>
      <symbol id="sm-56d">
         <name>TA0_0_IRQHandler</name>
         <value>0x17f5</value>
      </symbol>
      <symbol id="sm-56e">
         <name>TA0_N_IRQHandler</name>
         <value>0x17f5</value>
      </symbol>
      <symbol id="sm-56f">
         <name>TA1_0_IRQHandler</name>
         <value>0x17f5</value>
      </symbol>
      <symbol id="sm-570">
         <name>TA1_N_IRQHandler</name>
         <value>0x17f5</value>
      </symbol>
      <symbol id="sm-571">
         <name>TA2_0_IRQHandler</name>
         <value>0x17f5</value>
      </symbol>
      <symbol id="sm-572">
         <name>TA2_N_IRQHandler</name>
         <value>0x17f5</value>
      </symbol>
      <symbol id="sm-573">
         <name>TA3_0_IRQHandler</name>
         <value>0x17f5</value>
      </symbol>
      <symbol id="sm-574">
         <name>TA3_N_IRQHandler</name>
         <value>0x17f5</value>
      </symbol>
      <symbol id="sm-575">
         <name>EUSCIA0_IRQHandler</name>
         <value>0x17f5</value>
      </symbol>
      <symbol id="sm-576">
         <name>EUSCIA1_IRQHandler</name>
         <value>0x17f5</value>
      </symbol>
      <symbol id="sm-577">
         <name>EUSCIA2_IRQHandler</name>
         <value>0x17f5</value>
      </symbol>
      <symbol id="sm-578">
         <name>EUSCIA3_IRQHandler</name>
         <value>0x17f5</value>
      </symbol>
      <symbol id="sm-579">
         <name>EUSCIB0_IRQHandler</name>
         <value>0x17f5</value>
      </symbol>
      <symbol id="sm-57a">
         <name>EUSCIB1_IRQHandler</name>
         <value>0x17f5</value>
      </symbol>
      <symbol id="sm-57b">
         <name>EUSCIB2_IRQHandler</name>
         <value>0x17f5</value>
      </symbol>
      <symbol id="sm-57c">
         <name>EUSCIB3_IRQHandler</name>
         <value>0x17f5</value>
      </symbol>
      <symbol id="sm-57d">
         <name>ADC14_IRQHandler</name>
         <value>0xad5</value>
      </symbol>
      <symbol id="sm-57e">
         <name>T32_INT1_IRQHandler</name>
         <value>0xaad</value>
      </symbol>
      <symbol id="sm-57f">
         <name>T32_INT2_IRQHandler</name>
         <value>0x17f5</value>
      </symbol>
      <symbol id="sm-580">
         <name>T32_INTC_IRQHandler</name>
         <value>0x17f5</value>
      </symbol>
      <symbol id="sm-581">
         <name>AES256_IRQHandler</name>
         <value>0x17f5</value>
      </symbol>
      <symbol id="sm-582">
         <name>RTC_C_IRQHandler</name>
         <value>0x17f5</value>
      </symbol>
      <symbol id="sm-583">
         <name>DMA_ERR_IRQHandler</name>
         <value>0x17f5</value>
      </symbol>
      <symbol id="sm-584">
         <name>DMA_INT3_IRQHandler</name>
         <value>0x17f5</value>
      </symbol>
      <symbol id="sm-585">
         <name>DMA_INT2_IRQHandler</name>
         <value>0x17f5</value>
      </symbol>
      <symbol id="sm-586">
         <name>DMA_INT1_IRQHandler</name>
         <value>0x17f5</value>
      </symbol>
      <symbol id="sm-587">
         <name>DMA_INT0_IRQHandler</name>
         <value>0x17f5</value>
      </symbol>
      <symbol id="sm-588">
         <name>PORT1_IRQHandler</name>
         <value>0x17f5</value>
      </symbol>
      <symbol id="sm-589">
         <name>PORT2_IRQHandler</name>
         <value>0x17f5</value>
      </symbol>
      <symbol id="sm-58a">
         <name>PORT3_IRQHandler</name>
         <value>0x17f5</value>
      </symbol>
      <symbol id="sm-58b">
         <name>PORT4_IRQHandler</name>
         <value>0x17f5</value>
      </symbol>
      <symbol id="sm-58c">
         <name>PORT5_IRQHandler</name>
         <value>0x17f5</value>
      </symbol>
      <symbol id="sm-58d">
         <name>PORT6_IRQHandler</name>
         <value>0x17f5</value>
      </symbol>
      <symbol id="sm-58e">
         <name>_ZSt17__throw_bad_allocv</name>
         <value>0x184d</value>
      </symbol>
   </symbol_table>
   <title>Link successful</title>
</link_info>
