******************************************************************************
                  TI ARM Linker Unix v18.1.1                   
******************************************************************************
>> Linked Fri May 18 18:56:25 2018

OUTPUT FILE NAME:   <labo2.out>
ENTRY POINT SYMBOL: "_c_int00_noargs"  address: 00001729


MEMORY CONFIGURATION

         name            origin    length      used     unused   attr    fill
----------------------  --------  ---------  --------  --------  ----  --------
  MAIN                  00000000   00040000  00001aa3  0003e55d  R  X
  INFO                  00200000   00004000  00000000  00004000  R  X
  SRAM_CODE             01000000   00010000  00004634  0000b9cc  RW X
  SRAM_DATA             20000000   00010000  00004634  0000b9cc  RW  


SEGMENT ALLOCATION MAP

run origin  load origin   length   init length attrs members
----------  ----------- ---------- ----------- ----- -------
00000000    00000000    00001aa8   00001aa8    r-x
  00000000    00000000    000000e4   000000e4    r-- .intvecs
  000000e4    000000e4    000017c0   000017c0    r-x .text
  000018a4    000018a4    00000004   00000004    r-- .init_array
  000018a8    000018a8    000001bb   000001bb    r-- .const
  00001a68    00001a68    00000040   00000040    r-- .cinit
20000000    20000000    00004438   00000000    rw-
  20000000    20000000    0000400c   00000000    rw- .bss
  20004010    20004010    00000400   00000000    rw- .sysmem
  20004410    20004410    00000028   00000000    rw- .data
2000fe00    2000fe00    00000200   00000000    rw-
  2000fe00    2000fe00    00000200   00000000    rw- .stack


SECTION ALLOCATION MAP

 output                                  attributes/
section   page    origin      length       input sections
--------  ----  ----------  ----------   ----------------
.intvecs   0    00000000    000000e4     
                  00000000    000000e4     startup_msp432p401r_ccs.obj (.intvecs:retain)

.binit     0    00000000    00000000     

.text      0    000000e4    000017c0     
                  000000e4    0000032c     system_msp432p401r.obj (.text)
                  00000410    000002ec     rtsv7M4_T_le_v4SPD16_eabi.lib : s_atan.c.obj (.text:atan)
                  000006fc    00000262     Scheduler.obj (.text)
                  0000095e    00000002     rtsv7M4_T_le_v4SPD16_eabi.lib : stdlib_typeinfo.cpp.obj (.text:_ZNSt9type_infoD1Ev)
                  00000960    000001fc     main.obj (.text)
                  00000b5c    000001b6     rtsv7M4_T_le_v4SPD16_eabi.lib : fd_add_t2.asm.obj (.text)
                  00000d12    00000002                                   : _lock.c.obj (.text:_nop)
                  00000d14    00000174     ADC_en.obj (.text)
                  00000e88    00000136     rtsv7M4_T_le_v4SPD16_eabi.lib : fd_div_t2.asm.obj (.text)
                  00000fbe    000000fc                                   : fd_mul_t2.asm.obj (.text)
                  000010ba    00000002     --HOLE-- [fill = 0]
                  000010bc    000000d8                                   : memory.c.obj (.text:free)
                  00001194    000000bc     AngleCalc.obj (.text)
                  00001250    0000009c     Mailbox.obj (.text)
                  000012ec    0000009c     rtsv7M4_T_le_v4SPD16_eabi.lib : memcpy_t2.asm.obj (.text)
                  00001388    00000086                                   : fd_cmp_t2.asm.obj (.text:__aeabi_cdrcmple)
                  0000140e    0000007a                                   : memset_t2.asm.obj (.text)
                  00001488    00000078                                   : memory.c.obj (.text:malloc)
                  00001500    00000074     Task.obj (.text)
                  00001574    00000068     LED.obj (.text)
                  000015dc    00000068     rtsv7M4_T_le_v4SPD16_eabi.lib : copy_decompress_lzss.c.obj (.text:decompress:lzss:__TI_decompress_lzss)
                  00001644    00000060                                   : autoinit.c.obj (.text:__TI_auto_init_nobinit:__TI_auto_init_nobinit)
                  000016a4    00000048                                   : fd_toi_t2.asm.obj (.text)
                  000016ec    0000003c                                   : memory.c.obj (.text:minsert)
                  00001728    00000038                                   : boot_cortex_m.c.obj (.text:_c_int00_noargs:_c_int00_noargs)
                  00001760    00000038                                   : memory.c.obj (.text:minit)
                  00001798    0000002e                                   : i_tofd_t2.asm.obj (.text)
                  000017c6    00000002     --HOLE-- [fill = 0]
                  000017c8    00000028                                   : memory.c.obj (.text:mremove)
                  000017f0    00000022                                   : new.cpp.obj (.text:_Znwj)
                  00001812    0000000e                                   : typeinfo.c.obj (.text:_ZN10__cxxabiv117__class_type_infoD0Ev)
                  00001820    0000000e                                   : typeinfo.c.obj (.text:_ZN10__cxxabiv120__si_class_type_infoD0Ev)
                  0000182e    0000000e                                   : copy_decompress_none.c.obj (.text:decompress:none:__TI_decompress_none)
                  0000183c    0000000e     startup_msp432p401r_ccs.obj (.text)
                  0000184a    0000000c     Task.obj (.text:_ZN4Task3runEv)
                  00001856    0000000c     Task.obj (.text:_ZN4Task5setupEv)
                  00001862    0000000c     Mailbox.obj (.text:_ZN7MailboxC1Ev)
                  0000186e    00000002     --HOLE-- [fill = 0]
                  00001870    0000000c     rtsv7M4_T_le_v4SPD16_eabi.lib : new.cpp.obj (.text:_ZSt15get_new_handlerv)
                  0000187c    0000000c                                   : copy_zero_init.c.obj (.text:decompress:ZI:__TI_zero_init)
                  00001888    00000008                                   : new.cpp.obj (.text:_ZdlPv)
                  00001890    00000004                                   : typeinfo.c.obj (.text:_ZN10__cxxabiv117__class_type_infoD1Ev)
                  00001894    00000004                                   : typeinfo.c.obj (.text:_ZN10__cxxabiv120__si_class_type_infoD1Ev)
                  00001898    00000004                                   : new.cpp.obj (.text:_ZdlPvj)
                  0000189c    00000004                                   : pre_init.c.obj (.text:_system_pre_init)
                  000018a0    00000004                                   : exit.c.obj (.text:abort:abort)

.const     0    000018a8    000001bb     
                  000018a8    00000098     rtsv7M4_T_le_v4SPD16_eabi.lib : s_atan.c.obj (.const:$O1$$)
                  00001940    00000025                                   : typeinfo.c.obj (.const:.typeinfo:_ZTSN10__cxxabiv120__si_class_type_infoE)
                  00001965    00000022                                   : typeinfo.c.obj (.const:.typeinfo:_ZTSN10__cxxabiv117__class_type_infoE)
                  00001987    00000001     --HOLE-- [fill = 0]
                  00001988    00000010     LED.obj (.const:_ZTV3LED)
                  00001998    00000010     Task.obj (.const:_ZTV4Task)
                  000019a8    00000010     ADC_en.obj (.const:_ZTV6ADC_en)
                  000019b8    00000010     AngleCalc.obj (.const:_ZTV9AngleCalc)
                  000019c8    00000010     rtsv7M4_T_le_v4SPD16_eabi.lib : typeinfo.c.obj (.const:_ZTVN10__cxxabiv117__class_type_infoE)
                  000019d8    00000010                                   : typeinfo.c.obj (.const:_ZTVN10__cxxabiv120__si_class_type_infoE)
                  000019e8    0000000d                                   : stdlib_typeinfo.cpp.obj (.const:.typeinfo:_ZTSSt9type_info)
                  000019f5    00000003     --HOLE-- [fill = 0]
                  000019f8    0000000c     LED.obj (.const:.typeinfo:_ZTI3LED)
                  00001a04    0000000c     ADC_en.obj (.const:.typeinfo:_ZTI6ADC_en)
                  00001a10    0000000c     AngleCalc.obj (.const:.typeinfo:_ZTI9AngleCalc)
                  00001a1c    0000000c     rtsv7M4_T_le_v4SPD16_eabi.lib : typeinfo.c.obj (.const:.typeinfo:_ZTIN10__cxxabiv117__class_type_infoE)
                  00001a28    0000000c                                   : typeinfo.c.obj (.const:.typeinfo:_ZTIN10__cxxabiv120__si_class_type_infoE)
                  00001a34    0000000b     AngleCalc.obj (.const:.typeinfo:_ZTS9AngleCalc)
                  00001a3f    00000001     --HOLE-- [fill = 0]
                  00001a40    00000008     ADC_en.obj (.const:.typeinfo:_ZTI4Task)
                  00001a48    00000008     rtsv7M4_T_le_v4SPD16_eabi.lib : stdlib_typeinfo.cpp.obj (.const:.typeinfo:_ZTISt9type_info)
                  00001a50    00000008     ADC_en.obj (.const:.typeinfo:_ZTS6ADC_en)
                  00001a58    00000006     ADC_en.obj (.const:.typeinfo:_ZTS4Task)
                  00001a5e    00000005     LED.obj (.const:.typeinfo:_ZTS3LED)

.cinit     0    00001a68    00000040     
                  00001a68    0000001b     (.cinit..data.load) [load image, compression = lzss]
                  00001a83    00000001     --HOLE-- [fill = 0]
                  00001a84    0000000c     (__TI_handler_table)
                  00001a90    00000008     (.cinit..bss.load) [load image, compression = zero_init]
                  00001a98    00000010     (__TI_cinit_table)

.init_array 
*          0    000018a4    00000004     
                  000018a4    00000004     main.obj (.init_array)

.bss       0    20000000    0000400c     UNINITIALIZED
                  20000000    00003fd8     main.obj (.bss:g_MainScheduler)
                  20003fd8    0000002c     main.obj (.bss:UniqueADC)
                  20004004    00000004     main.obj (.bss)
                  20004008    00000004     rtsv7M4_T_le_v4SPD16_eabi.lib : new.cpp.obj (.bss)

.sysmem    0    20004010    00000400     UNINITIALIZED
                  20004010    00000008     rtsv7M4_T_le_v4SPD16_eabi.lib : memory.c.obj (.sysmem)
                  20004018    000003f8     --HOLE--

.data      0    20004410    00000028     UNINITIALIZED
                  20004410    0000000c     rtsv7M4_T_le_v4SPD16_eabi.lib : memory.c.obj (.data:$O1$$)
                  2000441c    00000004     Mailbox.obj (.data)
                  20004420    00000009     main.obj (.data)
                  20004429    00000003     --HOLE--
                  2000442c    00000008     rtsv7M4_T_le_v4SPD16_eabi.lib : _lock.c.obj (.data:$O1$$)
                  20004434    00000004     system_msp432p401r.obj (.data)

.stack     0    2000fe00    00000200     UNINITIALIZED
                  2000fe00    00000004     rtsv7M4_T_le_v4SPD16_eabi.lib : boot_cortex_m.c.obj (.stack)
                  2000fe04    000001fc     --HOLE--

MODULE SUMMARY

       Module                        code   ro data   rw data
       ------                        ----   -------   -------
    ./
       main.obj                      508    4         32802  
       system_msp432p401r.obj        812    0         8      
       Scheduler.obj                 610    0         0      
       ADC_en.obj                    372    50        0      
       startup_msp432p401r_ccs.obj   14     228       0      
       AngleCalc.obj                 188    39        0      
       Mailbox.obj                   168    0         8      
       Task.obj                      140    16        0      
       LED.obj                       104    33        0      
    +--+-----------------------------+------+---------+---------+
       Total:                        2916   370       32818  
                                                             
    /home/sama/ti/ccsv7/tools/compiler/ti-cgt-arm_18.1.1.LTS/lib/rtsv7M4_T_le_v4SPD16_eabi.lib
       s_atan.c.obj                  748    152       0      
       memory.c.obj                  492    0         24     
       fd_add_t2.asm.obj             438    0         0      
       fd_div_t2.asm.obj             310    0         0      
       fd_mul_t2.asm.obj             252    0         0      
       typeinfo.c.obj                36     127       0      
       memcpy_t2.asm.obj             156    0         0      
       fd_cmp_t2.asm.obj             134    0         0      
       memset_t2.asm.obj             122    0         0      
       copy_decompress_lzss.c.obj    104    0         0      
       autoinit.c.obj                96     0         0      
       fd_toi_t2.asm.obj             72     0         0      
       new.cpp.obj                   58     0         8      
       boot_cortex_m.c.obj           56     0         0      
       i_tofd_t2.asm.obj             46     0         0      
       stdlib_typeinfo.cpp.obj       2      21        0      
       _lock.c.obj                   2      0         16     
       copy_decompress_none.c.obj    14     0         0      
       copy_zero_init.c.obj          12     0         0      
       exit.c.obj                    4      0         0      
       pre_init.c.obj                4      0         0      
    +--+-----------------------------+------+---------+---------+
       Total:                        3158   300       48     
                                                             
       Heap:                         0      0         2048   
       Stack:                        0      0         1024   
       Linker Generated:             0      63        0      
    +--+-----------------------------+------+---------+---------+
       Grand Total:                  6074   733       35938  


LINKER GENERATED COPY TABLES

__TI_cinit_table @ 00001a98 records: 2, size/record: 8, table size: 16
	.data: load addr=00001a68, load size=0000001b bytes, run addr=20004410, run size=00000028 bytes, compression=lzss
	.bss: load addr=00001a90, load size=00000008 bytes, run addr=20000000, run size=0000400c bytes, compression=zero_init


LINKER GENERATED HANDLER TABLE

__TI_handler_table @ 00001a84 records: 3, size/record: 4, table size: 12
	index: 0, handler: __TI_decompress_lzss
	index: 1, handler: __TI_decompress_none
	index: 2, handler: __TI_zero_init


GLOBAL SYMBOLS: SORTED ALPHABETICALLY BY Name 

address   name                                             
-------   ----                                             
00000acd  ADC14_IRQHandler                                 
00000acd  ADC14_IRQHandler                                 
00001849  AES256_IRQHandler                                
00001849  BusFault_Handler                                 
000018a1  C$$EXIT                                          
00001849  COMP_E0_IRQHandler                               
00001849  COMP_E1_IRQHandler                               
00001849  CS_IRQHandler                                    
00001849  DMA_ERR_IRQHandler                               
00001849  DMA_INT0_IRQHandler                              
00001849  DMA_INT1_IRQHandler                              
00001849  DMA_INT2_IRQHandler                              
00001849  DMA_INT3_IRQHandler                              
00001849  DebugMon_Handler                                 
00001849  Default_Handler                                  
00001849  EUSCIA0_IRQHandler                               
00001849  EUSCIA1_IRQHandler                               
00001849  EUSCIA2_IRQHandler                               
00001849  EUSCIA3_IRQHandler                               
00001849  EUSCIB0_IRQHandler                               
00001849  EUSCIB1_IRQHandler                               
00001849  EUSCIB2_IRQHandler                               
00001849  EUSCIB3_IRQHandler                               
00001849  FLCTL_IRQHandler                                 
00001849  FPU_IRQHandler                                   
00001849  HardFault_Handler                                
00001849  MemManage_Handler                                
00001849  NMI_Handler                                      
00001849  PCM_IRQHandler                                   
00001849  PORT1_IRQHandler                                 
00001849  PORT2_IRQHandler                                 
00001849  PORT3_IRQHandler                                 
00001849  PORT4_IRQHandler                                 
00001849  PORT5_IRQHandler                                 
00001849  PORT6_IRQHandler                                 
00001849  PSS_IRQHandler                                   
00001849  PendSV_Handler                                   
00001849  RTC_C_IRQHandler                                 
0000183d  Reset_Handler                                    
000018a4  SHT$$INIT_ARRAY$$Base                            
000018a8  SHT$$INIT_ARRAY$$Limit                           
00001849  SVC_Handler                                      
00001849  SysTick_Handler                                  
20004434  SystemCoreClock                                  
000000e5  SystemCoreClockUpdate                            
00000359  SystemInit                                       
00000aa5  T32_INT1_IRQHandler                              
00000aa5  T32_INT1_IRQHandler                              
00001849  T32_INT2_IRQHandler                              
00001849  T32_INTC_IRQHandler                              
00001849  TA0_0_IRQHandler                                 
00001849  TA0_N_IRQHandler                                 
00001849  TA1_0_IRQHandler                                 
00001849  TA1_N_IRQHandler                                 
00001849  TA2_0_IRQHandler                                 
00001849  TA2_N_IRQHandler                                 
00001849  TA3_0_IRQHandler                                 
00001849  TA3_N_IRQHandler                                 
20003fd8  UniqueADC                                        
00001849  UsageFault_Handler                               
4000480c  WDTCTL_SYM                                       
00001849  WDT_A_IRQHandler                                 
00000a71  _Z5Setupv                                        
00001813  _ZN10__cxxabiv117__class_type_infoD0Ev           
00001891  _ZN10__cxxabiv117__class_type_infoD1Ev           
00001891  _ZN10__cxxabiv117__class_type_infoD2Ev           
00001821  _ZN10__cxxabiv120__si_class_type_infoD0Ev        
00001895  _ZN10__cxxabiv120__si_class_type_infoD1Ev        
00001895  _ZN10__cxxabiv120__si_class_type_infoD2Ev        
00001595  _ZN3LED3runEv                                    
000015ad  _ZN3LED5setupEv                                  
00001575  _ZN3LEDC1Et                                      
00001575  _ZN3LEDC2Et                                      
0000152d  _ZN4Task10getMessageEh                           
00001543  _ZN4Task11sendMessageE10st_Message               
20004428  _ZN4Task14m_u8NextTaskIDE                        
0000184b  _ZN4Task3runEv                                   
00001857  _ZN4Task5setupEv                                 
00001501  _ZN4TaskC1Ev                                     
00001501  _ZN4TaskC2Ev                                     
00000dab  _ZN6ADC_en3runEv                                 
00000e15  _ZN6ADC_en5setupEv                               
00000d7f  _ZN6ADC_enC1Ev                                   
00000d7f  _ZN6ADC_enC2Ev                                   
00001251  _ZN7Mailbox10getMailboxEv                        
000012b5  _ZN7Mailbox10getMessageEh                        
0000127d  _ZN7Mailbox11sendMessageE10st_Message            
2000441c  _ZN7Mailbox7MailObjE                             
00001863  _ZN7MailboxC1Ev                                  
000011af  _ZN9AngleCalc3runEv                              
00001237  _ZN9AngleCalc5setupEv                            
00001195  _ZN9AngleCalcC1Ev                                
00001195  _ZN9AngleCalcC2Ev                                
00000945  _ZN9Scheduler21CalculateNextScheduleEv           
00000951  _ZN9Scheduler22SortScheduleByPriorityEP4Task     
000007d9  _ZN9Scheduler3runEv                              
000008f9  _ZN9Scheduler5setupEv                            
0000073f  _ZN9Scheduler6attachEP4Task8TaskType10TaskActivey
000006fd  _ZN9SchedulerC1Ev                                
000006fd  _ZN9SchedulerC2Ev                                
0000095f  _ZNSt9type_infoD1Ev                              
0000095f  _ZNSt9type_infoD2Ev                              
00001871  _ZSt15get_new_handlerv                           
000018a1  _ZSt17__throw_bad_allocv                         
000019f8  _ZTI3LED                                         
00001a40  _ZTI4Task                                        
00001a04  _ZTI6ADC_en                                      
00001a10  _ZTI9AngleCalc                                   
00001a1c  _ZTIN10__cxxabiv117__class_type_infoE            
00001a28  _ZTIN10__cxxabiv120__si_class_type_infoE         
00001a48  _ZTISt9type_info                                 
00001a5e  _ZTS3LED                                         
00001a58  _ZTS4Task                                        
00001a50  _ZTS6ADC_en                                      
00001a34  _ZTS9AngleCalc                                   
00001965  _ZTSN10__cxxabiv117__class_type_infoE            
00001940  _ZTSN10__cxxabiv120__si_class_type_infoE         
000019e8  _ZTSSt9type_info                                 
00001988  _ZTV3LED                                         
00001998  _ZTV4Task                                        
000019a8  _ZTV6ADC_en                                      
000019b8  _ZTV9AngleCalc                                   
000019c8  _ZTVN10__cxxabiv117__class_type_infoE            
000019d8  _ZTVN10__cxxabiv120__si_class_type_infoE         
00001889  _ZdlPv                                           
00001899  _ZdlPvj                                          
000017f1  _Znwj                                            
20010000  __STACK_END                                      
00000200  __STACK_SIZE                                     
00000400  __SYSMEM_SIZE                                    
00001a98  __TI_CINIT_Base                                  
00001aa8  __TI_CINIT_Limit                                 
00001a84  __TI_Handler_Table_Base                          
00001a90  __TI_Handler_Table_Limit                         
00001645  __TI_auto_init_nobinit                           
000015dd  __TI_decompress_lzss                             
0000182f  __TI_decompress_none                             
ffffffff  __TI_pprof_out_hndl                              
ffffffff  __TI_prof_data_size                              
ffffffff  __TI_prof_data_start                             
00000000  __TI_static_base__                               
0000187d  __TI_zero_init                                   
00001389  __aeabi_cdrcmple                                 
000016a5  __aeabi_d2iz                                     
00000b67  __aeabi_dadd                                     
00000e89  __aeabi_ddiv                                     
00000fbf  __aeabi_dmul                                     
00000b5d  __aeabi_dsub                                     
00001799  __aeabi_i2d                                      
0000140f  __aeabi_memclr                                   
0000140f  __aeabi_memclr4                                  
0000140f  __aeabi_memclr8                                  
000012ed  __aeabi_memcpy                                   
000012ed  __aeabi_memcpy4                                  
000012ed  __aeabi_memcpy8                                  
00001411  __aeabi_memset                                   
00001411  __aeabi_memset4                                  
00001411  __aeabi_memset8                                  
ffffffff  __binit__                                        
ffffffff  __c_args__                                       
UNDEFED   __mpu_init                                       
2000fe00  __stack                                          
00000af1  __sti___8_main_cpp_937618a8                      
00001729  _c_int00_noargs                                  
2000442c  _lock                                            
00000d13  _nop                                             
20004010  _sys_memory                                      
UNDEFED   _system_post_cinit                               
0000189d  _system_pre_init                                 
20004430  _unlock                                          
000018a1  abort                                            
00000411  atan                                             
00000411  atanl                                            
ffffffff  binit                                            
000010bd  free                                             
20004004  g_Mailbox                                        
20000000  g_MainScheduler                                  
00000000  interruptVectors                                 
000009cb  main                                             
00001489  malloc                                           
000012ed  memcpy                                           
00001417  memset                                           
00001761  minit                                            


GLOBAL SYMBOLS: SORTED BY Symbol Address 

address   name                                             
-------   ----                                             
00000000  __TI_static_base__                               
00000000  interruptVectors                                 
000000e5  SystemCoreClockUpdate                            
00000200  __STACK_SIZE                                     
00000359  SystemInit                                       
00000400  __SYSMEM_SIZE                                    
00000411  atan                                             
00000411  atanl                                            
000006fd  _ZN9SchedulerC1Ev                                
000006fd  _ZN9SchedulerC2Ev                                
0000073f  _ZN9Scheduler6attachEP4Task8TaskType10TaskActivey
000007d9  _ZN9Scheduler3runEv                              
000008f9  _ZN9Scheduler5setupEv                            
00000945  _ZN9Scheduler21CalculateNextScheduleEv           
00000951  _ZN9Scheduler22SortScheduleByPriorityEP4Task     
0000095f  _ZNSt9type_infoD1Ev                              
0000095f  _ZNSt9type_infoD2Ev                              
000009cb  main                                             
00000a71  _Z5Setupv                                        
00000aa5  T32_INT1_IRQHandler                              
00000aa5  T32_INT1_IRQHandler                              
00000acd  ADC14_IRQHandler                                 
00000acd  ADC14_IRQHandler                                 
00000af1  __sti___8_main_cpp_937618a8                      
00000b5d  __aeabi_dsub                                     
00000b67  __aeabi_dadd                                     
00000d13  _nop                                             
00000d7f  _ZN6ADC_enC1Ev                                   
00000d7f  _ZN6ADC_enC2Ev                                   
00000dab  _ZN6ADC_en3runEv                                 
00000e15  _ZN6ADC_en5setupEv                               
00000e89  __aeabi_ddiv                                     
00000fbf  __aeabi_dmul                                     
000010bd  free                                             
00001195  _ZN9AngleCalcC1Ev                                
00001195  _ZN9AngleCalcC2Ev                                
000011af  _ZN9AngleCalc3runEv                              
00001237  _ZN9AngleCalc5setupEv                            
00001251  _ZN7Mailbox10getMailboxEv                        
0000127d  _ZN7Mailbox11sendMessageE10st_Message            
000012b5  _ZN7Mailbox10getMessageEh                        
000012ed  __aeabi_memcpy                                   
000012ed  __aeabi_memcpy4                                  
000012ed  __aeabi_memcpy8                                  
000012ed  memcpy                                           
00001389  __aeabi_cdrcmple                                 
0000140f  __aeabi_memclr                                   
0000140f  __aeabi_memclr4                                  
0000140f  __aeabi_memclr8                                  
00001411  __aeabi_memset                                   
00001411  __aeabi_memset4                                  
00001411  __aeabi_memset8                                  
00001417  memset                                           
00001489  malloc                                           
00001501  _ZN4TaskC1Ev                                     
00001501  _ZN4TaskC2Ev                                     
0000152d  _ZN4Task10getMessageEh                           
00001543  _ZN4Task11sendMessageE10st_Message               
00001575  _ZN3LEDC1Et                                      
00001575  _ZN3LEDC2Et                                      
00001595  _ZN3LED3runEv                                    
000015ad  _ZN3LED5setupEv                                  
000015dd  __TI_decompress_lzss                             
00001645  __TI_auto_init_nobinit                           
000016a5  __aeabi_d2iz                                     
00001729  _c_int00_noargs                                  
00001761  minit                                            
00001799  __aeabi_i2d                                      
000017f1  _Znwj                                            
00001813  _ZN10__cxxabiv117__class_type_infoD0Ev           
00001821  _ZN10__cxxabiv120__si_class_type_infoD0Ev        
0000182f  __TI_decompress_none                             
0000183d  Reset_Handler                                    
00001849  AES256_IRQHandler                                
00001849  BusFault_Handler                                 
00001849  COMP_E0_IRQHandler                               
00001849  COMP_E1_IRQHandler                               
00001849  CS_IRQHandler                                    
00001849  DMA_ERR_IRQHandler                               
00001849  DMA_INT0_IRQHandler                              
00001849  DMA_INT1_IRQHandler                              
00001849  DMA_INT2_IRQHandler                              
00001849  DMA_INT3_IRQHandler                              
00001849  DebugMon_Handler                                 
00001849  Default_Handler                                  
00001849  EUSCIA0_IRQHandler                               
00001849  EUSCIA1_IRQHandler                               
00001849  EUSCIA2_IRQHandler                               
00001849  EUSCIA3_IRQHandler                               
00001849  EUSCIB0_IRQHandler                               
00001849  EUSCIB1_IRQHandler                               
00001849  EUSCIB2_IRQHandler                               
00001849  EUSCIB3_IRQHandler                               
00001849  FLCTL_IRQHandler                                 
00001849  FPU_IRQHandler                                   
00001849  HardFault_Handler                                
00001849  MemManage_Handler                                
00001849  NMI_Handler                                      
00001849  PCM_IRQHandler                                   
00001849  PORT1_IRQHandler                                 
00001849  PORT2_IRQHandler                                 
00001849  PORT3_IRQHandler                                 
00001849  PORT4_IRQHandler                                 
00001849  PORT5_IRQHandler                                 
00001849  PORT6_IRQHandler                                 
00001849  PSS_IRQHandler                                   
00001849  PendSV_Handler                                   
00001849  RTC_C_IRQHandler                                 
00001849  SVC_Handler                                      
00001849  SysTick_Handler                                  
00001849  T32_INT2_IRQHandler                              
00001849  T32_INTC_IRQHandler                              
00001849  TA0_0_IRQHandler                                 
00001849  TA0_N_IRQHandler                                 
00001849  TA1_0_IRQHandler                                 
00001849  TA1_N_IRQHandler                                 
00001849  TA2_0_IRQHandler                                 
00001849  TA2_N_IRQHandler                                 
00001849  TA3_0_IRQHandler                                 
00001849  TA3_N_IRQHandler                                 
00001849  UsageFault_Handler                               
00001849  WDT_A_IRQHandler                                 
0000184b  _ZN4Task3runEv                                   
00001857  _ZN4Task5setupEv                                 
00001863  _ZN7MailboxC1Ev                                  
00001871  _ZSt15get_new_handlerv                           
0000187d  __TI_zero_init                                   
00001889  _ZdlPv                                           
00001891  _ZN10__cxxabiv117__class_type_infoD1Ev           
00001891  _ZN10__cxxabiv117__class_type_infoD2Ev           
00001895  _ZN10__cxxabiv120__si_class_type_infoD1Ev        
00001895  _ZN10__cxxabiv120__si_class_type_infoD2Ev        
00001899  _ZdlPvj                                          
0000189d  _system_pre_init                                 
000018a1  C$$EXIT                                          
000018a1  _ZSt17__throw_bad_allocv                         
000018a1  abort                                            
000018a4  SHT$$INIT_ARRAY$$Base                            
000018a8  SHT$$INIT_ARRAY$$Limit                           
00001940  _ZTSN10__cxxabiv120__si_class_type_infoE         
00001965  _ZTSN10__cxxabiv117__class_type_infoE            
00001988  _ZTV3LED                                         
00001998  _ZTV4Task                                        
000019a8  _ZTV6ADC_en                                      
000019b8  _ZTV9AngleCalc                                   
000019c8  _ZTVN10__cxxabiv117__class_type_infoE            
000019d8  _ZTVN10__cxxabiv120__si_class_type_infoE         
000019e8  _ZTSSt9type_info                                 
000019f8  _ZTI3LED                                         
00001a04  _ZTI6ADC_en                                      
00001a10  _ZTI9AngleCalc                                   
00001a1c  _ZTIN10__cxxabiv117__class_type_infoE            
00001a28  _ZTIN10__cxxabiv120__si_class_type_infoE         
00001a34  _ZTS9AngleCalc                                   
00001a40  _ZTI4Task                                        
00001a48  _ZTISt9type_info                                 
00001a50  _ZTS6ADC_en                                      
00001a58  _ZTS4Task                                        
00001a5e  _ZTS3LED                                         
00001a84  __TI_Handler_Table_Base                          
00001a90  __TI_Handler_Table_Limit                         
00001a98  __TI_CINIT_Base                                  
00001aa8  __TI_CINIT_Limit                                 
20000000  g_MainScheduler                                  
20003fd8  UniqueADC                                        
20004004  g_Mailbox                                        
20004010  _sys_memory                                      
2000441c  _ZN7Mailbox7MailObjE                             
20004428  _ZN4Task14m_u8NextTaskIDE                        
2000442c  _lock                                            
20004430  _unlock                                          
20004434  SystemCoreClock                                  
2000fe00  __stack                                          
20010000  __STACK_END                                      
4000480c  WDTCTL_SYM                                       
ffffffff  __TI_pprof_out_hndl                              
ffffffff  __TI_prof_data_size                              
ffffffff  __TI_prof_data_start                             
ffffffff  __binit__                                        
ffffffff  __c_args__                                       
ffffffff  binit                                            
UNDEFED   __mpu_init                                       
UNDEFED   _system_post_cinit                               

[183 symbols]
