******************************************************************************
                  TI ARM Linker Unix v18.1.1                   
******************************************************************************
>> Linked Thu May 17 16:05:20 2018

OUTPUT FILE NAME:   <labo2.out>
ENTRY POINT SYMBOL: "_c_int00_noargs"  address: 000016dd


MEMORY CONFIGURATION

         name            origin    length      used     unused   attr    fill
----------------------  --------  ---------  --------  --------  ----  --------
  MAIN                  00000000   00040000  00001a5f  0003e5a1  R  X
  INFO                  00200000   00004000  00000000  00004000  R  X
  SRAM_CODE             01000000   00010000  00004610  0000b9f0  RW X
  SRAM_DATA             20000000   00010000  00004610  0000b9f0  RW  


SEGMENT ALLOCATION MAP

run origin  load origin   length   init length attrs members
----------  ----------- ---------- ----------- ----- -------
00000000    00000000    00001a60   00001a60    r-x
  00000000    00000000    000000e4   000000e4    r-- .intvecs
  000000e4    000000e4    00001774   00001774    r-x .text
  00001858    00001858    000001bb   000001bb    r-- .const
  00001a14    00001a14    00000004   00000004    r-- .init_array
  00001a18    00001a18    00000048   00000048    r-- .cinit
20000000    20000000    00004410   00000000    rw-
  20000000    20000000    00003fe0   00000000    rw- .bss
  20003fe0    20003fe0    00000400   00000000    rw- .sysmem
  200043e0    200043e0    00000030   00000000    rw- .data
2000fe00    2000fe00    00000200   00000000    rw-
  2000fe00    2000fe00    00000200   00000000    rw- .stack


SECTION ALLOCATION MAP

 output                                  attributes/
section   page    origin      length       input sections
--------  ----  ----------  ----------   ----------------
.intvecs   0    00000000    000000e4     
                  00000000    000000e4     startup_msp432p401r_ccs.obj (.intvecs:retain)

.binit     0    00000000    00000000     

.text      0    000000e4    00001774     
                  000000e4    0000032c     system_msp432p401r.obj (.text)
                  00000410    000002ec     rtsv7M4_T_le_v4SPD16_eabi.lib : s_atan.c.obj (.text:atan)
                  000006fc    00000262     Scheduler.obj (.text)
                  0000095e    00000002     rtsv7M4_T_le_v4SPD16_eabi.lib : stdlib_typeinfo.cpp.obj (.text:_ZNSt9type_infoD1Ev)
                  00000960    000001f8     main.obj (.text)
                  00000b58    000001b6     rtsv7M4_T_le_v4SPD16_eabi.lib : fd_add_t2.asm.obj (.text)
                  00000d0e    00000002                                   : _lock.c.obj (.text:_nop)
                  00000d10    00000138     ADC_en.obj (.text)
                  00000e48    00000136     rtsv7M4_T_le_v4SPD16_eabi.lib : fd_div_t2.asm.obj (.text)
                  00000f7e    000000fc                                   : fd_mul_t2.asm.obj (.text)
                  0000107a    00000002     --HOLE-- [fill = 0]
                  0000107c    000000d8                                   : memory.c.obj (.text:free)
                  00001154    000000b4     AngleCalc.obj (.text)
                  00001208    0000009c     Mailbox.obj (.text)
                  000012a4    0000009c     rtsv7M4_T_le_v4SPD16_eabi.lib : memcpy_t2.asm.obj (.text)
                  00001340    00000086                                   : fd_cmp_t2.asm.obj (.text:__aeabi_cdrcmple)
                  000013c6    0000007a                                   : memset_t2.asm.obj (.text)
                  00001440    00000078                                   : memory.c.obj (.text:malloc)
                  000014b8    00000070     Task.obj (.text)
                  00001528    00000068     LED.obj (.text)
                  00001590    00000068     rtsv7M4_T_le_v4SPD16_eabi.lib : copy_decompress_lzss.c.obj (.text:decompress:lzss:__TI_decompress_lzss)
                  000015f8    00000060                                   : autoinit.c.obj (.text:__TI_auto_init_nobinit:__TI_auto_init_nobinit)
                  00001658    00000048                                   : fd_toi_t2.asm.obj (.text)
                  000016a0    0000003c                                   : memory.c.obj (.text:minsert)
                  000016dc    00000038                                   : boot_cortex_m.c.obj (.text:_c_int00_noargs:_c_int00_noargs)
                  00001714    00000038                                   : memory.c.obj (.text:minit)
                  0000174c    0000002e                                   : i_tofd_t2.asm.obj (.text)
                  0000177a    00000002     --HOLE-- [fill = 0]
                  0000177c    00000028                                   : memory.c.obj (.text:mremove)
                  000017a4    00000022                                   : new.cpp.obj (.text:_Znwj)
                  000017c6    0000000e                                   : typeinfo.c.obj (.text:_ZN10__cxxabiv117__class_type_infoD0Ev)
                  000017d4    0000000e                                   : typeinfo.c.obj (.text:_ZN10__cxxabiv120__si_class_type_infoD0Ev)
                  000017e2    0000000e                                   : copy_decompress_none.c.obj (.text:decompress:none:__TI_decompress_none)
                  000017f0    0000000e     startup_msp432p401r_ccs.obj (.text)
                  000017fe    0000000c     Task.obj (.text:_ZN4Task3runEv)
                  0000180a    0000000c     Task.obj (.text:_ZN4Task5setupEv)
                  00001816    0000000c     Mailbox.obj (.text:_ZN7MailboxC1Ev)
                  00001822    00000002     --HOLE-- [fill = 0]
                  00001824    0000000c     rtsv7M4_T_le_v4SPD16_eabi.lib : new.cpp.obj (.text:_ZSt15get_new_handlerv)
                  00001830    0000000c                                   : copy_zero_init.c.obj (.text:decompress:ZI:__TI_zero_init)
                  0000183c    00000008                                   : new.cpp.obj (.text:_ZdlPv)
                  00001844    00000004                                   : typeinfo.c.obj (.text:_ZN10__cxxabiv117__class_type_infoD1Ev)
                  00001848    00000004                                   : typeinfo.c.obj (.text:_ZN10__cxxabiv120__si_class_type_infoD1Ev)
                  0000184c    00000004                                   : new.cpp.obj (.text:_ZdlPvj)
                  00001850    00000004                                   : pre_init.c.obj (.text:_system_pre_init)
                  00001854    00000004                                   : exit.c.obj (.text:abort:abort)

.const     0    00001858    000001bb     
                  00001858    00000098     rtsv7M4_T_le_v4SPD16_eabi.lib : s_atan.c.obj (.const:$O1$$)
                  000018f0    00000025                                   : typeinfo.c.obj (.const:.typeinfo:_ZTSN10__cxxabiv120__si_class_type_infoE)
                  00001915    00000022                                   : typeinfo.c.obj (.const:.typeinfo:_ZTSN10__cxxabiv117__class_type_infoE)
                  00001937    00000001     --HOLE-- [fill = 0]
                  00001938    00000010     LED.obj (.const:_ZTV3LED)
                  00001948    00000010     Task.obj (.const:_ZTV4Task)
                  00001958    00000010     ADC_en.obj (.const:_ZTV6ADC_en)
                  00001968    00000010     AngleCalc.obj (.const:_ZTV9AngleCalc)
                  00001978    00000010     rtsv7M4_T_le_v4SPD16_eabi.lib : typeinfo.c.obj (.const:_ZTVN10__cxxabiv117__class_type_infoE)
                  00001988    00000010                                   : typeinfo.c.obj (.const:_ZTVN10__cxxabiv120__si_class_type_infoE)
                  00001998    0000000d                                   : stdlib_typeinfo.cpp.obj (.const:.typeinfo:_ZTSSt9type_info)
                  000019a5    00000003     --HOLE-- [fill = 0]
                  000019a8    0000000c     LED.obj (.const:.typeinfo:_ZTI3LED)
                  000019b4    0000000c     ADC_en.obj (.const:.typeinfo:_ZTI6ADC_en)
                  000019c0    0000000c     AngleCalc.obj (.const:.typeinfo:_ZTI9AngleCalc)
                  000019cc    0000000c     rtsv7M4_T_le_v4SPD16_eabi.lib : typeinfo.c.obj (.const:.typeinfo:_ZTIN10__cxxabiv117__class_type_infoE)
                  000019d8    0000000c                                   : typeinfo.c.obj (.const:.typeinfo:_ZTIN10__cxxabiv120__si_class_type_infoE)
                  000019e4    0000000b     AngleCalc.obj (.const:.typeinfo:_ZTS9AngleCalc)
                  000019ef    00000001     --HOLE-- [fill = 0]
                  000019f0    00000008     ADC_en.obj (.const:.typeinfo:_ZTI4Task)
                  000019f8    00000008     rtsv7M4_T_le_v4SPD16_eabi.lib : stdlib_typeinfo.cpp.obj (.const:.typeinfo:_ZTISt9type_info)
                  00001a00    00000008     ADC_en.obj (.const:.typeinfo:_ZTS6ADC_en)
                  00001a08    00000006     ADC_en.obj (.const:.typeinfo:_ZTS4Task)
                  00001a0e    00000005     LED.obj (.const:.typeinfo:_ZTS3LED)

.cinit     0    00001a18    00000048     
                  00001a18    0000001e     (.cinit..data.load) [load image, compression = lzss]
                  00001a36    00000002     --HOLE-- [fill = 0]
                  00001a38    0000000c     (__TI_handler_table)
                  00001a44    00000004     --HOLE-- [fill = 0]
                  00001a48    00000008     (.cinit..bss.load) [load image, compression = zero_init]
                  00001a50    00000010     (__TI_cinit_table)

.init_array 
*          0    00001a14    00000004     
                  00001a14    00000004     main.obj (.init_array)

.bss       0    20000000    00003fe0     UNINITIALIZED
                  20000000    00003fd8     main.obj (.bss:g_MainScheduler)
                  20003fd8    00000004     main.obj (.bss)
                  20003fdc    00000004     rtsv7M4_T_le_v4SPD16_eabi.lib : new.cpp.obj (.bss)

.sysmem    0    20003fe0    00000400     UNINITIALIZED
                  20003fe0    00000008     rtsv7M4_T_le_v4SPD16_eabi.lib : memory.c.obj (.sysmem)
                  20003fe8    000003f8     --HOLE--

.data      0    200043e0    00000030     UNINITIALIZED
                  200043e0    00000011     main.obj (.data)
                  200043f1    00000003     --HOLE--
                  200043f4    0000000c     rtsv7M4_T_le_v4SPD16_eabi.lib : memory.c.obj (.data:$O1$$)
                  20004400    00000008                                   : _lock.c.obj (.data:$O1$$)
                  20004408    00000004     Mailbox.obj (.data)
                  2000440c    00000004     system_msp432p401r.obj (.data)

.stack     0    2000fe00    00000200     UNINITIALIZED
                  2000fe00    00000004     rtsv7M4_T_le_v4SPD16_eabi.lib : boot_cortex_m.c.obj (.stack)
                  2000fe04    000001fc     --HOLE--

MODULE SUMMARY

       Module                        code   ro data   rw data
       ------                        ----   -------   -------
    ./
       main.obj                      504    4         32730  
       system_msp432p401r.obj        812    0         8      
       Scheduler.obj                 610    0         0      
       ADC_en.obj                    312    50        0      
       startup_msp432p401r_ccs.obj   14     228       0      
       AngleCalc.obj                 180    39        0      
       Mailbox.obj                   168    0         8      
       Task.obj                      136    16        0      
       LED.obj                       104    33        0      
    +--+-----------------------------+------+---------+---------+
       Total:                        2840   370       32746  
                                                             
    /home/sama/ti/ccsv7/tools/compiler/ti-cgt-arm_18.1.1.LTS/lib/rtsv7M4_T_le_v4SPD16_eabi.lib
       s_atan.c.obj                  748    152       0      
       memory.c.obj                  492    0         24     
       fd_add_t2.asm.obj             438    0         0      
       fd_div_t2.asm.obj             310    0         0      
       fd_mul_t2.asm.obj             252    0         0      
       typeinfo.c.obj                36     127       0      
       memcpy_t2.asm.obj             156    0         0      
       fd_cmp_t2.asm.obj             134    0         0      
       memset_t2.asm.obj             122    0         0      
       copy_decompress_lzss.c.obj    104    0         0      
       autoinit.c.obj                96     0         0      
       fd_toi_t2.asm.obj             72     0         0      
       new.cpp.obj                   58     0         8      
       boot_cortex_m.c.obj           56     0         0      
       i_tofd_t2.asm.obj             46     0         0      
       stdlib_typeinfo.cpp.obj       2      21        0      
       _lock.c.obj                   2      0         16     
       copy_decompress_none.c.obj    14     0         0      
       copy_zero_init.c.obj          12     0         0      
       exit.c.obj                    4      0         0      
       pre_init.c.obj                4      0         0      
    +--+-----------------------------+------+---------+---------+
       Total:                        3158   300       48     
                                                             
       Heap:                         0      0         2048   
       Stack:                        0      0         1024   
       Linker Generated:             0      66        0      
    +--+-----------------------------+------+---------+---------+
       Grand Total:                  5998   736       35866  


LINKER GENERATED COPY TABLES

__TI_cinit_table @ 00001a50 records: 2, size/record: 8, table size: 16
	.data: load addr=00001a18, load size=0000001e bytes, run addr=200043e0, run size=00000030 bytes, compression=lzss
	.bss: load addr=00001a48, load size=00000008 bytes, run addr=20000000, run size=00003fe0 bytes, compression=zero_init


LINKER GENERATED HANDLER TABLE

__TI_handler_table @ 00001a38 records: 3, size/record: 4, table size: 12
	index: 0, handler: __TI_decompress_lzss
	index: 1, handler: __TI_decompress_none
	index: 2, handler: __TI_zero_init


GLOBAL SYMBOLS: SORTED ALPHABETICALLY BY Name 

address   name                                             
-------   ----                                             
00000ad7  ADC14_IRQHandler                                 
00000ad7  ADC14_IRQHandler                                 
000017fd  AES256_IRQHandler                                
000017fd  BusFault_Handler                                 
00001855  C$$EXIT                                          
000017fd  COMP_E0_IRQHandler                               
000017fd  COMP_E1_IRQHandler                               
000017fd  CS_IRQHandler                                    
000017fd  DMA_ERR_IRQHandler                               
000017fd  DMA_INT0_IRQHandler                              
000017fd  DMA_INT1_IRQHandler                              
000017fd  DMA_INT2_IRQHandler                              
000017fd  DMA_INT3_IRQHandler                              
000017fd  DebugMon_Handler                                 
000017fd  Default_Handler                                  
000017fd  EUSCIA0_IRQHandler                               
000017fd  EUSCIA1_IRQHandler                               
000017fd  EUSCIA2_IRQHandler                               
000017fd  EUSCIA3_IRQHandler                               
000017fd  EUSCIB0_IRQHandler                               
000017fd  EUSCIB1_IRQHandler                               
000017fd  EUSCIB2_IRQHandler                               
000017fd  EUSCIB3_IRQHandler                               
000017fd  FLCTL_IRQHandler                                 
000017fd  FPU_IRQHandler                                   
000017fd  HardFault_Handler                                
000017fd  MemManage_Handler                                
000017fd  NMI_Handler                                      
000017fd  PCM_IRQHandler                                   
000017fd  PORT1_IRQHandler                                 
000017fd  PORT2_IRQHandler                                 
000017fd  PORT3_IRQHandler                                 
000017fd  PORT4_IRQHandler                                 
000017fd  PORT5_IRQHandler                                 
000017fd  PORT6_IRQHandler                                 
000017fd  PSS_IRQHandler                                   
000017fd  PendSV_Handler                                   
000017fd  RTC_C_IRQHandler                                 
000017f1  Reset_Handler                                    
00001a14  SHT$$INIT_ARRAY$$Base                            
00001a18  SHT$$INIT_ARRAY$$Limit                           
000017fd  SVC_Handler                                      
000017fd  SysTick_Handler                                  
2000440c  SystemCoreClock                                  
000000e5  SystemCoreClockUpdate                            
00000359  SystemInit                                       
00000aaf  T32_INT1_IRQHandler                              
00000aaf  T32_INT1_IRQHandler                              
000017fd  T32_INT2_IRQHandler                              
000017fd  T32_INTC_IRQHandler                              
000017fd  TA0_0_IRQHandler                                 
000017fd  TA0_N_IRQHandler                                 
000017fd  TA1_0_IRQHandler                                 
000017fd  TA1_N_IRQHandler                                 
000017fd  TA2_0_IRQHandler                                 
000017fd  TA2_N_IRQHandler                                 
000017fd  TA3_0_IRQHandler                                 
000017fd  TA3_N_IRQHandler                                 
000017fd  UsageFault_Handler                               
4000480c  WDTCTL_SYM                                       
000017fd  WDT_A_IRQHandler                                 
00000a7b  _Z5Setupv                                        
000017c7  _ZN10__cxxabiv117__class_type_infoD0Ev           
00001845  _ZN10__cxxabiv117__class_type_infoD1Ev           
00001845  _ZN10__cxxabiv117__class_type_infoD2Ev           
000017d5  _ZN10__cxxabiv120__si_class_type_infoD0Ev        
00001849  _ZN10__cxxabiv120__si_class_type_infoD1Ev        
00001849  _ZN10__cxxabiv120__si_class_type_infoD2Ev        
00001549  _ZN3LED3runEv                                    
00001561  _ZN3LED5setupEv                                  
00001529  _ZN3LEDC1Et                                      
00001529  _ZN3LEDC2Et                                      
000014e5  _ZN4Task10getMessageEh                           
000014fb  _ZN4Task11sendMessageE10st_Message               
200043f0  _ZN4Task14m_u8NextTaskIDE                        
000017ff  _ZN4Task3runEv                                   
0000180b  _ZN4Task5setupEv                                 
000014b9  _ZN4TaskC1Ev                                     
000014b9  _ZN4TaskC2Ev                                     
00000d9b  _ZN6ADC_en3runEv                                 
00000dd5  _ZN6ADC_en5setupEv                               
00000d7b  _ZN6ADC_enC1Et                                   
00000d7b  _ZN6ADC_enC2Et                                   
00001209  _ZN7Mailbox10getMailboxEv                        
00001275  _ZN7Mailbox10getMessageEh                        
00001235  _ZN7Mailbox11sendMessageE10st_Message            
20004408  _ZN7Mailbox7MailObjE                             
00001817  _ZN7MailboxC1Ev                                  
00001175  _ZN9AngleCalc3runEv                              
000011e5  _ZN9AngleCalc5setupEv                            
00001155  _ZN9AngleCalcC1Et                                
00001155  _ZN9AngleCalcC2Et                                
00000945  _ZN9Scheduler21CalculateNextScheduleEv           
00000951  _ZN9Scheduler22SortScheduleByPriorityEP4Task     
000007d9  _ZN9Scheduler3runEv                              
000008f9  _ZN9Scheduler5setupEv                            
0000073f  _ZN9Scheduler6attachEP4Task8TaskType10TaskActivey
000006fd  _ZN9SchedulerC1Ev                                
000006fd  _ZN9SchedulerC2Ev                                
0000095f  _ZNSt9type_infoD1Ev                              
0000095f  _ZNSt9type_infoD2Ev                              
00001825  _ZSt15get_new_handlerv                           
00001855  _ZSt17__throw_bad_allocv                         
000019a8  _ZTI3LED                                         
000019f0  _ZTI4Task                                        
000019b4  _ZTI6ADC_en                                      
000019c0  _ZTI9AngleCalc                                   
000019cc  _ZTIN10__cxxabiv117__class_type_infoE            
000019d8  _ZTIN10__cxxabiv120__si_class_type_infoE         
000019f8  _ZTISt9type_info                                 
00001a0e  _ZTS3LED                                         
00001a08  _ZTS4Task                                        
00001a00  _ZTS6ADC_en                                      
000019e4  _ZTS9AngleCalc                                   
00001915  _ZTSN10__cxxabiv117__class_type_infoE            
000018f0  _ZTSN10__cxxabiv120__si_class_type_infoE         
00001998  _ZTSSt9type_info                                 
00001938  _ZTV3LED                                         
00001948  _ZTV4Task                                        
00001958  _ZTV6ADC_en                                      
00001968  _ZTV9AngleCalc                                   
00001978  _ZTVN10__cxxabiv117__class_type_infoE            
00001988  _ZTVN10__cxxabiv120__si_class_type_infoE         
0000183d  _ZdlPv                                           
0000184d  _ZdlPvj                                          
000017a5  _Znwj                                            
20010000  __STACK_END                                      
00000200  __STACK_SIZE                                     
00000400  __SYSMEM_SIZE                                    
00001a50  __TI_CINIT_Base                                  
00001a60  __TI_CINIT_Limit                                 
00001a38  __TI_Handler_Table_Base                          
00001a44  __TI_Handler_Table_Limit                         
000015f9  __TI_auto_init_nobinit                           
00001591  __TI_decompress_lzss                             
000017e3  __TI_decompress_none                             
ffffffff  __TI_pprof_out_hndl                              
ffffffff  __TI_prof_data_size                              
ffffffff  __TI_prof_data_start                             
00000000  __TI_static_base__                               
00001831  __TI_zero_init                                   
00001341  __aeabi_cdrcmple                                 
00001659  __aeabi_d2iz                                     
00000b63  __aeabi_dadd                                     
00000e49  __aeabi_ddiv                                     
00000f7f  __aeabi_dmul                                     
00000b59  __aeabi_dsub                                     
0000174d  __aeabi_i2d                                      
000013c7  __aeabi_memclr                                   
000013c7  __aeabi_memclr4                                  
000013c7  __aeabi_memclr8                                  
000012a5  __aeabi_memcpy                                   
000012a5  __aeabi_memcpy4                                  
000012a5  __aeabi_memcpy8                                  
000013c9  __aeabi_memset                                   
000013c9  __aeabi_memset4                                  
000013c9  __aeabi_memset8                                  
ffffffff  __binit__                                        
ffffffff  __c_args__                                       
UNDEFED   __mpu_init                                       
2000fe00  __stack                                          
00000afb  __sti___8_main_cpp_937618a8                      
000016dd  _c_int00_noargs                                  
20004400  _lock                                            
00000d0f  _nop                                             
20003fe0  _sys_memory                                      
UNDEFED   _system_post_cinit                               
00001851  _system_pre_init                                 
20004404  _unlock                                          
00001855  abort                                            
00000411  atan                                             
00000411  atanl                                            
ffffffff  binit                                            
0000107d  free                                             
20003fd8  g_Mailbox                                        
20000000  g_MainScheduler                                  
200043e8  g_i16AdcXResult                                  
200043ea  g_i16AdcYResult                                  
200043ec  g_i16AdcZResult                                  
200043ee  g_iAngleResult                                   
00000000  interruptVectors                                 
000009cb  main                                             
00001441  malloc                                           
000012a5  memcpy                                           
000013cf  memset                                           
00001715  minit                                            


GLOBAL SYMBOLS: SORTED BY Symbol Address 

address   name                                             
-------   ----                                             
00000000  __TI_static_base__                               
00000000  interruptVectors                                 
000000e5  SystemCoreClockUpdate                            
00000200  __STACK_SIZE                                     
00000359  SystemInit                                       
00000400  __SYSMEM_SIZE                                    
00000411  atan                                             
00000411  atanl                                            
000006fd  _ZN9SchedulerC1Ev                                
000006fd  _ZN9SchedulerC2Ev                                
0000073f  _ZN9Scheduler6attachEP4Task8TaskType10TaskActivey
000007d9  _ZN9Scheduler3runEv                              
000008f9  _ZN9Scheduler5setupEv                            
00000945  _ZN9Scheduler21CalculateNextScheduleEv           
00000951  _ZN9Scheduler22SortScheduleByPriorityEP4Task     
0000095f  _ZNSt9type_infoD1Ev                              
0000095f  _ZNSt9type_infoD2Ev                              
000009cb  main                                             
00000a7b  _Z5Setupv                                        
00000aaf  T32_INT1_IRQHandler                              
00000aaf  T32_INT1_IRQHandler                              
00000ad7  ADC14_IRQHandler                                 
00000ad7  ADC14_IRQHandler                                 
00000afb  __sti___8_main_cpp_937618a8                      
00000b59  __aeabi_dsub                                     
00000b63  __aeabi_dadd                                     
00000d0f  _nop                                             
00000d7b  _ZN6ADC_enC1Et                                   
00000d7b  _ZN6ADC_enC2Et                                   
00000d9b  _ZN6ADC_en3runEv                                 
00000dd5  _ZN6ADC_en5setupEv                               
00000e49  __aeabi_ddiv                                     
00000f7f  __aeabi_dmul                                     
0000107d  free                                             
00001155  _ZN9AngleCalcC1Et                                
00001155  _ZN9AngleCalcC2Et                                
00001175  _ZN9AngleCalc3runEv                              
000011e5  _ZN9AngleCalc5setupEv                            
00001209  _ZN7Mailbox10getMailboxEv                        
00001235  _ZN7Mailbox11sendMessageE10st_Message            
00001275  _ZN7Mailbox10getMessageEh                        
000012a5  __aeabi_memcpy                                   
000012a5  __aeabi_memcpy4                                  
000012a5  __aeabi_memcpy8                                  
000012a5  memcpy                                           
00001341  __aeabi_cdrcmple                                 
000013c7  __aeabi_memclr                                   
000013c7  __aeabi_memclr4                                  
000013c7  __aeabi_memclr8                                  
000013c9  __aeabi_memset                                   
000013c9  __aeabi_memset4                                  
000013c9  __aeabi_memset8                                  
000013cf  memset                                           
00001441  malloc                                           
000014b9  _ZN4TaskC1Ev                                     
000014b9  _ZN4TaskC2Ev                                     
000014e5  _ZN4Task10getMessageEh                           
000014fb  _ZN4Task11sendMessageE10st_Message               
00001529  _ZN3LEDC1Et                                      
00001529  _ZN3LEDC2Et                                      
00001549  _ZN3LED3runEv                                    
00001561  _ZN3LED5setupEv                                  
00001591  __TI_decompress_lzss                             
000015f9  __TI_auto_init_nobinit                           
00001659  __aeabi_d2iz                                     
000016dd  _c_int00_noargs                                  
00001715  minit                                            
0000174d  __aeabi_i2d                                      
000017a5  _Znwj                                            
000017c7  _ZN10__cxxabiv117__class_type_infoD0Ev           
000017d5  _ZN10__cxxabiv120__si_class_type_infoD0Ev        
000017e3  __TI_decompress_none                             
000017f1  Reset_Handler                                    
000017fd  AES256_IRQHandler                                
000017fd  BusFault_Handler                                 
000017fd  COMP_E0_IRQHandler                               
000017fd  COMP_E1_IRQHandler                               
000017fd  CS_IRQHandler                                    
000017fd  DMA_ERR_IRQHandler                               
000017fd  DMA_INT0_IRQHandler                              
000017fd  DMA_INT1_IRQHandler                              
000017fd  DMA_INT2_IRQHandler                              
000017fd  DMA_INT3_IRQHandler                              
000017fd  DebugMon_Handler                                 
000017fd  Default_Handler                                  
000017fd  EUSCIA0_IRQHandler                               
000017fd  EUSCIA1_IRQHandler                               
000017fd  EUSCIA2_IRQHandler                               
000017fd  EUSCIA3_IRQHandler                               
000017fd  EUSCIB0_IRQHandler                               
000017fd  EUSCIB1_IRQHandler                               
000017fd  EUSCIB2_IRQHandler                               
000017fd  EUSCIB3_IRQHandler                               
000017fd  FLCTL_IRQHandler                                 
000017fd  FPU_IRQHandler                                   
000017fd  HardFault_Handler                                
000017fd  MemManage_Handler                                
000017fd  NMI_Handler                                      
000017fd  PCM_IRQHandler                                   
000017fd  PORT1_IRQHandler                                 
000017fd  PORT2_IRQHandler                                 
000017fd  PORT3_IRQHandler                                 
000017fd  PORT4_IRQHandler                                 
000017fd  PORT5_IRQHandler                                 
000017fd  PORT6_IRQHandler                                 
000017fd  PSS_IRQHandler                                   
000017fd  PendSV_Handler                                   
000017fd  RTC_C_IRQHandler                                 
000017fd  SVC_Handler                                      
000017fd  SysTick_Handler                                  
000017fd  T32_INT2_IRQHandler                              
000017fd  T32_INTC_IRQHandler                              
000017fd  TA0_0_IRQHandler                                 
000017fd  TA0_N_IRQHandler                                 
000017fd  TA1_0_IRQHandler                                 
000017fd  TA1_N_IRQHandler                                 
000017fd  TA2_0_IRQHandler                                 
000017fd  TA2_N_IRQHandler                                 
000017fd  TA3_0_IRQHandler                                 
000017fd  TA3_N_IRQHandler                                 
000017fd  UsageFault_Handler                               
000017fd  WDT_A_IRQHandler                                 
000017ff  _ZN4Task3runEv                                   
0000180b  _ZN4Task5setupEv                                 
00001817  _ZN7MailboxC1Ev                                  
00001825  _ZSt15get_new_handlerv                           
00001831  __TI_zero_init                                   
0000183d  _ZdlPv                                           
00001845  _ZN10__cxxabiv117__class_type_infoD1Ev           
00001845  _ZN10__cxxabiv117__class_type_infoD2Ev           
00001849  _ZN10__cxxabiv120__si_class_type_infoD1Ev        
00001849  _ZN10__cxxabiv120__si_class_type_infoD2Ev        
0000184d  _ZdlPvj                                          
00001851  _system_pre_init                                 
00001855  C$$EXIT                                          
00001855  _ZSt17__throw_bad_allocv                         
00001855  abort                                            
000018f0  _ZTSN10__cxxabiv120__si_class_type_infoE         
00001915  _ZTSN10__cxxabiv117__class_type_infoE            
00001938  _ZTV3LED                                         
00001948  _ZTV4Task                                        
00001958  _ZTV6ADC_en                                      
00001968  _ZTV9AngleCalc                                   
00001978  _ZTVN10__cxxabiv117__class_type_infoE            
00001988  _ZTVN10__cxxabiv120__si_class_type_infoE         
00001998  _ZTSSt9type_info                                 
000019a8  _ZTI3LED                                         
000019b4  _ZTI6ADC_en                                      
000019c0  _ZTI9AngleCalc                                   
000019cc  _ZTIN10__cxxabiv117__class_type_infoE            
000019d8  _ZTIN10__cxxabiv120__si_class_type_infoE         
000019e4  _ZTS9AngleCalc                                   
000019f0  _ZTI4Task                                        
000019f8  _ZTISt9type_info                                 
00001a00  _ZTS6ADC_en                                      
00001a08  _ZTS4Task                                        
00001a0e  _ZTS3LED                                         
00001a14  SHT$$INIT_ARRAY$$Base                            
00001a18  SHT$$INIT_ARRAY$$Limit                           
00001a38  __TI_Handler_Table_Base                          
00001a44  __TI_Handler_Table_Limit                         
00001a50  __TI_CINIT_Base                                  
00001a60  __TI_CINIT_Limit                                 
20000000  g_MainScheduler                                  
20003fd8  g_Mailbox                                        
20003fe0  _sys_memory                                      
200043e8  g_i16AdcXResult                                  
200043ea  g_i16AdcYResult                                  
200043ec  g_i16AdcZResult                                  
200043ee  g_iAngleResult                                   
200043f0  _ZN4Task14m_u8NextTaskIDE                        
20004400  _lock                                            
20004404  _unlock                                          
20004408  _ZN7Mailbox7MailObjE                             
2000440c  SystemCoreClock                                  
2000fe00  __stack                                          
20010000  __STACK_END                                      
4000480c  WDTCTL_SYM                                       
ffffffff  __TI_pprof_out_hndl                              
ffffffff  __TI_prof_data_size                              
ffffffff  __TI_prof_data_start                             
ffffffff  __binit__                                        
ffffffff  __c_args__                                       
ffffffff  binit                                            
UNDEFED   __mpu_init                                       
UNDEFED   _system_post_cinit                               

[186 symbols]
