******************************************************************************
                  TI ARM Linker Unix v18.1.1                   
******************************************************************************
>> Linked Thu May 10 18:43:58 2018

OUTPUT FILE NAME:   <labo2.out>
ENTRY POINT SYMBOL: "_c_int00_noargs"  address: 00000e3d


MEMORY CONFIGURATION

         name            origin    length      used     unused   attr    fill
----------------------  --------  ---------  --------  --------  ----  --------
  MAIN                  00000000   00040000  000010cf  0003ef31  R  X
  INFO                  00200000   00004000  00000000  00004000  R  X
  SRAM_CODE             01000000   00010000  0000460c  0000b9f4  RW X
  SRAM_DATA             20000000   00010000  0000460c  0000b9f4  RW  


SEGMENT ALLOCATION MAP

run origin  load origin   length   init length attrs members
----------  ----------- ---------- ----------- ----- -------
00000000    00000000    000010d0   000010d0    r-x
  00000000    00000000    000000e4   000000e4    r-- .intvecs
  000000e4    000000e4    00000ea4   00000ea4    r-x .text
  00000f88    00000f88    000000fb   000000fb    r-- .const
  00001084    00001084    00000004   00000004    r-- .init_array
  00001088    00001088    00000048   00000048    r-- .cinit
20000000    20000000    0000440c   00000000    rw-
  20000000    20000000    00003fe0   00000000    rw- .bss
  20003fe0    20003fe0    00000400   00000000    rw- .sysmem
  200043e0    200043e0    0000002c   00000000    rw- .data
2000fe00    2000fe00    00000200   00000000    rw-
  2000fe00    2000fe00    00000200   00000000    rw- .stack


SECTION ALLOCATION MAP

 output                                  attributes/
section   page    origin      length       input sections
--------  ----  ----------  ----------   ----------------
.intvecs   0    00000000    000000e4     
                  00000000    000000e4     startup_msp432p401r_ccs.obj (.intvecs:retain)

.binit     0    00000000    00000000     

.text      0    000000e4    00000ea4     
                  000000e4    0000032c     system_msp432p401r.obj (.text)
                  00000410    00000262     Scheduler.obj (.text)
                  00000672    00000002     rtsv7M4_T_le_v4SPD16_eabi.lib : stdlib_typeinfo.cpp.obj (.text:_ZNSt9type_infoD1Ev)
                  00000674    000001d4     main.obj (.text)
                  00000848    00000114     ADC_en.obj (.text)
                  0000095c    000000d8     rtsv7M4_T_le_v4SPD16_eabi.lib : memory.c.obj (.text:free)
                  00000a34    0000009c     Mailbox.obj (.text)
                  00000ad0    0000009c     rtsv7M4_T_le_v4SPD16_eabi.lib : memcpy_t2.asm.obj (.text)
                  00000b6c    0000007a                                   : memset_t2.asm.obj (.text)
                  00000be6    00000002                                   : _lock.c.obj (.text:_nop)
                  00000be8    00000078                                   : memory.c.obj (.text:malloc)
                  00000c60    00000070     Task.obj (.text)
                  00000cd0    00000068     LED.obj (.text)
                  00000d38    00000068     rtsv7M4_T_le_v4SPD16_eabi.lib : copy_decompress_lzss.c.obj (.text:decompress:lzss:__TI_decompress_lzss)
                  00000da0    00000060                                   : autoinit.c.obj (.text:__TI_auto_init_nobinit:__TI_auto_init_nobinit)
                  00000e00    0000003c                                   : memory.c.obj (.text:minsert)
                  00000e3c    00000038                                   : boot_cortex_m.c.obj (.text:_c_int00_noargs:_c_int00_noargs)
                  00000e74    00000038                                   : memory.c.obj (.text:minit)
                  00000eac    00000028                                   : memory.c.obj (.text:mremove)
                  00000ed4    00000022                                   : new.cpp.obj (.text:_Znwj)
                  00000ef6    0000000e                                   : typeinfo.c.obj (.text:_ZN10__cxxabiv117__class_type_infoD0Ev)
                  00000f04    0000000e                                   : typeinfo.c.obj (.text:_ZN10__cxxabiv120__si_class_type_infoD0Ev)
                  00000f12    0000000e                                   : copy_decompress_none.c.obj (.text:decompress:none:__TI_decompress_none)
                  00000f20    0000000e     startup_msp432p401r_ccs.obj (.text)
                  00000f2e    0000000c     Task.obj (.text:_ZN4Task3runEv)
                  00000f3a    0000000c     Task.obj (.text:_ZN4Task5setupEv)
                  00000f46    0000000c     Mailbox.obj (.text:_ZN7MailboxC1Ev)
                  00000f52    00000002     --HOLE-- [fill = 0]
                  00000f54    0000000c     rtsv7M4_T_le_v4SPD16_eabi.lib : new.cpp.obj (.text:_ZSt15get_new_handlerv)
                  00000f60    0000000c                                   : copy_zero_init.c.obj (.text:decompress:ZI:__TI_zero_init)
                  00000f6c    00000008                                   : new.cpp.obj (.text:_ZdlPv)
                  00000f74    00000004                                   : typeinfo.c.obj (.text:_ZN10__cxxabiv117__class_type_infoD1Ev)
                  00000f78    00000004                                   : typeinfo.c.obj (.text:_ZN10__cxxabiv120__si_class_type_infoD1Ev)
                  00000f7c    00000004                                   : new.cpp.obj (.text:_ZdlPvj)
                  00000f80    00000004                                   : pre_init.c.obj (.text:_system_pre_init)
                  00000f84    00000004                                   : exit.c.obj (.text:abort:abort)

.const     0    00000f88    000000fb     
                  00000f88    00000025     rtsv7M4_T_le_v4SPD16_eabi.lib : typeinfo.c.obj (.const:.typeinfo:_ZTSN10__cxxabiv120__si_class_type_infoE)
                  00000fad    00000022                                   : typeinfo.c.obj (.const:.typeinfo:_ZTSN10__cxxabiv117__class_type_infoE)
                  00000fcf    00000001     --HOLE-- [fill = 0]
                  00000fd0    00000010     LED.obj (.const:_ZTV3LED)
                  00000fe0    00000010     Task.obj (.const:_ZTV4Task)
                  00000ff0    00000010     ADC_en.obj (.const:_ZTV6ADC_en)
                  00001000    00000010     rtsv7M4_T_le_v4SPD16_eabi.lib : typeinfo.c.obj (.const:_ZTVN10__cxxabiv117__class_type_infoE)
                  00001010    00000010                                   : typeinfo.c.obj (.const:_ZTVN10__cxxabiv120__si_class_type_infoE)
                  00001020    0000000d                                   : stdlib_typeinfo.cpp.obj (.const:.typeinfo:_ZTSSt9type_info)
                  0000102d    00000003     --HOLE-- [fill = 0]
                  00001030    0000000c     LED.obj (.const:.typeinfo:_ZTI3LED)
                  0000103c    0000000c     ADC_en.obj (.const:.typeinfo:_ZTI6ADC_en)
                  00001048    0000000c     rtsv7M4_T_le_v4SPD16_eabi.lib : typeinfo.c.obj (.const:.typeinfo:_ZTIN10__cxxabiv117__class_type_infoE)
                  00001054    0000000c                                   : typeinfo.c.obj (.const:.typeinfo:_ZTIN10__cxxabiv120__si_class_type_infoE)
                  00001060    00000008     ADC_en.obj (.const:.typeinfo:_ZTI4Task)
                  00001068    00000008     rtsv7M4_T_le_v4SPD16_eabi.lib : stdlib_typeinfo.cpp.obj (.const:.typeinfo:_ZTISt9type_info)
                  00001070    00000008     ADC_en.obj (.const:.typeinfo:_ZTS6ADC_en)
                  00001078    00000006     ADC_en.obj (.const:.typeinfo:_ZTS4Task)
                  0000107e    00000005     LED.obj (.const:.typeinfo:_ZTS3LED)

.cinit     0    00001088    00000048     
                  00001088    0000001d     (.cinit..data.load) [load image, compression = lzss]
                  000010a5    00000003     --HOLE-- [fill = 0]
                  000010a8    0000000c     (__TI_handler_table)
                  000010b4    00000004     --HOLE-- [fill = 0]
                  000010b8    00000008     (.cinit..bss.load) [load image, compression = zero_init]
                  000010c0    00000010     (__TI_cinit_table)

.init_array 
*          0    00001084    00000004     
                  00001084    00000004     main.obj (.init_array)

.bss       0    20000000    00003fe0     UNINITIALIZED
                  20000000    00003fd8     main.obj (.bss:g_MainScheduler)
                  20003fd8    00000004     main.obj (.bss)
                  20003fdc    00000004     rtsv7M4_T_le_v4SPD16_eabi.lib : new.cpp.obj (.bss)

.sysmem    0    20003fe0    00000400     UNINITIALIZED
                  20003fe0    00000008     rtsv7M4_T_le_v4SPD16_eabi.lib : memory.c.obj (.sysmem)
                  20003fe8    000003f8     --HOLE--

.data      0    200043e0    0000002c     UNINITIALIZED
                  200043e0    0000000f     main.obj (.data)
                  200043ef    00000001     --HOLE--
                  200043f0    0000000c     rtsv7M4_T_le_v4SPD16_eabi.lib : memory.c.obj (.data:$O1$$)
                  200043fc    00000008                                   : _lock.c.obj (.data:$O1$$)
                  20004404    00000004     Mailbox.obj (.data)
                  20004408    00000004     system_msp432p401r.obj (.data)

.stack     0    2000fe00    00000200     UNINITIALIZED
                  2000fe00    00000004     rtsv7M4_T_le_v4SPD16_eabi.lib : boot_cortex_m.c.obj (.stack)
                  2000fe04    000001fc     --HOLE--

MODULE SUMMARY

       Module                        code   ro data   rw data
       ------                        ----   -------   -------
    ./
       main.obj                      468    4         32726  
       system_msp432p401r.obj        812    0         8      
       Scheduler.obj                 610    0         0      
       ADC_en.obj                    276    50        0      
       startup_msp432p401r_ccs.obj   14     228       0      
       Mailbox.obj                   168    0         8      
       Task.obj                      136    16        0      
       LED.obj                       104    33        0      
    +--+-----------------------------+------+---------+---------+
       Total:                        2588   331       32742  
                                                             
    /home/sama/ti/ccsv7/tools/compiler/ti-cgt-arm_18.1.1.LTS/lib/rtsv7M4_T_le_v4SPD16_eabi.lib
       memory.c.obj                  492    0         24     
       typeinfo.c.obj                36     127       0      
       memcpy_t2.asm.obj             156    0         0      
       memset_t2.asm.obj             122    0         0      
       copy_decompress_lzss.c.obj    104    0         0      
       autoinit.c.obj                96     0         0      
       new.cpp.obj                   58     0         8      
       boot_cortex_m.c.obj           56     0         0      
       stdlib_typeinfo.cpp.obj       2      21        0      
       _lock.c.obj                   2      0         16     
       copy_decompress_none.c.obj    14     0         0      
       copy_zero_init.c.obj          12     0         0      
       exit.c.obj                    4      0         0      
       pre_init.c.obj                4      0         0      
    +--+-----------------------------+------+---------+---------+
       Total:                        1158   148       48     
                                                             
       Heap:                         0      0         2048   
       Stack:                        0      0         1024   
       Linker Generated:             0      65        0      
    +--+-----------------------------+------+---------+---------+
       Grand Total:                  3746   544       35862  


LINKER GENERATED COPY TABLES

__TI_cinit_table @ 000010c0 records: 2, size/record: 8, table size: 16
	.data: load addr=00001088, load size=0000001d bytes, run addr=200043e0, run size=0000002c bytes, compression=lzss
	.bss: load addr=000010b8, load size=00000008 bytes, run addr=20000000, run size=00003fe0 bytes, compression=zero_init


LINKER GENERATED HANDLER TABLE

__TI_handler_table @ 000010a8 records: 3, size/record: 4, table size: 12
	index: 0, handler: __TI_decompress_lzss
	index: 1, handler: __TI_decompress_none
	index: 2, handler: __TI_zero_init


GLOBAL SYMBOLS: SORTED ALPHABETICALLY BY Name 

address   name                                             
-------   ----                                             
000007c7  ADC14_IRQHandler                                 
000007c7  ADC14_IRQHandler                                 
00000f2d  AES256_IRQHandler                                
00000f2d  BusFault_Handler                                 
00000f85  C$$EXIT                                          
00000f2d  COMP_E0_IRQHandler                               
00000f2d  COMP_E1_IRQHandler                               
00000f2d  CS_IRQHandler                                    
00000f2d  DMA_ERR_IRQHandler                               
00000f2d  DMA_INT0_IRQHandler                              
00000f2d  DMA_INT1_IRQHandler                              
00000f2d  DMA_INT2_IRQHandler                              
00000f2d  DMA_INT3_IRQHandler                              
00000f2d  DebugMon_Handler                                 
00000f2d  Default_Handler                                  
00000f2d  EUSCIA0_IRQHandler                               
00000f2d  EUSCIA1_IRQHandler                               
00000f2d  EUSCIA2_IRQHandler                               
00000f2d  EUSCIA3_IRQHandler                               
00000f2d  EUSCIB0_IRQHandler                               
00000f2d  EUSCIB1_IRQHandler                               
00000f2d  EUSCIB2_IRQHandler                               
00000f2d  EUSCIB3_IRQHandler                               
00000f2d  FLCTL_IRQHandler                                 
00000f2d  FPU_IRQHandler                                   
00000f2d  HardFault_Handler                                
00000f2d  MemManage_Handler                                
00000f2d  NMI_Handler                                      
00000f2d  PCM_IRQHandler                                   
00000f2d  PORT1_IRQHandler                                 
00000f2d  PORT2_IRQHandler                                 
00000f2d  PORT3_IRQHandler                                 
00000f2d  PORT4_IRQHandler                                 
00000f2d  PORT5_IRQHandler                                 
00000f2d  PORT6_IRQHandler                                 
00000f2d  PSS_IRQHandler                                   
00000f2d  PendSV_Handler                                   
00000f2d  RTC_C_IRQHandler                                 
00000f21  Reset_Handler                                    
00001084  SHT$$INIT_ARRAY$$Base                            
00001088  SHT$$INIT_ARRAY$$Limit                           
00000f2d  SVC_Handler                                      
00000f2d  SysTick_Handler                                  
20004408  SystemCoreClock                                  
000000e5  SystemCoreClockUpdate                            
00000359  SystemInit                                       
0000079f  T32_INT1_IRQHandler                              
0000079f  T32_INT1_IRQHandler                              
00000f2d  T32_INT2_IRQHandler                              
00000f2d  T32_INTC_IRQHandler                              
00000f2d  TA0_0_IRQHandler                                 
00000f2d  TA0_N_IRQHandler                                 
00000f2d  TA1_0_IRQHandler                                 
00000f2d  TA1_N_IRQHandler                                 
00000f2d  TA2_0_IRQHandler                                 
00000f2d  TA2_N_IRQHandler                                 
00000f2d  TA3_0_IRQHandler                                 
00000f2d  TA3_N_IRQHandler                                 
00000f2d  UsageFault_Handler                               
4000480c  WDTCTL_SYM                                       
00000f2d  WDT_A_IRQHandler                                 
0000076b  _Z5Setupv                                        
00000ef7  _ZN10__cxxabiv117__class_type_infoD0Ev           
00000f75  _ZN10__cxxabiv117__class_type_infoD1Ev           
00000f75  _ZN10__cxxabiv117__class_type_infoD2Ev           
00000f05  _ZN10__cxxabiv120__si_class_type_infoD0Ev        
00000f79  _ZN10__cxxabiv120__si_class_type_infoD1Ev        
00000f79  _ZN10__cxxabiv120__si_class_type_infoD2Ev        
00000cf1  _ZN3LED3runEv                                    
00000d09  _ZN3LED5setupEv                                  
00000cd1  _ZN3LEDC1Et                                      
00000cd1  _ZN3LEDC2Et                                      
00000c8d  _ZN4Task10getMessageEh                           
00000ca3  _ZN4Task11sendMessageE10st_Message               
200043ee  _ZN4Task14m_u8NextTaskIDE                        
00000f2f  _ZN4Task3runEv                                   
00000f3b  _ZN4Task5setupEv                                 
00000c61  _ZN4TaskC1Ev                                     
00000c61  _ZN4TaskC2Ev                                     
000008d3  _ZN6ADC_en3runEv                                 
000008eb  _ZN6ADC_en5setupEv                               
000008b3  _ZN6ADC_enC1Et                                   
000008b3  _ZN6ADC_enC2Et                                   
00000a35  _ZN7Mailbox10getMailboxEv                        
00000aa1  _ZN7Mailbox10getMessageEh                        
00000a61  _ZN7Mailbox11sendMessageE10st_Message            
20004404  _ZN7Mailbox7MailObjE                             
00000f47  _ZN7MailboxC1Ev                                  
00000659  _ZN9Scheduler21CalculateNextScheduleEv           
00000665  _ZN9Scheduler22SortScheduleByPriorityEP4Task     
000004ed  _ZN9Scheduler3runEv                              
0000060d  _ZN9Scheduler5setupEv                            
00000453  _ZN9Scheduler6attachEP4Task8TaskType10TaskActivey
00000411  _ZN9SchedulerC1Ev                                
00000411  _ZN9SchedulerC2Ev                                
00000673  _ZNSt9type_infoD1Ev                              
00000673  _ZNSt9type_infoD2Ev                              
00000f55  _ZSt15get_new_handlerv                           
00000f85  _ZSt17__throw_bad_allocv                         
00001030  _ZTI3LED                                         
00001060  _ZTI4Task                                        
0000103c  _ZTI6ADC_en                                      
00001048  _ZTIN10__cxxabiv117__class_type_infoE            
00001054  _ZTIN10__cxxabiv120__si_class_type_infoE         
00001068  _ZTISt9type_info                                 
0000107e  _ZTS3LED                                         
00001078  _ZTS4Task                                        
00001070  _ZTS6ADC_en                                      
00000fad  _ZTSN10__cxxabiv117__class_type_infoE            
00000f88  _ZTSN10__cxxabiv120__si_class_type_infoE         
00001020  _ZTSSt9type_info                                 
00000fd0  _ZTV3LED                                         
00000fe0  _ZTV4Task                                        
00000ff0  _ZTV6ADC_en                                      
00001000  _ZTVN10__cxxabiv117__class_type_infoE            
00001010  _ZTVN10__cxxabiv120__si_class_type_infoE         
00000f6d  _ZdlPv                                           
00000f7d  _ZdlPvj                                          
00000ed5  _Znwj                                            
20010000  __STACK_END                                      
00000200  __STACK_SIZE                                     
00000400  __SYSMEM_SIZE                                    
000010c0  __TI_CINIT_Base                                  
000010d0  __TI_CINIT_Limit                                 
000010a8  __TI_Handler_Table_Base                          
000010b4  __TI_Handler_Table_Limit                         
00000da1  __TI_auto_init_nobinit                           
00000d39  __TI_decompress_lzss                             
00000f13  __TI_decompress_none                             
ffffffff  __TI_pprof_out_hndl                              
ffffffff  __TI_prof_data_size                              
ffffffff  __TI_prof_data_start                             
00000000  __TI_static_base__                               
00000f61  __TI_zero_init                                   
00000b6d  __aeabi_memclr                                   
00000b6d  __aeabi_memclr4                                  
00000b6d  __aeabi_memclr8                                  
00000ad1  __aeabi_memcpy                                   
00000ad1  __aeabi_memcpy4                                  
00000ad1  __aeabi_memcpy8                                  
00000b6f  __aeabi_memset                                   
00000b6f  __aeabi_memset4                                  
00000b6f  __aeabi_memset8                                  
ffffffff  __binit__                                        
ffffffff  __c_args__                                       
UNDEFED   __mpu_init                                       
2000fe00  __stack                                          
000007eb  __sti___8_main_cpp_937618a8                      
00000e3d  _c_int00_noargs                                  
200043fc  _lock                                            
00000be7  _nop                                             
20003fe0  _sys_memory                                      
UNDEFED   _system_post_cinit                               
00000f81  _system_pre_init                                 
20004400  _unlock                                          
00000f85  abort                                            
ffffffff  binit                                            
0000095d  free                                             
20003fd8  g_Mailbox                                        
20000000  g_MainScheduler                                  
200043e8  g_i16AdcXResult                                  
200043ea  g_i16AdcYResult                                  
200043ec  g_i16AdcZResult                                  
00000000  interruptVectors                                 
000006df  main                                             
00000be9  malloc                                           
00000ad1  memcpy                                           
00000b75  memset                                           
00000e75  minit                                            


GLOBAL SYMBOLS: SORTED BY Symbol Address 

address   name                                             
-------   ----                                             
00000000  __TI_static_base__                               
00000000  interruptVectors                                 
000000e5  SystemCoreClockUpdate                            
00000200  __STACK_SIZE                                     
00000359  SystemInit                                       
00000400  __SYSMEM_SIZE                                    
00000411  _ZN9SchedulerC1Ev                                
00000411  _ZN9SchedulerC2Ev                                
00000453  _ZN9Scheduler6attachEP4Task8TaskType10TaskActivey
000004ed  _ZN9Scheduler3runEv                              
0000060d  _ZN9Scheduler5setupEv                            
00000659  _ZN9Scheduler21CalculateNextScheduleEv           
00000665  _ZN9Scheduler22SortScheduleByPriorityEP4Task     
00000673  _ZNSt9type_infoD1Ev                              
00000673  _ZNSt9type_infoD2Ev                              
000006df  main                                             
0000076b  _Z5Setupv                                        
0000079f  T32_INT1_IRQHandler                              
0000079f  T32_INT1_IRQHandler                              
000007c7  ADC14_IRQHandler                                 
000007c7  ADC14_IRQHandler                                 
000007eb  __sti___8_main_cpp_937618a8                      
000008b3  _ZN6ADC_enC1Et                                   
000008b3  _ZN6ADC_enC2Et                                   
000008d3  _ZN6ADC_en3runEv                                 
000008eb  _ZN6ADC_en5setupEv                               
0000095d  free                                             
00000a35  _ZN7Mailbox10getMailboxEv                        
00000a61  _ZN7Mailbox11sendMessageE10st_Message            
00000aa1  _ZN7Mailbox10getMessageEh                        
00000ad1  __aeabi_memcpy                                   
00000ad1  __aeabi_memcpy4                                  
00000ad1  __aeabi_memcpy8                                  
00000ad1  memcpy                                           
00000b6d  __aeabi_memclr                                   
00000b6d  __aeabi_memclr4                                  
00000b6d  __aeabi_memclr8                                  
00000b6f  __aeabi_memset                                   
00000b6f  __aeabi_memset4                                  
00000b6f  __aeabi_memset8                                  
00000b75  memset                                           
00000be7  _nop                                             
00000be9  malloc                                           
00000c61  _ZN4TaskC1Ev                                     
00000c61  _ZN4TaskC2Ev                                     
00000c8d  _ZN4Task10getMessageEh                           
00000ca3  _ZN4Task11sendMessageE10st_Message               
00000cd1  _ZN3LEDC1Et                                      
00000cd1  _ZN3LEDC2Et                                      
00000cf1  _ZN3LED3runEv                                    
00000d09  _ZN3LED5setupEv                                  
00000d39  __TI_decompress_lzss                             
00000da1  __TI_auto_init_nobinit                           
00000e3d  _c_int00_noargs                                  
00000e75  minit                                            
00000ed5  _Znwj                                            
00000ef7  _ZN10__cxxabiv117__class_type_infoD0Ev           
00000f05  _ZN10__cxxabiv120__si_class_type_infoD0Ev        
00000f13  __TI_decompress_none                             
00000f21  Reset_Handler                                    
00000f2d  AES256_IRQHandler                                
00000f2d  BusFault_Handler                                 
00000f2d  COMP_E0_IRQHandler                               
00000f2d  COMP_E1_IRQHandler                               
00000f2d  CS_IRQHandler                                    
00000f2d  DMA_ERR_IRQHandler                               
00000f2d  DMA_INT0_IRQHandler                              
00000f2d  DMA_INT1_IRQHandler                              
00000f2d  DMA_INT2_IRQHandler                              
00000f2d  DMA_INT3_IRQHandler                              
00000f2d  DebugMon_Handler                                 
00000f2d  Default_Handler                                  
00000f2d  EUSCIA0_IRQHandler                               
00000f2d  EUSCIA1_IRQHandler                               
00000f2d  EUSCIA2_IRQHandler                               
00000f2d  EUSCIA3_IRQHandler                               
00000f2d  EUSCIB0_IRQHandler                               
00000f2d  EUSCIB1_IRQHandler                               
00000f2d  EUSCIB2_IRQHandler                               
00000f2d  EUSCIB3_IRQHandler                               
00000f2d  FLCTL_IRQHandler                                 
00000f2d  FPU_IRQHandler                                   
00000f2d  HardFault_Handler                                
00000f2d  MemManage_Handler                                
00000f2d  NMI_Handler                                      
00000f2d  PCM_IRQHandler                                   
00000f2d  PORT1_IRQHandler                                 
00000f2d  PORT2_IRQHandler                                 
00000f2d  PORT3_IRQHandler                                 
00000f2d  PORT4_IRQHandler                                 
00000f2d  PORT5_IRQHandler                                 
00000f2d  PORT6_IRQHandler                                 
00000f2d  PSS_IRQHandler                                   
00000f2d  PendSV_Handler                                   
00000f2d  RTC_C_IRQHandler                                 
00000f2d  SVC_Handler                                      
00000f2d  SysTick_Handler                                  
00000f2d  T32_INT2_IRQHandler                              
00000f2d  T32_INTC_IRQHandler                              
00000f2d  TA0_0_IRQHandler                                 
00000f2d  TA0_N_IRQHandler                                 
00000f2d  TA1_0_IRQHandler                                 
00000f2d  TA1_N_IRQHandler                                 
00000f2d  TA2_0_IRQHandler                                 
00000f2d  TA2_N_IRQHandler                                 
00000f2d  TA3_0_IRQHandler                                 
00000f2d  TA3_N_IRQHandler                                 
00000f2d  UsageFault_Handler                               
00000f2d  WDT_A_IRQHandler                                 
00000f2f  _ZN4Task3runEv                                   
00000f3b  _ZN4Task5setupEv                                 
00000f47  _ZN7MailboxC1Ev                                  
00000f55  _ZSt15get_new_handlerv                           
00000f61  __TI_zero_init                                   
00000f6d  _ZdlPv                                           
00000f75  _ZN10__cxxabiv117__class_type_infoD1Ev           
00000f75  _ZN10__cxxabiv117__class_type_infoD2Ev           
00000f79  _ZN10__cxxabiv120__si_class_type_infoD1Ev        
00000f79  _ZN10__cxxabiv120__si_class_type_infoD2Ev        
00000f7d  _ZdlPvj                                          
00000f81  _system_pre_init                                 
00000f85  C$$EXIT                                          
00000f85  _ZSt17__throw_bad_allocv                         
00000f85  abort                                            
00000f88  _ZTSN10__cxxabiv120__si_class_type_infoE         
00000fad  _ZTSN10__cxxabiv117__class_type_infoE            
00000fd0  _ZTV3LED                                         
00000fe0  _ZTV4Task                                        
00000ff0  _ZTV6ADC_en                                      
00001000  _ZTVN10__cxxabiv117__class_type_infoE            
00001010  _ZTVN10__cxxabiv120__si_class_type_infoE         
00001020  _ZTSSt9type_info                                 
00001030  _ZTI3LED                                         
0000103c  _ZTI6ADC_en                                      
00001048  _ZTIN10__cxxabiv117__class_type_infoE            
00001054  _ZTIN10__cxxabiv120__si_class_type_infoE         
00001060  _ZTI4Task                                        
00001068  _ZTISt9type_info                                 
00001070  _ZTS6ADC_en                                      
00001078  _ZTS4Task                                        
0000107e  _ZTS3LED                                         
00001084  SHT$$INIT_ARRAY$$Base                            
00001088  SHT$$INIT_ARRAY$$Limit                           
000010a8  __TI_Handler_Table_Base                          
000010b4  __TI_Handler_Table_Limit                         
000010c0  __TI_CINIT_Base                                  
000010d0  __TI_CINIT_Limit                                 
20000000  g_MainScheduler                                  
20003fd8  g_Mailbox                                        
20003fe0  _sys_memory                                      
200043e8  g_i16AdcXResult                                  
200043ea  g_i16AdcYResult                                  
200043ec  g_i16AdcZResult                                  
200043ee  _ZN4Task14m_u8NextTaskIDE                        
200043fc  _lock                                            
20004400  _unlock                                          
20004404  _ZN7Mailbox7MailObjE                             
20004408  SystemCoreClock                                  
2000fe00  __stack                                          
20010000  __STACK_END                                      
4000480c  WDTCTL_SYM                                       
ffffffff  __TI_pprof_out_hndl                              
ffffffff  __TI_prof_data_size                              
ffffffff  __TI_prof_data_start                             
ffffffff  __binit__                                        
ffffffff  __c_args__                                       
ffffffff  binit                                            
UNDEFED   __mpu_init                                       
UNDEFED   _system_post_cinit                               

[169 symbols]
