******************************************************************************
                  TI ARM Linker Unix v18.1.1                   
******************************************************************************
>> Linked Thu May 10 15:35:26 2018

OUTPUT FILE NAME:   <labo2.out>
ENTRY POINT SYMBOL: "_c_int00_noargs"  address: 00000ccd


MEMORY CONFIGURATION

         name            origin    length      used     unused   attr    fill
----------------------  --------  ---------  --------  --------  ----  --------
  MAIN                  00000000   00040000  00000f33  0003f0cd  R  X
  INFO                  00200000   00004000  00000000  00004000  R  X
  SRAM_CODE             01000000   00010000  00004608  0000b9f8  RW X
  SRAM_DATA             20000000   00010000  00004608  0000b9f8  RW  


SEGMENT ALLOCATION MAP

run origin  load origin   length   init length attrs members
----------  ----------- ---------- ----------- ----- -------
00000000    00000000    00000f38   00000f38    r-x
  00000000    00000000    000000e4   000000e4    r-- .intvecs
  000000e4    000000e4    00000d34   00000d34    r-x .text
  00000e18    00000e18    000000d7   000000d7    r-- .const
  00000ef0    00000ef0    00000004   00000004    r-- .init_array
  00000ef8    00000ef8    00000040   00000040    r-- .cinit
20000000    20000000    00004408   00000000    rw-
  20000000    20000000    00003fe0   00000000    rw- .bss
  20003fe0    20003fe0    00000400   00000000    rw- .sysmem
  200043e0    200043e0    00000028   00000000    rw- .data
2000fe00    2000fe00    00000200   00000000    rw-
  2000fe00    2000fe00    00000200   00000000    rw- .stack


SECTION ALLOCATION MAP

 output                                  attributes/
section   page    origin      length       input sections
--------  ----  ----------  ----------   ----------------
.intvecs   0    00000000    000000e4     
                  00000000    000000e4     startup_msp432p401r_ccs.obj (.intvecs:retain)

.binit     0    00000000    00000000     

.text      0    000000e4    00000d34     
                  000000e4    0000032c     system_msp432p401r.obj (.text)
                  00000410    00000262     Scheduler.obj (.text)
                  00000672    00000002     rtsv7M4_T_le_v4SPD16_eabi.lib : stdlib_typeinfo.cpp.obj (.text:_ZNSt9type_infoD1Ev)
                  00000674    00000178     main.obj (.text)
                  000007ec    000000d8     rtsv7M4_T_le_v4SPD16_eabi.lib : memory.c.obj (.text:free)
                  000008c4    0000009c     Mailbox.obj (.text)
                  00000960    0000009c     rtsv7M4_T_le_v4SPD16_eabi.lib : memcpy_t2.asm.obj (.text)
                  000009fc    0000007a                                   : memset_t2.asm.obj (.text)
                  00000a76    00000002                                   : _lock.c.obj (.text:_nop)
                  00000a78    00000078                                   : memory.c.obj (.text:malloc)
                  00000af0    00000070     Task.obj (.text)
                  00000b60    00000068     LED.obj (.text)
                  00000bc8    00000068     rtsv7M4_T_le_v4SPD16_eabi.lib : copy_decompress_lzss.c.obj (.text:decompress:lzss:__TI_decompress_lzss)
                  00000c30    00000060                                   : autoinit.c.obj (.text:__TI_auto_init_nobinit:__TI_auto_init_nobinit)
                  00000c90    0000003c                                   : memory.c.obj (.text:minsert)
                  00000ccc    00000038                                   : boot_cortex_m.c.obj (.text:_c_int00_noargs:_c_int00_noargs)
                  00000d04    00000038                                   : memory.c.obj (.text:minit)
                  00000d3c    00000028                                   : memory.c.obj (.text:mremove)
                  00000d64    00000022                                   : new.cpp.obj (.text:_Znwj)
                  00000d86    0000000e                                   : typeinfo.c.obj (.text:_ZN10__cxxabiv117__class_type_infoD0Ev)
                  00000d94    0000000e                                   : typeinfo.c.obj (.text:_ZN10__cxxabiv120__si_class_type_infoD0Ev)
                  00000da2    0000000e                                   : copy_decompress_none.c.obj (.text:decompress:none:__TI_decompress_none)
                  00000db0    0000000e     startup_msp432p401r_ccs.obj (.text)
                  00000dbe    0000000c     Task.obj (.text:_ZN4Task3runEv)
                  00000dca    0000000c     Task.obj (.text:_ZN4Task5setupEv)
                  00000dd6    0000000c     Mailbox.obj (.text:_ZN7MailboxC1Ev)
                  00000de2    00000002     --HOLE-- [fill = 0]
                  00000de4    0000000c     rtsv7M4_T_le_v4SPD16_eabi.lib : new.cpp.obj (.text:_ZSt15get_new_handlerv)
                  00000df0    0000000c                                   : copy_zero_init.c.obj (.text:decompress:ZI:__TI_zero_init)
                  00000dfc    00000008                                   : new.cpp.obj (.text:_ZdlPv)
                  00000e04    00000004                                   : typeinfo.c.obj (.text:_ZN10__cxxabiv117__class_type_infoD1Ev)
                  00000e08    00000004                                   : typeinfo.c.obj (.text:_ZN10__cxxabiv120__si_class_type_infoD1Ev)
                  00000e0c    00000004                                   : new.cpp.obj (.text:_ZdlPvj)
                  00000e10    00000004                                   : pre_init.c.obj (.text:_system_pre_init)
                  00000e14    00000004                                   : exit.c.obj (.text:abort:abort)

.const     0    00000e18    000000d7     
                  00000e18    00000025     rtsv7M4_T_le_v4SPD16_eabi.lib : typeinfo.c.obj (.const:.typeinfo:_ZTSN10__cxxabiv120__si_class_type_infoE)
                  00000e3d    00000022                                   : typeinfo.c.obj (.const:.typeinfo:_ZTSN10__cxxabiv117__class_type_infoE)
                  00000e5f    00000001     --HOLE-- [fill = 0]
                  00000e60    00000010     LED.obj (.const:_ZTV3LED)
                  00000e70    00000010     Task.obj (.const:_ZTV4Task)
                  00000e80    00000010     rtsv7M4_T_le_v4SPD16_eabi.lib : typeinfo.c.obj (.const:_ZTVN10__cxxabiv117__class_type_infoE)
                  00000e90    00000010                                   : typeinfo.c.obj (.const:_ZTVN10__cxxabiv120__si_class_type_infoE)
                  00000ea0    0000000d                                   : stdlib_typeinfo.cpp.obj (.const:.typeinfo:_ZTSSt9type_info)
                  00000ead    00000003     --HOLE-- [fill = 0]
                  00000eb0    0000000c     LED.obj (.const:.typeinfo:_ZTI3LED)
                  00000ebc    0000000c     rtsv7M4_T_le_v4SPD16_eabi.lib : typeinfo.c.obj (.const:.typeinfo:_ZTIN10__cxxabiv117__class_type_infoE)
                  00000ec8    0000000c                                   : typeinfo.c.obj (.const:.typeinfo:_ZTIN10__cxxabiv120__si_class_type_infoE)
                  00000ed4    00000008     LED.obj (.const:.typeinfo:_ZTI4Task)
                  00000edc    00000008     rtsv7M4_T_le_v4SPD16_eabi.lib : stdlib_typeinfo.cpp.obj (.const:.typeinfo:_ZTISt9type_info)
                  00000ee4    00000006     LED.obj (.const:.typeinfo:_ZTS4Task)
                  00000eea    00000005     LED.obj (.const:.typeinfo:_ZTS3LED)

.cinit     0    00000ef8    00000040     
                  00000ef8    0000001b     (.cinit..data.load) [load image, compression = lzss]
                  00000f13    00000001     --HOLE-- [fill = 0]
                  00000f14    0000000c     (__TI_handler_table)
                  00000f20    00000008     (.cinit..bss.load) [load image, compression = zero_init]
                  00000f28    00000010     (__TI_cinit_table)

.init_array 
*          0    00000ef0    00000004     
                  00000ef0    00000004     main.obj (.init_array)

.bss       0    20000000    00003fe0     UNINITIALIZED
                  20000000    00003fd8     main.obj (.bss:g_MainScheduler)
                  20003fd8    00000004     main.obj (.bss)
                  20003fdc    00000004     rtsv7M4_T_le_v4SPD16_eabi.lib : new.cpp.obj (.bss)

.sysmem    0    20003fe0    00000400     UNINITIALIZED
                  20003fe0    00000008     rtsv7M4_T_le_v4SPD16_eabi.lib : memory.c.obj (.sysmem)
                  20003fe8    000003f8     --HOLE--

.data      0    200043e0    00000028     UNINITIALIZED
                  200043e0    0000000c     rtsv7M4_T_le_v4SPD16_eabi.lib : memory.c.obj (.data:$O1$$)
                  200043ec    00000004     Mailbox.obj (.data)
                  200043f0    00000009     main.obj (.data)
                  200043f9    00000003     --HOLE--
                  200043fc    00000008     rtsv7M4_T_le_v4SPD16_eabi.lib : _lock.c.obj (.data:$O1$$)
                  20004404    00000004     system_msp432p401r.obj (.data)

.stack     0    2000fe00    00000200     UNINITIALIZED
                  2000fe00    00000004     rtsv7M4_T_le_v4SPD16_eabi.lib : boot_cortex_m.c.obj (.stack)
                  2000fe04    000001fc     --HOLE--

MODULE SUMMARY

       Module                        code   ro data   rw data
       ------                        ----   -------   -------
    ./
       main.obj                      376    4         32714  
       system_msp432p401r.obj        812    0         8      
       Scheduler.obj                 610    0         0      
       startup_msp432p401r_ccs.obj   14     228       0      
       Mailbox.obj                   168    0         8      
       Task.obj                      136    16        0      
       LED.obj                       104    47        0      
    +--+-----------------------------+------+---------+---------+
       Total:                        2220   295       32730  
                                                             
    /home/sama/ti/ccsv7/tools/compiler/ti-cgt-arm_18.1.1.LTS/lib/rtsv7M4_T_le_v4SPD16_eabi.lib
       memory.c.obj                  492    0         24     
       typeinfo.c.obj                36     127       0      
       memcpy_t2.asm.obj             156    0         0      
       memset_t2.asm.obj             122    0         0      
       copy_decompress_lzss.c.obj    104    0         0      
       autoinit.c.obj                96     0         0      
       new.cpp.obj                   58     0         8      
       boot_cortex_m.c.obj           56     0         0      
       stdlib_typeinfo.cpp.obj       2      21        0      
       _lock.c.obj                   2      0         16     
       copy_decompress_none.c.obj    14     0         0      
       copy_zero_init.c.obj          12     0         0      
       exit.c.obj                    4      0         0      
       pre_init.c.obj                4      0         0      
    +--+-----------------------------+------+---------+---------+
       Total:                        1158   148       48     
                                                             
       Heap:                         0      0         2048   
       Stack:                        0      0         1024   
       Linker Generated:             0      63        0      
    +--+-----------------------------+------+---------+---------+
       Grand Total:                  3378   506       35850  


LINKER GENERATED COPY TABLES

__TI_cinit_table @ 00000f28 records: 2, size/record: 8, table size: 16
	.data: load addr=00000ef8, load size=0000001b bytes, run addr=200043e0, run size=00000028 bytes, compression=lzss
	.bss: load addr=00000f20, load size=00000008 bytes, run addr=20000000, run size=00003fe0 bytes, compression=zero_init


LINKER GENERATED HANDLER TABLE

__TI_handler_table @ 00000f14 records: 3, size/record: 4, table size: 12
	index: 0, handler: __TI_decompress_lzss
	index: 1, handler: __TI_decompress_none
	index: 2, handler: __TI_zero_init


GLOBAL SYMBOLS: SORTED ALPHABETICALLY BY Name 

address   name                                             
-------   ----                                             
00000dbd  ADC14_IRQHandler                                 
00000dbd  AES256_IRQHandler                                
00000dbd  BusFault_Handler                                 
00000e15  C$$EXIT                                          
00000dbd  COMP_E0_IRQHandler                               
00000dbd  COMP_E1_IRQHandler                               
00000dbd  CS_IRQHandler                                    
00000dbd  DMA_ERR_IRQHandler                               
00000dbd  DMA_INT0_IRQHandler                              
00000dbd  DMA_INT1_IRQHandler                              
00000dbd  DMA_INT2_IRQHandler                              
00000dbd  DMA_INT3_IRQHandler                              
00000dbd  DebugMon_Handler                                 
00000dbd  Default_Handler                                  
00000dbd  EUSCIA0_IRQHandler                               
00000dbd  EUSCIA1_IRQHandler                               
00000dbd  EUSCIA2_IRQHandler                               
00000dbd  EUSCIA3_IRQHandler                               
00000dbd  EUSCIB0_IRQHandler                               
00000dbd  EUSCIB1_IRQHandler                               
00000dbd  EUSCIB2_IRQHandler                               
00000dbd  EUSCIB3_IRQHandler                               
00000dbd  FLCTL_IRQHandler                                 
00000dbd  FPU_IRQHandler                                   
00000dbd  HardFault_Handler                                
00000dbd  MemManage_Handler                                
00000dbd  NMI_Handler                                      
00000dbd  PCM_IRQHandler                                   
00000dbd  PORT1_IRQHandler                                 
00000dbd  PORT2_IRQHandler                                 
00000dbd  PORT3_IRQHandler                                 
00000dbd  PORT4_IRQHandler                                 
00000dbd  PORT5_IRQHandler                                 
00000dbd  PORT6_IRQHandler                                 
00000dbd  PSS_IRQHandler                                   
00000dbd  PendSV_Handler                                   
00000dbd  RTC_C_IRQHandler                                 
00000db1  Reset_Handler                                    
00000ef0  SHT$$INIT_ARRAY$$Base                            
00000ef4  SHT$$INIT_ARRAY$$Limit                           
00000dbd  SVC_Handler                                      
00000dbd  SysTick_Handler                                  
20004404  SystemCoreClock                                  
000000e5  SystemCoreClockUpdate                            
00000359  SystemInit                                       
00000783  T32_INT1_IRQHandler                              
00000783  T32_INT1_IRQHandler                              
00000dbd  T32_INT2_IRQHandler                              
00000dbd  T32_INTC_IRQHandler                              
00000dbd  TA0_0_IRQHandler                                 
00000dbd  TA0_N_IRQHandler                                 
00000dbd  TA1_0_IRQHandler                                 
00000dbd  TA1_N_IRQHandler                                 
00000dbd  TA2_0_IRQHandler                                 
00000dbd  TA2_N_IRQHandler                                 
00000dbd  TA3_0_IRQHandler                                 
00000dbd  TA3_N_IRQHandler                                 
00000dbd  UsageFault_Handler                               
4000480c  WDTCTL_SYM                                       
00000dbd  WDT_A_IRQHandler                                 
0000074f  _Z5Setupv                                        
00000d87  _ZN10__cxxabiv117__class_type_infoD0Ev           
00000e05  _ZN10__cxxabiv117__class_type_infoD1Ev           
00000e05  _ZN10__cxxabiv117__class_type_infoD2Ev           
00000d95  _ZN10__cxxabiv120__si_class_type_infoD0Ev        
00000e09  _ZN10__cxxabiv120__si_class_type_infoD1Ev        
00000e09  _ZN10__cxxabiv120__si_class_type_infoD2Ev        
00000b81  _ZN3LED3runEv                                    
00000b99  _ZN3LED5setupEv                                  
00000b61  _ZN3LEDC1Et                                      
00000b61  _ZN3LEDC2Et                                      
00000b1d  _ZN4Task10getMessageEh                           
00000b33  _ZN4Task11sendMessageE10st_Message               
200043f8  _ZN4Task14m_u8NextTaskIDE                        
00000dbf  _ZN4Task3runEv                                   
00000dcb  _ZN4Task5setupEv                                 
00000af1  _ZN4TaskC1Ev                                     
00000af1  _ZN4TaskC2Ev                                     
000008c5  _ZN7Mailbox10getMailboxEv                        
00000931  _ZN7Mailbox10getMessageEh                        
000008f1  _ZN7Mailbox11sendMessageE10st_Message            
200043ec  _ZN7Mailbox7MailObjE                             
00000dd7  _ZN7MailboxC1Ev                                  
00000659  _ZN9Scheduler21CalculateNextScheduleEv           
00000665  _ZN9Scheduler22SortScheduleByPriorityEP4Task     
000004ed  _ZN9Scheduler3runEv                              
0000060d  _ZN9Scheduler5setupEv                            
00000453  _ZN9Scheduler6attachEP4Task8TaskType10TaskActivey
00000411  _ZN9SchedulerC1Ev                                
00000411  _ZN9SchedulerC2Ev                                
00000673  _ZNSt9type_infoD1Ev                              
00000673  _ZNSt9type_infoD2Ev                              
00000de5  _ZSt15get_new_handlerv                           
00000e15  _ZSt17__throw_bad_allocv                         
00000eb0  _ZTI3LED                                         
00000ed4  _ZTI4Task                                        
00000ebc  _ZTIN10__cxxabiv117__class_type_infoE            
00000ec8  _ZTIN10__cxxabiv120__si_class_type_infoE         
00000edc  _ZTISt9type_info                                 
00000eea  _ZTS3LED                                         
00000ee4  _ZTS4Task                                        
00000e3d  _ZTSN10__cxxabiv117__class_type_infoE            
00000e18  _ZTSN10__cxxabiv120__si_class_type_infoE         
00000ea0  _ZTSSt9type_info                                 
00000e60  _ZTV3LED                                         
00000e70  _ZTV4Task                                        
00000e80  _ZTVN10__cxxabiv117__class_type_infoE            
00000e90  _ZTVN10__cxxabiv120__si_class_type_infoE         
00000dfd  _ZdlPv                                           
00000e0d  _ZdlPvj                                          
00000d65  _Znwj                                            
20010000  __STACK_END                                      
00000200  __STACK_SIZE                                     
00000400  __SYSMEM_SIZE                                    
00000f28  __TI_CINIT_Base                                  
00000f38  __TI_CINIT_Limit                                 
00000f14  __TI_Handler_Table_Base                          
00000f20  __TI_Handler_Table_Limit                         
00000c31  __TI_auto_init_nobinit                           
00000bc9  __TI_decompress_lzss                             
00000da3  __TI_decompress_none                             
ffffffff  __TI_pprof_out_hndl                              
ffffffff  __TI_prof_data_size                              
ffffffff  __TI_prof_data_start                             
00000000  __TI_static_base__                               
00000df1  __TI_zero_init                                   
000009fd  __aeabi_memclr                                   
000009fd  __aeabi_memclr4                                  
000009fd  __aeabi_memclr8                                  
00000961  __aeabi_memcpy                                   
00000961  __aeabi_memcpy4                                  
00000961  __aeabi_memcpy8                                  
000009ff  __aeabi_memset                                   
000009ff  __aeabi_memset4                                  
000009ff  __aeabi_memset8                                  
ffffffff  __binit__                                        
ffffffff  __c_args__                                       
UNDEFED   __mpu_init                                       
2000fe00  __stack                                          
000007ab  __sti___8_main_cpp_937618a8                      
00000ccd  _c_int00_noargs                                  
200043fc  _lock                                            
00000a77  _nop                                             
20003fe0  _sys_memory                                      
UNDEFED   _system_post_cinit                               
00000e11  _system_pre_init                                 
20004400  _unlock                                          
00000e15  abort                                            
ffffffff  binit                                            
000007ed  free                                             
20003fd8  g_Mailbox                                        
20000000  g_MainScheduler                                  
00000000  interruptVectors                                 
000006df  main                                             
00000a79  malloc                                           
00000961  memcpy                                           
00000a05  memset                                           
00000d05  minit                                            


GLOBAL SYMBOLS: SORTED BY Symbol Address 

address   name                                             
-------   ----                                             
00000000  __TI_static_base__                               
00000000  interruptVectors                                 
000000e5  SystemCoreClockUpdate                            
00000200  __STACK_SIZE                                     
00000359  SystemInit                                       
00000400  __SYSMEM_SIZE                                    
00000411  _ZN9SchedulerC1Ev                                
00000411  _ZN9SchedulerC2Ev                                
00000453  _ZN9Scheduler6attachEP4Task8TaskType10TaskActivey
000004ed  _ZN9Scheduler3runEv                              
0000060d  _ZN9Scheduler5setupEv                            
00000659  _ZN9Scheduler21CalculateNextScheduleEv           
00000665  _ZN9Scheduler22SortScheduleByPriorityEP4Task     
00000673  _ZNSt9type_infoD1Ev                              
00000673  _ZNSt9type_infoD2Ev                              
000006df  main                                             
0000074f  _Z5Setupv                                        
00000783  T32_INT1_IRQHandler                              
00000783  T32_INT1_IRQHandler                              
000007ab  __sti___8_main_cpp_937618a8                      
000007ed  free                                             
000008c5  _ZN7Mailbox10getMailboxEv                        
000008f1  _ZN7Mailbox11sendMessageE10st_Message            
00000931  _ZN7Mailbox10getMessageEh                        
00000961  __aeabi_memcpy                                   
00000961  __aeabi_memcpy4                                  
00000961  __aeabi_memcpy8                                  
00000961  memcpy                                           
000009fd  __aeabi_memclr                                   
000009fd  __aeabi_memclr4                                  
000009fd  __aeabi_memclr8                                  
000009ff  __aeabi_memset                                   
000009ff  __aeabi_memset4                                  
000009ff  __aeabi_memset8                                  
00000a05  memset                                           
00000a77  _nop                                             
00000a79  malloc                                           
00000af1  _ZN4TaskC1Ev                                     
00000af1  _ZN4TaskC2Ev                                     
00000b1d  _ZN4Task10getMessageEh                           
00000b33  _ZN4Task11sendMessageE10st_Message               
00000b61  _ZN3LEDC1Et                                      
00000b61  _ZN3LEDC2Et                                      
00000b81  _ZN3LED3runEv                                    
00000b99  _ZN3LED5setupEv                                  
00000bc9  __TI_decompress_lzss                             
00000c31  __TI_auto_init_nobinit                           
00000ccd  _c_int00_noargs                                  
00000d05  minit                                            
00000d65  _Znwj                                            
00000d87  _ZN10__cxxabiv117__class_type_infoD0Ev           
00000d95  _ZN10__cxxabiv120__si_class_type_infoD0Ev        
00000da3  __TI_decompress_none                             
00000db1  Reset_Handler                                    
00000dbd  ADC14_IRQHandler                                 
00000dbd  AES256_IRQHandler                                
00000dbd  BusFault_Handler                                 
00000dbd  COMP_E0_IRQHandler                               
00000dbd  COMP_E1_IRQHandler                               
00000dbd  CS_IRQHandler                                    
00000dbd  DMA_ERR_IRQHandler                               
00000dbd  DMA_INT0_IRQHandler                              
00000dbd  DMA_INT1_IRQHandler                              
00000dbd  DMA_INT2_IRQHandler                              
00000dbd  DMA_INT3_IRQHandler                              
00000dbd  DebugMon_Handler                                 
00000dbd  Default_Handler                                  
00000dbd  EUSCIA0_IRQHandler                               
00000dbd  EUSCIA1_IRQHandler                               
00000dbd  EUSCIA2_IRQHandler                               
00000dbd  EUSCIA3_IRQHandler                               
00000dbd  EUSCIB0_IRQHandler                               
00000dbd  EUSCIB1_IRQHandler                               
00000dbd  EUSCIB2_IRQHandler                               
00000dbd  EUSCIB3_IRQHandler                               
00000dbd  FLCTL_IRQHandler                                 
00000dbd  FPU_IRQHandler                                   
00000dbd  HardFault_Handler                                
00000dbd  MemManage_Handler                                
00000dbd  NMI_Handler                                      
00000dbd  PCM_IRQHandler                                   
00000dbd  PORT1_IRQHandler                                 
00000dbd  PORT2_IRQHandler                                 
00000dbd  PORT3_IRQHandler                                 
00000dbd  PORT4_IRQHandler                                 
00000dbd  PORT5_IRQHandler                                 
00000dbd  PORT6_IRQHandler                                 
00000dbd  PSS_IRQHandler                                   
00000dbd  PendSV_Handler                                   
00000dbd  RTC_C_IRQHandler                                 
00000dbd  SVC_Handler                                      
00000dbd  SysTick_Handler                                  
00000dbd  T32_INT2_IRQHandler                              
00000dbd  T32_INTC_IRQHandler                              
00000dbd  TA0_0_IRQHandler                                 
00000dbd  TA0_N_IRQHandler                                 
00000dbd  TA1_0_IRQHandler                                 
00000dbd  TA1_N_IRQHandler                                 
00000dbd  TA2_0_IRQHandler                                 
00000dbd  TA2_N_IRQHandler                                 
00000dbd  TA3_0_IRQHandler                                 
00000dbd  TA3_N_IRQHandler                                 
00000dbd  UsageFault_Handler                               
00000dbd  WDT_A_IRQHandler                                 
00000dbf  _ZN4Task3runEv                                   
00000dcb  _ZN4Task5setupEv                                 
00000dd7  _ZN7MailboxC1Ev                                  
00000de5  _ZSt15get_new_handlerv                           
00000df1  __TI_zero_init                                   
00000dfd  _ZdlPv                                           
00000e05  _ZN10__cxxabiv117__class_type_infoD1Ev           
00000e05  _ZN10__cxxabiv117__class_type_infoD2Ev           
00000e09  _ZN10__cxxabiv120__si_class_type_infoD1Ev        
00000e09  _ZN10__cxxabiv120__si_class_type_infoD2Ev        
00000e0d  _ZdlPvj                                          
00000e11  _system_pre_init                                 
00000e15  C$$EXIT                                          
00000e15  _ZSt17__throw_bad_allocv                         
00000e15  abort                                            
00000e18  _ZTSN10__cxxabiv120__si_class_type_infoE         
00000e3d  _ZTSN10__cxxabiv117__class_type_infoE            
00000e60  _ZTV3LED                                         
00000e70  _ZTV4Task                                        
00000e80  _ZTVN10__cxxabiv117__class_type_infoE            
00000e90  _ZTVN10__cxxabiv120__si_class_type_infoE         
00000ea0  _ZTSSt9type_info                                 
00000eb0  _ZTI3LED                                         
00000ebc  _ZTIN10__cxxabiv117__class_type_infoE            
00000ec8  _ZTIN10__cxxabiv120__si_class_type_infoE         
00000ed4  _ZTI4Task                                        
00000edc  _ZTISt9type_info                                 
00000ee4  _ZTS4Task                                        
00000eea  _ZTS3LED                                         
00000ef0  SHT$$INIT_ARRAY$$Base                            
00000ef4  SHT$$INIT_ARRAY$$Limit                           
00000f14  __TI_Handler_Table_Base                          
00000f20  __TI_Handler_Table_Limit                         
00000f28  __TI_CINIT_Base                                  
00000f38  __TI_CINIT_Limit                                 
20000000  g_MainScheduler                                  
20003fd8  g_Mailbox                                        
20003fe0  _sys_memory                                      
200043ec  _ZN7Mailbox7MailObjE                             
200043f8  _ZN4Task14m_u8NextTaskIDE                        
200043fc  _lock                                            
20004400  _unlock                                          
20004404  SystemCoreClock                                  
2000fe00  __stack                                          
20010000  __STACK_END                                      
4000480c  WDTCTL_SYM                                       
ffffffff  __TI_pprof_out_hndl                              
ffffffff  __TI_prof_data_size                              
ffffffff  __TI_prof_data_start                             
ffffffff  __binit__                                        
ffffffff  __c_args__                                       
ffffffff  binit                                            
UNDEFED   __mpu_init                                       
UNDEFED   _system_post_cinit                               

[158 symbols]
