******************************************************************************
                  TI ARM Linker Unix v18.1.1                   
******************************************************************************
>> Linked Sat May 19 15:24:05 2018

OUTPUT FILE NAME:   <labo2.out>
ENTRY POINT SYMBOL: "_c_int00_noargs"  address: 00001815


MEMORY CONFIGURATION

         name            origin    length      used     unused   attr    fill
----------------------  --------  ---------  --------  --------  ----  --------
  MAIN                  00000000   00040000  00001bd7  0003e429  R  X
  INFO                  00200000   00004000  00000000  00004000  R  X
  SRAM_CODE             01000000   00010000  00004634  0000b9cc  RW X
  SRAM_DATA             20000000   00010000  00004634  0000b9cc  RW  


SEGMENT ALLOCATION MAP

run origin  load origin   length   init length attrs members
----------  ----------- ---------- ----------- ----- -------
00000000    00000000    00001bd8   00001bd8    r-x
  00000000    00000000    000000e4   000000e4    r-- .intvecs
  000000e4    000000e4    000018e4   000018e4    r-x .text
  000019c8    000019c8    000001cb   000001cb    r-- .const
  00001b94    00001b94    00000004   00000004    r-- .init_array
  00001b98    00001b98    00000040   00000040    r-- .cinit
20000000    20000000    00004438   00000000    rw-
  20000000    20000000    0000400c   00000000    rw- .bss
  20004010    20004010    00000400   00000000    rw- .sysmem
  20004410    20004410    00000028   00000000    rw- .data
2000fe00    2000fe00    00000200   00000000    rw-
  2000fe00    2000fe00    00000200   00000000    rw- .stack


SECTION ALLOCATION MAP

 output                                  attributes/
section   page    origin      length       input sections
--------  ----  ----------  ----------   ----------------
.intvecs   0    00000000    000000e4     
                  00000000    000000e4     startup_msp432p401r_ccs.obj (.intvecs:retain)

.binit     0    00000000    00000000     

.text      0    000000e4    000018e4     
                  000000e4    0000032c     system_msp432p401r.obj (.text)
                  00000410    000002ec     rtsv7M4_T_le_v4SPD16_eabi.lib : s_atan.c.obj (.text:atan)
                  000006fc    0000027a     Scheduler.obj (.text)
                  00000976    00000002     rtsv7M4_T_le_v4SPD16_eabi.lib : stdlib_typeinfo.cpp.obj (.text:_ZNSt9type_infoD1Ev)
                  00000978    000001fc     main.obj (.text)
                  00000b74    000001b6     rtsv7M4_T_le_v4SPD16_eabi.lib : fd_add_t2.asm.obj (.text)
                  00000d2a    00000002                                   : _lock.c.obj (.text:_nop)
                  00000d2c    00000174     ADC_en.obj (.text)
                  00000ea0    00000136     rtsv7M4_T_le_v4SPD16_eabi.lib : fd_div_t2.asm.obj (.text)
                  00000fd6    000000fc                                   : fd_mul_t2.asm.obj (.text)
                  000010d2    00000002     --HOLE-- [fill = 0]
                  000010d4    000000d8                                   : memory.c.obj (.text:free)
                  000011ac    000000bc     AngleCalc.obj (.text)
                  00001268    000000a8     Mailbox.obj (.text)
                  00001310    0000009c     rtsv7M4_T_le_v4SPD16_eabi.lib : memcpy_t2.asm.obj (.text)
                  000013ac    00000086                                   : fd_cmp_t2.asm.obj (.text:__aeabi_cdrcmple)
                  00001432    00000002     --HOLE-- [fill = 0]
                  00001434    00000084     Task.obj (.text)
                  000014b8    0000007a     rtsv7M4_T_le_v4SPD16_eabi.lib : memset_t2.asm.obj (.text)
                  00001532    00000002     --HOLE-- [fill = 0]
                  00001534    00000078                                   : memory.c.obj (.text:malloc)
                  000015ac    00000076                                   : vec_newdel.c.obj (.text:_ZN34_INTERNAL_12_vec_newdel_c_8a08d4a517array_new_generalEPvijjS0_PFYS0_S0_ES2_PFYS0_jEPFYvS0_Eii)
                  00001622    00000002     --HOLE-- [fill = 0]
                  00001624    00000068     LED.obj (.text)
                  0000168c    00000068     rtsv7M4_T_le_v4SPD16_eabi.lib : copy_decompress_lzss.c.obj (.text:decompress:lzss:__TI_decompress_lzss)
                  000016f4    00000060                                   : autoinit.c.obj (.text:__TI_auto_init_nobinit:__TI_auto_init_nobinit)
                  00001754    00000048                                   : fd_toi_t2.asm.obj (.text)
                  0000179c    0000003c     Mailbox.obj (.text:_ZN10st_MessageC1Ev)
                  000017d8    0000003c     rtsv7M4_T_le_v4SPD16_eabi.lib : memory.c.obj (.text:minsert)
                  00001814    00000038                                   : boot_cortex_m.c.obj (.text:_c_int00_noargs:_c_int00_noargs)
                  0000184c    00000038                                   : memory.c.obj (.text:minit)
                  00001884    0000002e                                   : i_tofd_t2.asm.obj (.text)
                  000018b2    00000002     --HOLE-- [fill = 0]
                  000018b4    00000028                                   : memory.c.obj (.text:mremove)
                  000018dc    00000024                                   : vec_newdel.c.obj (.text:__cxa_vec_ctor)
                  00001900    00000022                                   : new.cpp.obj (.text:_Znwj)
                  00001922    00000002     --HOLE-- [fill = 0]
                  00001924    0000001c     Mailbox.obj (.text:_ZN7MailboxC1Ev)
                  00001940    0000000e     rtsv7M4_T_le_v4SPD16_eabi.lib : typeinfo.c.obj (.text:_ZN10__cxxabiv117__class_type_infoD0Ev)
                  0000194e    0000000e                                   : typeinfo.c.obj (.text:_ZN10__cxxabiv120__si_class_type_infoD0Ev)
                  0000195c    0000000e                                   : copy_decompress_none.c.obj (.text:decompress:none:__TI_decompress_none)
                  0000196a    0000000e     startup_msp432p401r_ccs.obj (.text)
                  00001978    0000000c     Task.obj (.text:_ZN4Task3runEv)
                  00001984    0000000c     Task.obj (.text:_ZN4Task5setupEv)
                  00001990    0000000c     rtsv7M4_T_le_v4SPD16_eabi.lib : new.cpp.obj (.text:_ZSt15get_new_handlerv)
                  0000199c    0000000c                                   : copy_zero_init.c.obj (.text:decompress:ZI:__TI_zero_init)
                  000019a8    00000008                                   : new.cpp.obj (.text:_ZdlPv)
                  000019b0    00000004                                   : typeinfo.c.obj (.text:_ZN10__cxxabiv117__class_type_infoD1Ev)
                  000019b4    00000004                                   : typeinfo.c.obj (.text:_ZN10__cxxabiv120__si_class_type_infoD1Ev)
                  000019b8    00000004                                   : new.cpp.obj (.text:_ZdlPvj)
                  000019bc    00000004                                   : new.cpp.obj (.text:_Znaj)
                  000019c0    00000004                                   : pre_init.c.obj (.text:_system_pre_init)
                  000019c4    00000004                                   : exit.c.obj (.text:abort:abort)

.const     0    000019c8    000001cb     
                  000019c8    00000098     rtsv7M4_T_le_v4SPD16_eabi.lib : s_atan.c.obj (.const:$O1$$)
                  00001a60    00000025                                   : typeinfo.c.obj (.const:.typeinfo:_ZTSN10__cxxabiv120__si_class_type_infoE)
                  00001a85    00000022                                   : typeinfo.c.obj (.const:.typeinfo:_ZTSN10__cxxabiv117__class_type_infoE)
                  00001aa7    00000001     --HOLE-- [fill = 0]
                  00001aa8    00000010     Mailbox.obj (.const:$P$T42$1)
                  00001ab8    00000010     LED.obj (.const:_ZTV3LED)
                  00001ac8    00000010     Task.obj (.const:_ZTV4Task)
                  00001ad8    00000010     ADC_en.obj (.const:_ZTV6ADC_en)
                  00001ae8    00000010     AngleCalc.obj (.const:_ZTV9AngleCalc)
                  00001af8    00000010     rtsv7M4_T_le_v4SPD16_eabi.lib : typeinfo.c.obj (.const:_ZTVN10__cxxabiv117__class_type_infoE)
                  00001b08    00000010                                   : typeinfo.c.obj (.const:_ZTVN10__cxxabiv120__si_class_type_infoE)
                  00001b18    0000000d                                   : stdlib_typeinfo.cpp.obj (.const:.typeinfo:_ZTSSt9type_info)
                  00001b25    00000003     --HOLE-- [fill = 0]
                  00001b28    0000000c     LED.obj (.const:.typeinfo:_ZTI3LED)
                  00001b34    0000000c     ADC_en.obj (.const:.typeinfo:_ZTI6ADC_en)
                  00001b40    0000000c     AngleCalc.obj (.const:.typeinfo:_ZTI9AngleCalc)
                  00001b4c    0000000c     rtsv7M4_T_le_v4SPD16_eabi.lib : typeinfo.c.obj (.const:.typeinfo:_ZTIN10__cxxabiv117__class_type_infoE)
                  00001b58    0000000c                                   : typeinfo.c.obj (.const:.typeinfo:_ZTIN10__cxxabiv120__si_class_type_infoE)
                  00001b64    0000000b     AngleCalc.obj (.const:.typeinfo:_ZTS9AngleCalc)
                  00001b6f    00000001     --HOLE-- [fill = 0]
                  00001b70    00000008     ADC_en.obj (.const:.typeinfo:_ZTI4Task)
                  00001b78    00000008     rtsv7M4_T_le_v4SPD16_eabi.lib : stdlib_typeinfo.cpp.obj (.const:.typeinfo:_ZTISt9type_info)
                  00001b80    00000008     ADC_en.obj (.const:.typeinfo:_ZTS6ADC_en)
                  00001b88    00000006     ADC_en.obj (.const:.typeinfo:_ZTS4Task)
                  00001b8e    00000005     LED.obj (.const:.typeinfo:_ZTS3LED)

.cinit     0    00001b98    00000040     
                  00001b98    0000001b     (.cinit..data.load) [load image, compression = lzss]
                  00001bb3    00000001     --HOLE-- [fill = 0]
                  00001bb4    0000000c     (__TI_handler_table)
                  00001bc0    00000008     (.cinit..bss.load) [load image, compression = zero_init]
                  00001bc8    00000010     (__TI_cinit_table)

.init_array 
*          0    00001b94    00000004     
                  00001b94    00000004     main.obj (.init_array)

.bss       0    20000000    0000400c     UNINITIALIZED
                  20000000    00003fd8     main.obj (.bss:g_MainScheduler)
                  20003fd8    0000002c     main.obj (.bss:UniqueADC)
                  20004004    00000004     main.obj (.bss)
                  20004008    00000004     rtsv7M4_T_le_v4SPD16_eabi.lib : new.cpp.obj (.bss)

.sysmem    0    20004010    00000400     UNINITIALIZED
                  20004010    00000008     rtsv7M4_T_le_v4SPD16_eabi.lib : memory.c.obj (.sysmem)
                  20004018    000003f8     --HOLE--

.data      0    20004410    00000028     UNINITIALIZED
                  20004410    0000000c     rtsv7M4_T_le_v4SPD16_eabi.lib : memory.c.obj (.data:$O1$$)
                  2000441c    00000004     Mailbox.obj (.data)
                  20004420    00000009     main.obj (.data)
                  20004429    00000003     --HOLE--
                  2000442c    00000008     rtsv7M4_T_le_v4SPD16_eabi.lib : _lock.c.obj (.data:$O1$$)
                  20004434    00000004     system_msp432p401r.obj (.data)

.stack     0    2000fe00    00000200     UNINITIALIZED
                  2000fe00    00000004     rtsv7M4_T_le_v4SPD16_eabi.lib : boot_cortex_m.c.obj (.stack)
                  2000fe04    000001fc     --HOLE--

MODULE SUMMARY

       Module                        code   ro data   rw data
       ------                        ----   -------   -------
    ./
       main.obj                      508    4         32802  
       system_msp432p401r.obj        812    0         8      
       Scheduler.obj                 634    0         0      
       ADC_en.obj                    372    50        0      
       Mailbox.obj                   256    16        8      
       startup_msp432p401r_ccs.obj   14     228       0      
       AngleCalc.obj                 188    39        0      
       Task.obj                      156    16        0      
       LED.obj                       104    33        0      
    +--+-----------------------------+------+---------+---------+
       Total:                        3044   386       32818  
                                                             
    /home/sama/ti/ccsv7/tools/compiler/ti-cgt-arm_18.1.1.LTS/lib/rtsv7M4_T_le_v4SPD16_eabi.lib
       s_atan.c.obj                  748    152       0      
       memory.c.obj                  492    0         24     
       fd_add_t2.asm.obj             438    0         0      
       fd_div_t2.asm.obj             310    0         0      
       fd_mul_t2.asm.obj             252    0         0      
       typeinfo.c.obj                36     127       0      
       memcpy_t2.asm.obj             156    0         0      
       vec_newdel.c.obj              154    0         0      
       fd_cmp_t2.asm.obj             134    0         0      
       memset_t2.asm.obj             122    0         0      
       copy_decompress_lzss.c.obj    104    0         0      
       autoinit.c.obj                96     0         0      
       fd_toi_t2.asm.obj             72     0         0      
       new.cpp.obj                   62     0         8      
       boot_cortex_m.c.obj           56     0         0      
       i_tofd_t2.asm.obj             46     0         0      
       stdlib_typeinfo.cpp.obj       2      21        0      
       _lock.c.obj                   2      0         16     
       copy_decompress_none.c.obj    14     0         0      
       copy_zero_init.c.obj          12     0         0      
       exit.c.obj                    4      0         0      
       pre_init.c.obj                4      0         0      
    +--+-----------------------------+------+---------+---------+
       Total:                        3316   300       48     
                                                             
       Heap:                         0      0         2048   
       Stack:                        0      0         1024   
       Linker Generated:             0      63        0      
    +--+-----------------------------+------+---------+---------+
       Grand Total:                  6360   749       35938  


LINKER GENERATED COPY TABLES

__TI_cinit_table @ 00001bc8 records: 2, size/record: 8, table size: 16
	.data: load addr=00001b98, load size=0000001b bytes, run addr=20004410, run size=00000028 bytes, compression=lzss
	.bss: load addr=00001bc0, load size=00000008 bytes, run addr=20000000, run size=0000400c bytes, compression=zero_init


LINKER GENERATED HANDLER TABLE

__TI_handler_table @ 00001bb4 records: 3, size/record: 4, table size: 12
	index: 0, handler: __TI_decompress_lzss
	index: 1, handler: __TI_decompress_none
	index: 2, handler: __TI_zero_init


GLOBAL SYMBOLS: SORTED ALPHABETICALLY BY Name 

address   name                                             
-------   ----                                             
00000ae7  ADC14_IRQHandler                                 
00000ae7  ADC14_IRQHandler                                 
00001977  AES256_IRQHandler                                
00001977  BusFault_Handler                                 
000019c5  C$$EXIT                                          
00001977  COMP_E0_IRQHandler                               
00001977  COMP_E1_IRQHandler                               
00001977  CS_IRQHandler                                    
00001977  DMA_ERR_IRQHandler                               
00001977  DMA_INT0_IRQHandler                              
00001977  DMA_INT1_IRQHandler                              
00001977  DMA_INT2_IRQHandler                              
00001977  DMA_INT3_IRQHandler                              
00001977  DebugMon_Handler                                 
00001977  Default_Handler                                  
00001977  EUSCIA0_IRQHandler                               
00001977  EUSCIA1_IRQHandler                               
00001977  EUSCIA2_IRQHandler                               
00001977  EUSCIA3_IRQHandler                               
00001977  EUSCIB0_IRQHandler                               
00001977  EUSCIB1_IRQHandler                               
00001977  EUSCIB2_IRQHandler                               
00001977  EUSCIB3_IRQHandler                               
00001977  FLCTL_IRQHandler                                 
00001977  FPU_IRQHandler                                   
00001977  HardFault_Handler                                
00001977  MemManage_Handler                                
00001977  NMI_Handler                                      
00001977  PCM_IRQHandler                                   
00001977  PORT1_IRQHandler                                 
00001977  PORT2_IRQHandler                                 
00001977  PORT3_IRQHandler                                 
00001977  PORT4_IRQHandler                                 
00001977  PORT5_IRQHandler                                 
00001977  PORT6_IRQHandler                                 
00001977  PSS_IRQHandler                                   
00001977  PendSV_Handler                                   
00001977  RTC_C_IRQHandler                                 
0000196b  Reset_Handler                                    
00001b94  SHT$$INIT_ARRAY$$Base                            
00001b98  SHT$$INIT_ARRAY$$Limit                           
00001977  SVC_Handler                                      
00001977  SysTick_Handler                                  
20004434  SystemCoreClock                                  
000000e5  SystemCoreClockUpdate                            
00000359  SystemInit                                       
00000abf  T32_INT1_IRQHandler                              
00000abf  T32_INT1_IRQHandler                              
00001977  T32_INT2_IRQHandler                              
00001977  T32_INTC_IRQHandler                              
00001977  TA0_0_IRQHandler                                 
00001977  TA0_N_IRQHandler                                 
00001977  TA1_0_IRQHandler                                 
00001977  TA1_N_IRQHandler                                 
00001977  TA2_0_IRQHandler                                 
00001977  TA2_N_IRQHandler                                 
00001977  TA3_0_IRQHandler                                 
00001977  TA3_N_IRQHandler                                 
20003fd8  UniqueADC                                        
00001977  UsageFault_Handler                               
4000480c  WDTCTL_SYM                                       
00001977  WDT_A_IRQHandler                                 
00000a8b  _Z5Setupv                                        
00001941  _ZN10__cxxabiv117__class_type_infoD0Ev           
000019b1  _ZN10__cxxabiv117__class_type_infoD1Ev           
000019b1  _ZN10__cxxabiv117__class_type_infoD2Ev           
0000194f  _ZN10__cxxabiv120__si_class_type_infoD0Ev        
000019b5  _ZN10__cxxabiv120__si_class_type_infoD1Ev        
000019b5  _ZN10__cxxabiv120__si_class_type_infoD2Ev        
0000179d  _ZN10st_MessageC1Ev                              
00001645  _ZN3LED3runEv                                    
0000165d  _ZN3LED5setupEv                                  
00001625  _ZN3LEDC1Et                                      
00001625  _ZN3LEDC2Et                                      
00001471  _ZN4Task10getMessageEh                           
00001487  _ZN4Task11sendMessageE10st_Message               
20004428  _ZN4Task14m_u8NextTaskIDE                        
00001979  _ZN4Task3runEv                                   
00001985  _ZN4Task5setupEv                                 
00001435  _ZN4TaskC1Ev                                     
00001435  _ZN4TaskC2Ev                                     
00000dc3  _ZN6ADC_en3runEv                                 
00000e2d  _ZN6ADC_en5setupEv                               
00000d97  _ZN6ADC_enC1Ev                                   
00000d97  _ZN6ADC_enC2Ev                                   
00001269  _ZN7Mailbox10getMailboxEv                        
000012cd  _ZN7Mailbox10getMessageEh                        
00001295  _ZN7Mailbox11sendMessageE10st_Message            
2000441c  _ZN7Mailbox7MailObjE                             
00001925  _ZN7MailboxC1Ev                                  
000011c7  _ZN9AngleCalc3runEv                              
0000124f  _ZN9AngleCalc5setupEv                            
000011ad  _ZN9AngleCalcC1Ev                                
000011ad  _ZN9AngleCalcC2Ev                                
00000945  _ZN9Scheduler17DefineDestinationEP4TaskS1_       
0000095d  _ZN9Scheduler21CalculateNextScheduleEv           
00000969  _ZN9Scheduler22SortScheduleByPriorityEP4Task     
000007d9  _ZN9Scheduler3runEv                              
000008f9  _ZN9Scheduler5setupEv                            
0000073f  _ZN9Scheduler6attachEP4Task8TaskType10TaskActivey
000006fd  _ZN9SchedulerC1Ev                                
000006fd  _ZN9SchedulerC2Ev                                
00000977  _ZNSt9type_infoD1Ev                              
00000977  _ZNSt9type_infoD2Ev                              
00001991  _ZSt15get_new_handlerv                           
000019c5  _ZSt17__throw_bad_allocv                         
00001b28  _ZTI3LED                                         
00001b70  _ZTI4Task                                        
00001b34  _ZTI6ADC_en                                      
00001b40  _ZTI9AngleCalc                                   
00001b4c  _ZTIN10__cxxabiv117__class_type_infoE            
00001b58  _ZTIN10__cxxabiv120__si_class_type_infoE         
00001b78  _ZTISt9type_info                                 
00001b8e  _ZTS3LED                                         
00001b88  _ZTS4Task                                        
00001b80  _ZTS6ADC_en                                      
00001b64  _ZTS9AngleCalc                                   
00001a85  _ZTSN10__cxxabiv117__class_type_infoE            
00001a60  _ZTSN10__cxxabiv120__si_class_type_infoE         
00001b18  _ZTSSt9type_info                                 
00001ab8  _ZTV3LED                                         
00001ac8  _ZTV4Task                                        
00001ad8  _ZTV6ADC_en                                      
00001ae8  _ZTV9AngleCalc                                   
00001af8  _ZTVN10__cxxabiv117__class_type_infoE            
00001b08  _ZTVN10__cxxabiv120__si_class_type_infoE         
000019a9  _ZdlPv                                           
000019b9  _ZdlPvj                                          
000019bd  _Znaj                                            
00001901  _Znwj                                            
20010000  __STACK_END                                      
00000200  __STACK_SIZE                                     
00000400  __SYSMEM_SIZE                                    
00001bc8  __TI_CINIT_Base                                  
00001bd8  __TI_CINIT_Limit                                 
00001bb4  __TI_Handler_Table_Base                          
00001bc0  __TI_Handler_Table_Limit                         
000016f5  __TI_auto_init_nobinit                           
0000168d  __TI_decompress_lzss                             
0000195d  __TI_decompress_none                             
ffffffff  __TI_pprof_out_hndl                              
ffffffff  __TI_prof_data_size                              
ffffffff  __TI_prof_data_start                             
00000000  __TI_static_base__                               
0000199d  __TI_zero_init                                   
000013ad  __aeabi_cdrcmple                                 
00001755  __aeabi_d2iz                                     
00000b7f  __aeabi_dadd                                     
00000ea1  __aeabi_ddiv                                     
00000fd7  __aeabi_dmul                                     
00000b75  __aeabi_dsub                                     
00001885  __aeabi_i2d                                      
000014b9  __aeabi_memclr                                   
000014b9  __aeabi_memclr4                                  
000014b9  __aeabi_memclr8                                  
00001311  __aeabi_memcpy                                   
00001311  __aeabi_memcpy4                                  
00001311  __aeabi_memcpy8                                  
000014bb  __aeabi_memset                                   
000014bb  __aeabi_memset4                                  
000014bb  __aeabi_memset8                                  
ffffffff  __binit__                                        
ffffffff  __c_args__                                       
000018dd  __cxa_vec_ctor                                   
UNDEFED   __mpu_init                                       
2000fe00  __stack                                          
00000b0b  __sti___8_main_cpp_937618a8                      
00001815  _c_int00_noargs                                  
2000442c  _lock                                            
00000d2b  _nop                                             
20004010  _sys_memory                                      
UNDEFED   _system_post_cinit                               
000019c1  _system_pre_init                                 
20004430  _unlock                                          
000019c5  abort                                            
00000411  atan                                             
00000411  atanl                                            
ffffffff  binit                                            
000010d5  free                                             
20004004  g_Mailbox                                        
20000000  g_MainScheduler                                  
00000000  interruptVectors                                 
000009e3  main                                             
00001535  malloc                                           
00001311  memcpy                                           
000014c1  memset                                           
0000184d  minit                                            


GLOBAL SYMBOLS: SORTED BY Symbol Address 

address   name                                             
-------   ----                                             
00000000  __TI_static_base__                               
00000000  interruptVectors                                 
000000e5  SystemCoreClockUpdate                            
00000200  __STACK_SIZE                                     
00000359  SystemInit                                       
00000400  __SYSMEM_SIZE                                    
00000411  atan                                             
00000411  atanl                                            
000006fd  _ZN9SchedulerC1Ev                                
000006fd  _ZN9SchedulerC2Ev                                
0000073f  _ZN9Scheduler6attachEP4Task8TaskType10TaskActivey
000007d9  _ZN9Scheduler3runEv                              
000008f9  _ZN9Scheduler5setupEv                            
00000945  _ZN9Scheduler17DefineDestinationEP4TaskS1_       
0000095d  _ZN9Scheduler21CalculateNextScheduleEv           
00000969  _ZN9Scheduler22SortScheduleByPriorityEP4Task     
00000977  _ZNSt9type_infoD1Ev                              
00000977  _ZNSt9type_infoD2Ev                              
000009e3  main                                             
00000a8b  _Z5Setupv                                        
00000abf  T32_INT1_IRQHandler                              
00000abf  T32_INT1_IRQHandler                              
00000ae7  ADC14_IRQHandler                                 
00000ae7  ADC14_IRQHandler                                 
00000b0b  __sti___8_main_cpp_937618a8                      
00000b75  __aeabi_dsub                                     
00000b7f  __aeabi_dadd                                     
00000d2b  _nop                                             
00000d97  _ZN6ADC_enC1Ev                                   
00000d97  _ZN6ADC_enC2Ev                                   
00000dc3  _ZN6ADC_en3runEv                                 
00000e2d  _ZN6ADC_en5setupEv                               
00000ea1  __aeabi_ddiv                                     
00000fd7  __aeabi_dmul                                     
000010d5  free                                             
000011ad  _ZN9AngleCalcC1Ev                                
000011ad  _ZN9AngleCalcC2Ev                                
000011c7  _ZN9AngleCalc3runEv                              
0000124f  _ZN9AngleCalc5setupEv                            
00001269  _ZN7Mailbox10getMailboxEv                        
00001295  _ZN7Mailbox11sendMessageE10st_Message            
000012cd  _ZN7Mailbox10getMessageEh                        
00001311  __aeabi_memcpy                                   
00001311  __aeabi_memcpy4                                  
00001311  __aeabi_memcpy8                                  
00001311  memcpy                                           
000013ad  __aeabi_cdrcmple                                 
00001435  _ZN4TaskC1Ev                                     
00001435  _ZN4TaskC2Ev                                     
00001471  _ZN4Task10getMessageEh                           
00001487  _ZN4Task11sendMessageE10st_Message               
000014b9  __aeabi_memclr                                   
000014b9  __aeabi_memclr4                                  
000014b9  __aeabi_memclr8                                  
000014bb  __aeabi_memset                                   
000014bb  __aeabi_memset4                                  
000014bb  __aeabi_memset8                                  
000014c1  memset                                           
00001535  malloc                                           
00001625  _ZN3LEDC1Et                                      
00001625  _ZN3LEDC2Et                                      
00001645  _ZN3LED3runEv                                    
0000165d  _ZN3LED5setupEv                                  
0000168d  __TI_decompress_lzss                             
000016f5  __TI_auto_init_nobinit                           
00001755  __aeabi_d2iz                                     
0000179d  _ZN10st_MessageC1Ev                              
00001815  _c_int00_noargs                                  
0000184d  minit                                            
00001885  __aeabi_i2d                                      
000018dd  __cxa_vec_ctor                                   
00001901  _Znwj                                            
00001925  _ZN7MailboxC1Ev                                  
00001941  _ZN10__cxxabiv117__class_type_infoD0Ev           
0000194f  _ZN10__cxxabiv120__si_class_type_infoD0Ev        
0000195d  __TI_decompress_none                             
0000196b  Reset_Handler                                    
00001977  AES256_IRQHandler                                
00001977  BusFault_Handler                                 
00001977  COMP_E0_IRQHandler                               
00001977  COMP_E1_IRQHandler                               
00001977  CS_IRQHandler                                    
00001977  DMA_ERR_IRQHandler                               
00001977  DMA_INT0_IRQHandler                              
00001977  DMA_INT1_IRQHandler                              
00001977  DMA_INT2_IRQHandler                              
00001977  DMA_INT3_IRQHandler                              
00001977  DebugMon_Handler                                 
00001977  Default_Handler                                  
00001977  EUSCIA0_IRQHandler                               
00001977  EUSCIA1_IRQHandler                               
00001977  EUSCIA2_IRQHandler                               
00001977  EUSCIA3_IRQHandler                               
00001977  EUSCIB0_IRQHandler                               
00001977  EUSCIB1_IRQHandler                               
00001977  EUSCIB2_IRQHandler                               
00001977  EUSCIB3_IRQHandler                               
00001977  FLCTL_IRQHandler                                 
00001977  FPU_IRQHandler                                   
00001977  HardFault_Handler                                
00001977  MemManage_Handler                                
00001977  NMI_Handler                                      
00001977  PCM_IRQHandler                                   
00001977  PORT1_IRQHandler                                 
00001977  PORT2_IRQHandler                                 
00001977  PORT3_IRQHandler                                 
00001977  PORT4_IRQHandler                                 
00001977  PORT5_IRQHandler                                 
00001977  PORT6_IRQHandler                                 
00001977  PSS_IRQHandler                                   
00001977  PendSV_Handler                                   
00001977  RTC_C_IRQHandler                                 
00001977  SVC_Handler                                      
00001977  SysTick_Handler                                  
00001977  T32_INT2_IRQHandler                              
00001977  T32_INTC_IRQHandler                              
00001977  TA0_0_IRQHandler                                 
00001977  TA0_N_IRQHandler                                 
00001977  TA1_0_IRQHandler                                 
00001977  TA1_N_IRQHandler                                 
00001977  TA2_0_IRQHandler                                 
00001977  TA2_N_IRQHandler                                 
00001977  TA3_0_IRQHandler                                 
00001977  TA3_N_IRQHandler                                 
00001977  UsageFault_Handler                               
00001977  WDT_A_IRQHandler                                 
00001979  _ZN4Task3runEv                                   
00001985  _ZN4Task5setupEv                                 
00001991  _ZSt15get_new_handlerv                           
0000199d  __TI_zero_init                                   
000019a9  _ZdlPv                                           
000019b1  _ZN10__cxxabiv117__class_type_infoD1Ev           
000019b1  _ZN10__cxxabiv117__class_type_infoD2Ev           
000019b5  _ZN10__cxxabiv120__si_class_type_infoD1Ev        
000019b5  _ZN10__cxxabiv120__si_class_type_infoD2Ev        
000019b9  _ZdlPvj                                          
000019bd  _Znaj                                            
000019c1  _system_pre_init                                 
000019c5  C$$EXIT                                          
000019c5  _ZSt17__throw_bad_allocv                         
000019c5  abort                                            
00001a60  _ZTSN10__cxxabiv120__si_class_type_infoE         
00001a85  _ZTSN10__cxxabiv117__class_type_infoE            
00001ab8  _ZTV3LED                                         
00001ac8  _ZTV4Task                                        
00001ad8  _ZTV6ADC_en                                      
00001ae8  _ZTV9AngleCalc                                   
00001af8  _ZTVN10__cxxabiv117__class_type_infoE            
00001b08  _ZTVN10__cxxabiv120__si_class_type_infoE         
00001b18  _ZTSSt9type_info                                 
00001b28  _ZTI3LED                                         
00001b34  _ZTI6ADC_en                                      
00001b40  _ZTI9AngleCalc                                   
00001b4c  _ZTIN10__cxxabiv117__class_type_infoE            
00001b58  _ZTIN10__cxxabiv120__si_class_type_infoE         
00001b64  _ZTS9AngleCalc                                   
00001b70  _ZTI4Task                                        
00001b78  _ZTISt9type_info                                 
00001b80  _ZTS6ADC_en                                      
00001b88  _ZTS4Task                                        
00001b8e  _ZTS3LED                                         
00001b94  SHT$$INIT_ARRAY$$Base                            
00001b98  SHT$$INIT_ARRAY$$Limit                           
00001bb4  __TI_Handler_Table_Base                          
00001bc0  __TI_Handler_Table_Limit                         
00001bc8  __TI_CINIT_Base                                  
00001bd8  __TI_CINIT_Limit                                 
20000000  g_MainScheduler                                  
20003fd8  UniqueADC                                        
20004004  g_Mailbox                                        
20004010  _sys_memory                                      
2000441c  _ZN7Mailbox7MailObjE                             
20004428  _ZN4Task14m_u8NextTaskIDE                        
2000442c  _lock                                            
20004430  _unlock                                          
20004434  SystemCoreClock                                  
2000fe00  __stack                                          
20010000  __STACK_END                                      
4000480c  WDTCTL_SYM                                       
ffffffff  __TI_pprof_out_hndl                              
ffffffff  __TI_prof_data_size                              
ffffffff  __TI_prof_data_start                             
ffffffff  __binit__                                        
ffffffff  __c_args__                                       
ffffffff  binit                                            
UNDEFED   __mpu_init                                       
UNDEFED   _system_post_cinit                               

[187 symbols]
