******************************************************************************
                  TI ARM Linker Unix v18.1.1                   
******************************************************************************
>> Linked Wed May 23 16:16:48 2018

OUTPUT FILE NAME:   <labo2.out>
ENTRY POINT SYMBOL: "_c_int00_noargs"  address: 00003f6d


MEMORY CONFIGURATION

         name            origin    length      used     unused   attr    fill
----------------------  --------  ---------  --------  --------  ----  --------
  MAIN                  00000000   00040000  0000446a  0003bb96  R  X
  INFO                  00200000   00004000  00000000  00004000  R  X
  SRAM_CODE             01000000   00010000  00004762  0000b89e  RW X
  SRAM_DATA             20000000   00010000  00004762  0000b89e  RW  


SEGMENT ALLOCATION MAP

run origin  load origin   length   init length attrs members
----------  ----------- ---------- ----------- ----- -------
00000000    00000000    00004470   00004470    r-x
  00000000    00000000    000000e4   000000e4    r-- .intvecs
  000000e4    000000e4    0000403c   0000403c    r-x .text
  00004120    00004120    000002ce   000002ce    r-- .const
  000043f0    000043f0    00000004   00000004    r-- .init_array
  000043f8    000043f8    00000078   00000078    r-- .cinit
20000000    20000000    00004568   00000000    rw-
  20000000    20000000    000000e4   00000000    rw- .vtable
  200000e8    200000e8    00004026   00000000    rw- .bss
  20004110    20004110    00000400   00000000    rw- .sysmem
  20004510    20004510    00000058   00000000    rw- .data
2000fe00    2000fe00    00000200   00000000    rw-
  2000fe00    2000fe00    00000200   00000000    rw- .stack


SECTION ALLOCATION MAP

 output                                  attributes/
section   page    origin      length       input sections
--------  ----  ----------  ----------   ----------------
.intvecs   0    00000000    000000e4     
                  00000000    000000e4     startup_msp432p401r_ccs.obj (.intvecs:retain)

.binit     0    00000000    00000000     

.text      0    000000e4    0000403c     
                  000000e4    000008a4     spi.obj (.text)
                  00000988    00000678     Crystalfontz128x128_ST7735.obj (.text)
                  00001000    00000490     line.obj (.text)
                  00001490    00000480     gpio.obj (.text)
                  00001910    000003f0     interrupt.obj (.text)
                  00001d00    00000370     system_msp432p401r.obj (.text)
                  00002070    0000033e     rectangle.obj (.text)
                  000023ae    00000002     rtsv7M4_T_le_v4SPD16_eabi.lib : stdlib_typeinfo.cpp.obj (.text:_ZNSt9type_infoD1Ev)
                  000023b0    000002ec                                   : s_atan.c.obj (.text:atan)
                  0000269c    0000027a     Scheduler.obj (.text)
                  00002916    00000266     context.obj (.text)
                  00002b7c    00000238     AngleCalc.obj (.text)
                  00002db4    00000224     ScreenWriter.obj (.text)
                  00002fd8    000001e4     main.obj (.text)
                  000031bc    000001b6     rtsv7M4_T_le_v4SPD16_eabi.lib : fd_add_t2.asm.obj (.text)
                  00003372    00000002                                   : _lock.c.obj (.text:_nop)
                  00003374    00000174     ADC_en.obj (.text)
                  000034e8    00000136     rtsv7M4_T_le_v4SPD16_eabi.lib : fd_div_t2.asm.obj (.text)
                  0000361e    00000134     display.obj (.text)
                  00003752    000000fc     rtsv7M4_T_le_v4SPD16_eabi.lib : fd_mul_t2.asm.obj (.text)
                  0000384e    00000002     --HOLE-- [fill = 0]
                  00003850    000000d8                                   : memory.c.obj (.text:free)
                  00003928    000000bc     HAL_MSP_EXP432P401R_Crystalfontz128x128_ST7735.obj (.text)
                  000039e4    000000a8     Mailbox.obj (.text)
                  00003a8c    0000009c     rtsv7M4_T_le_v4SPD16_eabi.lib : memcpy_t2.asm.obj (.text)
                  00003b28    0000008c     Task.obj (.text)
                  00003bb4    00000086     rtsv7M4_T_le_v4SPD16_eabi.lib : fd_cmp_t2.asm.obj (.text:__aeabi_cdrcmple)
                  00003c3a    0000007a                                   : memset_t2.asm.obj (.text)
                  00003cb4    00000078                                   : memory.c.obj (.text:malloc)
                  00003d2c    00000076                                   : vec_newdel.c.obj (.text:_ZN34_INTERNAL_12_vec_newdel_c_8a08d4a517array_new_generalEPvijjS0_PFYS0_S0_ES2_PFYS0_jEPFYvS0_Eii)
                  00003da2    00000068                                   : copy_decompress_lzss.c.obj (.text:decompress:lzss:__TI_decompress_lzss)
                  00003e0a    00000002     --HOLE-- [fill = 0]
                  00003e0c    00000060                                   : autoinit.c.obj (.text:__TI_auto_init_nobinit:__TI_auto_init_nobinit)
                  00003e6c    00000048                                   : fd_toi_t2.asm.obj (.text)
                  00003eb4    0000003e     cpu.obj (.text)
                  00003ef2    0000003c     Mailbox.obj (.text:_ZN10st_MessageC1Ev)
                  00003f2e    00000002     --HOLE-- [fill = 0]
                  00003f30    0000003c     rtsv7M4_T_le_v4SPD16_eabi.lib : memory.c.obj (.text:minsert)
                  00003f6c    00000038                                   : boot_cortex_m.c.obj (.text:_c_int00_noargs:_c_int00_noargs)
                  00003fa4    00000038                                   : memory.c.obj (.text:minit)
                  00003fdc    0000002e                                   : i_tofd_t2.asm.obj (.text)
                  0000400a    00000002     --HOLE-- [fill = 0]
                  0000400c    00000028                                   : memory.c.obj (.text:mremove)
                  00004034    00000024                                   : vec_newdel.c.obj (.text:__cxa_vec_ctor)
                  00004058    00000022                                   : new.cpp.obj (.text:_Znwj)
                  0000407a    00000002     --HOLE-- [fill = 0]
                  0000407c    0000001c     Mailbox.obj (.text:_ZN7MailboxC1Ev)
                  00004098    0000000e     rtsv7M4_T_le_v4SPD16_eabi.lib : typeinfo.c.obj (.text:_ZN10__cxxabiv117__class_type_infoD0Ev)
                  000040a6    0000000e                                   : typeinfo.c.obj (.text:_ZN10__cxxabiv120__si_class_type_infoD0Ev)
                  000040b4    0000000e                                   : copy_decompress_none.c.obj (.text:decompress:none:__TI_decompress_none)
                  000040c2    0000000e     startup_msp432p401r_ccs.obj (.text)
                  000040d0    0000000c     Task.obj (.text:_ZN4Task3runEv)
                  000040dc    0000000c     Task.obj (.text:_ZN4Task5setupEv)
                  000040e8    0000000c     rtsv7M4_T_le_v4SPD16_eabi.lib : new.cpp.obj (.text:_ZSt15get_new_handlerv)
                  000040f4    0000000c                                   : copy_zero_init.c.obj (.text:decompress:ZI:__TI_zero_init)
                  00004100    00000008                                   : new.cpp.obj (.text:_ZdlPv)
                  00004108    00000004                                   : typeinfo.c.obj (.text:_ZN10__cxxabiv117__class_type_infoD1Ev)
                  0000410c    00000004                                   : typeinfo.c.obj (.text:_ZN10__cxxabiv120__si_class_type_infoD1Ev)
                  00004110    00000004                                   : new.cpp.obj (.text:_ZdlPvj)
                  00004114    00000004                                   : new.cpp.obj (.text:_Znaj)
                  00004118    00000004                                   : pre_init.c.obj (.text:_system_pre_init)
                  0000411c    00000004                                   : exit.c.obj (.text:abort:abort)

.const     0    00004120    000002ce     
                  00004120    00000098     rtsv7M4_T_le_v4SPD16_eabi.lib : s_atan.c.obj (.const:$O1$$)
                  000041b8    00000050     interrupt.obj (.const:g_pulRegs)
                  00004208    0000002c     Crystalfontz128x128_ST7735.obj (.const:g_sCrystalfontz128x128)
                  00004234    00000025     rtsv7M4_T_le_v4SPD16_eabi.lib : typeinfo.c.obj (.const:.typeinfo:_ZTSN10__cxxabiv120__si_class_type_infoE)
                  00004259    00000022                                   : typeinfo.c.obj (.const:.typeinfo:_ZTSN10__cxxabiv117__class_type_infoE)
                  0000427b    00000001     --HOLE-- [fill = 0]
                  0000427c    00000020     interrupt.obj (.const:g_pulPriority)
                  0000429c    0000001c     HAL_MSP_EXP432P401R_Crystalfontz128x128_ST7735.obj (.const:$P$T0$1)
                  000042b8    0000001c     gpio.obj (.const:GPIO_PORT_TO_INT)
                  000042d4    00000010     Mailbox.obj (.const:$P$T42$1)
                  000042e4    00000010     ScreenWriter.obj (.const:_ZTV12ScreenWriter)
                  000042f4    00000010     Task.obj (.const:_ZTV4Task)
                  00004304    00000010     ADC_en.obj (.const:_ZTV6ADC_en)
                  00004314    00000010     AngleCalc.obj (.const:_ZTV9AngleCalc)
                  00004324    00000010     rtsv7M4_T_le_v4SPD16_eabi.lib : typeinfo.c.obj (.const:_ZTVN10__cxxabiv117__class_type_infoE)
                  00004334    00000010                                   : typeinfo.c.obj (.const:_ZTVN10__cxxabiv120__si_class_type_infoE)
                  00004344    0000000f     ScreenWriter.obj (.const:.typeinfo:_ZTS12ScreenWriter)
                  00004353    0000000d     rtsv7M4_T_le_v4SPD16_eabi.lib : stdlib_typeinfo.cpp.obj (.const:.typeinfo:_ZTSSt9type_info)
                  00004360    0000000c     ScreenWriter.obj (.const:.typeinfo:_ZTI12ScreenWriter)
                  0000436c    0000000c     ADC_en.obj (.const:.typeinfo:_ZTI6ADC_en)
                  00004378    0000000c     AngleCalc.obj (.const:.typeinfo:_ZTI9AngleCalc)
                  00004384    0000000c     rtsv7M4_T_le_v4SPD16_eabi.lib : typeinfo.c.obj (.const:.typeinfo:_ZTIN10__cxxabiv117__class_type_infoE)
                  00004390    0000000c                                   : typeinfo.c.obj (.const:.typeinfo:_ZTIN10__cxxabiv120__si_class_type_infoE)
                  0000439c    0000000b     AngleCalc.obj (.const:.typeinfo:_ZTS9AngleCalc)
                  000043a7    00000001     --HOLE-- [fill = 0]
                  000043a8    00000008     Crystalfontz128x128_ST7735.obj (.const:$P$T0$1)
                  000043b0    00000008     ADC_en.obj (.const:.typeinfo:_ZTI4Task)
                  000043b8    00000008     rtsv7M4_T_le_v4SPD16_eabi.lib : stdlib_typeinfo.cpp.obj (.const:.typeinfo:_ZTISt9type_info)
                  000043c0    00000008     ADC_en.obj (.const:.typeinfo:_ZTS6ADC_en)
                  000043c8    00000008     interrupt.obj (.const:g_pulDisRegs)
                  000043d0    00000008     interrupt.obj (.const:g_pulEnRegs)
                  000043d8    00000008     interrupt.obj (.const:g_pulPendRegs)
                  000043e0    00000008     interrupt.obj (.const:g_pulUnpendRegs)
                  000043e8    00000006     ADC_en.obj (.const:.typeinfo:_ZTS4Task)

.cinit     0    000043f8    00000078     
                  000043f8    00000042     (.cinit..data.load) [load image, compression = lzss]
                  0000443a    00000002     --HOLE-- [fill = 0]
                  0000443c    0000000c     (__TI_handler_table)
                  00004448    00000008     (.cinit..bss.load) [load image, compression = zero_init]
                  00004450    00000008     (.cinit..vtable.load) [load image, compression = zero_init]
                  00004458    00000018     (__TI_cinit_table)

.init_array 
*          0    000043f0    00000004     
                  000043f0    00000004     main.obj (.init_array)

.vtable    0    20000000    000000e4     UNINITIALIZED
                  20000000    000000e4     interrupt.obj (.vtable)

.bss       0    200000e8    00004026     UNINITIALIZED
                  200000e8    00003fd8     main.obj (.bss:g_MainScheduler)
                  200040c0    0000003c     main.obj (.bss:UniqueADC)
                  200040fc    00000004     main.obj (.bss)
                  20004100    00000004     rtsv7M4_T_le_v4SPD16_eabi.lib : new.cpp.obj (.bss)
                  20004104    00000002     (.common:Lcd_ScreenHeigth)
                  20004106    00000002     (.common:Lcd_ScreenWidth)
                  20004108    00000002     (.common:Lcd_TouchTrim)
                  2000410a    00000001     (.common:Lcd_FlagRead)
                  2000410b    00000001     (.common:Lcd_FontSolid)
                  2000410c    00000001     (.common:Lcd_Orientation)
                  2000410d    00000001     (.common:Lcd_PenSolid)

.sysmem    0    20004110    00000400     UNINITIALIZED
                  20004110    00000008     rtsv7M4_T_le_v4SPD16_eabi.lib : memory.c.obj (.sysmem)
                  20004118    000003f8     --HOLE--

.data      0    20004510    00000058     UNINITIALIZED
                  20004510    00000030     gpio.obj (.data:GPIO_PORT_TO_BASE)
                  20004540    0000000c     rtsv7M4_T_le_v4SPD16_eabi.lib : memory.c.obj (.data:$O1$$)
                  2000454c    00000004     Mailbox.obj (.data)
                  20004550    00000009     main.obj (.data)
                  20004559    00000003     --HOLE--
                  2000455c    00000008     rtsv7M4_T_le_v4SPD16_eabi.lib : _lock.c.obj (.data:$O1$$)
                  20004564    00000004     system_msp432p401r.obj (.data)

.stack     0    2000fe00    00000200     UNINITIALIZED
                  2000fe00    00000004     rtsv7M4_T_le_v4SPD16_eabi.lib : boot_cortex_m.c.obj (.stack)
                  2000fe04    000001fc     --HOLE--

MODULE SUMMARY

       Module                                               code    ro data   rw data
       ------                                               ----    -------   -------
    ./
       main.obj                                             484     4         32834  
       system_msp432p401r.obj                               880     0         8      
       Scheduler.obj                                        634     0         0      
       AngleCalc.obj                                        568     39        0      
       ScreenWriter.obj                                     548     43        0      
       ADC_en.obj                                           372     50        0      
       Mailbox.obj                                          256     16        8      
       startup_msp432p401r_ccs.obj                          14      228       0      
       Task.obj                                             164     16        0      
    +--+----------------------------------------------------+-------+---------+---------+
       Total:                                               3920    396       32850  
                                                                                     
    ./GrLib/grlib/
       line.obj                                             1168    0         0      
       rectangle.obj                                        830     0         0      
       context.obj                                          614     0         0      
       display.obj                                          308     0         0      
    +--+----------------------------------------------------+-------+---------+---------+
       Total:                                               2920    0         0      
                                                                                     
    ./LcdDriver/
       Crystalfontz128x128_ST7735.obj                       1656    52        20     
       HAL_MSP_EXP432P401R_Crystalfontz128x128_ST7735.obj   188     28        0      
    +--+----------------------------------------------------+-------+---------+---------+
       Total:                                               1844    80        20     
                                                                                     
    ./driverlib/MSP432P4xx/
       spi.obj                                              2212    0         0      
       interrupt.obj                                        1008    144       456    
       gpio.obj                                             1152    28        96     
       cpu.obj                                              62      0         0      
    +--+----------------------------------------------------+-------+---------+---------+
       Total:                                               4434    172       552    
                                                                                     
    /home/sama/ti/ccsv7/tools/compiler/ti-cgt-arm_18.1.1.LTS/lib/rtsv7M4_T_le_v4SPD16_eabi.lib
       s_atan.c.obj                                         748     152       0      
       memory.c.obj                                         492     0         24     
       fd_add_t2.asm.obj                                    438     0         0      
       fd_div_t2.asm.obj                                    310     0         0      
       fd_mul_t2.asm.obj                                    252     0         0      
       typeinfo.c.obj                                       36      127       0      
       memcpy_t2.asm.obj                                    156     0         0      
       vec_newdel.c.obj                                     154     0         0      
       fd_cmp_t2.asm.obj                                    134     0         0      
       memset_t2.asm.obj                                    122     0         0      
       copy_decompress_lzss.c.obj                           104     0         0      
       autoinit.c.obj                                       96      0         0      
       fd_toi_t2.asm.obj                                    72      0         0      
       new.cpp.obj                                          62      0         8      
       boot_cortex_m.c.obj                                  56      0         0      
       i_tofd_t2.asm.obj                                    46      0         0      
       stdlib_typeinfo.cpp.obj                              2       21        0      
       _lock.c.obj                                          2       0         16     
       copy_decompress_none.c.obj                           14      0         0      
       copy_zero_init.c.obj                                 12      0         0      
       exit.c.obj                                           4       0         0      
       pre_init.c.obj                                       4       0         0      
    +--+----------------------------------------------------+-------+---------+---------+
       Total:                                               3316    300       48     
                                                                                     
       Heap:                                                0       0         2048   
       Stack:                                               0       0         1024   
       Linker Generated:                                    0       118       0      
    +--+----------------------------------------------------+-------+---------+---------+
       Grand Total:                                         16434   1066      36542  


LINKER GENERATED COPY TABLES

__TI_cinit_table @ 00004458 records: 3, size/record: 8, table size: 24
	.data: load addr=000043f8, load size=00000042 bytes, run addr=20004510, run size=00000058 bytes, compression=lzss
	.bss: load addr=00004448, load size=00000008 bytes, run addr=200000e8, run size=00004026 bytes, compression=zero_init
	.vtable: load addr=00004450, load size=00000008 bytes, run addr=20000000, run size=000000e4 bytes, compression=zero_init


LINKER GENERATED HANDLER TABLE

__TI_handler_table @ 0000443c records: 3, size/record: 4, table size: 12
	index: 0, handler: __TI_zero_init
	index: 1, handler: __TI_decompress_lzss
	index: 2, handler: __TI_decompress_none


GLOBAL SYMBOLS: SORTED ALPHABETICALLY BY Name 

address   name                                             
-------   ----                                             
0000312f  ADC14_IRQHandler                                 
0000312f  ADC14_IRQHandler                                 
000040cf  AES256_IRQHandler                                
000040cf  BusFault_Handler                                 
0000411d  C$$EXIT                                          
000040cf  COMP_E0_IRQHandler                               
000040cf  COMP_E1_IRQHandler                               
00003ee9  CPU_basepriGet                                   
00003edb  CPU_basepriSet                                   
00003eb5  CPU_cpsid                                        
00003ecb  CPU_cpsie                                        
00003ec1  CPU_primask                                      
00003ed7  CPU_wfi                                          
000040cf  CS_IRQHandler                                    
00000989  Crystalfontz128x128_Init                         
00000a9d  Crystalfontz128x128_SetDrawFrame                 
00000bcb  Crystalfontz128x128_SetOrientation               
000040cf  DMA_ERR_IRQHandler                               
000040cf  DMA_INT0_IRQHandler                              
000040cf  DMA_INT1_IRQHandler                              
000040cf  DMA_INT2_IRQHandler                              
000040cf  DMA_INT3_IRQHandler                              
000040cf  DebugMon_Handler                                 
000040cf  Default_Handler                                  
000040cf  EUSCIA0_IRQHandler                               
000040cf  EUSCIA1_IRQHandler                               
000040cf  EUSCIA2_IRQHandler                               
000040cf  EUSCIA3_IRQHandler                               
000040cf  EUSCIB0_IRQHandler                               
000040cf  EUSCIB1_IRQHandler                               
000040cf  EUSCIB2_IRQHandler                               
000040cf  EUSCIB3_IRQHandler                               
00000853  EUSCI_A_SPI_changeClockPhasePolarity             
00000907  EUSCI_A_SPI_clearInterruptFlag                   
00000937  EUSCI_A_SPI_disable                              
000008d5  EUSCI_A_SPI_disableInterrupt                     
00000921  EUSCI_A_SPI_enable                               
000008bb  EUSCI_A_SPI_enableInterrupt                      
000008ef  EUSCI_A_SPI_getInterruptStatus                   
0000094d  EUSCI_A_SPI_getReceiveBufferAddressForDMA        
0000095b  EUSCI_A_SPI_getTransmitBufferAddressForDMA       
00000969  EUSCI_A_SPI_isBusy                               
000007d3  EUSCI_A_SPI_masterChangeClock                    
000008ab  EUSCI_A_SPI_receiveData                          
000007b3  EUSCI_A_SPI_select4PinFunctionality              
00000809  EUSCI_A_SPI_slaveInit                            
00000895  EUSCI_A_SPI_transmitData                         
00000685  EUSCI_B_SPI_changeClockPhasePolarity             
00000739  EUSCI_B_SPI_clearInterruptFlag                   
00000769  EUSCI_B_SPI_disable                              
00000707  EUSCI_B_SPI_disableInterrupt                     
00000753  EUSCI_B_SPI_enable                               
000006ed  EUSCI_B_SPI_enableInterrupt                      
00000721  EUSCI_B_SPI_getInterruptStatus                   
0000077f  EUSCI_B_SPI_getReceiveBufferAddressForDMA        
0000078d  EUSCI_B_SPI_getTransmitBufferAddressForDMA       
0000079b  EUSCI_B_SPI_isBusy                               
00000609  EUSCI_B_SPI_masterChangeClock                    
000006dd  EUSCI_B_SPI_receiveData                          
000005e9  EUSCI_B_SPI_select4PinFunctionality              
0000063b  EUSCI_B_SPI_slaveInit                            
000006c7  EUSCI_B_SPI_transmitData                         
000040cf  FLCTL_IRQHandler                                 
000040cf  FPU_IRQHandler                                   
000017b3  GPIO_clearInterruptFlag                          
00001773  GPIO_disableInterrupt                            
00001751  GPIO_enableInterrupt                             
0000180b  GPIO_getEnabledInterruptStatus                   
00001723  GPIO_getInputPinValue                            
00001795  GPIO_getInterruptStatus                          
000017d5  GPIO_interruptEdgeSelect                         
000018cb  GPIO_registerInterrupt                           
000014cb  GPIO_setAsInputPin                               
0000167f  GPIO_setAsInputPinWithPullDownResistor           
000016d1  GPIO_setAsInputPinWithPullUpResistor             
00001491  GPIO_setAsOutputPin                              
00001595  GPIO_setAsPeripheralModuleFunctionInputPin       
00001511  GPIO_setAsPeripheralModuleFunctionOutputPin      
00001887  GPIO_setDriveStrengthHigh                        
000018a9  GPIO_setDriveStrengthLow                         
00001619  GPIO_setOutputHighOnPin                          
0000163b  GPIO_setOutputLowOnPin                           
0000165d  GPIO_toggleOutputOnPin                           
000018eb  GPIO_unregisterInterrupt                         
00002b03  Graphics_clearDisplay                            
0000373b  Graphics_clearDisplayOnDisplay                   
0000368d  Graphics_drawHorizontalLineOnDisplay             
0000131d  Graphics_drawLine                                
00001001  Graphics_drawLineH                               
0000109d  Graphics_drawLineV                               
00003649  Graphics_drawMultiplePixelsOnDisplay             
00002b15  Graphics_drawPixel                               
0000361f  Graphics_drawPixelOnDisplay                      
00002071  Graphics_drawRectangle                           
000036c1  Graphics_drawVerticalLineOnDisplay               
00002113  Graphics_fillRectangle                           
000036f5  Graphics_fillRectangleOnDisplay                  
00002af5  Graphics_flushBuffer                             
00003729  Graphics_flushOnDisplay                          
00002ad7  Graphics_getDisplayHeight                        
00002ac7  Graphics_getDisplayWidth                         
00002a75  Graphics_getFontBaseline                         
00002aab  Graphics_getFontHeight                           
00002ab9  Graphics_getFontMaxWidth                         
00002ae7  Graphics_getHeightOfDisplay                      
00002277  Graphics_getRectangleIntersection                
00002b6f  Graphics_getWidthOfDisplay                       
00002917  Graphics_initContext                             
0000235d  Graphics_isPointWithinRectangle                  
00002225  Graphics_isRectangleOverlap                      
00002a2b  Graphics_setBackgroundColor                      
00002a45  Graphics_setBackgroundColorTranslated            
00002961  Graphics_setClipRegion                           
00002a5b  Graphics_setFont                                 
00002a83  Graphics_setForegroundColor                      
00002a99  Graphics_setForegroundColorTranslated            
00003713  Graphics_translateColorOnDisplay                 
00003929  HAL_LCD_PortInit                                 
00003959  HAL_LCD_SpiInit                                  
0000398f  HAL_LCD_writeCommand                             
000039b7  HAL_LCD_writeData                                
000040cf  HardFault_Handler                                
00001ad3  Interrupt_disableInterrupt                       
00001923  Interrupt_disableMaster                          
00001cd1  Interrupt_disableSleepOnIsrExit                  
00001a61  Interrupt_enableInterrupt                        
00001913  Interrupt_enableMaster                           
00001cbf  Interrupt_enableSleepOnIsrExit                   
00001a3b  Interrupt_getPriority                            
000019b3  Interrupt_getPriorityGrouping                    
00001c9f  Interrupt_getPriorityMask                        
00001cb9  Interrupt_getVectorTableAddress                  
00001b45  Interrupt_isEnabled                              
00001bd1  Interrupt_pendInterrupt                          
00001933  Interrupt_registerInterrupt                      
000019eb  Interrupt_setPriority                            
00001999  Interrupt_setPriorityGrouping                    
00001c8f  Interrupt_setPriorityMask                        
00001ca9  Interrupt_setVectorTableAddress                  
00001c41  Interrupt_unpendInterrupt                        
00001985  Interrupt_unregisterInterrupt                    
2000410a  Lcd_FlagRead                                     
2000410b  Lcd_FontSolid                                    
2000410c  Lcd_Orientation                                  
2000410d  Lcd_PenSolid                                     
20004104  Lcd_ScreenHeigth                                 
20004106  Lcd_ScreenWidth                                  
20004108  Lcd_TouchTrim                                    
000040cf  MemManage_Handler                                
000040cf  NMI_Handler                                      
000040cf  PCM_IRQHandler                                   
000040cf  PORT1_IRQHandler                                 
000040cf  PORT2_IRQHandler                                 
000040cf  PORT3_IRQHandler                                 
000040cf  PORT4_IRQHandler                                 
000040cf  PORT5_IRQHandler                                 
000040cf  PORT6_IRQHandler                                 
000040cf  PSS_IRQHandler                                   
000040cf  PendSV_Handler                                   
000040cf  RTC_C_IRQHandler                                 
000040c3  Reset_Handler                                    
000043f0  SHT$$INIT_ARRAY$$Base                            
000043f4  SHT$$INIT_ARRAY$$Limit                           
000002a7  SPI_changeClockPhasePolarity                     
00000201  SPI_changeMasterClock                            
00000459  SPI_clearInterruptFlag                           
000003db  SPI_disableInterrupt                             
00000335  SPI_disableModule                                
000003b5  SPI_enableInterrupt                              
00000319  SPI_enableModule                                 
00000429  SPI_getEnabledInterruptStatus                    
00000401  SPI_getInterruptStatus                           
00000351  SPI_getReceiveBufferAddressForDMA                
0000036d  SPI_getTransmitBufferAddressForDMA               
00000115  SPI_initMaster                                   
00000229  SPI_initSlave                                    
00000399  SPI_isBusy                                       
000002fd  SPI_receiveData                                  
0000047f  SPI_registerInterrupt                            
000001db  SPI_selectFourPinFunctionality                   
000002d7  SPI_transmitData                                 
0000053d  SPI_unregisterInterrupt                          
000040cf  SVC_Handler                                      
000040cf  SysTick_Handler                                  
20004564  SystemCoreClock                                  
00001d01  SystemCoreClockUpdate                            
00001f75  SystemInit                                       
00003107  T32_INT1_IRQHandler                              
00003107  T32_INT1_IRQHandler                              
000040cf  T32_INT2_IRQHandler                              
000040cf  T32_INTC_IRQHandler                              
000040cf  TA0_0_IRQHandler                                 
000040cf  TA0_N_IRQHandler                                 
000040cf  TA1_0_IRQHandler                                 
000040cf  TA1_N_IRQHandler                                 
000040cf  TA2_0_IRQHandler                                 
000040cf  TA2_N_IRQHandler                                 
000040cf  TA3_0_IRQHandler                                 
000040cf  TA3_N_IRQHandler                                 
200040c0  UniqueADC                                        
000040cf  UsageFault_Handler                               
4000480c  WDTCTL_SYM                                       
000040cf  WDT_A_IRQHandler                                 
000030d3  _Z5Setupv                                        
00004099  _ZN10__cxxabiv117__class_type_infoD0Ev           
00004109  _ZN10__cxxabiv117__class_type_infoD1Ev           
00004109  _ZN10__cxxabiv117__class_type_infoD2Ev           
000040a7  _ZN10__cxxabiv120__si_class_type_infoD0Ev        
0000410d  _ZN10__cxxabiv120__si_class_type_infoD1Ev        
0000410d  _ZN10__cxxabiv120__si_class_type_infoD2Ev        
00003ef3  _ZN10st_MessageC1Ev                              
00002e11  _ZN12ScreenWriter3runEv                          
00002f93  _ZN12ScreenWriter5setupEv                        
00002db5  _ZN12ScreenWriterC1Ev                            
00002db5  _ZN12ScreenWriterC2Ev                            
00003b6d  _ZN4Task10getMessageEh                           
00003b83  _ZN4Task11sendMessageE10st_Message               
20004558  _ZN4Task14m_u8NextTaskIDE                        
000040d1  _ZN4Task3runEv                                   
000040dd  _ZN4Task5setupEv                                 
00003b29  _ZN4TaskC1Ev                                     
00003b29  _ZN4TaskC2Ev                                     
0000340b  _ZN6ADC_en3runEv                                 
00003475  _ZN6ADC_en5setupEv                               
000033df  _ZN6ADC_enC1Ev                                   
000033df  _ZN6ADC_enC2Ev                                   
000039e5  _ZN7Mailbox10getMailboxEv                        
00003a49  _ZN7Mailbox10getMessageEh                        
00003a11  _ZN7Mailbox11sendMessageE10st_Message            
2000454c  _ZN7Mailbox7MailObjE                             
0000407d  _ZN7MailboxC1Ev                                  
00002b97  _ZN9AngleCalc3runEv                              
00002d7b  _ZN9AngleCalc5setupEv                            
00002b7d  _ZN9AngleCalcC1Ev                                
00002b7d  _ZN9AngleCalcC2Ev                                
000028e5  _ZN9Scheduler17DefineDestinationEP4TaskS1_       
000028fd  _ZN9Scheduler21CalculateNextScheduleEv           
00002909  _ZN9Scheduler22SortScheduleByPriorityEP4Task     
00002779  _ZN9Scheduler3runEv                              
00002899  _ZN9Scheduler5setupEv                            
000026df  _ZN9Scheduler6attachEP4Task8TaskType10TaskActivey
0000269d  _ZN9SchedulerC1Ev                                
0000269d  _ZN9SchedulerC2Ev                                
000023af  _ZNSt9type_infoD1Ev                              
000023af  _ZNSt9type_infoD2Ev                              
000040e9  _ZSt15get_new_handlerv                           
0000411d  _ZSt17__throw_bad_allocv                         
00004360  _ZTI12ScreenWriter                               
000043b0  _ZTI4Task                                        
0000436c  _ZTI6ADC_en                                      
00004378  _ZTI9AngleCalc                                   
00004384  _ZTIN10__cxxabiv117__class_type_infoE            
00004390  _ZTIN10__cxxabiv120__si_class_type_infoE         
000043b8  _ZTISt9type_info                                 
00004344  _ZTS12ScreenWriter                               
000043e8  _ZTS4Task                                        
000043c0  _ZTS6ADC_en                                      
0000439c  _ZTS9AngleCalc                                   
00004259  _ZTSN10__cxxabiv117__class_type_infoE            
00004234  _ZTSN10__cxxabiv120__si_class_type_infoE         
00004353  _ZTSSt9type_info                                 
000042e4  _ZTV12ScreenWriter                               
000042f4  _ZTV4Task                                        
00004304  _ZTV6ADC_en                                      
00004314  _ZTV9AngleCalc                                   
00004324  _ZTVN10__cxxabiv117__class_type_infoE            
00004334  _ZTVN10__cxxabiv120__si_class_type_infoE         
00004101  _ZdlPv                                           
00004111  _ZdlPvj                                          
00004115  _Znaj                                            
00004059  _Znwj                                            
20010000  __STACK_END                                      
00000200  __STACK_SIZE                                     
00000400  __SYSMEM_SIZE                                    
00004458  __TI_CINIT_Base                                  
00004470  __TI_CINIT_Limit                                 
0000443c  __TI_Handler_Table_Base                          
00004448  __TI_Handler_Table_Limit                         
00003e0d  __TI_auto_init_nobinit                           
00003da3  __TI_decompress_lzss                             
000040b5  __TI_decompress_none                             
ffffffff  __TI_pprof_out_hndl                              
ffffffff  __TI_prof_data_size                              
ffffffff  __TI_prof_data_start                             
00000000  __TI_static_base__                               
000040f5  __TI_zero_init                                   
00003bb5  __aeabi_cdrcmple                                 
00003e6d  __aeabi_d2iz                                     
000031c7  __aeabi_dadd                                     
000034e9  __aeabi_ddiv                                     
00003753  __aeabi_dmul                                     
000031bd  __aeabi_dsub                                     
00003fdd  __aeabi_i2d                                      
00003c3b  __aeabi_memclr                                   
00003c3b  __aeabi_memclr4                                  
00003c3b  __aeabi_memclr8                                  
00003a8d  __aeabi_memcpy                                   
00003a8d  __aeabi_memcpy4                                  
00003a8d  __aeabi_memcpy8                                  
00003c3d  __aeabi_memset                                   
00003c3d  __aeabi_memset4                                  
00003c3d  __aeabi_memset8                                  
ffffffff  __binit__                                        
ffffffff  __c_args__                                       
00004035  __cxa_vec_ctor                                   
UNDEFED   __mpu_init                                       
2000fe00  __stack                                          
00003153  __sti___8_main_cpp_937618a8                      
00003f6d  _c_int00_noargs                                  
2000455c  _lock                                            
00003373  _nop                                             
20004110  _sys_memory                                      
UNDEFED   _system_post_cinit                               
00004119  _system_pre_init                                 
20004560  _unlock                                          
0000411d  abort                                            
000023b1  atan                                             
000023b1  atanl                                            
ffffffff  binit                                            
00003851  free                                             
200040fc  g_Mailbox                                        
200000e8  g_MainScheduler                                  
20000000  g_pfnRAMVectors                                  
00004208  g_sCrystalfontz128x128                           
00000000  interruptVectors                                 
00003043  main                                             
00003cb5  malloc                                           
00003a8d  memcpy                                           
00003c43  memset                                           
00003fa5  minit                                            


GLOBAL SYMBOLS: SORTED BY Symbol Address 

address   name                                             
-------   ----                                             
00000000  __TI_static_base__                               
00000000  interruptVectors                                 
00000115  SPI_initMaster                                   
000001db  SPI_selectFourPinFunctionality                   
00000200  __STACK_SIZE                                     
00000201  SPI_changeMasterClock                            
00000229  SPI_initSlave                                    
000002a7  SPI_changeClockPhasePolarity                     
000002d7  SPI_transmitData                                 
000002fd  SPI_receiveData                                  
00000319  SPI_enableModule                                 
00000335  SPI_disableModule                                
00000351  SPI_getReceiveBufferAddressForDMA                
0000036d  SPI_getTransmitBufferAddressForDMA               
00000399  SPI_isBusy                                       
000003b5  SPI_enableInterrupt                              
000003db  SPI_disableInterrupt                             
00000400  __SYSMEM_SIZE                                    
00000401  SPI_getInterruptStatus                           
00000429  SPI_getEnabledInterruptStatus                    
00000459  SPI_clearInterruptFlag                           
0000047f  SPI_registerInterrupt                            
0000053d  SPI_unregisterInterrupt                          
000005e9  EUSCI_B_SPI_select4PinFunctionality              
00000609  EUSCI_B_SPI_masterChangeClock                    
0000063b  EUSCI_B_SPI_slaveInit                            
00000685  EUSCI_B_SPI_changeClockPhasePolarity             
000006c7  EUSCI_B_SPI_transmitData                         
000006dd  EUSCI_B_SPI_receiveData                          
000006ed  EUSCI_B_SPI_enableInterrupt                      
00000707  EUSCI_B_SPI_disableInterrupt                     
00000721  EUSCI_B_SPI_getInterruptStatus                   
00000739  EUSCI_B_SPI_clearInterruptFlag                   
00000753  EUSCI_B_SPI_enable                               
00000769  EUSCI_B_SPI_disable                              
0000077f  EUSCI_B_SPI_getReceiveBufferAddressForDMA        
0000078d  EUSCI_B_SPI_getTransmitBufferAddressForDMA       
0000079b  EUSCI_B_SPI_isBusy                               
000007b3  EUSCI_A_SPI_select4PinFunctionality              
000007d3  EUSCI_A_SPI_masterChangeClock                    
00000809  EUSCI_A_SPI_slaveInit                            
00000853  EUSCI_A_SPI_changeClockPhasePolarity             
00000895  EUSCI_A_SPI_transmitData                         
000008ab  EUSCI_A_SPI_receiveData                          
000008bb  EUSCI_A_SPI_enableInterrupt                      
000008d5  EUSCI_A_SPI_disableInterrupt                     
000008ef  EUSCI_A_SPI_getInterruptStatus                   
00000907  EUSCI_A_SPI_clearInterruptFlag                   
00000921  EUSCI_A_SPI_enable                               
00000937  EUSCI_A_SPI_disable                              
0000094d  EUSCI_A_SPI_getReceiveBufferAddressForDMA        
0000095b  EUSCI_A_SPI_getTransmitBufferAddressForDMA       
00000969  EUSCI_A_SPI_isBusy                               
00000989  Crystalfontz128x128_Init                         
00000a9d  Crystalfontz128x128_SetDrawFrame                 
00000bcb  Crystalfontz128x128_SetOrientation               
00001001  Graphics_drawLineH                               
0000109d  Graphics_drawLineV                               
0000131d  Graphics_drawLine                                
00001491  GPIO_setAsOutputPin                              
000014cb  GPIO_setAsInputPin                               
00001511  GPIO_setAsPeripheralModuleFunctionOutputPin      
00001595  GPIO_setAsPeripheralModuleFunctionInputPin       
00001619  GPIO_setOutputHighOnPin                          
0000163b  GPIO_setOutputLowOnPin                           
0000165d  GPIO_toggleOutputOnPin                           
0000167f  GPIO_setAsInputPinWithPullDownResistor           
000016d1  GPIO_setAsInputPinWithPullUpResistor             
00001723  GPIO_getInputPinValue                            
00001751  GPIO_enableInterrupt                             
00001773  GPIO_disableInterrupt                            
00001795  GPIO_getInterruptStatus                          
000017b3  GPIO_clearInterruptFlag                          
000017d5  GPIO_interruptEdgeSelect                         
0000180b  GPIO_getEnabledInterruptStatus                   
00001887  GPIO_setDriveStrengthHigh                        
000018a9  GPIO_setDriveStrengthLow                         
000018cb  GPIO_registerInterrupt                           
000018eb  GPIO_unregisterInterrupt                         
00001913  Interrupt_enableMaster                           
00001923  Interrupt_disableMaster                          
00001933  Interrupt_registerInterrupt                      
00001985  Interrupt_unregisterInterrupt                    
00001999  Interrupt_setPriorityGrouping                    
000019b3  Interrupt_getPriorityGrouping                    
000019eb  Interrupt_setPriority                            
00001a3b  Interrupt_getPriority                            
00001a61  Interrupt_enableInterrupt                        
00001ad3  Interrupt_disableInterrupt                       
00001b45  Interrupt_isEnabled                              
00001bd1  Interrupt_pendInterrupt                          
00001c41  Interrupt_unpendInterrupt                        
00001c8f  Interrupt_setPriorityMask                        
00001c9f  Interrupt_getPriorityMask                        
00001ca9  Interrupt_setVectorTableAddress                  
00001cb9  Interrupt_getVectorTableAddress                  
00001cbf  Interrupt_enableSleepOnIsrExit                   
00001cd1  Interrupt_disableSleepOnIsrExit                  
00001d01  SystemCoreClockUpdate                            
00001f75  SystemInit                                       
00002071  Graphics_drawRectangle                           
00002113  Graphics_fillRectangle                           
00002225  Graphics_isRectangleOverlap                      
00002277  Graphics_getRectangleIntersection                
0000235d  Graphics_isPointWithinRectangle                  
000023af  _ZNSt9type_infoD1Ev                              
000023af  _ZNSt9type_infoD2Ev                              
000023b1  atan                                             
000023b1  atanl                                            
0000269d  _ZN9SchedulerC1Ev                                
0000269d  _ZN9SchedulerC2Ev                                
000026df  _ZN9Scheduler6attachEP4Task8TaskType10TaskActivey
00002779  _ZN9Scheduler3runEv                              
00002899  _ZN9Scheduler5setupEv                            
000028e5  _ZN9Scheduler17DefineDestinationEP4TaskS1_       
000028fd  _ZN9Scheduler21CalculateNextScheduleEv           
00002909  _ZN9Scheduler22SortScheduleByPriorityEP4Task     
00002917  Graphics_initContext                             
00002961  Graphics_setClipRegion                           
00002a2b  Graphics_setBackgroundColor                      
00002a45  Graphics_setBackgroundColorTranslated            
00002a5b  Graphics_setFont                                 
00002a75  Graphics_getFontBaseline                         
00002a83  Graphics_setForegroundColor                      
00002a99  Graphics_setForegroundColorTranslated            
00002aab  Graphics_getFontHeight                           
00002ab9  Graphics_getFontMaxWidth                         
00002ac7  Graphics_getDisplayWidth                         
00002ad7  Graphics_getDisplayHeight                        
00002ae7  Graphics_getHeightOfDisplay                      
00002af5  Graphics_flushBuffer                             
00002b03  Graphics_clearDisplay                            
00002b15  Graphics_drawPixel                               
00002b6f  Graphics_getWidthOfDisplay                       
00002b7d  _ZN9AngleCalcC1Ev                                
00002b7d  _ZN9AngleCalcC2Ev                                
00002b97  _ZN9AngleCalc3runEv                              
00002d7b  _ZN9AngleCalc5setupEv                            
00002db5  _ZN12ScreenWriterC1Ev                            
00002db5  _ZN12ScreenWriterC2Ev                            
00002e11  _ZN12ScreenWriter3runEv                          
00002f93  _ZN12ScreenWriter5setupEv                        
00003043  main                                             
000030d3  _Z5Setupv                                        
00003107  T32_INT1_IRQHandler                              
00003107  T32_INT1_IRQHandler                              
0000312f  ADC14_IRQHandler                                 
0000312f  ADC14_IRQHandler                                 
00003153  __sti___8_main_cpp_937618a8                      
000031bd  __aeabi_dsub                                     
000031c7  __aeabi_dadd                                     
00003373  _nop                                             
000033df  _ZN6ADC_enC1Ev                                   
000033df  _ZN6ADC_enC2Ev                                   
0000340b  _ZN6ADC_en3runEv                                 
00003475  _ZN6ADC_en5setupEv                               
000034e9  __aeabi_ddiv                                     
0000361f  Graphics_drawPixelOnDisplay                      
00003649  Graphics_drawMultiplePixelsOnDisplay             
0000368d  Graphics_drawHorizontalLineOnDisplay             
000036c1  Graphics_drawVerticalLineOnDisplay               
000036f5  Graphics_fillRectangleOnDisplay                  
00003713  Graphics_translateColorOnDisplay                 
00003729  Graphics_flushOnDisplay                          
0000373b  Graphics_clearDisplayOnDisplay                   
00003753  __aeabi_dmul                                     
00003851  free                                             
00003929  HAL_LCD_PortInit                                 
00003959  HAL_LCD_SpiInit                                  
0000398f  HAL_LCD_writeCommand                             
000039b7  HAL_LCD_writeData                                
000039e5  _ZN7Mailbox10getMailboxEv                        
00003a11  _ZN7Mailbox11sendMessageE10st_Message            
00003a49  _ZN7Mailbox10getMessageEh                        
00003a8d  __aeabi_memcpy                                   
00003a8d  __aeabi_memcpy4                                  
00003a8d  __aeabi_memcpy8                                  
00003a8d  memcpy                                           
00003b29  _ZN4TaskC1Ev                                     
00003b29  _ZN4TaskC2Ev                                     
00003b6d  _ZN4Task10getMessageEh                           
00003b83  _ZN4Task11sendMessageE10st_Message               
00003bb5  __aeabi_cdrcmple                                 
00003c3b  __aeabi_memclr                                   
00003c3b  __aeabi_memclr4                                  
00003c3b  __aeabi_memclr8                                  
00003c3d  __aeabi_memset                                   
00003c3d  __aeabi_memset4                                  
00003c3d  __aeabi_memset8                                  
00003c43  memset                                           
00003cb5  malloc                                           
00003da3  __TI_decompress_lzss                             
00003e0d  __TI_auto_init_nobinit                           
00003e6d  __aeabi_d2iz                                     
00003eb5  CPU_cpsid                                        
00003ec1  CPU_primask                                      
00003ecb  CPU_cpsie                                        
00003ed7  CPU_wfi                                          
00003edb  CPU_basepriSet                                   
00003ee9  CPU_basepriGet                                   
00003ef3  _ZN10st_MessageC1Ev                              
00003f6d  _c_int00_noargs                                  
00003fa5  minit                                            
00003fdd  __aeabi_i2d                                      
00004035  __cxa_vec_ctor                                   
00004059  _Znwj                                            
0000407d  _ZN7MailboxC1Ev                                  
00004099  _ZN10__cxxabiv117__class_type_infoD0Ev           
000040a7  _ZN10__cxxabiv120__si_class_type_infoD0Ev        
000040b5  __TI_decompress_none                             
000040c3  Reset_Handler                                    
000040cf  AES256_IRQHandler                                
000040cf  BusFault_Handler                                 
000040cf  COMP_E0_IRQHandler                               
000040cf  COMP_E1_IRQHandler                               
000040cf  CS_IRQHandler                                    
000040cf  DMA_ERR_IRQHandler                               
000040cf  DMA_INT0_IRQHandler                              
000040cf  DMA_INT1_IRQHandler                              
000040cf  DMA_INT2_IRQHandler                              
000040cf  DMA_INT3_IRQHandler                              
000040cf  DebugMon_Handler                                 
000040cf  Default_Handler                                  
000040cf  EUSCIA0_IRQHandler                               
000040cf  EUSCIA1_IRQHandler                               
000040cf  EUSCIA2_IRQHandler                               
000040cf  EUSCIA3_IRQHandler                               
000040cf  EUSCIB0_IRQHandler                               
000040cf  EUSCIB1_IRQHandler                               
000040cf  EUSCIB2_IRQHandler                               
000040cf  EUSCIB3_IRQHandler                               
000040cf  FLCTL_IRQHandler                                 
000040cf  FPU_IRQHandler                                   
000040cf  HardFault_Handler                                
000040cf  MemManage_Handler                                
000040cf  NMI_Handler                                      
000040cf  PCM_IRQHandler                                   
000040cf  PORT1_IRQHandler                                 
000040cf  PORT2_IRQHandler                                 
000040cf  PORT3_IRQHandler                                 
000040cf  PORT4_IRQHandler                                 
000040cf  PORT5_IRQHandler                                 
000040cf  PORT6_IRQHandler                                 
000040cf  PSS_IRQHandler                                   
000040cf  PendSV_Handler                                   
000040cf  RTC_C_IRQHandler                                 
000040cf  SVC_Handler                                      
000040cf  SysTick_Handler                                  
000040cf  T32_INT2_IRQHandler                              
000040cf  T32_INTC_IRQHandler                              
000040cf  TA0_0_IRQHandler                                 
000040cf  TA0_N_IRQHandler                                 
000040cf  TA1_0_IRQHandler                                 
000040cf  TA1_N_IRQHandler                                 
000040cf  TA2_0_IRQHandler                                 
000040cf  TA2_N_IRQHandler                                 
000040cf  TA3_0_IRQHandler                                 
000040cf  TA3_N_IRQHandler                                 
000040cf  UsageFault_Handler                               
000040cf  WDT_A_IRQHandler                                 
000040d1  _ZN4Task3runEv                                   
000040dd  _ZN4Task5setupEv                                 
000040e9  _ZSt15get_new_handlerv                           
000040f5  __TI_zero_init                                   
00004101  _ZdlPv                                           
00004109  _ZN10__cxxabiv117__class_type_infoD1Ev           
00004109  _ZN10__cxxabiv117__class_type_infoD2Ev           
0000410d  _ZN10__cxxabiv120__si_class_type_infoD1Ev        
0000410d  _ZN10__cxxabiv120__si_class_type_infoD2Ev        
00004111  _ZdlPvj                                          
00004115  _Znaj                                            
00004119  _system_pre_init                                 
0000411d  C$$EXIT                                          
0000411d  _ZSt17__throw_bad_allocv                         
0000411d  abort                                            
00004208  g_sCrystalfontz128x128                           
00004234  _ZTSN10__cxxabiv120__si_class_type_infoE         
00004259  _ZTSN10__cxxabiv117__class_type_infoE            
000042e4  _ZTV12ScreenWriter                               
000042f4  _ZTV4Task                                        
00004304  _ZTV6ADC_en                                      
00004314  _ZTV9AngleCalc                                   
00004324  _ZTVN10__cxxabiv117__class_type_infoE            
00004334  _ZTVN10__cxxabiv120__si_class_type_infoE         
00004344  _ZTS12ScreenWriter                               
00004353  _ZTSSt9type_info                                 
00004360  _ZTI12ScreenWriter                               
0000436c  _ZTI6ADC_en                                      
00004378  _ZTI9AngleCalc                                   
00004384  _ZTIN10__cxxabiv117__class_type_infoE            
00004390  _ZTIN10__cxxabiv120__si_class_type_infoE         
0000439c  _ZTS9AngleCalc                                   
000043b0  _ZTI4Task                                        
000043b8  _ZTISt9type_info                                 
000043c0  _ZTS6ADC_en                                      
000043e8  _ZTS4Task                                        
000043f0  SHT$$INIT_ARRAY$$Base                            
000043f4  SHT$$INIT_ARRAY$$Limit                           
0000443c  __TI_Handler_Table_Base                          
00004448  __TI_Handler_Table_Limit                         
00004458  __TI_CINIT_Base                                  
00004470  __TI_CINIT_Limit                                 
20000000  g_pfnRAMVectors                                  
200000e8  g_MainScheduler                                  
200040c0  UniqueADC                                        
200040fc  g_Mailbox                                        
20004104  Lcd_ScreenHeigth                                 
20004106  Lcd_ScreenWidth                                  
20004108  Lcd_TouchTrim                                    
2000410a  Lcd_FlagRead                                     
2000410b  Lcd_FontSolid                                    
2000410c  Lcd_Orientation                                  
2000410d  Lcd_PenSolid                                     
20004110  _sys_memory                                      
2000454c  _ZN7Mailbox7MailObjE                             
20004558  _ZN4Task14m_u8NextTaskIDE                        
2000455c  _lock                                            
20004560  _unlock                                          
20004564  SystemCoreClock                                  
2000fe00  __stack                                          
20010000  __STACK_END                                      
4000480c  WDTCTL_SYM                                       
ffffffff  __TI_pprof_out_hndl                              
ffffffff  __TI_prof_data_size                              
ffffffff  __TI_prof_data_start                             
ffffffff  __binit__                                        
ffffffff  __c_args__                                       
ffffffff  binit                                            
UNDEFED   __mpu_init                                       
UNDEFED   _system_post_cinit                               

[330 symbols]
