******************************************************************************
                  TI ARM Linker Unix v18.1.1                   
******************************************************************************
>> Linked Thu May 17 14:48:33 2018

OUTPUT FILE NAME:   <labo2.out>
ENTRY POINT SYMBOL: "_c_int00_noargs"  address: 000016ad


MEMORY CONFIGURATION

         name            origin    length      used     unused   attr    fill
----------------------  --------  ---------  --------  --------  ----  --------
  MAIN                  00000000   00040000  00001a2f  0003e5d1  R  X
  INFO                  00200000   00004000  00000000  00004000  R  X
  SRAM_CODE             01000000   00010000  00004610  0000b9f0  RW X
  SRAM_DATA             20000000   00010000  00004610  0000b9f0  RW  


SEGMENT ALLOCATION MAP

run origin  load origin   length   init length attrs members
----------  ----------- ---------- ----------- ----- -------
00000000    00000000    00001a30   00001a30    r-x
  00000000    00000000    000000e4   000000e4    r-- .intvecs
  000000e4    000000e4    00001744   00001744    r-x .text
  00001828    00001828    000001bb   000001bb    r-- .const
  000019e4    000019e4    00000004   00000004    r-- .init_array
  000019e8    000019e8    00000048   00000048    r-- .cinit
20000000    20000000    00004410   00000000    rw-
  20000000    20000000    00003fe0   00000000    rw- .bss
  20003fe0    20003fe0    00000400   00000000    rw- .sysmem
  200043e0    200043e0    00000030   00000000    rw- .data
2000fe00    2000fe00    00000200   00000000    rw-
  2000fe00    2000fe00    00000200   00000000    rw- .stack


SECTION ALLOCATION MAP

 output                                  attributes/
section   page    origin      length       input sections
--------  ----  ----------  ----------   ----------------
.intvecs   0    00000000    000000e4     
                  00000000    000000e4     startup_msp432p401r_ccs.obj (.intvecs:retain)

.binit     0    00000000    00000000     

.text      0    000000e4    00001744     
                  000000e4    0000032c     system_msp432p401r.obj (.text)
                  00000410    000002ec     rtsv7M4_T_le_v4SPD16_eabi.lib : s_atan.c.obj (.text:atan)
                  000006fc    00000262     Scheduler.obj (.text)
                  0000095e    00000002     rtsv7M4_T_le_v4SPD16_eabi.lib : stdlib_typeinfo.cpp.obj (.text:_ZNSt9type_infoD1Ev)
                  00000960    000001f0     main.obj (.text)
                  00000b50    000001b6     rtsv7M4_T_le_v4SPD16_eabi.lib : fd_add_t2.asm.obj (.text)
                  00000d06    00000136                                   : fd_div_t2.asm.obj (.text)
                  00000e3c    00000114     ADC_en.obj (.text)
                  00000f50    000000fc     rtsv7M4_T_le_v4SPD16_eabi.lib : fd_mul_t2.asm.obj (.text)
                  0000104c    000000d8                                   : memory.c.obj (.text:free)
                  00001124    000000b4     AngleCalc.obj (.text)
                  000011d8    0000009c     Mailbox.obj (.text)
                  00001274    0000009c     rtsv7M4_T_le_v4SPD16_eabi.lib : memcpy_t2.asm.obj (.text)
                  00001310    00000086                                   : fd_cmp_t2.asm.obj (.text:__aeabi_cdrcmple)
                  00001396    0000007a                                   : memset_t2.asm.obj (.text)
                  00001410    00000078                                   : memory.c.obj (.text:malloc)
                  00001488    00000070     Task.obj (.text)
                  000014f8    00000068     LED.obj (.text)
                  00001560    00000068     rtsv7M4_T_le_v4SPD16_eabi.lib : copy_decompress_lzss.c.obj (.text:decompress:lzss:__TI_decompress_lzss)
                  000015c8    00000060                                   : autoinit.c.obj (.text:__TI_auto_init_nobinit:__TI_auto_init_nobinit)
                  00001628    00000048                                   : fd_toi_t2.asm.obj (.text)
                  00001670    0000003c                                   : memory.c.obj (.text:minsert)
                  000016ac    00000038                                   : boot_cortex_m.c.obj (.text:_c_int00_noargs:_c_int00_noargs)
                  000016e4    00000038                                   : memory.c.obj (.text:minit)
                  0000171c    0000002e                                   : i_tofd_t2.asm.obj (.text)
                  0000174a    00000002                                   : _lock.c.obj (.text:_nop)
                  0000174c    00000028                                   : memory.c.obj (.text:mremove)
                  00001774    00000022                                   : new.cpp.obj (.text:_Znwj)
                  00001796    0000000e                                   : typeinfo.c.obj (.text:_ZN10__cxxabiv117__class_type_infoD0Ev)
                  000017a4    0000000e                                   : typeinfo.c.obj (.text:_ZN10__cxxabiv120__si_class_type_infoD0Ev)
                  000017b2    0000000e                                   : copy_decompress_none.c.obj (.text:decompress:none:__TI_decompress_none)
                  000017c0    0000000e     startup_msp432p401r_ccs.obj (.text)
                  000017ce    0000000c     Task.obj (.text:_ZN4Task3runEv)
                  000017da    0000000c     Task.obj (.text:_ZN4Task5setupEv)
                  000017e6    0000000c     Mailbox.obj (.text:_ZN7MailboxC1Ev)
                  000017f2    00000002     --HOLE-- [fill = 0]
                  000017f4    0000000c     rtsv7M4_T_le_v4SPD16_eabi.lib : new.cpp.obj (.text:_ZSt15get_new_handlerv)
                  00001800    0000000c                                   : copy_zero_init.c.obj (.text:decompress:ZI:__TI_zero_init)
                  0000180c    00000008                                   : new.cpp.obj (.text:_ZdlPv)
                  00001814    00000004                                   : typeinfo.c.obj (.text:_ZN10__cxxabiv117__class_type_infoD1Ev)
                  00001818    00000004                                   : typeinfo.c.obj (.text:_ZN10__cxxabiv120__si_class_type_infoD1Ev)
                  0000181c    00000004                                   : new.cpp.obj (.text:_ZdlPvj)
                  00001820    00000004                                   : pre_init.c.obj (.text:_system_pre_init)
                  00001824    00000004                                   : exit.c.obj (.text:abort:abort)

.const     0    00001828    000001bb     
                  00001828    00000098     rtsv7M4_T_le_v4SPD16_eabi.lib : s_atan.c.obj (.const:$O1$$)
                  000018c0    00000025                                   : typeinfo.c.obj (.const:.typeinfo:_ZTSN10__cxxabiv120__si_class_type_infoE)
                  000018e5    00000022                                   : typeinfo.c.obj (.const:.typeinfo:_ZTSN10__cxxabiv117__class_type_infoE)
                  00001907    00000001     --HOLE-- [fill = 0]
                  00001908    00000010     LED.obj (.const:_ZTV3LED)
                  00001918    00000010     Task.obj (.const:_ZTV4Task)
                  00001928    00000010     ADC_en.obj (.const:_ZTV6ADC_en)
                  00001938    00000010     AngleCalc.obj (.const:_ZTV9AngleCalc)
                  00001948    00000010     rtsv7M4_T_le_v4SPD16_eabi.lib : typeinfo.c.obj (.const:_ZTVN10__cxxabiv117__class_type_infoE)
                  00001958    00000010                                   : typeinfo.c.obj (.const:_ZTVN10__cxxabiv120__si_class_type_infoE)
                  00001968    0000000d                                   : stdlib_typeinfo.cpp.obj (.const:.typeinfo:_ZTSSt9type_info)
                  00001975    00000003     --HOLE-- [fill = 0]
                  00001978    0000000c     LED.obj (.const:.typeinfo:_ZTI3LED)
                  00001984    0000000c     ADC_en.obj (.const:.typeinfo:_ZTI6ADC_en)
                  00001990    0000000c     AngleCalc.obj (.const:.typeinfo:_ZTI9AngleCalc)
                  0000199c    0000000c     rtsv7M4_T_le_v4SPD16_eabi.lib : typeinfo.c.obj (.const:.typeinfo:_ZTIN10__cxxabiv117__class_type_infoE)
                  000019a8    0000000c                                   : typeinfo.c.obj (.const:.typeinfo:_ZTIN10__cxxabiv120__si_class_type_infoE)
                  000019b4    0000000b     AngleCalc.obj (.const:.typeinfo:_ZTS9AngleCalc)
                  000019bf    00000001     --HOLE-- [fill = 0]
                  000019c0    00000008     ADC_en.obj (.const:.typeinfo:_ZTI4Task)
                  000019c8    00000008     rtsv7M4_T_le_v4SPD16_eabi.lib : stdlib_typeinfo.cpp.obj (.const:.typeinfo:_ZTISt9type_info)
                  000019d0    00000008     ADC_en.obj (.const:.typeinfo:_ZTS6ADC_en)
                  000019d8    00000006     ADC_en.obj (.const:.typeinfo:_ZTS4Task)
                  000019de    00000005     LED.obj (.const:.typeinfo:_ZTS3LED)

.cinit     0    000019e8    00000048     
                  000019e8    0000001e     (.cinit..data.load) [load image, compression = lzss]
                  00001a06    00000002     --HOLE-- [fill = 0]
                  00001a08    0000000c     (__TI_handler_table)
                  00001a14    00000004     --HOLE-- [fill = 0]
                  00001a18    00000008     (.cinit..bss.load) [load image, compression = zero_init]
                  00001a20    00000010     (__TI_cinit_table)

.init_array 
*          0    000019e4    00000004     
                  000019e4    00000004     main.obj (.init_array)

.bss       0    20000000    00003fe0     UNINITIALIZED
                  20000000    00003fd8     main.obj (.bss:g_MainScheduler)
                  20003fd8    00000004     main.obj (.bss)
                  20003fdc    00000004     rtsv7M4_T_le_v4SPD16_eabi.lib : new.cpp.obj (.bss)

.sysmem    0    20003fe0    00000400     UNINITIALIZED
                  20003fe0    00000008     rtsv7M4_T_le_v4SPD16_eabi.lib : memory.c.obj (.sysmem)
                  20003fe8    000003f8     --HOLE--

.data      0    200043e0    00000030     UNINITIALIZED
                  200043e0    00000011     main.obj (.data)
                  200043f1    00000003     --HOLE--
                  200043f4    0000000c     rtsv7M4_T_le_v4SPD16_eabi.lib : memory.c.obj (.data:$O1$$)
                  20004400    00000008                                   : _lock.c.obj (.data:$O1$$)
                  20004408    00000004     Mailbox.obj (.data)
                  2000440c    00000004     system_msp432p401r.obj (.data)

.stack     0    2000fe00    00000200     UNINITIALIZED
                  2000fe00    00000004     rtsv7M4_T_le_v4SPD16_eabi.lib : boot_cortex_m.c.obj (.stack)
                  2000fe04    000001fc     --HOLE--

MODULE SUMMARY

       Module                        code   ro data   rw data
       ------                        ----   -------   -------
    ./
       main.obj                      496    4         32730  
       system_msp432p401r.obj        812    0         8      
       Scheduler.obj                 610    0         0      
       ADC_en.obj                    276    50        0      
       startup_msp432p401r_ccs.obj   14     228       0      
       AngleCalc.obj                 180    39        0      
       Mailbox.obj                   168    0         8      
       Task.obj                      136    16        0      
       LED.obj                       104    33        0      
    +--+-----------------------------+------+---------+---------+
       Total:                        2796   370       32746  
                                                             
    /home/juan/ti/ccsv7/tools/compiler/ti-cgt-arm_18.1.1.LTS/lib/rtsv7M4_T_le_v4SPD16_eabi.lib
       s_atan.c.obj                  748    152       0      
       memory.c.obj                  492    0         24     
       fd_add_t2.asm.obj             438    0         0      
       fd_div_t2.asm.obj             310    0         0      
       fd_mul_t2.asm.obj             252    0         0      
       typeinfo.c.obj                36     127       0      
       memcpy_t2.asm.obj             156    0         0      
       fd_cmp_t2.asm.obj             134    0         0      
       memset_t2.asm.obj             122    0         0      
       copy_decompress_lzss.c.obj    104    0         0      
       autoinit.c.obj                96     0         0      
       fd_toi_t2.asm.obj             72     0         0      
       new.cpp.obj                   58     0         8      
       boot_cortex_m.c.obj           56     0         0      
       i_tofd_t2.asm.obj             46     0         0      
       stdlib_typeinfo.cpp.obj       2      21        0      
       _lock.c.obj                   2      0         16     
       copy_decompress_none.c.obj    14     0         0      
       copy_zero_init.c.obj          12     0         0      
       exit.c.obj                    4      0         0      
       pre_init.c.obj                4      0         0      
    +--+-----------------------------+------+---------+---------+
       Total:                        3158   300       48     
                                                             
       Heap:                         0      0         2048   
       Stack:                        0      0         1024   
       Linker Generated:             0      66        0      
    +--+-----------------------------+------+---------+---------+
       Grand Total:                  5954   736       35866  


LINKER GENERATED COPY TABLES

__TI_cinit_table @ 00001a20 records: 2, size/record: 8, table size: 16
	.data: load addr=000019e8, load size=0000001e bytes, run addr=200043e0, run size=00000030 bytes, compression=lzss
	.bss: load addr=00001a18, load size=00000008 bytes, run addr=20000000, run size=00003fe0 bytes, compression=zero_init


LINKER GENERATED HANDLER TABLE

__TI_handler_table @ 00001a08 records: 3, size/record: 4, table size: 12
	index: 0, handler: __TI_decompress_lzss
	index: 1, handler: __TI_decompress_none
	index: 2, handler: __TI_zero_init


GLOBAL SYMBOLS: SORTED ALPHABETICALLY BY Name 

address   name                                             
-------   ----                                             
00000acf  ADC14_IRQHandler                                 
00000acf  ADC14_IRQHandler                                 
000017cd  AES256_IRQHandler                                
000017cd  BusFault_Handler                                 
00001825  C$$EXIT                                          
000017cd  COMP_E0_IRQHandler                               
000017cd  COMP_E1_IRQHandler                               
000017cd  CS_IRQHandler                                    
000017cd  DMA_ERR_IRQHandler                               
000017cd  DMA_INT0_IRQHandler                              
000017cd  DMA_INT1_IRQHandler                              
000017cd  DMA_INT2_IRQHandler                              
000017cd  DMA_INT3_IRQHandler                              
000017cd  DebugMon_Handler                                 
000017cd  Default_Handler                                  
000017cd  EUSCIA0_IRQHandler                               
000017cd  EUSCIA1_IRQHandler                               
000017cd  EUSCIA2_IRQHandler                               
000017cd  EUSCIA3_IRQHandler                               
000017cd  EUSCIB0_IRQHandler                               
000017cd  EUSCIB1_IRQHandler                               
000017cd  EUSCIB2_IRQHandler                               
000017cd  EUSCIB3_IRQHandler                               
000017cd  FLCTL_IRQHandler                                 
000017cd  FPU_IRQHandler                                   
000017cd  HardFault_Handler                                
000017cd  MemManage_Handler                                
000017cd  NMI_Handler                                      
000017cd  PCM_IRQHandler                                   
000017cd  PORT1_IRQHandler                                 
000017cd  PORT2_IRQHandler                                 
000017cd  PORT3_IRQHandler                                 
000017cd  PORT4_IRQHandler                                 
000017cd  PORT5_IRQHandler                                 
000017cd  PORT6_IRQHandler                                 
000017cd  PSS_IRQHandler                                   
000017cd  PendSV_Handler                                   
000017cd  RTC_C_IRQHandler                                 
000017c1  Reset_Handler                                    
000019e4  SHT$$INIT_ARRAY$$Base                            
000019e8  SHT$$INIT_ARRAY$$Limit                           
000017cd  SVC_Handler                                      
000017cd  SysTick_Handler                                  
2000440c  SystemCoreClock                                  
000000e5  SystemCoreClockUpdate                            
00000359  SystemInit                                       
00000aa7  T32_INT1_IRQHandler                              
00000aa7  T32_INT1_IRQHandler                              
000017cd  T32_INT2_IRQHandler                              
000017cd  T32_INTC_IRQHandler                              
000017cd  TA0_0_IRQHandler                                 
000017cd  TA0_N_IRQHandler                                 
000017cd  TA1_0_IRQHandler                                 
000017cd  TA1_N_IRQHandler                                 
000017cd  TA2_0_IRQHandler                                 
000017cd  TA2_N_IRQHandler                                 
000017cd  TA3_0_IRQHandler                                 
000017cd  TA3_N_IRQHandler                                 
000017cd  UsageFault_Handler                               
4000480c  WDTCTL_SYM                                       
000017cd  WDT_A_IRQHandler                                 
00000a73  _Z5Setupv                                        
00001797  _ZN10__cxxabiv117__class_type_infoD0Ev           
00001815  _ZN10__cxxabiv117__class_type_infoD1Ev           
00001815  _ZN10__cxxabiv117__class_type_infoD2Ev           
000017a5  _ZN10__cxxabiv120__si_class_type_infoD0Ev        
00001819  _ZN10__cxxabiv120__si_class_type_infoD1Ev        
00001819  _ZN10__cxxabiv120__si_class_type_infoD2Ev        
00001519  _ZN3LED3runEv                                    
00001531  _ZN3LED5setupEv                                  
000014f9  _ZN3LEDC1Et                                      
000014f9  _ZN3LEDC2Et                                      
000014b5  _ZN4Task10getMessageEh                           
000014cb  _ZN4Task11sendMessageE10st_Message               
200043f0  _ZN4Task14m_u8NextTaskIDE                        
000017cf  _ZN4Task3runEv                                   
000017db  _ZN4Task5setupEv                                 
00001489  _ZN4TaskC1Ev                                     
00001489  _ZN4TaskC2Ev                                     
00000ec7  _ZN6ADC_en3runEv                                 
00000edf  _ZN6ADC_en5setupEv                               
00000ea7  _ZN6ADC_enC1Et                                   
00000ea7  _ZN6ADC_enC2Et                                   
000011d9  _ZN7Mailbox10getMailboxEv                        
00001245  _ZN7Mailbox10getMessageEh                        
00001205  _ZN7Mailbox11sendMessageE10st_Message            
20004408  _ZN7Mailbox7MailObjE                             
000017e7  _ZN7MailboxC1Ev                                  
00001145  _ZN9AngleCalc3runEv                              
000011b5  _ZN9AngleCalc5setupEv                            
00001125  _ZN9AngleCalcC1Et                                
00001125  _ZN9AngleCalcC2Et                                
00000945  _ZN9Scheduler21CalculateNextScheduleEv           
00000951  _ZN9Scheduler22SortScheduleByPriorityEP4Task     
000007d9  _ZN9Scheduler3runEv                              
000008f9  _ZN9Scheduler5setupEv                            
0000073f  _ZN9Scheduler6attachEP4Task8TaskType10TaskActivey
000006fd  _ZN9SchedulerC1Ev                                
000006fd  _ZN9SchedulerC2Ev                                
0000095f  _ZNSt9type_infoD1Ev                              
0000095f  _ZNSt9type_infoD2Ev                              
000017f5  _ZSt15get_new_handlerv                           
00001825  _ZSt17__throw_bad_allocv                         
00001978  _ZTI3LED                                         
000019c0  _ZTI4Task                                        
00001984  _ZTI6ADC_en                                      
00001990  _ZTI9AngleCalc                                   
0000199c  _ZTIN10__cxxabiv117__class_type_infoE            
000019a8  _ZTIN10__cxxabiv120__si_class_type_infoE         
000019c8  _ZTISt9type_info                                 
000019de  _ZTS3LED                                         
000019d8  _ZTS4Task                                        
000019d0  _ZTS6ADC_en                                      
000019b4  _ZTS9AngleCalc                                   
000018e5  _ZTSN10__cxxabiv117__class_type_infoE            
000018c0  _ZTSN10__cxxabiv120__si_class_type_infoE         
00001968  _ZTSSt9type_info                                 
00001908  _ZTV3LED                                         
00001918  _ZTV4Task                                        
00001928  _ZTV6ADC_en                                      
00001938  _ZTV9AngleCalc                                   
00001948  _ZTVN10__cxxabiv117__class_type_infoE            
00001958  _ZTVN10__cxxabiv120__si_class_type_infoE         
0000180d  _ZdlPv                                           
0000181d  _ZdlPvj                                          
00001775  _Znwj                                            
20010000  __STACK_END                                      
00000200  __STACK_SIZE                                     
00000400  __SYSMEM_SIZE                                    
00001a20  __TI_CINIT_Base                                  
00001a30  __TI_CINIT_Limit                                 
00001a08  __TI_Handler_Table_Base                          
00001a14  __TI_Handler_Table_Limit                         
000015c9  __TI_auto_init_nobinit                           
00001561  __TI_decompress_lzss                             
000017b3  __TI_decompress_none                             
ffffffff  __TI_pprof_out_hndl                              
ffffffff  __TI_prof_data_size                              
ffffffff  __TI_prof_data_start                             
00000000  __TI_static_base__                               
00001801  __TI_zero_init                                   
00001311  __aeabi_cdrcmple                                 
00001629  __aeabi_d2iz                                     
00000b5b  __aeabi_dadd                                     
00000d07  __aeabi_ddiv                                     
00000f51  __aeabi_dmul                                     
00000b51  __aeabi_dsub                                     
0000171d  __aeabi_i2d                                      
00001397  __aeabi_memclr                                   
00001397  __aeabi_memclr4                                  
00001397  __aeabi_memclr8                                  
00001275  __aeabi_memcpy                                   
00001275  __aeabi_memcpy4                                  
00001275  __aeabi_memcpy8                                  
00001399  __aeabi_memset                                   
00001399  __aeabi_memset4                                  
00001399  __aeabi_memset8                                  
ffffffff  __binit__                                        
ffffffff  __c_args__                                       
UNDEFED   __mpu_init                                       
2000fe00  __stack                                          
00000af3  __sti___8_main_cpp_937618a8                      
000016ad  _c_int00_noargs                                  
20004400  _lock                                            
0000174b  _nop                                             
20003fe0  _sys_memory                                      
UNDEFED   _system_post_cinit                               
00001821  _system_pre_init                                 
20004404  _unlock                                          
00001825  abort                                            
00000411  atan                                             
00000411  atanl                                            
ffffffff  binit                                            
0000104d  free                                             
20003fd8  g_Mailbox                                        
20000000  g_MainScheduler                                  
200043e8  g_i16AdcXResult                                  
200043ea  g_i16AdcYResult                                  
200043ec  g_i16AdcZResult                                  
200043ee  g_iAngleResult                                   
00000000  interruptVectors                                 
000009cb  main                                             
00001411  malloc                                           
00001275  memcpy                                           
0000139f  memset                                           
000016e5  minit                                            


GLOBAL SYMBOLS: SORTED BY Symbol Address 

address   name                                             
-------   ----                                             
00000000  __TI_static_base__                               
00000000  interruptVectors                                 
000000e5  SystemCoreClockUpdate                            
00000200  __STACK_SIZE                                     
00000359  SystemInit                                       
00000400  __SYSMEM_SIZE                                    
00000411  atan                                             
00000411  atanl                                            
000006fd  _ZN9SchedulerC1Ev                                
000006fd  _ZN9SchedulerC2Ev                                
0000073f  _ZN9Scheduler6attachEP4Task8TaskType10TaskActivey
000007d9  _ZN9Scheduler3runEv                              
000008f9  _ZN9Scheduler5setupEv                            
00000945  _ZN9Scheduler21CalculateNextScheduleEv           
00000951  _ZN9Scheduler22SortScheduleByPriorityEP4Task     
0000095f  _ZNSt9type_infoD1Ev                              
0000095f  _ZNSt9type_infoD2Ev                              
000009cb  main                                             
00000a73  _Z5Setupv                                        
00000aa7  T32_INT1_IRQHandler                              
00000aa7  T32_INT1_IRQHandler                              
00000acf  ADC14_IRQHandler                                 
00000acf  ADC14_IRQHandler                                 
00000af3  __sti___8_main_cpp_937618a8                      
00000b51  __aeabi_dsub                                     
00000b5b  __aeabi_dadd                                     
00000d07  __aeabi_ddiv                                     
00000ea7  _ZN6ADC_enC1Et                                   
00000ea7  _ZN6ADC_enC2Et                                   
00000ec7  _ZN6ADC_en3runEv                                 
00000edf  _ZN6ADC_en5setupEv                               
00000f51  __aeabi_dmul                                     
0000104d  free                                             
00001125  _ZN9AngleCalcC1Et                                
00001125  _ZN9AngleCalcC2Et                                
00001145  _ZN9AngleCalc3runEv                              
000011b5  _ZN9AngleCalc5setupEv                            
000011d9  _ZN7Mailbox10getMailboxEv                        
00001205  _ZN7Mailbox11sendMessageE10st_Message            
00001245  _ZN7Mailbox10getMessageEh                        
00001275  __aeabi_memcpy                                   
00001275  __aeabi_memcpy4                                  
00001275  __aeabi_memcpy8                                  
00001275  memcpy                                           
00001311  __aeabi_cdrcmple                                 
00001397  __aeabi_memclr                                   
00001397  __aeabi_memclr4                                  
00001397  __aeabi_memclr8                                  
00001399  __aeabi_memset                                   
00001399  __aeabi_memset4                                  
00001399  __aeabi_memset8                                  
0000139f  memset                                           
00001411  malloc                                           
00001489  _ZN4TaskC1Ev                                     
00001489  _ZN4TaskC2Ev                                     
000014b5  _ZN4Task10getMessageEh                           
000014cb  _ZN4Task11sendMessageE10st_Message               
000014f9  _ZN3LEDC1Et                                      
000014f9  _ZN3LEDC2Et                                      
00001519  _ZN3LED3runEv                                    
00001531  _ZN3LED5setupEv                                  
00001561  __TI_decompress_lzss                             
000015c9  __TI_auto_init_nobinit                           
00001629  __aeabi_d2iz                                     
000016ad  _c_int00_noargs                                  
000016e5  minit                                            
0000171d  __aeabi_i2d                                      
0000174b  _nop                                             
00001775  _Znwj                                            
00001797  _ZN10__cxxabiv117__class_type_infoD0Ev           
000017a5  _ZN10__cxxabiv120__si_class_type_infoD0Ev        
000017b3  __TI_decompress_none                             
000017c1  Reset_Handler                                    
000017cd  AES256_IRQHandler                                
000017cd  BusFault_Handler                                 
000017cd  COMP_E0_IRQHandler                               
000017cd  COMP_E1_IRQHandler                               
000017cd  CS_IRQHandler                                    
000017cd  DMA_ERR_IRQHandler                               
000017cd  DMA_INT0_IRQHandler                              
000017cd  DMA_INT1_IRQHandler                              
000017cd  DMA_INT2_IRQHandler                              
000017cd  DMA_INT3_IRQHandler                              
000017cd  DebugMon_Handler                                 
000017cd  Default_Handler                                  
000017cd  EUSCIA0_IRQHandler                               
000017cd  EUSCIA1_IRQHandler                               
000017cd  EUSCIA2_IRQHandler                               
000017cd  EUSCIA3_IRQHandler                               
000017cd  EUSCIB0_IRQHandler                               
000017cd  EUSCIB1_IRQHandler                               
000017cd  EUSCIB2_IRQHandler                               
000017cd  EUSCIB3_IRQHandler                               
000017cd  FLCTL_IRQHandler                                 
000017cd  FPU_IRQHandler                                   
000017cd  HardFault_Handler                                
000017cd  MemManage_Handler                                
000017cd  NMI_Handler                                      
000017cd  PCM_IRQHandler                                   
000017cd  PORT1_IRQHandler                                 
000017cd  PORT2_IRQHandler                                 
000017cd  PORT3_IRQHandler                                 
000017cd  PORT4_IRQHandler                                 
000017cd  PORT5_IRQHandler                                 
000017cd  PORT6_IRQHandler                                 
000017cd  PSS_IRQHandler                                   
000017cd  PendSV_Handler                                   
000017cd  RTC_C_IRQHandler                                 
000017cd  SVC_Handler                                      
000017cd  SysTick_Handler                                  
000017cd  T32_INT2_IRQHandler                              
000017cd  T32_INTC_IRQHandler                              
000017cd  TA0_0_IRQHandler                                 
000017cd  TA0_N_IRQHandler                                 
000017cd  TA1_0_IRQHandler                                 
000017cd  TA1_N_IRQHandler                                 
000017cd  TA2_0_IRQHandler                                 
000017cd  TA2_N_IRQHandler                                 
000017cd  TA3_0_IRQHandler                                 
000017cd  TA3_N_IRQHandler                                 
000017cd  UsageFault_Handler                               
000017cd  WDT_A_IRQHandler                                 
000017cf  _ZN4Task3runEv                                   
000017db  _ZN4Task5setupEv                                 
000017e7  _ZN7MailboxC1Ev                                  
000017f5  _ZSt15get_new_handlerv                           
00001801  __TI_zero_init                                   
0000180d  _ZdlPv                                           
00001815  _ZN10__cxxabiv117__class_type_infoD1Ev           
00001815  _ZN10__cxxabiv117__class_type_infoD2Ev           
00001819  _ZN10__cxxabiv120__si_class_type_infoD1Ev        
00001819  _ZN10__cxxabiv120__si_class_type_infoD2Ev        
0000181d  _ZdlPvj                                          
00001821  _system_pre_init                                 
00001825  C$$EXIT                                          
00001825  _ZSt17__throw_bad_allocv                         
00001825  abort                                            
000018c0  _ZTSN10__cxxabiv120__si_class_type_infoE         
000018e5  _ZTSN10__cxxabiv117__class_type_infoE            
00001908  _ZTV3LED                                         
00001918  _ZTV4Task                                        
00001928  _ZTV6ADC_en                                      
00001938  _ZTV9AngleCalc                                   
00001948  _ZTVN10__cxxabiv117__class_type_infoE            
00001958  _ZTVN10__cxxabiv120__si_class_type_infoE         
00001968  _ZTSSt9type_info                                 
00001978  _ZTI3LED                                         
00001984  _ZTI6ADC_en                                      
00001990  _ZTI9AngleCalc                                   
0000199c  _ZTIN10__cxxabiv117__class_type_infoE            
000019a8  _ZTIN10__cxxabiv120__si_class_type_infoE         
000019b4  _ZTS9AngleCalc                                   
000019c0  _ZTI4Task                                        
000019c8  _ZTISt9type_info                                 
000019d0  _ZTS6ADC_en                                      
000019d8  _ZTS4Task                                        
000019de  _ZTS3LED                                         
000019e4  SHT$$INIT_ARRAY$$Base                            
000019e8  SHT$$INIT_ARRAY$$Limit                           
00001a08  __TI_Handler_Table_Base                          
00001a14  __TI_Handler_Table_Limit                         
00001a20  __TI_CINIT_Base                                  
00001a30  __TI_CINIT_Limit                                 
20000000  g_MainScheduler                                  
20003fd8  g_Mailbox                                        
20003fe0  _sys_memory                                      
200043e8  g_i16AdcXResult                                  
200043ea  g_i16AdcYResult                                  
200043ec  g_i16AdcZResult                                  
200043ee  g_iAngleResult                                   
200043f0  _ZN4Task14m_u8NextTaskIDE                        
20004400  _lock                                            
20004404  _unlock                                          
20004408  _ZN7Mailbox7MailObjE                             
2000440c  SystemCoreClock                                  
2000fe00  __stack                                          
20010000  __STACK_END                                      
4000480c  WDTCTL_SYM                                       
ffffffff  __TI_pprof_out_hndl                              
ffffffff  __TI_prof_data_size                              
ffffffff  __TI_prof_data_start                             
ffffffff  __binit__                                        
ffffffff  __c_args__                                       
ffffffff  binit                                            
UNDEFED   __mpu_init                                       
UNDEFED   _system_post_cinit                               

[186 symbols]
